BL51 BANKED LINKER/LOCATER V6.22.4.0                                                    03/20/2024  22:04:16  PAGE 1


BL51 BANKED LINKER/LOCATER V6.22.4.0, INVOKED BY:
D:\PROGRAM FILES (X86)\KEIL_V5\C51\BIN\BL51.EXE .\Objects\STARTUP.obj, .\Objects\taskb.obj TO .\Objects\Task_b PRINT (.\
>> Listings\Task_b.m51)


INPUT MODULES INCLUDED:
  .\Objects\STARTUP.obj (?C_STARTUP)
  .\Objects\taskb.obj (TASKB)


LINK MAP OF MODULE:  .\Objects\Task_b (?C_STARTUP)


            TYPE    BASE      LENGTH    RELOCATION   SEGMENT NAME
            -----------------------------------------------------

            * * * * * * *   D A T A   M E M O R Y   * * * * * * *
            REG     0000H     0008H     ABSOLUTE     "REG BANK 0"
            IDATA   0008H     0001H     UNIT         ?STACK

            * * * * * * *   C O D E   M E M O R Y   * * * * * * *
            CODE    0000H     0003H     ABSOLUTE     
* OVERLAP * CODE    0000H     001CH     ABSOLUTE     
                    001CH     07E4H                  *** GAP ***
            CODE    0800H     000CH     UNIT         ?C_C51STARTUP



UNRESOLVED EXTERNAL SYMBOLS:
   ?C_START



SYMBOL TABLE OF MODULE:  .\Objects\Task_b (?C_STARTUP)

  VALUE           TYPE          NAME
  ----------------------------------

  -------         MODULE        ?C_STARTUP
  C:0800H         SEGMENT       ?C_C51STARTUP
  I:0008H         SEGMENT       ?STACK
  C:0000H         PUBLIC        ?C_STARTUP
  D:00E0H         SYMBOL        ACC
  D:00F0H         SYMBOL        B
  D:0083H         SYMBOL        DPH
  D:0082H         SYMBOL        DPL
  N:0000H         SYMBOL        IBPSTACK
  N:0100H         SYMBOL        IBPSTACKTOP
  N:0080H         SYMBOL        IDATALEN
  C:0803H         SYMBOL        IDATALOOP
  N:0000H         SYMBOL        PBPSTACK
  N:0100H         SYMBOL        PBPSTACKTOP
  N:0000H         SYMBOL        PDATALEN
  N:0000H         SYMBOL        PDATASTART
  N:0000H         SYMBOL        PPAGE
  N:0000H         SYMBOL        PPAGEENABLE
  D:00A0H         SYMBOL        PPAGE_SFR
  D:0081H         SYMBOL        SP
BL51 BANKED LINKER/LOCATER V6.22.4.0                                                  03/20/2024  22:04:16  PAGE 2


  C:0800H         SYMBOL        STARTUP1
  N:0000H         SYMBOL        XBPSTACK
  N:0000H         SYMBOL        XBPSTACKTOP
  N:0000H         SYMBOL        XDATALEN
  N:0000H         SYMBOL        XDATASTART
  C:0000H         LINE#         126
  C:0800H         LINE#         133
  C:0802H         LINE#         134
  C:0803H         LINE#         135
  C:0804H         LINE#         136
  C:0806H         LINE#         185
  C:0809H         LINE#         196
  -------         ENDMOD        ?C_STARTUP

  -------         MODULE        TASKB
  C:000AH         SYMBOL        DELAY1
  C:0013H         SYMBOL        DELAY2
  C:0000H         SYMBOL        HERE
  C:000CH         SYMBOL        LOOP1
  C:000EH         SYMBOL        LOOP2
  C:0015H         SYMBOL        LOOP3
  C:0017H         SYMBOL        LOOP4
  D:0090H         SYMBOL        P1
  C:0000H         LINE#         3
  C:0002H         LINE#         5
  C:0004H         LINE#         7
  C:0006H         LINE#         8
  C:0008H         LINE#         10
  C:000AH         LINE#         14
  C:000CH         LINE#         17
  C:000EH         LINE#         20
  C:0010H         LINE#         22
  C:0012H         LINE#         24
  C:0013H         LINE#         28
  C:0015H         LINE#         31
  C:0017H         LINE#         34
  C:0019H         LINE#         36
  C:001BH         LINE#         38
  -------         ENDMOD        TASKB

*** WARNING L5: CODE SPACE MEMORY OVERLAP
    FROM:    0000H
    TO:      0002H

*** WARNING L1: UNRESOLVED EXTERNAL SYMBOL
    SYMBOL:  ?C_START
    MODULE:  .\Objects\STARTUP.obj (?C_STARTUP)

*** WARNING L2: REFERENCE MADE TO UNRESOLVED EXTERNAL
    SYMBOL:  ?C_START
    MODULE:  .\Objects\STARTUP.obj (?C_STARTUP)
    ADDRESS: 080AH

******************************************************************************
* RESTRICTED VERSION WITH 0800H BYTE CODE SIZE LIMIT; USED: 002BH BYTE ( 2%) *
******************************************************************************

BL51 BANKED LINKER/LOCATER V6.22.4.0                                                  03/20/2024  22:04:16  PAGE 3


Program Size: data=9.0 xdata=0 code=43
LINK/LOCATE RUN COMPLETE.  3 WARNING(S),  0 ERROR(S)
