#
# A fatal error has been detected by the Java Runtime Environment:
#
#  EXCEPTION_UNCAUGHT_CXX_EXCEPTION (0xe06d7363) at pc=0x00007ffff2ddab89, pid=11644, tid=12036
#
# JRE version: 7.0_17-b02
# Java VM: Java HotSpot(TM) 64-Bit Server VM (23.7-b01 mixed mode windows-amd64 compressed oops)
# Problematic frame:
# C  [KERNELBASE.dll+0x2ab89]  RaiseException+0x69
#
# Failed to write core dump. Minidumps are not enabled by default on client versions of Windows
#
# If you would like to submit a bug report, please visit:
#   http://bugreport.sun.com/bugreport/crash.jsp
# The crash happened outside the Java Virtual Machine in native code.
# See problematic frame for where to report the bug.
#

---------------  T H R E A D  ---------------

Current thread (0x000000001d13b000):  JavaThread "main" [_thread_in_native, id=12036, stack(0x000000001d300000,0x000000001d400000)]

siginfo: ExceptionCode=0xe06d7363, ExceptionInformation=0x0000000019930520 0x000000001d3fe348 0x0000000001261910 0x00000000011c0000 

Registers:
RAX=0x000000006e4e22ae, RBX=0x000000001d3fd970, RCX=0x0000000000000000, RDX=0x000000001d180230
RSP=0x000000001d3fbbc0, RBP=0x000000001d3fc290, RSI=0x000000001d3fe1c0, RDI=0x000000001d3fca30
R8 =0x0000000000000000, R9 =0xfe1456db00000000, R10=0x24ecc179081611ae, R11=0x69a4e03635024081
R12=0x000000001d3fe560, R13=0x000000001d3fd038, R14=0x0000000000000000, R15=0x000000001d3fbd18
RIP=0x00007ffff2ddab89, EFLAGS=0x0000000000000206

Top of Stack: (sp=0x000000001d3fbbc0)
0x000000001d3fbbc0:   000000001d1be5e0 000000001d3fd970
0x000000001d3fbbd0:   000000001d3fe1c0 00007ffff2e0aa5b
0x000000001d3fbbe0:   00000001e06d7363 0000000000000000
0x000000001d3fbbf0:   00007ffff2ddab89 0000000000000004
0x000000001d3fbc00:   0000000019930520 000000001d3fe348
0x000000001d3fbc10:   0000000001261910 00000000011c0000
0x000000001d3fbc20:   000059f143184640 0000000001238110
0x000000001d3fbc30:   000000001d3fd970 000000006ec7334a
0x000000001d3fbc40:   0000000000000000 000000001d13fd20
0x000000001d3fbc50:   0000000000000000 000000001d3fca30
0x000000001d3fbc60:   000000001d3fca30 000000006ec7336b
0x000000001d3fbc70:   000000001d3fd970 000000001d3fe560
0x000000001d3fbc80:   0000739af3719d0a 000000001d180230
0x000000001d3fbc90:   000000001d3fd970 000000006ecb3bb8
0x000000001d3fbca0:   00000000012380e0 000000001d3fd038
0x000000001d3fbcb0:   0000000000000100 0000000000000000 

Instructions: (pc=0x00007ffff2ddab89)
0x00007ffff2ddab69:   8b d1 44 0f 47 c0 44 89 44 24 38 49 c1 e0 03 e8
0x00007ffff2ddab79:   ba bf 08 00 48 8d 4c 24 20 48 ff 15 bf a5 1b 00
0x00007ffff2ddab89:   0f 1f 44 00 00 48 8b 8c 24 c0 00 00 00 48 33 cc
0x00007ffff2ddab99:   e8 32 aa 06 00 48 81 c4 d8 00 00 00 c3 cc 83 64 


Register to memory mapping:

RAX=0x000000006e4e22ae is an unknown value
RBX=0x000000001d3fd970 is pointing into the stack for thread: 0x000000001d13b000
RCX=0x0000000000000000 is an unknown value
RDX=0x000000001d180230 is an unknown value
RSP=0x000000001d3fbbc0 is pointing into the stack for thread: 0x000000001d13b000
RBP=0x000000001d3fc290 is pointing into the stack for thread: 0x000000001d13b000
RSI=0x000000001d3fe1c0 is pointing into the stack for thread: 0x000000001d13b000
RDI=0x000000001d3fca30 is pointing into the stack for thread: 0x000000001d13b000
R8 =0x0000000000000000 is an unknown value
R9 =0xfe1456db00000000 is an unknown value
R10=0x24ecc179081611ae is an unknown value
R11=0x69a4e03635024081 is an unknown value
R12=0x000000001d3fe560 is pointing into the stack for thread: 0x000000001d13b000
R13=0x000000001d3fd038 is pointing into the stack for thread: 0x000000001d13b000
R14=0x0000000000000000 is an unknown value
R15=0x000000001d3fbd18 is pointing into the stack for thread: 0x000000001d13b000


Stack: [0x000000001d300000,0x000000001d400000],  sp=0x000000001d3fbbc0,  free space=1006k
Native frames: (J=compiled Java code, j=interpreted, Vv=VM code, C=native code)
C  [KERNELBASE.dll+0x2ab89]  RaiseException+0x69
C  0x000000001d3fc8f0

Java frames: (J=compiled Java code, j=interpreted, Vv=VM code)
j  ui.data.common.parami.ParamMgr_getValueAsBool(JLjava/lang/String;)Z+0
j  ui.data.common.F.jw(Ljava/lang/String;)Z+5
j  ui.data.common.F.aWC()Z+5
j  ui.h.I.aWC()Z+6
j  ui.aL.aGY()Ljava/lang/String;+0
j  ui.PlanAhead.<clinit>()V+316
v  ~StubRoutines::call_stub

---------------  P R O C E S S  ---------------

Java Threads: ( => current thread )
  0x0000000028e80800 JavaThread "Service Thread" daemon [_thread_blocked, id=12220, stack(0x000000002a2e0000,0x000000002a5e0000)]
  0x0000000028e70800 JavaThread "C1 CompilerThread2" daemon [_thread_blocked, id=7432, stack(0x000000002a1e0000,0x000000002a2e0000)]
  0x0000000028df0800 JavaThread "C2 CompilerThread1" daemon [_thread_blocked, id=11376, stack(0x000000002a0e0000,0x000000002a1e0000)]
  0x0000000024281000 JavaThread "C2 CompilerThread0" daemon [_thread_blocked, id=9692, stack(0x0000000029fe0000,0x000000002a0e0000)]
  0x0000000028de1800 JavaThread "Attach Listener" daemon [_thread_blocked, id=1648, stack(0x0000000029ce0000,0x0000000029fe0000)]
  0x0000000029322000 JavaThread "Signal Dispatcher" daemon [_thread_blocked, id=7484, stack(0x00000000299e0000,0x0000000029ce0000)]
  0x0000000029324000 JavaThread "Surrogate Locker Thread (Concurrent GC)" daemon [_thread_blocked, id=8104, stack(0x00000000296e0000,0x00000000299e0000)]
  0x00000000242a5800 JavaThread "Finalizer" daemon [_thread_blocked, id=14016, stack(0x00000000293e0000,0x00000000296e0000)]
  0x00000000242a7000 JavaThread "Reference Handler" daemon [_thread_blocked, id=2536, stack(0x0000000028fe0000,0x00000000292e0000)]
=>0x000000001d13b000 JavaThread "main" [_thread_in_native, id=12036, stack(0x000000001d300000,0x000000001d400000)]

Other Threads:
  0x0000000024232000 VMThread [stack: 0x0000000028ee0000,0x0000000028fe0000] [id=12608]
  0x0000000029357800 WatcherThread [stack: 0x000000002a5e0000,0x000000002a6e0000] [id=272]

VM state:not at safepoint (normal execution)

VM Mutex/Monitor currently owned by a thread: None

Heap
 par new generation   total 55296K, used 4042K [0x0000000778000000, 0x000000077bc00000, 0x000000077bc00000)
  eden space 49152K,   8% used [0x0000000778000000, 0x00000007783f2ad0, 0x000000077b000000)
  from space 6144K,   0% used [0x000000077b000000, 0x000000077b000000, 0x000000077b600000)
  to   space 6144K,   0% used [0x000000077b600000, 0x000000077b600000, 0x000000077bc00000)
 concurrent mark-sweep generation total 69632K, used 0K [0x000000077bc00000, 0x0000000780000000, 0x00000007f8000000)
 concurrent-mark-sweep perm gen total 131072K, used 5131K [0x00000007f8000000, 0x0000000800000000, 0x0000000800000000)

Card table byte_map: [0x00000000239a0000,0x0000000023df0000] byte_map_base: 0x000000001fde0000

Polling page: 0x000000001d400000

Code Cache  [0x000000001d420000, 0x000000001d690000, 0x0000000023420000)
 total_blobs=394 nmethods=109 adapters=203 free_code_cache=97042Kb largest_free_block=99370752

Compilation events (10 events):
Event: 1.551 Thread 0x0000000028e70800  105       3       java.lang.String::lastIndexOf (13 bytes)
Event: 1.551 Thread 0x0000000028e70800 nmethod 105 0x000000001d558850 code [0x000000001d5589c0, 0x000000001d558c08]
Event: 1.555 Thread 0x0000000028e70800  106       3       java.util.HashMap$FrontCache::get (32 bytes)
Event: 1.555 Thread 0x0000000028e70800 nmethod 106 0x000000001d559750 code [0x000000001d5598e0, 0x000000001d559e50]
Event: 1.570 Thread 0x0000000028e70800  107       3       java.io.BufferedInputStream::getBufIfOpen (21 bytes)
Event: 1.570 Thread 0x0000000028e70800 nmethod 107 0x000000001d559fd0 code [0x000000001d55a140, 0x000000001d55a3a8]
Event: 1.570 Thread 0x0000000028e70800  108  s    3       java.io.BufferedInputStream::read (49 bytes)
Event: 1.570 Thread 0x0000000028e70800 nmethod 108 0x000000001d55a450 code [0x000000001d55a5e0, 0x000000001d55ab58]
Event: 1.570 Thread 0x0000000028e70800  109       3       java.io.DataInputStream::readInt (72 bytes)
Event: 1.571 Thread 0x0000000028e70800 nmethod 109 0x000000001d55ad10 code [0x000000001d55aee0, 0x000000001d55b4c8]

GC Heap History (0 events):
No events

Deoptimization events (0 events):
No events

Internal exceptions (10 events):
Event: 1.431 Thread 0x000000001d13b000 Threw 0x00000007782cdc00 at C:\jdk7u2_64p\jdk7u17\hotspot\src\share\vm\prims\jvm.cpp:1166
Event: 1.431 Thread 0x000000001d13b000 Threw 0x00000007782cf9a8 at C:\jdk7u2_64p\jdk7u17\hotspot\src\share\vm\prims\jvm.cpp:1166
Event: 1.494 Thread 0x000000001d13b000 Threw 0x00000007782d9b00 at C:\jdk7u2_64p\jdk7u17\hotspot\src\share\vm\prims\jni.cpp:716
Event: 1.535 Thread 0x000000001d13b000 Threw 0x00000007782f2ce0 at C:\jdk7u2_64p\jdk7u17\hotspot\src\share\vm\prims\jvm.cpp:1166
Event: 1.537 Thread 0x000000001d13b000 Threw 0x00000007782fc550 at C:\jdk7u2_64p\jdk7u17\hotspot\src\share\vm\prims\jvm.cpp:1166
Event: 1.539 Thread 0x000000001d13b000 Threw 0x0000000778300360 at C:\jdk7u2_64p\jdk7u17\hotspot\src\share\vm\prims\jvm.cpp:1166
Event: 1.541 Thread 0x000000001d13b000 Threw 0x00000007783039d8 at C:\jdk7u2_64p\jdk7u17\hotspot\src\share\vm\prims\jvm.cpp:1166
Event: 1.545 Thread 0x000000001d13b000 Threw 0x0000000778309668 at C:\jdk7u2_64p\jdk7u17\hotspot\src\share\vm\prims\jvm.cpp:1166
Event: 1.550 Thread 0x000000001d13b000 Threw 0x000000077831b190 at C:\jdk7u2_64p\jdk7u17\hotspot\src\share\vm\prims\jvm.cpp:1166
Event: 1.583 Thread 0x000000001d13b000 Threw 0x000000077833acc8 at C:\jdk7u2_64p\jdk7u17\hotspot\src\share\vm\prims\jvm.cpp:1166

Events (10 events):
Event: 1.580 loading class 0x0000000029313320
Event: 1.580 loading class 0x0000000029313320 done
Event: 1.580 loading class 0x000000001d184ee0
Event: 1.580 loading class 0x000000001d184ee0 done
Event: 1.580 loading class 0x000000002b442ab0
Event: 1.580 loading class 0x000000002b442ab0 done
Event: 1.580 loading class 0x000000002b442ba0
Event: 1.581 loading class 0x000000002b442ba0 done
Event: 1.583 loading class 0x0000000029337ce0
Event: 1.583 loading class 0x0000000029337ce0 done


Dynamic libraries:
0x0000000140000000 - 0x000000014000e000 	D:\Xilinx\14.7\ISE_DS\PlanAhead\bin\unwrapped\win64.o\planAhead.exe
0x00007ffff5450000 - 0x00007ffff5648000 	C:\WINDOWS\SYSTEM32\ntdll.dll
0x00007ffff40a0000 - 0x00007ffff415d000 	C:\WINDOWS\System32\KERNEL32.DLL
0x00007ffff2db0000 - 0x00007ffff30a6000 	C:\WINDOWS\System32\KERNELBASE.dll
0x0000000180000000 - 0x0000000180013000 	D:\Xilinx\14.7\ISE_DS\PlanAhead\lib\win64.o\libboost_signals.dll
0x000000006ec70000 - 0x000000006ed13000 	C:\WINDOWS\WinSxS\amd64_microsoft.vc90.crt_1fc8b3b9a1e18e3b_9.0.30729.9625_none_08e1c10da83fbc83\MSVCR90.dll
0x000000000a900000 - 0x000000000a945000 	D:\Xilinx\14.7\ISE_DS\PlanAhead\lib\win64.o\SHSMP64.dll
0x00007ffff51d0000 - 0x00007ffff536f000 	C:\WINDOWS\System32\USER32.dll
0x00007ffff30b0000 - 0x00007ffff30d2000 	C:\WINDOWS\System32\win32u.dll
0x00007ffff5010000 - 0x00007ffff503b000 	C:\WINDOWS\System32\GDI32.dll
0x00007ffff2b00000 - 0x00007ffff2c17000 	C:\WINDOWS\System32\gdi32full.dll
0x00007ffff3150000 - 0x00007ffff31ed000 	C:\WINDOWS\System32\msvcp_win.dll
0x00007ffff32a0000 - 0x00007ffff33a0000 	C:\WINDOWS\System32\ucrtbase.dll
0x00007ffff4940000 - 0x00007ffff49f0000 	C:\WINDOWS\System32\ADVAPI32.dll
0x00007ffff4d20000 - 0x00007ffff4dbe000 	C:\WINDOWS\System32\msvcrt.dll
0x00007ffff5370000 - 0x00007ffff5410000 	C:\WINDOWS\System32\sechost.dll
0x00007ffff5040000 - 0x00007ffff5163000 	C:\WINDOWS\System32\RPCRT4.dll
0x00007ffff2c20000 - 0x00007ffff2c47000 	C:\WINDOWS\System32\bcrypt.dll
0x00007fffeb720000 - 0x00007fffeb72a000 	C:\WINDOWS\SYSTEM32\VERSION.dll
0x00000000001d0000 - 0x00000000001e6000 	D:\Xilinx\14.7\ISE_DS\PlanAhead\lib\win64.o\librdi_commonmain.dll
0x0000000000930000 - 0x00000000011b1000 	D:\Xilinx\14.7\ISE_DS\PlanAhead\lib\win64.o\librdi_common.dll
0x00000000011c0000 - 0x00000000012ae000 	D:\Xilinx\14.7\ISE_DS\PlanAhead\lib\win64.o\stlport.5.2.dll
0x000000006eb90000 - 0x000000006ec63000 	C:\WINDOWS\WinSxS\amd64_microsoft.vc90.crt_1fc8b3b9a1e18e3b_9.0.30729.9625_none_08e1c10da83fbc83\MSVCP90.dll
0x00007ffff46a0000 - 0x00007ffff46a8000 	C:\WINDOWS\System32\PSAPI.DLL
0x00007ffff3930000 - 0x00007ffff409b000 	C:\WINDOWS\System32\SHELL32.dll
0x0000000010000000 - 0x000000001012a000 	D:\Xilinx\14.7\ISE_DS\PlanAhead\lib\win64.o\tcl85t.dll
0x00007ffff46b0000 - 0x00007ffff471b000 	C:\WINDOWS\System32\WS2_32.dll
0x000000006e470000 - 0x000000006eb8f000 	D:\Xilinx\14.7\ISE_DS\PlanAhead\tps\win64\jre\bin\server\jvm.dll
0x00007fffd46e0000 - 0x00007fffd4bb6000 	C:\WINDOWS\SYSTEM32\WININET.dll
0x00007fffe99b0000 - 0x00007fffe9aba000 	C:\WINDOWS\SYSTEM32\WINHTTP.dll
0x00007fffe4b20000 - 0x00007fffe4d0c000 	C:\WINDOWS\SYSTEM32\urlmon.dll
0x00007fffe71a0000 - 0x00007fffe71a9000 	C:\WINDOWS\SYSTEM32\WSOCK32.dll
0x00007fffea800000 - 0x00007fffea827000 	C:\WINDOWS\SYSTEM32\WINMM.dll
0x000000006e390000 - 0x000000006e462000 	C:\WINDOWS\SYSTEM32\MSVCR100.dll
0x00007fffe4640000 - 0x00007fffe48fc000 	C:\WINDOWS\SYSTEM32\iertutil.dll
0x00007ffff3480000 - 0x00007ffff37d3000 	C:\WINDOWS\System32\combase.dll
0x00007ffff45f0000 - 0x00007ffff469d000 	C:\WINDOWS\System32\shcore.dll
0x00007fffe4a40000 - 0x00007fffe4a68000 	C:\WINDOWS\SYSTEM32\srvcli.dll
0x00007ffff1fb0000 - 0x00007ffff1fbc000 	C:\WINDOWS\SYSTEM32\netutils.dll
0x0000000012000000 - 0x0000000012282000 	D:\Xilinx\14.7\ISE_DS\PlanAhead\lib\win64.o\xerces-c_3_1.dll
0x00000000012b0000 - 0x00000000012d7000 	D:\Xilinx\14.7\ISE_DS\PlanAhead\lib\win64.o\libboost_filesystem.dll
0x00000000012e0000 - 0x00000000015c9000 	D:\Xilinx\14.7\ISE_DS\PlanAhead\lib\win64.o\libCOIN-all.dll
0x00000000015d0000 - 0x00000000015df000 	D:\Xilinx\14.7\ISE_DS\PlanAhead\lib\win64.o\libboost_date_time.dll
0x00000000015f0000 - 0x0000000001661000 	D:\Xilinx\14.7\ISE_DS\PlanAhead\lib\win64.o\libboost_program_options.dll
0x0000000001680000 - 0x0000000001689000 	D:\Xilinx\14.7\ISE_DS\PlanAhead\lib\win64.o\libboost_system.dll
0x0000000001690000 - 0x000000000173f000 	D:\Xilinx\14.7\ISE_DS\PlanAhead\lib\win64.o\libboost_regex.dll
0x0000000001750000 - 0x000000000198a000 	D:\Xilinx\14.7\ISE_DS\PlanAhead\lib\win64.o\libSecurity.dll
0x00000000019f0000 - 0x0000000001a06000 	D:\Xilinx\14.7\ISE_DS\PlanAhead\lib\win64.o\libboost_thread.dll
0x00000000019a0000 - 0x00000000019e3000 	D:\Xilinx\14.7\ISE_DS\PlanAhead\lib\win64.o\libcurl.dll
0x00007ffff4cb0000 - 0x00007ffff4d0e000 	C:\WINDOWS\System32\WLDAP32.dll
0x0000000001a10000 - 0x0000000001a93000 	D:\Xilinx\14.7\ISE_DS\PlanAhead\lib\win64.o\libhdlpsolve.dll
0x00007ffff4720000 - 0x00007ffff47fa000 	C:\WINDOWS\System32\COMDLG32.dll
0x0000000001ac0000 - 0x0000000001b77000 	D:\Xilinx\14.7\ISE_DS\PlanAhead\lib\win64.o\libhdxml.dll
0x00007ffff5170000 - 0x00007ffff51c5000 	C:\WINDOWS\System32\SHLWAPI.dll
0x00007ffff3860000 - 0x00007ffff392d000 	C:\WINDOWS\System32\OLEAUT32.dll
0x0000000001b90000 - 0x0000000001bb9000 	D:\Xilinx\14.7\ISE_DS\PlanAhead\lib\win64.o\libisl_sysinfo.dll
0x00007ffff4a00000 - 0x00007ffff4b2b000 	C:\WINDOWS\System32\ole32.dll
0x00007ffff30e0000 - 0x00007ffff3147000 	C:\WINDOWS\System32\WINTRUST.dll
0x00007ffff2c50000 - 0x00007ffff2dae000 	C:\WINDOWS\System32\CRYPT32.dll
0x0000000001bc0000 - 0x0000000001bd6000 	D:\Xilinx\14.7\ISE_DS\PlanAhead\lib\win64.o\librdiconfig.dll
0x0000000001bf0000 - 0x0000000001c02000 	D:\Xilinx\14.7\ISE_DS\PlanAhead\lib\win64.o\pthreadVC.dll
0x0000000001c10000 - 0x0000000001c2e000 	D:\Xilinx\14.7\ISE_DS\PlanAhead\lib\win64.o\librdizlib.dll
0x0000000001c40000 - 0x00000000021830d3 	D:\Xilinx\14.7\ISE_DS\PlanAhead\lib\win64.o\libisl_iostreams.dll
0x00007fffe7000000 - 0x00007fffe7019000 	C:\WINDOWS\SYSTEM32\NETAPI32.dll
0x00007fffd4ed0000 - 0x00007fffd4f80000 	C:\WINDOWS\WinSxS\amd64_microsoft.windows.common-controls_6595b64144ccf1df_5.82.19041.3636_none_7931fb75243f97c8\COMCTL32.dll
0x00000000021d0000 - 0x00000000021dc000 	D:\Xilinx\14.7\ISE_DS\PlanAhead\lib\win64.o\libboost_chrono.dll
0x00000000021e0000 - 0x00000000021f9000 	D:\Xilinx\14.7\ISE_DS\PlanAhead\lib\win64.o\libboost_iostreams.dll
0x00007ffff4dc0000 - 0x00007ffff4df2000 	C:\WINDOWS\System32\IMM32.DLL
0x00007ffff2650000 - 0x00007ffff2662000 	C:\WINDOWS\SYSTEM32\MSASN1.dll
0x0000000005620000 - 0x0000000005913000 	D:\Xilinx\14.7\ISE_DS\PlanAhead\lib\win64.o\librdi_commontasks.dll
0x00007ffff0b90000 - 0x00007ffff132e000 	C:\WINDOWS\SYSTEM32\windows.storage.dll
0x00007ffff24c0000 - 0x00007ffff24ee000 	C:\WINDOWS\SYSTEM32\Wldp.dll
0x0000000008dd0000 - 0x0000000009410000 	D:\Xilinx\14.7\ISE_DS\PlanAhead\lib\win64.o\librdi_coretasks.dll
0x0000000009410000 - 0x00000000095d7000 	D:\Xilinx\14.7\ISE_DS\PlanAhead\lib\win64.o\librdi_chipscope.dll
0x000000000a950000 - 0x000000000dfa1000 	D:\Xilinx\14.7\ISE_DS\PlanAhead\lib\win64.o\librdi_designutils.dll
0x00000000095e0000 - 0x000000000a600000 	D:\Xilinx\14.7\ISE_DS\PlanAhead\lib\win64.o\librdi_constraints.dll
0x000000000dfb0000 - 0x000000000e2c4000 	D:\Xilinx\14.7\ISE_DS\PlanAhead\lib\win64.o\librdi_drc.dll
0x000000000e2d0000 - 0x000000000f59c000 	D:\Xilinx\14.7\ISE_DS\PlanAhead\lib\win64.o\librdi_coregen.dll
0x000000000a600000 - 0x000000000a88e000 	D:\Xilinx\14.7\ISE_DS\PlanAhead\lib\win64.o\librdi_filemgmt.dll
0x0000000010130000 - 0x0000000010d0a000 	D:\Xilinx\14.7\ISE_DS\PlanAhead\lib\win64.o\librdi_device.dll
0x000000000f5a0000 - 0x000000000f976000 	D:\Xilinx\14.7\ISE_DS\PlanAhead\lib\win64.o\librdi_netlist.dll
0x000000000f980000 - 0x000000000fea2000 	D:\Xilinx\14.7\ISE_DS\PlanAhead\lib\win64.o\librdi_power.dll
0x0000000010d10000 - 0x0000000011e33000 	D:\Xilinx\14.7\ISE_DS\PlanAhead\lib\win64.o\librdi_place.dll
0x0000000012290000 - 0x0000000012688000 	D:\Xilinx\14.7\ISE_DS\PlanAhead\lib\win64.o\librdi_runs.dll
0x0000000012690000 - 0x0000000012c2d000 	D:\Xilinx\14.7\ISE_DS\PlanAhead\lib\win64.o\librdi_rsb.dll
0x0000000012c30000 - 0x0000000012fe3000 	D:\Xilinx\14.7\ISE_DS\PlanAhead\lib\win64.o\librdi_project.dll
0x0000000012ff0000 - 0x0000000013ac8000 	D:\Xilinx\14.7\ISE_DS\PlanAhead\lib\win64.o\librdi_timing.dll
0x000000006e370000 - 0x000000006e381000 	C:\WINDOWS\WinSxS\amd64_microsoft.vc90.openmp_1fc8b3b9a1e18e3b_9.0.30729.6161_none_390d35aa0a1f21f9\VCOMP90.DLL
0x000000000a890000 - 0x000000000a8fe000 	D:\Xilinx\14.7\ISE_DS\PlanAhead\lib\win64.o\liblmx6.0.dll
0x000000000feb0000 - 0x000000000ff2d000 	D:\Xilinx\14.7\ISE_DS\PlanAhead\lib\win64.o\libboost_serialization.dll
0x0000000013ad0000 - 0x0000000014014000 	D:\Xilinx\14.7\ISE_DS\PlanAhead\lib\win64.o\librdi_xdm.dll
0x0000000014020000 - 0x00000000147ef000 	D:\Xilinx\14.7\ISE_DS\PlanAhead\lib\win64.o\librdi_coregenipxact.dll
0x00000000147f0000 - 0x0000000014f90000 	D:\Xilinx\14.7\ISE_DS\PlanAhead\lib\win64.o\libverific.dll
0x000000000ff40000 - 0x000000000ff48000 	D:\Xilinx\14.7\ISE_DS\PlanAhead\lib\win64.o\libpsta_dllwrapper.dll
0x0000000014f90000 - 0x000000001557e000 	D:\Xilinx\14.7\ISE_DS\PlanAhead\lib\win64.o\librdi_route.dll
0x0000000015580000 - 0x0000000015abb000 	D:\Xilinx\14.7\ISE_DS\PlanAhead\lib\win64.o\librdi_memdata.dll
0x0000000011e40000 - 0x0000000011f68000 	D:\Xilinx\14.7\ISE_DS\PlanAhead\lib\win64.o\librdi_dlyest.dll
0x0000000015ac0000 - 0x0000000015efe000 	D:\Xilinx\14.7\ISE_DS\PlanAhead\lib\win64.o\librdi_ip.dll
0x0000000015f00000 - 0x00000000164dc000 	D:\Xilinx\14.7\ISE_DS\PlanAhead\lib\win64.o\librdi_abc_nomp.dll
0x0000000011f70000 - 0x0000000012000000 	D:\Xilinx\14.7\ISE_DS\PlanAhead\lib\win64.o\libise.dll
0x000000000ffa0000 - 0x000000000ffba000 	D:\Xilinx\14.7\ISE_DS\PlanAhead\lib\win64.o\librdi_hmetis.dll
0x00000000164e0000 - 0x0000000017c0f000 	D:\Xilinx\14.7\ISE_DS\PlanAhead\lib\win64.o\librdi_synth.dll
0x0000000017c10000 - 0x0000000017e3a000 	D:\Xilinx\14.7\ISE_DS\PlanAhead\lib\win64.o\librdi_labtools.dll
0x0000000017e60000 - 0x0000000017e9d000 	D:\Xilinx\14.7\ISE_DS\PlanAhead\lib\win64.o\librdi_simbridge_kernel.dll
0x0000000017eb0000 - 0x0000000018326000 	D:\Xilinx\14.7\ISE_DS\PlanAhead\lib\win64.o\librdi_wavedata.dll
0x0000000019840000 - 0x000000001b8f8000 	D:\Xilinx\14.7\ISE_DS\PlanAhead\lib\win64.o\librdi_tcltasks.dll
0x000000001b910000 - 0x000000001bb84000 	D:\Xilinx\14.7\ISE_DS\PlanAhead\lib\win64.o\librdi_bitstream.dll
0x000000001bba0000 - 0x000000001bc0e000 	D:\Xilinx\14.7\ISE_DS\PlanAhead\lib\win64.o\librdi_edk.dll
0x000000001bc10000 - 0x000000001bce4000 	D:\Xilinx\14.7\ISE_DS\PlanAhead\lib\win64.o\librdi_dsp.dll
0x000000001bd10000 - 0x000000001bf1e000 	D:\Xilinx\14.7\ISE_DS\PlanAhead\lib\win64.o\librdi_simdata.dll
0x000000001c130000 - 0x000000001c286000 	D:\Xilinx\14.7\ISE_DS\PlanAhead\lib\win64.o\librdi_planaheadtasks.dll
0x000000001c2a0000 - 0x000000001d0e8000 	D:\Xilinx\14.7\ISE_DS\PlanAhead\lib\win64.o\librdi_ipservicestasks.dll
0x000000006e360000 - 0x000000006e36f000 	D:\Xilinx\14.7\ISE_DS\PlanAhead\tps\win64\jre\bin\verify.dll
0x000000006e330000 - 0x000000006e358000 	D:\Xilinx\14.7\ISE_DS\PlanAhead\tps\win64\jre\bin\java.dll
0x000000006e310000 - 0x000000006e325000 	D:\Xilinx\14.7\ISE_DS\PlanAhead\tps\win64\jre\bin\zip.dll
0x000000006e2f0000 - 0x000000006e309000 	D:\Xilinx\14.7\ISE_DS\PlanAhead\tps\win64\jre\bin\net.dll
0x00007ffff21c0000 - 0x00007ffff222a000 	C:\WINDOWS\system32\mswsock.dll
0x000000006e2d0000 - 0x000000006e2e1000 	D:\Xilinx\14.7\ISE_DS\PlanAhead\tps\win64\jre\bin\nio.dll
0x000000002a9e0000 - 0x000000002acc6000 	D:\Xilinx\14.7\ISE_DS\PlanAhead\lib\win64.o\librdi_fed.dll
0x000000002ace0000 - 0x000000002af41000 	D:\Xilinx\14.7\ISE_DS\PlanAhead\lib\win64.o\librdi_guitools.dll
0x000000002af60000 - 0x000000002af67000 	D:\Xilinx\14.7\ISE_DS\PlanAhead\lib\win64.o\librdi_commonx11.dll
0x000000002af80000 - 0x000000002b36e000 	D:\Xilinx\14.7\ISE_DS\PlanAhead\lib\win64.o\librdi_rsbtasks.dll
0x000000002b480000 - 0x000000002b6c9000 	D:\Xilinx\14.7\ISE_DS\PlanAhead\lib\win64.o\librdi_labtoolstasks.dll
0x000000002b6e0000 - 0x000000002b898000 	D:\Xilinx\14.7\ISE_DS\PlanAhead\lib\win64.o\librdi_simtcltasks.dll
0x000000006e130000 - 0x000000006e2c3000 	D:\Xilinx\14.7\ISE_DS\PlanAhead\tps\win64\jre\bin\awt.dll
0x00007ffff02e0000 - 0x00007ffff0370000 	C:\WINDOWS\SYSTEM32\apphelp.dll
0x00007fffebaf0000 - 0x00007fffebcd4000 	C:\WINDOWS\SYSTEM32\dbghelp.dll
0x00007ffff33f0000 - 0x00007ffff3472000 	C:\WINDOWS\System32\bcryptPrimitives.dll

VM Arguments:
jvm_args: -Dsun.java2d.pmoffscreen=false -Xverify:none -Dswing.aatext=true -XX:-UsePerfData -Djdk.map.althashing.threshold=512 -XX:PermSize=128m -XX:MaxPermSize=128m -XX:NewSize=60m -XX:MaxNewSize=60m -XX:+UseConcMarkSweepGC -XX:+UseParNewGC -XX:+CMSParallelRemarkEnabled -XX:+CMSScavengeBeforeRemark -XX:+UseNUMA -XX:+AggressiveOpts -XX:+UseFastAccessorMethods -XX:+UseFastEmptyMethods -XX:+UseBiasedLocking -XX:+TieredCompilation -Xms128m -Xmx2048m -Xss3m 
java_command: <unknown>
Launcher Type: generic

Environment Variables:
PATH=D:/Xilinx/14.7/ISE_DS/PlanAhead/bin;D:/Xilinx/14.7/ISE_DS/PlanAhead/lib/win64.o;D:/Xilinx/14.7/ISE_DS/PlanAhead/tps/win64/jre/bin/server;D:/Xilinx/14.7/ISE_DS/PlanAhead/tps/win64/jre/bin;D:/Xilinx/14.7/ISE_DS/EDK/bin/nt64;D:/Xilinx/14.7/ISE_DS/EDK/lib/nt64;D:/Xilinx/14.7/ISE_DS/ISE/bin/nt64;D:/Xilinx/14.7/ISE_DS/ISE/lib/nt64;D:/Xilinx/14.7/ISE_DS/common/bin/nt64;D:/Xilinx/14.7/ISE_DS/common/lib/nt64;D:\Xilinx\14.7\ISE_DS\ISE\\lib\nt64;D:\Xilinx\14.7\ISE_DS\ISE\\bin\nt64;D:\Xilinx\14.7\ISE_DS\ISE\bin\nt64;D:\Xilinx\14.7\ISE_DS\ISE\lib\nt64;D:\Xilinx\14.7\ISE_DS\ISE\..\..\..\DocNav;D:\Xilinx\14.7\ISE_DS\PlanAhead\bin;D:\Xilinx\14.7\ISE_DS\EDK\bin\nt64;D:\Xilinx\14.7\ISE_DS\EDK\lib\nt64;D:\Xilinx\14.7\ISE_DS\EDK\gnu\microblaze\nt\bin;D:\Xilinx\14.7\ISE_DS\EDK\gnu\powerpc-eabi\nt\bin;D:\Xilinx\14.7\ISE_DS\EDK\gnuwin\bin;D:\Xilinx\14.7\ISE_DS\EDK\gnu\arm\nt\bin;D:\Xilinx\14.7\ISE_DS\EDK\gnu\microblaze\linux_toolchain\nt64_be\bin;D:\Xilinx\14.7\ISE_DS\EDK\gnu\microblaze\linux_toolchain\nt64_le\bin;D:\Xilinx\14.7\ISE_DS\common\bin\nt64;D:\Xilinx\14.7\ISE_DS\common\lib\nt64;C:\WINDOWS\system32;C:\WINDOWS;C:\WINDOWS\System32\Wbem;C:\WINDOWS\System32\WindowsPowerShell\v1.0\;C:\WINDOWS\System32\OpenSSH\;C:\Program Files\Microsoft SQL Server\130\Tools\Binn\;C:\Program Files\Microsoft SQL Server\Client SDK\ODBC\170\Tools\Binn\;C:\Program Files\dotnet\;C:\Users\aalia\AppData\Local\Microsoft\WindowsApps;D:\intelFPGA\18.1\modelsim_ase\win32aloem;C:\Users\aalia\AppData\Local\Programs\Microsoft VS Code\bin;C:\Users\aalia\.dotnet\tools
USERNAME=aalia
OS=Windows_NT
PROCESSOR_IDENTIFIER=Intel64 Family 6 Model 78 Stepping 3, GenuineIntel



---------------  S Y S T E M  ---------------

OS: Windows 8 , 64 bit Build 9200 

CPU:total 4 (2 cores per cpu, 2 threads per core) family 6 model 78 stepping 3, cmov, cx8, fxsr, mmx, sse, sse2, sse3, ssse3, sse4.1, sse4.2, popcnt, avx, avx2, ht, tsc, tscinvbit

Memory: 4k page, physical 8256832k(4418772k free), swap 10222912k(6015904k free)

vm_info: Java HotSpot(TM) 64-Bit Server VM (23.7-b01) for windows-amd64 JRE (1.7.0_17-b02), built on Mar  1 2013 03:38:30 by "java_re" with unknown MS VC++:1600

time: Mon Apr 15 00:11:41 2024
elapsed time: 1 seconds

