BL51 BANKED LINKER/LOCATER V6.22.4.0                                                    02/24/2024  20:08:32  PAGE 1


BL51 BANKED LINKER/LOCATER V6.22.4.0, INVOKED BY:
D:\PROGRAM FILES (X86)\KEIL_V5\C51\BIN\BL51.EXE .\Objects\STARTUP.obj, .\Objects\task1.obj, .\Objects\task1_c.obj TO .\O
>> bjects\Lab1 PRINT (.\Listings\Lab1.m51)


MEMORY MODEL: SMALL


INPUT MODULES INCLUDED:
  .\Objects\STARTUP.obj (?C_STARTUP)
  .\Objects\task1.obj (TASK1)
  .\Objects\task1_c.obj (TASK1_C)


LINK MAP OF MODULE:  .\Objects\Lab1 (?C_STARTUP)


            TYPE    BASE      LENGTH    RELOCATION   SEGMENT NAME
            -----------------------------------------------------

            * * * * * * *   D A T A   M E M O R Y   * * * * * * *
            REG     0000H     0008H     ABSOLUTE     "REG BANK 0"
            DATA    0008H     0002H     UNIT         ?DT?TASK1_C
            IDATA   000AH     0001H     UNIT         ?STACK

            * * * * * * *   C O D E   M E M O R Y   * * * * * * *
            CODE    0000H     0003H     ABSOLUTE     
* OVERLAP * CODE    0000H     000EH     ABSOLUTE     
                    000EH     07F2H                  *** GAP ***
            CODE    0800H     0019H     UNIT         ?PR?MAIN?TASK1_C
            CODE    0819H     000CH     UNIT         ?C_C51STARTUP



OVERLAY MAP OF MODULE:   .\Objects\Lab1 (?C_STARTUP)


SEGMENT
  +--> CALLED SEGMENT
---------------------
?C_C51STARTUP
  +--> ?PR?MAIN?TASK1_C



SYMBOL TABLE OF MODULE:  .\Objects\Lab1 (?C_STARTUP)

  VALUE           TYPE          NAME
  ----------------------------------

  -------         MODULE        ?C_STARTUP
  C:0819H         SEGMENT       ?C_C51STARTUP
  I:000AH         SEGMENT       ?STACK
  C:0000H         PUBLIC        ?C_STARTUP
  D:00E0H         SYMBOL        ACC
  D:00F0H         SYMBOL        B
  D:0083H         SYMBOL        DPH
  D:0082H         SYMBOL        DPL
BL51 BANKED LINKER/LOCATER V6.22.4.0                                                  02/24/2024  20:08:32  PAGE 2


  N:0000H         SYMBOL        IBPSTACK
  N:0100H         SYMBOL        IBPSTACKTOP
  N:0080H         SYMBOL        IDATALEN
  C:081CH         SYMBOL        IDATALOOP
  N:0000H         SYMBOL        PBPSTACK
  N:0100H         SYMBOL        PBPSTACKTOP
  N:0000H         SYMBOL        PDATALEN
  N:0000H         SYMBOL        PDATASTART
  N:0000H         SYMBOL        PPAGE
  N:0000H         SYMBOL        PPAGEENABLE
  D:00A0H         SYMBOL        PPAGE_SFR
  D:0081H         SYMBOL        SP
  C:0819H         SYMBOL        STARTUP1
  N:0000H         SYMBOL        XBPSTACK
  N:0000H         SYMBOL        XBPSTACKTOP
  N:0000H         SYMBOL        XDATALEN
  N:0000H         SYMBOL        XDATASTART
  C:0000H         LINE#         126
  C:0819H         LINE#         133
  C:081BH         LINE#         134
  C:081CH         LINE#         135
  C:081DH         LINE#         136
  C:081FH         LINE#         185
  C:0822H         LINE#         196
  -------         ENDMOD        ?C_STARTUP

  -------         MODULE        TASK1
  C:0000H         SYMBOL        HERE
  D:0090H         SYMBOL        P1
  D:00A0H         SYMBOL        P2
  C:0000H         LINE#         3
  C:0002H         LINE#         4
  C:0004H         LINE#         5
  C:0006H         LINE#         6
  C:0008H         LINE#         7
  C:000AH         LINE#         8
  C:000CH         LINE#         9
  -------         ENDMOD        TASK1

  -------         MODULE        TASK1_C
  C:0000H         SYMBOL        _ICE_DUMMY_
  D:0090H         PUBLIC        P1
  D:00A0H         PUBLIC        P2
  C:0800H         PUBLIC        main
  D:0008H         PUBLIC        a
  -------         PROC          MAIN
  C:0800H         LINE#         5
  C:0800H         LINE#         7
  C:0800H         LINE#         8
  C:0806H         LINE#         9
  C:080AH         LINE#         10
  C:080CH         LINE#         11
  C:0811H         LINE#         12
  C:0815H         LINE#         13
  C:0817H         LINE#         14
  -------         ENDPROC       MAIN
  -------         ENDMOD        TASK1_C
BL51 BANKED LINKER/LOCATER V6.22.4.0                                                  02/24/2024  20:08:32  PAGE 3



*** WARNING L5: CODE SPACE MEMORY OVERLAP
    FROM:    0000H
    TO:      0002H

******************************************************************************
* RESTRICTED VERSION WITH 0800H BYTE CODE SIZE LIMIT; USED: 0036H BYTE ( 2%) *
******************************************************************************

Program Size: data=11.0 xdata=0 code=54
LINK/LOCATE RUN COMPLETE.  1 WARNING(S),  0 ERROR(S)
