C51 COMPILER V9.60.7.0   TASK1_C                                                           02/24/2024 20:03:03 PAGE 1   


C51 COMPILER V9.60.7.0, COMPILATION OF MODULE TASK1_C
OBJECT MODULE PLACED IN .\Objects\task1_c.obj
COMPILER INVOKED BY: D:\Program Files (x86)\Keil_v5\C51\BIN\C51.EXE task1_c.c OPTIMIZE(8,SPEED) BROWSE DEBUG OBJECTEXTEN
                    -D PRINT(.\Listings\task1_c.lst) TABS(2) OBJECT(.\Objects\task1_c.obj)

line level    source

   1          #include<reg51.h>
   2          
   3          int a;
   4          
   5          void main(){
   6   1          
   7   1          while(1){
   8   2            a = 0xFF;
   9   2            P1 = a;
  10   2            P2 = a;
  11   2            a = 0x00;
  12   2            P1 = a;
  13   2            P2 = a;
  14   2          }
  15   1      }


MODULE INFORMATION:   STATIC OVERLAYABLE
   CODE SIZE        =     25    ----
   CONSTANT SIZE    =   ----    ----
   XDATA SIZE       =   ----    ----
   PDATA SIZE       =   ----    ----
   DATA SIZE        =      2    ----
   IDATA SIZE       =   ----    ----
   BIT SIZE         =   ----    ----
END OF MODULE INFORMATION.


C51 COMPILATION COMPLETE.  0 WARNING(S),  0 ERROR(S)
