#
# A fatal error has been detected by the Java Runtime Environment:
#
#  EXCEPTION_UNCAUGHT_CXX_EXCEPTION (0xe06d7363) at pc=0x00007ff8e866ba99, pid=6768, tid=1672
#
# JRE version: 7.0_17-b02
# Java VM: Java HotSpot(TM) 64-Bit Server VM (23.7-b01 mixed mode windows-amd64 compressed oops)
# Problematic frame:
# C  [KERNELBASE.dll+0x2ba99]  RaiseException+0x69
#
# Failed to write core dump. Minidumps are not enabled by default on client versions of Windows
#
# If you would like to submit a bug report, please visit:
#   http://bugreport.sun.com/bugreport/crash.jsp
# The crash happened outside the Java Virtual Machine in native code.
# See problematic frame for where to report the bug.
#

---------------  T H R E A D  ---------------

Current thread (0x000000001c8db000):  JavaThread "main" [_thread_in_native, id=1672, stack(0x000000001cab0000,0x000000001cbb0000)]

siginfo: ExceptionCode=0xe06d7363, ExceptionInformation=0x0000000019930520 0x000000001cbae348 0x00000000009a1910 0x0000000000900000 

Registers:
RAX=0x000000006c1822ae, RBX=0x000000001cbad970, RCX=0x0000000000000000, RDX=0x000000001c910230
RSP=0x000000001cbabbc0, RBP=0x000000001cbac290, RSI=0x000000001cbae1c0, RDI=0x000000001cbaca30
R8 =0x0000000000000000, R9 =0xfe1456db00000000, R10=0x24ecc179081611ae, R11=0x69a4e03635024081
R12=0x000000001cbae560, R13=0x000000001cbad038, R14=0x0000000000000000, R15=0x000000001cbabd18
RIP=0x00007ff8e866ba99, EFLAGS=0x0000000000000206

Top of Stack: (sp=0x000000001cbabbc0)
0x000000001cbabbc0:   000000001c94e680 000000001cbad970
0x000000001cbabbd0:   000000001cbae1c0 00007ff8e869b96b
0x000000001cbabbe0:   00000001e06d7363 0000000000000000
0x000000001cbabbf0:   00007ff8e866ba99 0000000000000004
0x000000001cbabc00:   0000000019930520 000000001cbae348
0x000000001cbabc10:   00000000009a1910 0000000000900000
0x000000001cbabc20:   0000b5058c4ddb90 0000000000978110
0x000000001cbabc30:   000000001cbad970 000000006c91334a
0x000000001cbabc40:   0000000000000000 000000001c8dfd20
0x000000001cbabc50:   0000000000000000 000000001cbaca30
0x000000001cbabc60:   000000001cbaca30 000000006c91336b
0x000000001cbabc70:   000000001cbad970 000000001cbae560
0x000000001cbabc80:   0000dda1ff5eba05 000000001c910230
0x000000001cbabc90:   000000001cbad970 000000006c953bb8
0x000000001cbabca0:   00000000009780e0 000000001cbad038
0x000000001cbabcb0:   0000000000000100 0000000000000000 

Instructions: (pc=0x00007ff8e866ba99)
0x00007ff8e866ba79:   8b d1 44 0f 47 c0 44 89 44 24 38 49 c1 e0 03 e8
0x00007ff8e866ba89:   7a bc 08 00 48 8d 4c 24 20 48 ff 15 af 96 1b 00
0x00007ff8e866ba99:   0f 1f 44 00 00 48 8b 8c 24 c0 00 00 00 48 33 cc
0x00007ff8e866baa9:   e8 42 ab 06 00 48 81 c4 d8 00 00 00 c3 cc 83 64 


Register to memory mapping:

RAX=0x000000006c1822ae is an unknown value
RBX=0x000000001cbad970 is pointing into the stack for thread: 0x000000001c8db000
RCX=0x0000000000000000 is an unknown value
RDX=0x000000001c910230 is an unknown value
RSP=0x000000001cbabbc0 is pointing into the stack for thread: 0x000000001c8db000
RBP=0x000000001cbac290 is pointing into the stack for thread: 0x000000001c8db000
RSI=0x000000001cbae1c0 is pointing into the stack for thread: 0x000000001c8db000
RDI=0x000000001cbaca30 is pointing into the stack for thread: 0x000000001c8db000
R8 =0x0000000000000000 is an unknown value
R9 =0xfe1456db00000000 is an unknown value
R10=0x24ecc179081611ae is an unknown value
R11=0x69a4e03635024081 is an unknown value
R12=0x000000001cbae560 is pointing into the stack for thread: 0x000000001c8db000
R13=0x000000001cbad038 is pointing into the stack for thread: 0x000000001c8db000
R14=0x0000000000000000 is an unknown value
R15=0x000000001cbabd18 is pointing into the stack for thread: 0x000000001c8db000


Stack: [0x000000001cab0000,0x000000001cbb0000],  sp=0x000000001cbabbc0,  free space=1006k
Native frames: (J=compiled Java code, j=interpreted, Vv=VM code, C=native code)
C  [KERNELBASE.dll+0x2ba99]  RaiseException+0x69
C  0x000000001cbac8f0

Java frames: (J=compiled Java code, j=interpreted, Vv=VM code)
j  ui.data.common.parami.ParamMgr_getValueAsBool(JLjava/lang/String;)Z+0
j  ui.data.common.F.jw(Ljava/lang/String;)Z+5
j  ui.data.common.F.aWC()Z+5
j  ui.h.I.aWC()Z+6
j  ui.aL.aGY()Ljava/lang/String;+0
j  ui.PlanAhead.<clinit>()V+316
v  ~StubRoutines::call_stub

---------------  P R O C E S S  ---------------

Java Threads: ( => current thread )
  0x000000001c9c1000 JavaThread "Service Thread" daemon [_thread_blocked, id=9172, stack(0x0000000029a90000,0x0000000029d90000)]
  0x0000000028611800 JavaThread "C1 CompilerThread2" daemon [_thread_blocked, id=2276, stack(0x0000000029990000,0x0000000029a90000)]
  0x0000000028601800 JavaThread "C2 CompilerThread1" daemon [_thread_blocked, id=10592, stack(0x0000000029890000,0x0000000029990000)]
  0x0000000023a41000 JavaThread "C2 CompilerThread0" daemon [_thread_blocked, id=10480, stack(0x0000000029790000,0x0000000029890000)]
  0x0000000023ac1800 JavaThread "Attach Listener" daemon [_thread_blocked, id=3988, stack(0x0000000029490000,0x0000000029790000)]
  0x0000000028d92000 JavaThread "Signal Dispatcher" daemon [_thread_blocked, id=6200, stack(0x0000000029190000,0x0000000029490000)]
  0x0000000028d94000 JavaThread "Surrogate Locker Thread (Concurrent GC)" daemon [_thread_blocked, id=4548, stack(0x0000000028e90000,0x0000000029190000)]
  0x0000000023a65800 JavaThread "Finalizer" daemon [_thread_blocked, id=8848, stack(0x0000000028a90000,0x0000000028d90000)]
  0x0000000023a67000 JavaThread "Reference Handler" daemon [_thread_blocked, id=9668, stack(0x0000000028790000,0x0000000028a90000)]
=>0x000000001c8db000 JavaThread "main" [_thread_in_native, id=1672, stack(0x000000001cab0000,0x000000001cbb0000)]

Other Threads:
  0x0000000023a12000 VMThread [stack: 0x0000000028690000,0x0000000028790000] [id=5492]
  0x000000001ca61000 WatcherThread [stack: 0x0000000029d90000,0x0000000029e90000] [id=2568]

VM state:not at safepoint (normal execution)

VM Mutex/Monitor currently owned by a thread: None

Heap
 par new generation   total 55296K, used 4045K [0x0000000778000000, 0x000000077bc00000, 0x000000077bc00000)
  eden space 49152K,   8% used [0x0000000778000000, 0x00000007783f34a8, 0x000000077b000000)
  from space 6144K,   0% used [0x000000077b000000, 0x000000077b000000, 0x000000077b600000)
  to   space 6144K,   0% used [0x000000077b600000, 0x000000077b600000, 0x000000077bc00000)
 concurrent mark-sweep generation total 69632K, used 0K [0x000000077bc00000, 0x0000000780000000, 0x00000007f8000000)
 concurrent-mark-sweep perm gen total 131072K, used 5139K [0x00000007f8000000, 0x0000000800000000, 0x0000000800000000)

Card table byte_map: [0x0000000023150000,0x00000000235a0000] byte_map_base: 0x000000001f590000

Polling page: 0x000000001cbb0000

Code Cache  [0x000000001cbd0000, 0x000000001ce40000, 0x0000000022bd0000)
 total_blobs=393 nmethods=108 adapters=203 free_code_cache=97041Kb largest_free_block=99368384

Compilation events (10 events):
Event: 0.202 Thread 0x0000000028611800  104       3       java.lang.String::lastIndexOf (13 bytes)
Event: 0.202 Thread 0x0000000028611800 nmethod 104 0x000000001cd096d0 code [0x000000001cd09840, 0x000000001cd09a88]
Event: 0.203 Thread 0x0000000028611800  105       3       java.util.HashMap$FrontCache::get (32 bytes)
Event: 0.204 Thread 0x0000000028611800 nmethod 105 0x000000001cd083d0 code [0x000000001cd08560, 0x000000001cd08ad0]
Event: 0.205 Thread 0x0000000028611800  106       3       java.io.BufferedInputStream::getBufIfOpen (21 bytes)
Event: 0.205 Thread 0x0000000028611800 nmethod 106 0x000000001cd07f50 code [0x000000001cd080c0, 0x000000001cd08328]
Event: 0.205 Thread 0x0000000028611800  107  s    3       java.io.BufferedInputStream::read (49 bytes)
Event: 0.205 Thread 0x0000000028611800 nmethod 107 0x000000001cd0afd0 code [0x000000001cd0b160, 0x000000001cd0b6d8]
Event: 0.205 Thread 0x0000000028611800  108       3       java.io.DataInputStream::readInt (72 bytes)
Event: 0.205 Thread 0x0000000028611800 nmethod 108 0x000000001cd0b890 code [0x000000001cd0ba60, 0x000000001cd0c048]

GC Heap History (0 events):
No events

Deoptimization events (0 events):
No events

Internal exceptions (10 events):
Event: 0.185 Thread 0x000000001c8db000 Threw 0x00000007782ce548 at C:\jdk7u2_64p\jdk7u17\hotspot\src\share\vm\prims\jvm.cpp:1166
Event: 0.185 Thread 0x000000001c8db000 Threw 0x00000007782d02f0 at C:\jdk7u2_64p\jdk7u17\hotspot\src\share\vm\prims\jvm.cpp:1166
Event: 0.189 Thread 0x000000001c8db000 Threw 0x00000007782da448 at C:\jdk7u2_64p\jdk7u17\hotspot\src\share\vm\prims\jni.cpp:716
Event: 0.199 Thread 0x000000001c8db000 Threw 0x00000007782f38c0 at C:\jdk7u2_64p\jdk7u17\hotspot\src\share\vm\prims\jvm.cpp:1166
Event: 0.199 Thread 0x000000001c8db000 Threw 0x00000007782fd0d0 at C:\jdk7u2_64p\jdk7u17\hotspot\src\share\vm\prims\jvm.cpp:1166
Event: 0.200 Thread 0x000000001c8db000 Threw 0x0000000778300f70 at C:\jdk7u2_64p\jdk7u17\hotspot\src\share\vm\prims\jvm.cpp:1166
Event: 0.201 Thread 0x000000001c8db000 Threw 0x00000007783045a8 at C:\jdk7u2_64p\jdk7u17\hotspot\src\share\vm\prims\jvm.cpp:1166
Event: 0.201 Thread 0x000000001c8db000 Threw 0x000000077830a338 at C:\jdk7u2_64p\jdk7u17\hotspot\src\share\vm\prims\jvm.cpp:1166
Event: 0.202 Thread 0x000000001c8db000 Threw 0x000000077831be60 at C:\jdk7u2_64p\jdk7u17\hotspot\src\share\vm\prims\jvm.cpp:1166
Event: 0.208 Thread 0x000000001c8db000 Threw 0x000000077833bb08 at C:\jdk7u2_64p\jdk7u17\hotspot\src\share\vm\prims\jvm.cpp:1166

Events (10 events):
Event: 0.207 loading class 0x0000000028683320
Event: 0.207 loading class 0x0000000028683320 done
Event: 0.207 loading class 0x000000001c914ee0
Event: 0.207 loading class 0x000000001c914ee0 done
Event: 0.207 loading class 0x000000002b0b2ab0
Event: 0.207 loading class 0x000000002b0b2ab0 done
Event: 0.207 loading class 0x000000002b0b2ba0
Event: 0.208 loading class 0x000000002b0b2ba0 done
Event: 0.208 loading class 0x0000000028da7ce0
Event: 0.208 loading class 0x0000000028da7ce0 done


Dynamic libraries:
0x0000000140000000 - 0x000000014000e000 	D:\Xilinx\14.7\ISE_DS\PlanAhead\bin\unwrapped\win64.o\planAhead.exe
0x00007ff8eacd0000 - 0x00007ff8eaec8000 	C:\WINDOWS\SYSTEM32\ntdll.dll
0x00007ff8eab50000 - 0x00007ff8eac0d000 	C:\WINDOWS\System32\KERNEL32.DLL
0x00007ff8e8640000 - 0x00007ff8e8936000 	C:\WINDOWS\System32\KERNELBASE.dll
0x0000000180000000 - 0x0000000180881000 	D:\Xilinx\14.7\ISE_DS\PlanAhead\lib\win64.o\librdi_common.dll
0x000000000a900000 - 0x000000000a945000 	D:\Xilinx\14.7\ISE_DS\PlanAhead\lib\win64.o\SHSMP64.dll
0x00007ff8ea0d0000 - 0x00007ff8ea26f000 	C:\WINDOWS\System32\USER32.dll
0x00007ff8e8610000 - 0x00007ff8e8632000 	C:\WINDOWS\System32\win32u.dll
0x00007ff8e8d00000 - 0x00007ff8e8d2b000 	C:\WINDOWS\System32\GDI32.dll
0x00007ff8e8b20000 - 0x00007ff8e8c37000 	C:\WINDOWS\System32\gdi32full.dll
0x000000006c910000 - 0x000000006c9b3000 	C:\WINDOWS\WinSxS\amd64_microsoft.vc90.crt_1fc8b3b9a1e18e3b_9.0.30729.9625_none_08e1c10da83fbc83\MSVCR90.dll
0x00007ff8e8410000 - 0x00007ff8e84ad000 	C:\WINDOWS\System32\msvcp_win.dll
0x00007ff8e8940000 - 0x00007ff8e8a40000 	C:\WINDOWS\System32\ucrtbase.dll
0x00007ff8e9e40000 - 0x00007ff8e9ef0000 	C:\WINDOWS\System32\ADVAPI32.dll
0x00007ff8ea030000 - 0x00007ff8ea0ce000 	C:\WINDOWS\System32\msvcrt.dll
0x00007ff8e8db0000 - 0x00007ff8e8e50000 	C:\WINDOWS\System32\sechost.dll
0x00007ff8e95a0000 - 0x00007ff8e96c3000 	C:\WINDOWS\System32\RPCRT4.dll
0x00007ff8e8a40000 - 0x00007ff8e8a67000 	C:\WINDOWS\System32\bcrypt.dll
0x00007ff8deaf0000 - 0x00007ff8deafa000 	C:\WINDOWS\SYSTEM32\VERSION.dll
0x00007ff8e9580000 - 0x00007ff8e9588000 	C:\WINDOWS\System32\PSAPI.DLL
0x00007ff8e96d0000 - 0x00007ff8e9e3b000 	C:\WINDOWS\System32\SHELL32.dll
0x000000006c110000 - 0x000000006c82f000 	D:\Xilinx\14.7\ISE_DS\PlanAhead\tps\win64\jre\bin\server\jvm.dll
0x0000000010000000 - 0x000000001012a000 	D:\Xilinx\14.7\ISE_DS\PlanAhead\lib\win64.o\tcl85t.dll
0x0000000012000000 - 0x0000000012282000 	D:\Xilinx\14.7\ISE_DS\PlanAhead\lib\win64.o\xerces-c_3_1.dll
0x00007ff8d3b80000 - 0x00007ff8d4056000 	C:\WINDOWS\SYSTEM32\WININET.dll
0x00007ff8d9da0000 - 0x00007ff8d9eaa000 	C:\WINDOWS\SYSTEM32\WINHTTP.dll
0x00007ff8eac10000 - 0x00007ff8eac7b000 	C:\WINDOWS\System32\WS2_32.dll
0x00007ff8d7540000 - 0x00007ff8d772c000 	C:\WINDOWS\SYSTEM32\urlmon.dll
0x00007ff8d7040000 - 0x00007ff8d7049000 	C:\WINDOWS\SYSTEM32\WSOCK32.dll
0x000000006c830000 - 0x000000006c903000 	C:\WINDOWS\WinSxS\amd64_microsoft.vc90.crt_1fc8b3b9a1e18e3b_9.0.30729.9625_none_08e1c10da83fbc83\MSVCP90.dll
0x00007ff8d8310000 - 0x00007ff8d8337000 	C:\WINDOWS\SYSTEM32\WINMM.dll
0x000000006c030000 - 0x000000006c102000 	C:\WINDOWS\SYSTEM32\MSVCR100.dll
0x00007ff8d7250000 - 0x00007ff8d750e000 	C:\WINDOWS\SYSTEM32\iertutil.dll
0x00007ff8d7510000 - 0x00007ff8d7538000 	C:\WINDOWS\SYSTEM32\srvcli.dll
0x00007ff8e7820000 - 0x00007ff8e782c000 	C:\WINDOWS\SYSTEM32\netutils.dll
0x00007ff8ea7f0000 - 0x00007ff8eab43000 	C:\WINDOWS\System32\combase.dll
0x00007ff8ea6e0000 - 0x00007ff8ea78d000 	C:\WINDOWS\System32\shcore.dll
0x00000000008e0000 - 0x00000000008f3000 	D:\Xilinx\14.7\ISE_DS\PlanAhead\lib\win64.o\libboost_signals.dll
0x0000000000900000 - 0x00000000009ee000 	D:\Xilinx\14.7\ISE_DS\PlanAhead\lib\win64.o\stlport.5.2.dll
0x00000000009f0000 - 0x0000000000a06000 	D:\Xilinx\14.7\ISE_DS\PlanAhead\lib\win64.o\librdi_commonmain.dll
0x0000000000a30000 - 0x0000000000d19000 	D:\Xilinx\14.7\ISE_DS\PlanAhead\lib\win64.o\libCOIN-all.dll
0x0000000000d20000 - 0x0000000000f5a000 	D:\Xilinx\14.7\ISE_DS\PlanAhead\lib\win64.o\libSecurity.dll
0x0000000000f60000 - 0x0000000000f6f000 	D:\Xilinx\14.7\ISE_DS\PlanAhead\lib\win64.o\libboost_date_time.dll
0x0000000000f80000 - 0x0000000000fa7000 	D:\Xilinx\14.7\ISE_DS\PlanAhead\lib\win64.o\libboost_filesystem.dll
0x0000000000fc0000 - 0x0000000001031000 	D:\Xilinx\14.7\ISE_DS\PlanAhead\lib\win64.o\libboost_program_options.dll
0x00007ff8e9f50000 - 0x00007ff8ea02a000 	C:\WINDOWS\System32\COMDLG32.dll
0x00007ff8ea790000 - 0x00007ff8ea7e5000 	C:\WINDOWS\System32\SHLWAPI.dll
0x00007ff8e9420000 - 0x00007ff8e94ed000 	C:\WINDOWS\System32\OLEAUT32.dll
0x00007ff8e8ef0000 - 0x00007ff8e901b000 	C:\WINDOWS\System32\ole32.dll
0x00007ff8e8c90000 - 0x00007ff8e8cf7000 	C:\WINDOWS\System32\WINTRUST.dll
0x00007ff8e84b0000 - 0x00007ff8e860e000 	C:\WINDOWS\System32\CRYPT32.dll
0x0000000001070000 - 0x0000000001079000 	D:\Xilinx\14.7\ISE_DS\PlanAhead\lib\win64.o\libboost_system.dll
0x0000000001080000 - 0x00000000010c3000 	D:\Xilinx\14.7\ISE_DS\PlanAhead\lib\win64.o\libcurl.dll
0x00007ff8e8e50000 - 0x00007ff8e8eae000 	C:\WINDOWS\System32\WLDAP32.dll
0x00000000010d0000 - 0x0000000001153000 	D:\Xilinx\14.7\ISE_DS\PlanAhead\lib\win64.o\libhdlpsolve.dll
0x0000000001170000 - 0x0000000001227000 	D:\Xilinx\14.7\ISE_DS\PlanAhead\lib\win64.o\libhdxml.dll
0x0000000001240000 - 0x0000000001256000 	D:\Xilinx\14.7\ISE_DS\PlanAhead\lib\win64.o\libboost_thread.dll
0x0000000001280000 - 0x00000000017c30d3 	D:\Xilinx\14.7\ISE_DS\PlanAhead\lib\win64.o\libisl_iostreams.dll
0x00000000017d0000 - 0x00000000017f9000 	D:\Xilinx\14.7\ISE_DS\PlanAhead\lib\win64.o\libisl_sysinfo.dll
0x0000000001810000 - 0x0000000001822000 	D:\Xilinx\14.7\ISE_DS\PlanAhead\lib\win64.o\pthreadVC.dll
0x0000000001830000 - 0x0000000001846000 	D:\Xilinx\14.7\ISE_DS\PlanAhead\lib\win64.o\librdiconfig.dll
0x0000000001860000 - 0x000000000187e000 	D:\Xilinx\14.7\ISE_DS\PlanAhead\lib\win64.o\librdizlib.dll
0x00007ff8d7120000 - 0x00007ff8d7139000 	C:\WINDOWS\SYSTEM32\NETAPI32.dll
0x00007ff8c4b30000 - 0x00007ff8c4be0000 	C:\WINDOWS\WinSxS\amd64_microsoft.windows.common-controls_6595b64144ccf1df_5.82.19041.4355_none_792ecafd2442822f\COMCTL32.dll
0x00000000018a0000 - 0x000000000194f000 	D:\Xilinx\14.7\ISE_DS\PlanAhead\lib\win64.o\libboost_regex.dll
0x0000000001960000 - 0x000000000196c000 	D:\Xilinx\14.7\ISE_DS\PlanAhead\lib\win64.o\libboost_chrono.dll
0x0000000001970000 - 0x0000000001989000 	D:\Xilinx\14.7\ISE_DS\PlanAhead\lib\win64.o\libboost_iostreams.dll
0x00007ff8e8eb0000 - 0x00007ff8e8ee2000 	C:\WINDOWS\System32\IMM32.DLL
0x00007ff8e7ec0000 - 0x00007ff8e7ed2000 	C:\WINDOWS\SYSTEM32\MSASN1.dll
0x0000000004e60000 - 0x0000000005153000 	D:\Xilinx\14.7\ISE_DS\PlanAhead\lib\win64.o\librdi_commontasks.dll
0x00007ff8e6400000 - 0x00007ff8e6b9d000 	C:\WINDOWS\SYSTEM32\windows.storage.dll
0x00007ff8e7d30000 - 0x00007ff8e7d5e000 	C:\WINDOWS\SYSTEM32\Wldp.dll
0x0000000008560000 - 0x0000000008ba0000 	D:\Xilinx\14.7\ISE_DS\PlanAhead\lib\win64.o\librdi_coretasks.dll
0x0000000008ba0000 - 0x0000000008d67000 	D:\Xilinx\14.7\ISE_DS\PlanAhead\lib\win64.o\librdi_chipscope.dll
0x000000000a950000 - 0x000000000dfa1000 	D:\Xilinx\14.7\ISE_DS\PlanAhead\lib\win64.o\librdi_designutils.dll
0x0000000008d70000 - 0x000000000a03c000 	D:\Xilinx\14.7\ISE_DS\PlanAhead\lib\win64.o\librdi_coregen.dll
0x000000000dfb0000 - 0x000000000eb8a000 	D:\Xilinx\14.7\ISE_DS\PlanAhead\lib\win64.o\librdi_device.dll
0x000000000a040000 - 0x000000000a354000 	D:\Xilinx\14.7\ISE_DS\PlanAhead\lib\win64.o\librdi_drc.dll
0x000000000eb90000 - 0x000000000fbb0000 	D:\Xilinx\14.7\ISE_DS\PlanAhead\lib\win64.o\librdi_constraints.dll
0x000000000a360000 - 0x000000000a736000 	D:\Xilinx\14.7\ISE_DS\PlanAhead\lib\win64.o\librdi_netlist.dll
0x0000000010130000 - 0x0000000011253000 	D:\Xilinx\14.7\ISE_DS\PlanAhead\lib\win64.o\librdi_place.dll
0x0000000011260000 - 0x0000000011782000 	D:\Xilinx\14.7\ISE_DS\PlanAhead\lib\win64.o\librdi_power.dll
0x000000000fbb0000 - 0x000000000ff63000 	D:\Xilinx\14.7\ISE_DS\PlanAhead\lib\win64.o\librdi_project.dll
0x0000000011790000 - 0x0000000011d2d000 	D:\Xilinx\14.7\ISE_DS\PlanAhead\lib\win64.o\librdi_rsb.dll
0x0000000011d30000 - 0x0000000011fbe000 	D:\Xilinx\14.7\ISE_DS\PlanAhead\lib\win64.o\librdi_filemgmt.dll
0x0000000012290000 - 0x0000000012688000 	D:\Xilinx\14.7\ISE_DS\PlanAhead\lib\win64.o\librdi_runs.dll
0x0000000012690000 - 0x0000000013168000 	D:\Xilinx\14.7\ISE_DS\PlanAhead\lib\win64.o\librdi_timing.dll
0x000000006c010000 - 0x000000006c021000 	C:\WINDOWS\WinSxS\amd64_microsoft.vc90.openmp_1fc8b3b9a1e18e3b_9.0.30729.7523_none_390908480a22ee4a\VCOMP90.DLL
0x000000000a740000 - 0x000000000a7ae000 	D:\Xilinx\14.7\ISE_DS\PlanAhead\lib\win64.o\liblmx6.0.dll
0x0000000013170000 - 0x000000001393f000 	D:\Xilinx\14.7\ISE_DS\PlanAhead\lib\win64.o\librdi_coregenipxact.dll
0x0000000013940000 - 0x00000000140e0000 	D:\Xilinx\14.7\ISE_DS\PlanAhead\lib\win64.o\libverific.dll
0x000000000a7c0000 - 0x000000000a83d000 	D:\Xilinx\14.7\ISE_DS\PlanAhead\lib\win64.o\libboost_serialization.dll
0x00000000140e0000 - 0x0000000014624000 	D:\Xilinx\14.7\ISE_DS\PlanAhead\lib\win64.o\librdi_xdm.dll
0x000000000a860000 - 0x000000000a868000 	D:\Xilinx\14.7\ISE_DS\PlanAhead\lib\win64.o\libpsta_dllwrapper.dll
0x0000000014630000 - 0x000000001485a000 	D:\Xilinx\14.7\ISE_DS\PlanAhead\lib\win64.o\librdi_labtools.dll
0x0000000014860000 - 0x0000000014d9b000 	D:\Xilinx\14.7\ISE_DS\PlanAhead\lib\win64.o\librdi_memdata.dll
0x0000000014da0000 - 0x00000000164cf000 	D:\Xilinx\14.7\ISE_DS\PlanAhead\lib\win64.o\librdi_synth.dll
0x00000000164d0000 - 0x0000000016abe000 	D:\Xilinx\14.7\ISE_DS\PlanAhead\lib\win64.o\librdi_route.dll
0x000000000ff70000 - 0x0000000010000000 	D:\Xilinx\14.7\ISE_DS\PlanAhead\lib\win64.o\libise.dll
0x0000000016ac0000 - 0x000000001709c000 	D:\Xilinx\14.7\ISE_DS\PlanAhead\lib\win64.o\librdi_abc_nomp.dll
0x00000000170a0000 - 0x00000000171c8000 	D:\Xilinx\14.7\ISE_DS\PlanAhead\lib\win64.o\librdi_dlyest.dll
0x000000000a8d0000 - 0x000000000a8ea000 	D:\Xilinx\14.7\ISE_DS\PlanAhead\lib\win64.o\librdi_hmetis.dll
0x00000000171d0000 - 0x000000001760e000 	D:\Xilinx\14.7\ISE_DS\PlanAhead\lib\win64.o\librdi_ip.dll
0x0000000017610000 - 0x000000001764d000 	D:\Xilinx\14.7\ISE_DS\PlanAhead\lib\win64.o\librdi_simbridge_kernel.dll
0x0000000017660000 - 0x0000000017ad6000 	D:\Xilinx\14.7\ISE_DS\PlanAhead\lib\win64.o\librdi_wavedata.dll
0x0000000018ef0000 - 0x000000001afa8000 	D:\Xilinx\14.7\ISE_DS\PlanAhead\lib\win64.o\librdi_tcltasks.dll
0x000000001afc0000 - 0x000000001b234000 	D:\Xilinx\14.7\ISE_DS\PlanAhead\lib\win64.o\librdi_bitstream.dll
0x000000001b250000 - 0x000000001b324000 	D:\Xilinx\14.7\ISE_DS\PlanAhead\lib\win64.o\librdi_dsp.dll
0x000000001b330000 - 0x000000001b39e000 	D:\Xilinx\14.7\ISE_DS\PlanAhead\lib\win64.o\librdi_edk.dll
0x000000001b3c0000 - 0x000000001b5ce000 	D:\Xilinx\14.7\ISE_DS\PlanAhead\lib\win64.o\librdi_simdata.dll
0x000000001b8e0000 - 0x000000001ba36000 	D:\Xilinx\14.7\ISE_DS\PlanAhead\lib\win64.o\librdi_planaheadtasks.dll
0x000000001ba50000 - 0x000000001c898000 	D:\Xilinx\14.7\ISE_DS\PlanAhead\lib\win64.o\librdi_ipservicestasks.dll
0x000000006c000000 - 0x000000006c00f000 	D:\Xilinx\14.7\ISE_DS\PlanAhead\tps\win64\jre\bin\verify.dll
0x000000006bfd0000 - 0x000000006bff8000 	D:\Xilinx\14.7\ISE_DS\PlanAhead\tps\win64\jre\bin\java.dll
0x000000006bfb0000 - 0x000000006bfc5000 	D:\Xilinx\14.7\ISE_DS\PlanAhead\tps\win64\jre\bin\zip.dll
0x000000006bf90000 - 0x000000006bfa9000 	D:\Xilinx\14.7\ISE_DS\PlanAhead\tps\win64\jre\bin\net.dll
0x00007ff8e7a30000 - 0x00007ff8e7a9a000 	C:\WINDOWS\system32\mswsock.dll
0x000000006bf70000 - 0x000000006bf81000 	D:\Xilinx\14.7\ISE_DS\PlanAhead\tps\win64\jre\bin\nio.dll
0x000000002a090000 - 0x000000002a376000 	D:\Xilinx\14.7\ISE_DS\PlanAhead\lib\win64.o\librdi_fed.dll
0x000000002a390000 - 0x000000002a5f1000 	D:\Xilinx\14.7\ISE_DS\PlanAhead\lib\win64.o\librdi_guitools.dll
0x000000002a610000 - 0x000000002a617000 	D:\Xilinx\14.7\ISE_DS\PlanAhead\lib\win64.o\librdi_commonx11.dll
0x000000002a630000 - 0x000000002aa1e000 	D:\Xilinx\14.7\ISE_DS\PlanAhead\lib\win64.o\librdi_rsbtasks.dll
0x000000002aa30000 - 0x000000002ac79000 	D:\Xilinx\14.7\ISE_DS\PlanAhead\lib\win64.o\librdi_labtoolstasks.dll
0x000000002ac90000 - 0x000000002ae48000 	D:\Xilinx\14.7\ISE_DS\PlanAhead\lib\win64.o\librdi_simtcltasks.dll
0x000000006bdd0000 - 0x000000006bf63000 	D:\Xilinx\14.7\ISE_DS\PlanAhead\tps\win64\jre\bin\awt.dll
0x00007ff8e5b50000 - 0x00007ff8e5be0000 	C:\WINDOWS\SYSTEM32\apphelp.dll
0x00007ff8e3210000 - 0x00007ff8e33f4000 	C:\WINDOWS\SYSTEM32\dbghelp.dll
0x00007ff8e8380000 - 0x00007ff8e8402000 	C:\WINDOWS\System32\bcryptPrimitives.dll

VM Arguments:
jvm_args: -Dsun.java2d.pmoffscreen=false -Xverify:none -Dswing.aatext=true -XX:-UsePerfData -Djdk.map.althashing.threshold=512 -XX:PermSize=128m -XX:MaxPermSize=128m -XX:NewSize=60m -XX:MaxNewSize=60m -XX:+UseConcMarkSweepGC -XX:+UseParNewGC -XX:+CMSParallelRemarkEnabled -XX:+CMSScavengeBeforeRemark -XX:+UseNUMA -XX:+AggressiveOpts -XX:+UseFastAccessorMethods -XX:+UseFastEmptyMethods -XX:+UseBiasedLocking -XX:+TieredCompilation -Xms128m -Xmx2048m -Xss3m 
java_command: <unknown>
Launcher Type: generic

Environment Variables:
USERNAME=aalia
OS=Windows_NT
PROCESSOR_IDENTIFIER=Intel64 Family 6 Model 78 Stepping 3, GenuineIntel



---------------  S Y S T E M  ---------------

OS: Windows 8 , 64 bit Build 9200 

CPU:total 4 (2 cores per cpu, 2 threads per core) family 6 model 78 stepping 3, cmov, cx8, fxsr, mmx, sse, sse2, sse3, ssse3, sse4.1, sse4.2, popcnt, avx, avx2, ht, tsc, tscinvbit

Memory: 4k page, physical 8256832k(3777828k free), swap 11795776k(6767116k free)

vm_info: Java HotSpot(TM) 64-Bit Server VM (23.7-b01) for windows-amd64 JRE (1.7.0_17-b02), built on Mar  1 2013 03:38:30 by "java_re" with unknown MS VC++:1600

time: Mon May 27 12:04:14 2024
elapsed time: 0 seconds

