Release 14.7 - xst P.20131013 (nt64)
Copyright (c) 1995-2013 Xilinx, Inc.  All rights reserved.
--> Parameter TMPDIR set to xst/projnav.tmp


Total REAL time to Xst completion: 1.00 secs
Total CPU time to Xst completion: 0.31 secs
 
--> Parameter xsthdpdir set to xst


Total REAL time to Xst completion: 1.00 secs
Total CPU time to Xst completion: 0.32 secs
 
--> Reading design: Top.prj

TABLE OF CONTENTS
  1) Synthesis Options Summary
  2) HDL Parsing
  3) HDL Elaboration
  4) HDL Synthesis
       4.1) HDL Synthesis Report
  5) Advanced HDL Synthesis
       5.1) Advanced HDL Synthesis Report
  6) Low Level Synthesis
  7) Partition Report
  8) Design Summary
       8.1) Primitive and Black Box Usage
       8.2) Device utilization summary
       8.3) Partition Resource Summary
       8.4) Timing Report
            8.4.1) Clock Information
            8.4.2) Asynchronous Control Signals Information
            8.4.3) Timing Summary
            8.4.4) Timing Details
            8.4.5) Cross Clock Domains Report


=========================================================================
*                      Synthesis Options Summary                        *
=========================================================================
---- Source Parameters
Input File Name                    : "Top.prj"
Ignore Synthesis Constraint File   : NO

---- Target Parameters
Output File Name                   : "Top"
Output Format                      : NGC
Target Device                      : xc6slx9-2-csg324

---- Source Options
Top Module Name                    : Top
Automatic FSM Extraction           : YES
FSM Encoding Algorithm             : Auto
Safe Implementation                : No
FSM Style                          : LUT
RAM Extraction                     : Yes
RAM Style                          : Auto
ROM Extraction                     : Yes
Shift Register Extraction          : YES
ROM Style                          : Auto
Resource Sharing                   : YES
Asynchronous To Synchronous        : NO
Shift Register Minimum Size        : 2
Use DSP Block                      : Auto
Automatic Register Balancing       : No

---- Target Options
LUT Combining                      : Auto
Reduce Control Sets                : Auto
Add IO Buffers                     : YES
Global Maximum Fanout              : 100000
Add Generic Clock Buffer(BUFG)     : 16
Register Duplication               : YES
Optimize Instantiated Primitives   : NO
Use Clock Enable                   : Auto
Use Synchronous Set                : Auto
Use Synchronous Reset              : Auto
Pack IO Registers into IOBs        : Auto
Equivalent register Removal        : YES

---- General Options
Optimization Goal                  : Speed
Optimization Effort                : 1
Power Reduction                    : NO
Keep Hierarchy                     : No
Netlist Hierarchy                  : As_Optimized
RTL Output                         : Yes
Global Optimization                : AllClockNets
Read Cores                         : YES
Write Timing Constraints           : NO
Cross Clock Analysis               : NO
Hierarchy Separator                : /
Bus Delimiter                      : <>
Case Specifier                     : Maintain
Slice Utilization Ratio            : 100
BRAM Utilization Ratio             : 100
DSP48 Utilization Ratio            : 100
Auto BRAM Packing                  : NO
Slice Utilization Ratio Delta      : 5

=========================================================================


=========================================================================
*                          HDL Parsing                                  *
=========================================================================
Analyzing Verilog file "D:\Uni\DSD - Lab\Lab8\xilinx\Task1\bcd_counter.v" into library work
Parsing module <bcd_counter>.
Analyzing Verilog file "D:\Uni\DSD - Lab\Lab8\xilinx\Task1\three_BCD.v" into library work
Parsing module <three_BCD>.
Analyzing Verilog file "D:\Uni\DSD - Lab\Lab8\xilinx\Task1\Mux4x1.v" into library work
Parsing module <Mux4x1>.
Analyzing Verilog file "D:\Uni\DSD - Lab\Lab8\xilinx\Task1\Decoder2x4.v" into library work
Parsing module <Decoder2x4>.
Analyzing Verilog file "D:\Uni\DSD - Lab\Lab8\xilinx\Task1\Counter18bit.v" into library work
Parsing module <Counter18bit>.
Analyzing Verilog file "D:\Uni\DSD - Lab\Lab8\xilinx\Task1\clock_divider.v" into library work
Parsing module <clock_divider>.
Analyzing Verilog file "D:\Uni\DSD - Lab\Lab8\xilinx\Task1\BCD_to_SevenSeg.v" into library work
Parsing module <BCD_to_SevenSeg>.
Analyzing Verilog file "D:\Uni\DSD - Lab\Lab8\xilinx\Task1\Top.v" into library work
Parsing module <Top>.

=========================================================================
*                            HDL Elaboration                            *
=========================================================================

Elaborating module <Top>.

Elaborating module <clock_divider>.

Elaborating module <three_BCD>.

Elaborating module <bcd_counter>.

Elaborating module <BCD_to_SevenSeg>.

Elaborating module <Counter18bit>.

Elaborating module <Mux4x1>.

Elaborating module <Decoder2x4>.

=========================================================================
*                           HDL Synthesis                               *
=========================================================================

Synthesizing Unit <Top>.
    Related source file is "D:\Uni\DSD - Lab\Lab8\xilinx\Task1\Top.v".
    Summary:
	no macro.
Unit <Top> synthesized.

Synthesizing Unit <clock_divider>.
    Related source file is "D:\Uni\DSD - Lab\Lab8\xilinx\Task1\clock_divider.v".
        divisor = 28'b0101111101011110000100000000
    Found 1-bit register for signal <clk_out>.
    Found 28-bit register for signal <counter>.
    Found 28-bit adder for signal <counter[27]_GND_2_o_add_1_OUT> created at line 9.
    Found 28-bit comparator greater for signal <n0001> created at line 11
    Found 28-bit comparator greater for signal <counter[27]_GND_2_o_LessThan_5_o> created at line 14
    Summary:
	inferred   1 Adder/Subtractor(s).
	inferred  29 D-type flip-flop(s).
	inferred   2 Comparator(s).
Unit <clock_divider> synthesized.

Synthesizing Unit <three_BCD>.
    Related source file is "D:\Uni\DSD - Lab\Lab8\xilinx\Task1\three_BCD.v".
    Summary:
	no macro.
Unit <three_BCD> synthesized.

Synthesizing Unit <bcd_counter>.
    Related source file is "D:\Uni\DSD - Lab\Lab8\xilinx\Task1\bcd_counter.v".
    Found 4-bit register for signal <Q>.
    Found 4-bit adder for signal <Q[3]_GND_4_o_add_2_OUT> created at line 12.
    Summary:
	inferred   1 Adder/Subtractor(s).
	inferred   4 D-type flip-flop(s).
Unit <bcd_counter> synthesized.

Synthesizing Unit <BCD_to_SevenSeg>.
    Related source file is "D:\Uni\DSD - Lab\Lab8\xilinx\Task1\BCD_to_SevenSeg.v".
    Found 16x8-bit Read Only RAM for signal <O>
    Summary:
	inferred   1 RAM(s).
Unit <BCD_to_SevenSeg> synthesized.

Synthesizing Unit <Counter18bit>.
    Related source file is "D:\Uni\DSD - Lab\Lab8\xilinx\Task1\Counter18bit.v".
    Found 18-bit register for signal <count>.
    Found 18-bit adder for signal <count[17]_GND_6_o_add_2_OUT> created at line 11.
    Summary:
	inferred   1 Adder/Subtractor(s).
	inferred  18 D-type flip-flop(s).
Unit <Counter18bit> synthesized.

Synthesizing Unit <Mux4x1>.
    Related source file is "D:\Uni\DSD - Lab\Lab8\xilinx\Task1\Mux4x1.v".
    Found 8-bit 4-to-1 multiplexer for signal <O> created at line 10.
    Summary:
	inferred   1 Multiplexer(s).
Unit <Mux4x1> synthesized.

Synthesizing Unit <Decoder2x4>.
    Related source file is "D:\Uni\DSD - Lab\Lab8\xilinx\Task1\Decoder2x4.v".
    Found 4x3-bit Read Only RAM for signal <Out>
    Summary:
	inferred   1 RAM(s).
Unit <Decoder2x4> synthesized.

=========================================================================
HDL Synthesis Report

Macro Statistics
# RAMs                                                 : 4
 16x8-bit single-port Read Only RAM                    : 3
 4x3-bit single-port Read Only RAM                     : 1
# Adders/Subtractors                                   : 5
 18-bit adder                                          : 1
 28-bit adder                                          : 1
 4-bit adder                                           : 3
# Registers                                            : 6
 1-bit register                                        : 1
 18-bit register                                       : 1
 28-bit register                                       : 1
 4-bit register                                        : 3
# Comparators                                          : 2
 28-bit comparator greater                             : 2
# Multiplexers                                         : 1
 8-bit 4-to-1 multiplexer                              : 1

=========================================================================

=========================================================================
*                       Advanced HDL Synthesis                          *
=========================================================================


Synthesizing (advanced) Unit <BCD_to_SevenSeg>.
INFO:Xst:3218 - HDL ADVISOR - The RAM <Mram_O> will be implemented on LUTs either because you have described an asynchronous read or because of currently unsupported block RAM features. If you have described an asynchronous read, making it synchronous would allow you to take advantage of available block RAM resources, for optimized device usage and improved timings. Please refer to your documentation for coding guidelines.
    -----------------------------------------------------------------------
    | ram_type           | Distributed                         |          |
    -----------------------------------------------------------------------
    | Port A                                                              |
    |     aspect ratio   | 16-word x 8-bit                     |          |
    |     weA            | connected to signal <GND>           | high     |
    |     addrA          | connected to signal <bcd>           |          |
    |     diA            | connected to signal <GND>           |          |
    |     doA            | connected to signal <O>             |          |
    -----------------------------------------------------------------------
Unit <BCD_to_SevenSeg> synthesized (advanced).

Synthesizing (advanced) Unit <Counter18bit>.
The following registers are absorbed into counter <count>: 1 register on signal <count>.
Unit <Counter18bit> synthesized (advanced).

Synthesizing (advanced) Unit <Decoder2x4>.
INFO:Xst:3218 - HDL ADVISOR - The RAM <Mram_Out> will be implemented on LUTs either because you have described an asynchronous read or because of currently unsupported block RAM features. If you have described an asynchronous read, making it synchronous would allow you to take advantage of available block RAM resources, for optimized device usage and improved timings. Please refer to your documentation for coding guidelines.
    -----------------------------------------------------------------------
    | ram_type           | Distributed                         |          |
    -----------------------------------------------------------------------
    | Port A                                                              |
    |     aspect ratio   | 4-word x 3-bit                      |          |
    |     weA            | connected to signal <GND>           | high     |
    |     addrA          | connected to signal <S>             |          |
    |     diA            | connected to signal <GND>           |          |
    |     doA            | connected to signal <Out>           |          |
    -----------------------------------------------------------------------
Unit <Decoder2x4> synthesized (advanced).

Synthesizing (advanced) Unit <bcd_counter>.
The following registers are absorbed into counter <Q>: 1 register on signal <Q>.
Unit <bcd_counter> synthesized (advanced).

Synthesizing (advanced) Unit <clock_divider>.
The following registers are absorbed into counter <counter>: 1 register on signal <counter>.
Unit <clock_divider> synthesized (advanced).

=========================================================================
Advanced HDL Synthesis Report

Macro Statistics
# RAMs                                                 : 4
 16x8-bit single-port distributed Read Only RAM        : 3
 4x3-bit single-port distributed Read Only RAM         : 1
# Counters                                             : 5
 18-bit up counter                                     : 1
 28-bit up counter                                     : 1
 4-bit up counter                                      : 3
# Registers                                            : 1
 Flip-Flops                                            : 1
# Comparators                                          : 2
 28-bit comparator greater                             : 2
# Multiplexers                                         : 1
 8-bit 4-to-1 multiplexer                              : 1

=========================================================================

=========================================================================
*                         Low Level Synthesis                           *
=========================================================================

Optimizing unit <Top> ...

Mapping all equations...
Building and optimizing final netlist ...
Found area constraint ratio of 100 (+ 5) on block Top, actual ratio is 2.

Final Macro Processing ...

=========================================================================
Final Register Report

Macro Statistics
# Registers                                            : 59
 Flip-Flops                                            : 59

=========================================================================

=========================================================================
*                           Partition Report                            *
=========================================================================

Partition Implementation Status
-------------------------------

  No Partitions were found in this design.

-------------------------------

=========================================================================
*                            Design Summary                             *
=========================================================================

Top Level Output File Name         : Top.ngc

Primitive and Black Box Usage:
------------------------------
# BELS                             : 269
#      GND                         : 1
#      INV                         : 11
#      LUT1                        : 44
#      LUT2                        : 35
#      LUT3                        : 9
#      LUT4                        : 9
#      LUT5                        : 40
#      LUT6                        : 14
#      MUXCY                       : 55
#      MUXF7                       : 4
#      VCC                         : 1
#      XORCY                       : 46
# FlipFlops/Latches                : 59
#      FD                          : 47
#      FDR                         : 12
# Clock Buffers                    : 1
#      BUFGP                       : 1
# IO Buffers                       : 12
#      IBUF                        : 1
#      OBUF                        : 11

Device utilization summary:
---------------------------

Selected Device : 6slx9csg324-2 


Slice Logic Utilization: 
 Number of Slice Registers:              59  out of  11440     0%  
 Number of Slice LUTs:                  162  out of   5720     2%  
    Number used as Logic:               162  out of   5720     2%  

Slice Logic Distribution: 
 Number of LUT Flip Flop pairs used:    162
   Number with an unused Flip Flop:     103  out of    162    63%  
   Number with an unused LUT:             0  out of    162     0%  
   Number of fully used LUT-FF pairs:    59  out of    162    36%  
   Number of unique control sets:         5

IO Utilization: 
 Number of IOs:                          13
 Number of bonded IOBs:                  13  out of    200     6%  

Specific Feature Utilization:
 Number of BUFG/BUFGCTRLs:                1  out of     16     6%  

---------------------------
Partition Resource Summary:
---------------------------

  No Partitions were found in this design.

---------------------------


=========================================================================
Timing Report

NOTE: THESE TIMING NUMBERS ARE ONLY A SYNTHESIS ESTIMATE.
      FOR ACCURATE TIMING INFORMATION PLEASE REFER TO THE TRACE REPORT
      GENERATED AFTER PLACE-and-ROUTE.

Clock Information:
------------------
-----------------------------------+-------------------------+-------+
Clock Signal                       | Clock buffer(FF name)   | Load  |
-----------------------------------+-------------------------+-------+
CLK                                | BUFGP                   | 47    |
divider/clk_out                    | NONE(three_bcd/bcdU/Q_0)| 4     |
three_bcd/bcdT/Q_3                 | NONE(three_bcd/bcdH/Q_0)| 4     |
three_bcd/bcdU/Q_3                 | NONE(three_bcd/bcdT/Q_0)| 4     |
-----------------------------------+-------------------------+-------+
INFO:Xst:2169 - HDL ADVISOR - Some clock signals were not automatically buffered by XST with BUFG/BUFR resources. Please use the buffer_type constraint in order to insert these buffers to the clock signals to help prevent skew problems.

Asynchronous Control Signals Information:
----------------------------------------
No asynchronous control signals found in this design

Timing Summary:
---------------
Speed Grade: -2

   Minimum period: 4.351ns (Maximum Frequency: 229.824MHz)
   Minimum input arrival time before clock: 4.584ns
   Maximum output required time after clock: 8.418ns
   Maximum combinational path delay: No path found

Timing Details:
---------------
All values displayed in nanoseconds (ns)

=========================================================================
Timing constraint: Default period analysis for Clock 'CLK'
  Clock period: 4.351ns (frequency: 229.824MHz)
  Total number of paths / destination ports: 2083 / 47
-------------------------------------------------------------------------
Delay:               4.351ns (Levels of Logic = 7)
  Source:            divider/counter_8 (FF)
  Destination:       divider/counter_0 (FF)
  Source Clock:      CLK rising
  Destination Clock: CLK rising

  Data Path: divider/counter_8 to divider/counter_0
                                Gate     Net
    Cell:in->out      fanout   Delay   Delay  Logical Name (Net Name)
    ----------------------------------------  ------------
     FD:C->Q               5   0.525   1.271  divider/counter_8 (divider/counter_8)
     LUT5:I0->O            1   0.254   0.000  divider/Mcompar_n0001_lut<1> (divider/Mcompar_n0001_lut<1>)
     MUXCY:S->O            1   0.215   0.000  divider/Mcompar_n0001_cy<1> (divider/Mcompar_n0001_cy<1>)
     MUXCY:CI->O           1   0.023   0.000  divider/Mcompar_n0001_cy<2> (divider/Mcompar_n0001_cy<2>)
     MUXCY:CI->O           1   0.023   0.000  divider/Mcompar_n0001_cy<3> (divider/Mcompar_n0001_cy<3>)
     MUXCY:CI->O           1   0.023   0.000  divider/Mcompar_n0001_cy<4> (divider/Mcompar_n0001_cy<4>)
     MUXCY:CI->O          28   0.235   1.453  divider/Mcompar_n0001_cy<5> (divider/Mcompar_n0001_cy<5>)
     LUT2:I1->O            1   0.254   0.000  divider/counter_0_rstpot (divider/counter_0_rstpot)
     FD:D                      0.074          divider/counter_0
    ----------------------------------------
    Total                      4.351ns (1.627ns logic, 2.724ns route)
                                       (37.4% logic, 62.6% route)

=========================================================================
Timing constraint: Default period analysis for Clock 'divider/clk_out'
  Clock period: 3.289ns (frequency: 304.044MHz)
  Total number of paths / destination ports: 26 / 8
-------------------------------------------------------------------------
Delay:               3.289ns (Levels of Logic = 1)
  Source:            three_bcd/bcdU/Q_2 (FF)
  Destination:       three_bcd/bcdU/Q_0 (FF)
  Source Clock:      divider/clk_out falling
  Destination Clock: divider/clk_out falling

  Data Path: three_bcd/bcdU/Q_2 to three_bcd/bcdU/Q_0
                                Gate     Net
    Cell:in->out      fanout   Delay   Delay  Logical Name (Net Name)
    ----------------------------------------  ------------
     FDR:C->Q             11   0.525   1.267  three_bcd/bcdU/Q_2 (three_bcd/bcdU/Q_2)
     LUT5:I2->O            4   0.235   0.803  three_bcd/bcdU/Q[3]_CLR_OR_4_o1 (three_bcd/bcdU/Q[3]_CLR_OR_4_o)
     FDR:R                     0.459          three_bcd/bcdU/Q_0
    ----------------------------------------
    Total                      3.289ns (1.219ns logic, 2.070ns route)
                                       (37.1% logic, 62.9% route)

=========================================================================
Timing constraint: Default period analysis for Clock 'three_bcd/bcdT/Q_3'
  Clock period: 3.289ns (frequency: 304.044MHz)
  Total number of paths / destination ports: 26 / 8
-------------------------------------------------------------------------
Delay:               3.289ns (Levels of Logic = 1)
  Source:            three_bcd/bcdH/Q_2 (FF)
  Destination:       three_bcd/bcdH/Q_0 (FF)
  Source Clock:      three_bcd/bcdT/Q_3 falling
  Destination Clock: three_bcd/bcdT/Q_3 falling

  Data Path: three_bcd/bcdH/Q_2 to three_bcd/bcdH/Q_0
                                Gate     Net
    Cell:in->out      fanout   Delay   Delay  Logical Name (Net Name)
    ----------------------------------------  ------------
     FDR:C->Q             11   0.525   1.267  three_bcd/bcdH/Q_2 (three_bcd/bcdH/Q_2)
     LUT5:I2->O            4   0.235   0.803  three_bcd/bcdH/Q[3]_CLR_OR_4_o1 (three_bcd/bcdH/Q[3]_CLR_OR_4_o)
     FDR:R                     0.459          three_bcd/bcdH/Q_0
    ----------------------------------------
    Total                      3.289ns (1.219ns logic, 2.070ns route)
                                       (37.1% logic, 62.9% route)

=========================================================================
Timing constraint: Default period analysis for Clock 'three_bcd/bcdU/Q_3'
  Clock period: 3.289ns (frequency: 304.044MHz)
  Total number of paths / destination ports: 26 / 8
-------------------------------------------------------------------------
Delay:               3.289ns (Levels of Logic = 1)
  Source:            three_bcd/bcdT/Q_2 (FF)
  Destination:       three_bcd/bcdT/Q_0 (FF)
  Source Clock:      three_bcd/bcdU/Q_3 falling
  Destination Clock: three_bcd/bcdU/Q_3 falling

  Data Path: three_bcd/bcdT/Q_2 to three_bcd/bcdT/Q_0
                                Gate     Net
    Cell:in->out      fanout   Delay   Delay  Logical Name (Net Name)
    ----------------------------------------  ------------
     FDR:C->Q             11   0.525   1.267  three_bcd/bcdT/Q_2 (three_bcd/bcdT/Q_2)
     LUT5:I2->O            4   0.235   0.803  three_bcd/bcdT/Q[3]_CLR_OR_4_o1 (three_bcd/bcdT/Q[3]_CLR_OR_4_o)
     FDR:R                     0.459          three_bcd/bcdT/Q_0
    ----------------------------------------
    Total                      3.289ns (1.219ns logic, 2.070ns route)
                                       (37.1% logic, 62.9% route)

=========================================================================
Timing constraint: Default OFFSET IN BEFORE for Clock 'divider/clk_out'
  Total number of paths / destination ports: 4 / 4
-------------------------------------------------------------------------
Offset:              4.584ns (Levels of Logic = 2)
  Source:            RST (PAD)
  Destination:       three_bcd/bcdU/Q_0 (FF)
  Destination Clock: divider/clk_out falling

  Data Path: RST to three_bcd/bcdU/Q_0
                                Gate     Net
    Cell:in->out      fanout   Delay   Delay  Logical Name (Net Name)
    ----------------------------------------  ------------
     IBUF:I->O            21   1.328   1.740  RST_IBUF (RST_IBUF)
     LUT5:I0->O            4   0.254   0.803  three_bcd/bcdU/Q[3]_CLR_OR_4_o1 (three_bcd/bcdU/Q[3]_CLR_OR_4_o)
     FDR:R                     0.459          three_bcd/bcdU/Q_0
    ----------------------------------------
    Total                      4.584ns (2.041ns logic, 2.543ns route)
                                       (44.5% logic, 55.5% route)

=========================================================================
Timing constraint: Default OFFSET IN BEFORE for Clock 'three_bcd/bcdT/Q_3'
  Total number of paths / destination ports: 4 / 4
-------------------------------------------------------------------------
Offset:              4.584ns (Levels of Logic = 2)
  Source:            RST (PAD)
  Destination:       three_bcd/bcdH/Q_0 (FF)
  Destination Clock: three_bcd/bcdT/Q_3 falling

  Data Path: RST to three_bcd/bcdH/Q_0
                                Gate     Net
    Cell:in->out      fanout   Delay   Delay  Logical Name (Net Name)
    ----------------------------------------  ------------
     IBUF:I->O            21   1.328   1.740  RST_IBUF (RST_IBUF)
     LUT5:I0->O            4   0.254   0.803  three_bcd/bcdH/Q[3]_CLR_OR_4_o1 (three_bcd/bcdH/Q[3]_CLR_OR_4_o)
     FDR:R                     0.459          three_bcd/bcdH/Q_0
    ----------------------------------------
    Total                      4.584ns (2.041ns logic, 2.543ns route)
                                       (44.5% logic, 55.5% route)

=========================================================================
Timing constraint: Default OFFSET IN BEFORE for Clock 'three_bcd/bcdU/Q_3'
  Total number of paths / destination ports: 4 / 4
-------------------------------------------------------------------------
Offset:              4.584ns (Levels of Logic = 2)
  Source:            RST (PAD)
  Destination:       three_bcd/bcdT/Q_0 (FF)
  Destination Clock: three_bcd/bcdU/Q_3 falling

  Data Path: RST to three_bcd/bcdT/Q_0
                                Gate     Net
    Cell:in->out      fanout   Delay   Delay  Logical Name (Net Name)
    ----------------------------------------  ------------
     IBUF:I->O            21   1.328   1.740  RST_IBUF (RST_IBUF)
     LUT5:I0->O            4   0.254   0.803  three_bcd/bcdT/Q[3]_CLR_OR_4_o1 (three_bcd/bcdT/Q[3]_CLR_OR_4_o)
     FDR:R                     0.459          three_bcd/bcdT/Q_0
    ----------------------------------------
    Total                      4.584ns (2.041ns logic, 2.543ns route)
                                       (44.5% logic, 55.5% route)

=========================================================================
Timing constraint: Default OFFSET IN BEFORE for Clock 'CLK'
  Total number of paths / destination ports: 18 / 18
-------------------------------------------------------------------------
Offset:              3.396ns (Levels of Logic = 2)
  Source:            RST (PAD)
  Destination:       counter18/count_17 (FF)
  Destination Clock: CLK falling

  Data Path: RST to counter18/count_17
                                Gate     Net
    Cell:in->out      fanout   Delay   Delay  Logical Name (Net Name)
    ----------------------------------------  ------------
     IBUF:I->O            21   1.328   1.740  RST_IBUF (RST_IBUF)
     LUT5:I0->O            1   0.254   0.000  counter18/count_17_rstpot (counter18/count_17_rstpot)
     FD:D                      0.074          counter18/count_17
    ----------------------------------------
    Total                      3.396ns (1.656ns logic, 1.740ns route)
                                       (48.8% logic, 51.2% route)

=========================================================================
Timing constraint: Default OFFSET OUT AFTER for Clock 'CLK'
  Total number of paths / destination ports: 60 / 10
-------------------------------------------------------------------------
Offset:              7.837ns (Levels of Logic = 4)
  Source:            counter18/count_17 (FF)
  Destination:       SEG<2> (PAD)
  Source Clock:      CLK falling

  Data Path: counter18/count_17 to SEG<2>
                                Gate     Net
    Cell:in->out      fanout   Delay   Delay  Logical Name (Net Name)
    ----------------------------------------  ------------
     FD:C->Q              21   0.525   1.740  counter18/count_17 (counter18/count_17)
     LUT5:I0->O            1   0.254   0.000  mux41/Mmux_O414_G (N3)
     MUXF7:I1->O           5   0.175   1.296  mux41/Mmux_O414 (mux41/Mmux_O41)
     LUT6:I0->O            1   0.254   0.681  mux41/Mmux_O33 (SEG_2_OBUF)
     OBUF:I->O                 2.912          SEG_2_OBUF (SEG<2>)
    ----------------------------------------
    Total                      7.837ns (4.120ns logic, 3.717ns route)
                                       (52.6% logic, 47.4% route)

=========================================================================
Timing constraint: Default OFFSET OUT AFTER for Clock 'three_bcd/bcdT/Q_3'
  Total number of paths / destination ports: 46 / 7
-------------------------------------------------------------------------
Offset:              7.333ns (Levels of Logic = 4)
  Source:            three_bcd/bcdH/Q_1 (FF)
  Destination:       SEG<2> (PAD)
  Source Clock:      three_bcd/bcdT/Q_3 falling

  Data Path: three_bcd/bcdH/Q_1 to SEG<2>
                                Gate     Net
    Cell:in->out      fanout   Delay   Delay  Logical Name (Net Name)
    ----------------------------------------  ------------
     FDR:C->Q             11   0.525   1.267  three_bcd/bcdH/Q_1 (three_bcd/bcdH/Q_1)
     LUT5:I2->O            1   0.235   0.000  mux41/Mmux_O414_F (N2)
     MUXF7:I0->O           5   0.163   1.296  mux41/Mmux_O414 (mux41/Mmux_O41)
     LUT6:I0->O            1   0.254   0.681  mux41/Mmux_O33 (SEG_2_OBUF)
     OBUF:I->O                 2.912          SEG_2_OBUF (SEG<2>)
    ----------------------------------------
    Total                      7.333ns (4.089ns logic, 3.244ns route)
                                       (55.8% logic, 44.2% route)

=========================================================================
Timing constraint: Default OFFSET OUT AFTER for Clock 'divider/clk_out'
  Total number of paths / destination ports: 75 / 7
-------------------------------------------------------------------------
Offset:              8.418ns (Levels of Logic = 5)
  Source:            three_bcd/bcdU/Q_0 (FF)
  Destination:       SEG<3> (PAD)
  Source Clock:      divider/clk_out falling

  Data Path: three_bcd/bcdU/Q_0 to SEG<3>
                                Gate     Net
    Cell:in->out      fanout   Delay   Delay  Logical Name (Net Name)
    ----------------------------------------  ------------
     FDR:C->Q             10   0.525   1.236  three_bcd/bcdU/Q_0 (three_bcd/bcdU/Q_0)
     LUT3:I0->O            2   0.235   1.002  mux41/Mmux_O711 (mux41/Mmux_O711)
     LUT5:I1->O            1   0.254   0.000  mux41/Mmux_O714_F (N4)
     MUXF7:I0->O           2   0.163   1.156  mux41/Mmux_O714 (mux41/Mmux_O71)
     LUT5:I0->O            1   0.254   0.681  mux41/Mmux_O42 (SEG_3_OBUF)
     OBUF:I->O                 2.912          SEG_3_OBUF (SEG<3>)
    ----------------------------------------
    Total                      8.418ns (4.343ns logic, 4.075ns route)
                                       (51.6% logic, 48.4% route)

=========================================================================
Timing constraint: Default OFFSET OUT AFTER for Clock 'three_bcd/bcdU/Q_3'
  Total number of paths / destination ports: 46 / 7
-------------------------------------------------------------------------
Offset:              7.559ns (Levels of Logic = 4)
  Source:            three_bcd/bcdT/Q_2 (FF)
  Destination:       SEG<2> (PAD)
  Source Clock:      three_bcd/bcdU/Q_3 falling

  Data Path: three_bcd/bcdT/Q_2 to SEG<2>
                                Gate     Net
    Cell:in->out      fanout   Delay   Delay  Logical Name (Net Name)
    ----------------------------------------  ------------
     FDR:C->Q             11   0.525   1.315  three_bcd/bcdT/Q_2 (three_bcd/bcdT/Q_2)
     LUT4:I0->O            1   0.254   0.682  mux41/Mmux_O31 (mux41/Mmux_O3)
     LUT6:I5->O            1   0.254   0.682  mux41/Mmux_O32 (mux41/Mmux_O31)
     LUT6:I5->O            1   0.254   0.681  mux41/Mmux_O33 (SEG_2_OBUF)
     OBUF:I->O                 2.912          SEG_2_OBUF (SEG<2>)
    ----------------------------------------
    Total                      7.559ns (4.199ns logic, 3.360ns route)
                                       (55.5% logic, 44.5% route)

=========================================================================

Cross Clock Domains Report:
--------------------------

Clock to Setup on destination clock CLK
---------------+---------+---------+---------+---------+
               | Src:Rise| Src:Fall| Src:Rise| Src:Fall|
Source Clock   |Dest:Rise|Dest:Rise|Dest:Fall|Dest:Fall|
---------------+---------+---------+---------+---------+
CLK            |    4.351|         |    3.772|         |
---------------+---------+---------+---------+---------+

Clock to Setup on destination clock divider/clk_out
---------------+---------+---------+---------+---------+
               | Src:Rise| Src:Fall| Src:Rise| Src:Fall|
Source Clock   |Dest:Rise|Dest:Rise|Dest:Fall|Dest:Fall|
---------------+---------+---------+---------+---------+
divider/clk_out|         |         |    3.289|         |
---------------+---------+---------+---------+---------+

Clock to Setup on destination clock three_bcd/bcdT/Q_3
------------------+---------+---------+---------+---------+
                  | Src:Rise| Src:Fall| Src:Rise| Src:Fall|
Source Clock      |Dest:Rise|Dest:Rise|Dest:Fall|Dest:Fall|
------------------+---------+---------+---------+---------+
three_bcd/bcdT/Q_3|         |         |    3.289|         |
------------------+---------+---------+---------+---------+

Clock to Setup on destination clock three_bcd/bcdU/Q_3
------------------+---------+---------+---------+---------+
                  | Src:Rise| Src:Fall| Src:Rise| Src:Fall|
Source Clock      |Dest:Rise|Dest:Rise|Dest:Fall|Dest:Fall|
------------------+---------+---------+---------+---------+
three_bcd/bcdU/Q_3|         |         |    3.289|         |
------------------+---------+---------+---------+---------+

=========================================================================


Total REAL time to Xst completion: 11.00 secs
Total CPU time to Xst completion: 10.49 secs
 
--> 

Total memory usage is 4486928 kilobytes

Number of errors   :    0 (   0 filtered)
Number of warnings :    0 (   0 filtered)
Number of infos    :    3 (   0 filtered)

