#
# A fatal error has been detected by the Java Runtime Environment:
#
#  EXCEPTION_UNCAUGHT_CXX_EXCEPTION (0xe06d7363) at pc=0x00007ffb07f4cf19, pid=10304, tid=8760
#
# JRE version: 7.0_17-b02
# Java VM: Java HotSpot(TM) 64-Bit Server VM (23.7-b01 mixed mode windows-amd64 compressed oops)
# Problematic frame:
# C  [KERNELBASE.dll+0x2cf19]  RaiseException+0x69
#
# Failed to write core dump. Minidumps are not enabled by default on client versions of Windows
#
# If you would like to submit a bug report, please visit:
#   http://bugreport.sun.com/bugreport/crash.jsp
# The crash happened outside the Java Virtual Machine in native code.
# See problematic frame for where to report the bug.
#

---------------  T H R E A D  ---------------

Current thread (0x000000001d13b000):  JavaThread "main" [_thread_in_native, id=8760, stack(0x000000001d2f0000,0x000000001d3f0000)]

siginfo: ExceptionCode=0xe06d7363, ExceptionInformation=0x0000000019930520 0x000000001d3ee348 0x0000000000ac1910 0x0000000000a20000 

Registers:
RAX=0x000000006f2122ae, RBX=0x000000001d3ed970, RCX=0x0000000000000000, RDX=0x000000001d180230
RSP=0x000000001d3ebbc0, RBP=0x000000001d3ec290, RSI=0x000000001d3ee1c0, RDI=0x000000001d3eca30
R8 =0x0000000000000000, R9 =0xfe1456db00000000, R10=0x24ecc179081611ae, R11=0x69a4e03635024081
R12=0x000000001d3ee560, R13=0x000000001d3ed038, R14=0x0000000000000000, R15=0x000000001d3ebd18
RIP=0x00007ffb07f4cf19, EFLAGS=0x0000000000000206

Top of Stack: (sp=0x000000001d3ebbc0)
0x000000001d3ebbc0:   000000001d1be680 000000001d3ed970
0x000000001d3ebbd0:   000000001d3ee1c0 00007ffb07f70fbb
0x000000001d3ebbe0:   00000001e06d7363 0000000000000000
0x000000001d3ebbf0:   00007ffb07f4cf19 0000000000000004
0x000000001d3ebc00:   0000000019930520 000000001d3ee348
0x000000001d3ebc10:   0000000000ac1910 0000000000a20000
0x000000001d3ebc20:   000086d2fb62984e 0000000000a98110
0x000000001d3ebc30:   000000001d3ed970 000000006f9a334a
0x000000001d3ebc40:   0000000000000000 000000001d13fd20
0x000000001d3ebc50:   0000000000000000 000000001d3eca30
0x000000001d3ebc60:   000000001d3eca30 000000006f9a336b
0x000000001d3ebc70:   000000001d3ed970 000000001d3ee560
0x000000001d3ebc80:   000038eb6fdec5b4 000000001d180230
0x000000001d3ebc90:   000000001d3ed970 000000006f9e3bb8
0x000000001d3ebca0:   0000000000a980e0 000000001d3ed038
0x000000001d3ebcb0:   0000000000000100 0000000000000000 

Instructions: (pc=0x00007ffb07f4cf19)
0x00007ffb07f4cef9:   8b d1 44 0f 47 c0 44 89 44 24 38 49 c1 e0 03 e8
0x00007ffb07f4cf09:   6a 97 08 00 48 8d 4c 24 20 48 ff 15 ff 81 1b 00
0x00007ffb07f4cf19:   0f 1f 44 00 00 48 8b 8c 24 c0 00 00 00 48 33 cc
0x00007ffb07f4cf29:   e8 f2 88 06 00 48 81 c4 d8 00 00 00 c3 cc 83 64 


Register to memory mapping:

RAX=0x000000006f2122ae is an unknown value
RBX=0x000000001d3ed970 is pointing into the stack for thread: 0x000000001d13b000
RCX=0x0000000000000000 is an unknown value
RDX=0x000000001d180230 is an unknown value
RSP=0x000000001d3ebbc0 is pointing into the stack for thread: 0x000000001d13b000
RBP=0x000000001d3ec290 is pointing into the stack for thread: 0x000000001d13b000
RSI=0x000000001d3ee1c0 is pointing into the stack for thread: 0x000000001d13b000
RDI=0x000000001d3eca30 is pointing into the stack for thread: 0x000000001d13b000
R8 =0x0000000000000000 is an unknown value
R9 =0xfe1456db00000000 is an unknown value
R10=0x24ecc179081611ae is an unknown value
R11=0x69a4e03635024081 is an unknown value
R12=0x000000001d3ee560 is pointing into the stack for thread: 0x000000001d13b000
R13=0x000000001d3ed038 is pointing into the stack for thread: 0x000000001d13b000
R14=0x0000000000000000 is an unknown value
R15=0x000000001d3ebd18 is pointing into the stack for thread: 0x000000001d13b000


Stack: [0x000000001d2f0000,0x000000001d3f0000],  sp=0x000000001d3ebbc0,  free space=1006k
Native frames: (J=compiled Java code, j=interpreted, Vv=VM code, C=native code)
C  [KERNELBASE.dll+0x2cf19]  RaiseException+0x69
C  0x000000001d3ec8f0

Java frames: (J=compiled Java code, j=interpreted, Vv=VM code)
j  ui.data.common.parami.ParamMgr_getValueAsBool(JLjava/lang/String;)Z+0
j  ui.data.common.F.jw(Ljava/lang/String;)Z+5
j  ui.data.common.F.aWC()Z+5
j  ui.h.I.aWC()Z+6
j  ui.aL.aGY()Ljava/lang/String;+0
j  ui.PlanAhead.<clinit>()V+316
v  ~StubRoutines::call_stub

---------------  P R O C E S S  ---------------

Java Threads: ( => current thread )
  0x000000001d2c1800 JavaThread "Service Thread" daemon [_thread_blocked, id=1296, stack(0x000000002a2d0000,0x000000002a5d0000)]
  0x0000000028e61800 JavaThread "C1 CompilerThread2" daemon [_thread_blocked, id=13568, stack(0x000000002a1d0000,0x000000002a2d0000)]
  0x0000000028e51800 JavaThread "C2 CompilerThread1" daemon [_thread_blocked, id=11844, stack(0x000000002a0d0000,0x000000002a1d0000)]
  0x0000000024261000 JavaThread "C2 CompilerThread0" daemon [_thread_blocked, id=3880, stack(0x0000000029fd0000,0x000000002a0d0000)]
  0x00000000242c1800 JavaThread "Attach Listener" daemon [_thread_blocked, id=6216, stack(0x0000000029cd0000,0x0000000029fd0000)]
  0x0000000029322000 JavaThread "Signal Dispatcher" daemon [_thread_blocked, id=2896, stack(0x00000000299d0000,0x0000000029cd0000)]
  0x0000000029324000 JavaThread "Surrogate Locker Thread (Concurrent GC)" daemon [_thread_blocked, id=11140, stack(0x00000000296d0000,0x00000000299d0000)]
  0x0000000024285800 JavaThread "Finalizer" daemon [_thread_blocked, id=1144, stack(0x00000000293d0000,0x00000000296d0000)]
  0x0000000024287000 JavaThread "Reference Handler" daemon [_thread_blocked, id=11128, stack(0x0000000028fd0000,0x00000000292d0000)]
=>0x000000001d13b000 JavaThread "main" [_thread_in_native, id=8760, stack(0x000000001d2f0000,0x000000001d3f0000)]

Other Threads:
  0x0000000024232000 VMThread [stack: 0x0000000028ed0000,0x0000000028fd0000] [id=9132]
  0x0000000029347800 WatcherThread [stack: 0x000000002a5d0000,0x000000002a6d0000] [id=6988]

VM state:not at safepoint (normal execution)

VM Mutex/Monitor currently owned by a thread: None

Heap
 par new generation   total 55296K, used 4043K [0x0000000778000000, 0x000000077bc00000, 0x000000077bc00000)
  eden space 49152K,   8% used [0x0000000778000000, 0x00000007783f2d18, 0x000000077b000000)
  from space 6144K,   0% used [0x000000077b000000, 0x000000077b000000, 0x000000077b600000)
  to   space 6144K,   0% used [0x000000077b600000, 0x000000077b600000, 0x000000077bc00000)
 concurrent mark-sweep generation total 69632K, used 0K [0x000000077bc00000, 0x0000000780000000, 0x00000007f8000000)
 concurrent-mark-sweep perm gen total 131072K, used 5139K [0x00000007f8000000, 0x0000000800000000, 0x0000000800000000)

Card table byte_map: [0x0000000023990000,0x0000000023de0000] byte_map_base: 0x000000001fdd0000

Polling page: 0x000000001d3f0000

Code Cache  [0x000000001d410000, 0x000000001d680000, 0x0000000023410000)
 total_blobs=395 nmethods=110 adapters=203 free_code_cache=97030Kb largest_free_block=99357568

Compilation events (10 events):
Event: 2.393 Thread 0x0000000028e61800  106       3       java.lang.String::lastIndexOf (13 bytes)
Event: 2.393 Thread 0x0000000028e61800 nmethod 106 0x000000001d54bbd0 code [0x000000001d54bd40, 0x000000001d54bf88]
Event: 2.398 Thread 0x0000000028e61800  107       3       java.util.HashMap$FrontCache::get (32 bytes)
Event: 2.398 Thread 0x0000000028e61800 nmethod 107 0x000000001d54cad0 code [0x000000001d54cc60, 0x000000001d54d1d0]
Event: 2.414 Thread 0x0000000028e61800  108       3       java.io.BufferedInputStream::getBufIfOpen (21 bytes)
Event: 2.415 Thread 0x0000000028e61800 nmethod 108 0x000000001d54d350 code [0x000000001d54d4c0, 0x000000001d54d728]
Event: 2.415 Thread 0x0000000028e61800  109  s    3       java.io.BufferedInputStream::read (49 bytes)
Event: 2.415 Thread 0x0000000028e61800 nmethod 109 0x000000001d54d7d0 code [0x000000001d54d960, 0x000000001d54ded8]
Event: 2.415 Thread 0x0000000028e61800  110       3       java.io.DataInputStream::readInt (72 bytes)
Event: 2.416 Thread 0x0000000028e61800 nmethod 110 0x000000001d54e090 code [0x000000001d54e260, 0x000000001d54e848]

GC Heap History (0 events):
No events

Deoptimization events (0 events):
No events

Internal exceptions (10 events):
Event: 2.256 Thread 0x000000001d13b000 Threw 0x00000007782cdea8 at C:\jdk7u2_64p\jdk7u17\hotspot\src\share\vm\prims\jvm.cpp:1166
Event: 2.256 Thread 0x000000001d13b000 Threw 0x00000007782cfc50 at C:\jdk7u2_64p\jdk7u17\hotspot\src\share\vm\prims\jvm.cpp:1166
Event: 2.342 Thread 0x000000001d13b000 Threw 0x00000007782d9d88 at C:\jdk7u2_64p\jdk7u17\hotspot\src\share\vm\prims\jni.cpp:716
Event: 2.384 Thread 0x000000001d13b000 Threw 0x00000007782f2f28 at C:\jdk7u2_64p\jdk7u17\hotspot\src\share\vm\prims\jvm.cpp:1166
Event: 2.386 Thread 0x000000001d13b000 Threw 0x00000007782fc808 at C:\jdk7u2_64p\jdk7u17\hotspot\src\share\vm\prims\jvm.cpp:1166
Event: 2.387 Thread 0x000000001d13b000 Threw 0x0000000778300640 at C:\jdk7u2_64p\jdk7u17\hotspot\src\share\vm\prims\jvm.cpp:1166
Event: 2.389 Thread 0x000000001d13b000 Threw 0x0000000778303c78 at C:\jdk7u2_64p\jdk7u17\hotspot\src\share\vm\prims\jvm.cpp:1166
Event: 2.390 Thread 0x000000001d13b000 Threw 0x0000000778309908 at C:\jdk7u2_64p\jdk7u17\hotspot\src\share\vm\prims\jvm.cpp:1166
Event: 2.392 Thread 0x000000001d13b000 Threw 0x000000077831b4d0 at C:\jdk7u2_64p\jdk7u17\hotspot\src\share\vm\prims\jvm.cpp:1166
Event: 2.425 Thread 0x000000001d13b000 Threw 0x000000077833b178 at C:\jdk7u2_64p\jdk7u17\hotspot\src\share\vm\prims\jvm.cpp:1166

Events (10 events):
Event: 2.422 loading class 0x0000000029313320
Event: 2.423 loading class 0x0000000029313320 done
Event: 2.423 loading class 0x000000001d184ee0
Event: 2.423 loading class 0x000000001d184ee0 done
Event: 2.423 loading class 0x000000002b422ab0
Event: 2.423 loading class 0x000000002b422ab0 done
Event: 2.423 loading class 0x000000002b422ba0
Event: 2.424 loading class 0x000000002b422ba0 done
Event: 2.425 loading class 0x0000000029337ce0
Event: 2.425 loading class 0x0000000029337ce0 done


Dynamic libraries:
0x0000000140000000 - 0x000000014000e000 	D:\Xilinx\14.7\ISE_DS\PlanAhead\bin\unwrapped\win64.o\planAhead.exe
0x00007ffb0a3f0000 - 0x00007ffb0a5e8000 	C:\WINDOWS\SYSTEM32\ntdll.dll
0x00007ffb08c90000 - 0x00007ffb08d4d000 	C:\WINDOWS\System32\KERNEL32.DLL
0x00007ffb07f20000 - 0x00007ffb08216000 	C:\WINDOWS\System32\KERNELBASE.dll
0x0000000180000000 - 0x0000000180013000 	D:\Xilinx\14.7\ISE_DS\PlanAhead\lib\win64.o\libboost_signals.dll
0x000000006f9a0000 - 0x000000006fa43000 	C:\WINDOWS\WinSxS\amd64_microsoft.vc90.crt_1fc8b3b9a1e18e3b_9.0.30729.9625_none_08e1c10da83fbc83\MSVCR90.dll
0x000000000a900000 - 0x000000000a945000 	D:\Xilinx\14.7\ISE_DS\PlanAhead\lib\win64.o\SHSMP64.dll
0x00007ffb09680000 - 0x00007ffb0981e000 	C:\WINDOWS\System32\USER32.dll
0x00007ffb08220000 - 0x00007ffb08242000 	C:\WINDOWS\System32\win32u.dll
0x00007ffb0a1d0000 - 0x00007ffb0a1fb000 	C:\WINDOWS\System32\GDI32.dll
0x00007ffb08300000 - 0x00007ffb08417000 	C:\WINDOWS\System32\gdi32full.dll
0x00007ffb07d10000 - 0x00007ffb07dad000 	C:\WINDOWS\System32\msvcp_win.dll
0x00007ffb07e20000 - 0x00007ffb07f20000 	C:\WINDOWS\System32\ucrtbase.dll
0x00007ffb0a010000 - 0x00007ffb0a0c0000 	C:\WINDOWS\System32\ADVAPI32.dll
0x00007ffb08420000 - 0x00007ffb084be000 	C:\WINDOWS\System32\msvcrt.dll
0x00007ffb0a0c0000 - 0x00007ffb0a160000 	C:\WINDOWS\System32\sechost.dll
0x00007ffb09550000 - 0x00007ffb09675000 	C:\WINDOWS\System32\RPCRT4.dll
0x00007ffb07ce0000 - 0x00007ffb07d07000 	C:\WINDOWS\System32\bcrypt.dll
0x00007ffafbbb0000 - 0x00007ffafbbba000 	C:\WINDOWS\SYSTEM32\VERSION.dll
0x00000000001d0000 - 0x00000000001e6000 	D:\Xilinx\14.7\ISE_DS\PlanAhead\lib\win64.o\librdi_commonmain.dll
0x0000000000a20000 - 0x0000000000b0e000 	D:\Xilinx\14.7\ISE_DS\PlanAhead\lib\win64.o\stlport.5.2.dll
0x0000000000b10000 - 0x0000000001391000 	D:\Xilinx\14.7\ISE_DS\PlanAhead\lib\win64.o\librdi_common.dll
0x000000006f8c0000 - 0x000000006f993000 	C:\WINDOWS\WinSxS\amd64_microsoft.vc90.crt_1fc8b3b9a1e18e3b_9.0.30729.9625_none_08e1c10da83fbc83\MSVCP90.dll
0x00007ffb091e0000 - 0x00007ffb091e8000 	C:\WINDOWS\System32\PSAPI.DLL
0x00007ffb08520000 - 0x00007ffb08c8b000 	C:\WINDOWS\System32\SHELL32.dll
0x0000000010000000 - 0x000000001012a000 	D:\Xilinx\14.7\ISE_DS\PlanAhead\lib\win64.o\tcl85t.dll
0x00007ffb09820000 - 0x00007ffb0988b000 	C:\WINDOWS\System32\WS2_32.dll
0x000000006f1a0000 - 0x000000006f8bf000 	D:\Xilinx\14.7\ISE_DS\PlanAhead\tps\win64\jre\bin\server\jvm.dll
0x00007ffaf0dd0000 - 0x00007ffaf12a6000 	C:\WINDOWS\SYSTEM32\WININET.dll
0x00007ffafb4f0000 - 0x00007ffafb5fa000 	C:\WINDOWS\SYSTEM32\WINHTTP.dll
0x00007ffaf9700000 - 0x00007ffaf98ec000 	C:\WINDOWS\SYSTEM32\urlmon.dll
0x00007ffaf4ea0000 - 0x00007ffaf4ea9000 	C:\WINDOWS\SYSTEM32\WSOCK32.dll
0x00007ffaf4e70000 - 0x00007ffaf4e97000 	C:\WINDOWS\SYSTEM32\WINMM.dll
0x00007ffaf9cd0000 - 0x00007ffaf9f8c000 	C:\WINDOWS\SYSTEM32\iertutil.dll
0x00007ffb091f0000 - 0x00007ffb09543000 	C:\WINDOWS\System32\combase.dll
0x00007ffb08db0000 - 0x00007ffb08e5d000 	C:\WINDOWS\System32\shcore.dll
0x000000006f0c0000 - 0x000000006f192000 	C:\WINDOWS\SYSTEM32\MSVCR100.dll
0x00007ffaf96d0000 - 0x00007ffaf96f8000 	C:\WINDOWS\SYSTEM32\srvcli.dll
0x00007ffb06f60000 - 0x00007ffb06f6c000 	C:\WINDOWS\SYSTEM32\netutils.dll
0x0000000012000000 - 0x0000000012282000 	D:\Xilinx\14.7\ISE_DS\PlanAhead\lib\win64.o\xerces-c_3_1.dll
0x0000000000930000 - 0x0000000000957000 	D:\Xilinx\14.7\ISE_DS\PlanAhead\lib\win64.o\libboost_filesystem.dll
0x00000000013a0000 - 0x0000000001689000 	D:\Xilinx\14.7\ISE_DS\PlanAhead\lib\win64.o\libCOIN-all.dll
0x0000000000960000 - 0x000000000096f000 	D:\Xilinx\14.7\ISE_DS\PlanAhead\lib\win64.o\libboost_date_time.dll
0x0000000000980000 - 0x00000000009f1000 	D:\Xilinx\14.7\ISE_DS\PlanAhead\lib\win64.o\libboost_program_options.dll
0x0000000001690000 - 0x000000000173f000 	D:\Xilinx\14.7\ISE_DS\PlanAhead\lib\win64.o\libboost_regex.dll
0x0000000001740000 - 0x000000000197a000 	D:\Xilinx\14.7\ISE_DS\PlanAhead\lib\win64.o\libSecurity.dll
0x0000000001980000 - 0x0000000001989000 	D:\Xilinx\14.7\ISE_DS\PlanAhead\lib\win64.o\libboost_system.dll
0x00000000019a0000 - 0x00000000019b6000 	D:\Xilinx\14.7\ISE_DS\PlanAhead\lib\win64.o\libboost_thread.dll
0x00000000019d0000 - 0x0000000001a13000 	D:\Xilinx\14.7\ISE_DS\PlanAhead\lib\win64.o\libcurl.dll
0x00007ffb08fe0000 - 0x00007ffb090ba000 	C:\WINDOWS\System32\COMDLG32.dll
0x0000000001a30000 - 0x0000000001ab3000 	D:\Xilinx\14.7\ISE_DS\PlanAhead\lib\win64.o\libhdlpsolve.dll
0x00007ffb08d50000 - 0x00007ffb08dae000 	C:\WINDOWS\System32\WLDAP32.dll
0x00007ffb09890000 - 0x00007ffb098e5000 	C:\WINDOWS\System32\SHLWAPI.dll
0x0000000001ac0000 - 0x0000000001b77000 	D:\Xilinx\14.7\ISE_DS\PlanAhead\lib\win64.o\libhdxml.dll
0x00007ffb08e60000 - 0x00007ffb08f2d000 	C:\WINDOWS\System32\OLEAUT32.dll
0x00007ffb09ee0000 - 0x00007ffb0a00b000 	C:\WINDOWS\System32\ole32.dll
0x00007ffb07db0000 - 0x00007ffb07e17000 	C:\WINDOWS\System32\WINTRUST.dll
0x0000000001b90000 - 0x0000000001bb9000 	D:\Xilinx\14.7\ISE_DS\PlanAhead\lib\win64.o\libisl_sysinfo.dll
0x00007ffb07aa0000 - 0x00007ffb07bfd000 	C:\WINDOWS\System32\CRYPT32.dll
0x0000000001bc0000 - 0x0000000001bd2000 	D:\Xilinx\14.7\ISE_DS\PlanAhead\lib\win64.o\pthreadVC.dll
0x0000000001bf0000 - 0x0000000001c06000 	D:\Xilinx\14.7\ISE_DS\PlanAhead\lib\win64.o\librdiconfig.dll
0x0000000001c10000 - 0x0000000001c2e000 	D:\Xilinx\14.7\ISE_DS\PlanAhead\lib\win64.o\librdizlib.dll
0x0000000001c50000 - 0x00000000021930d3 	D:\Xilinx\14.7\ISE_DS\PlanAhead\lib\win64.o\libisl_iostreams.dll
0x00007ffaf5250000 - 0x00007ffaf5269000 	C:\WINDOWS\SYSTEM32\NETAPI32.dll
0x00007ffae4170000 - 0x00007ffae4220000 	C:\WINDOWS\WinSxS\amd64_microsoft.windows.common-controls_6595b64144ccf1df_5.82.19041.3636_none_7931fb75243f97c8\COMCTL32.dll
0x00000000021d0000 - 0x00000000021dc000 	D:\Xilinx\14.7\ISE_DS\PlanAhead\lib\win64.o\libboost_chrono.dll
0x00000000021e0000 - 0x00000000021f9000 	D:\Xilinx\14.7\ISE_DS\PlanAhead\lib\win64.o\libboost_iostreams.dll
0x00007ffb0a190000 - 0x00007ffb0a1c2000 	C:\WINDOWS\System32\IMM32.DLL
0x00007ffb075f0000 - 0x00007ffb07602000 	C:\WINDOWS\SYSTEM32\MSASN1.dll
0x0000000005630000 - 0x0000000005923000 	D:\Xilinx\14.7\ISE_DS\PlanAhead\lib\win64.o\librdi_commontasks.dll
0x00007ffb05b50000 - 0x00007ffb062ee000 	C:\WINDOWS\SYSTEM32\windows.storage.dll
0x00007ffb07400000 - 0x00007ffb0742e000 	C:\WINDOWS\SYSTEM32\Wldp.dll
0x0000000008cf0000 - 0x0000000009330000 	D:\Xilinx\14.7\ISE_DS\PlanAhead\lib\win64.o\librdi_coretasks.dll
0x0000000009340000 - 0x0000000009507000 	D:\Xilinx\14.7\ISE_DS\PlanAhead\lib\win64.o\librdi_chipscope.dll
0x0000000009520000 - 0x000000000a540000 	D:\Xilinx\14.7\ISE_DS\PlanAhead\lib\win64.o\librdi_constraints.dll
0x000000000a950000 - 0x000000000dfa1000 	D:\Xilinx\14.7\ISE_DS\PlanAhead\lib\win64.o\librdi_designutils.dll
0x000000000a540000 - 0x000000000a854000 	D:\Xilinx\14.7\ISE_DS\PlanAhead\lib\win64.o\librdi_drc.dll
0x000000000dfb0000 - 0x000000000e23e000 	D:\Xilinx\14.7\ISE_DS\PlanAhead\lib\win64.o\librdi_filemgmt.dll
0x000000000e240000 - 0x000000000ee1a000 	D:\Xilinx\14.7\ISE_DS\PlanAhead\lib\win64.o\librdi_device.dll
0x0000000010130000 - 0x00000000113fc000 	D:\Xilinx\14.7\ISE_DS\PlanAhead\lib\win64.o\librdi_coregen.dll
0x000000000ee20000 - 0x000000000f1f6000 	D:\Xilinx\14.7\ISE_DS\PlanAhead\lib\win64.o\librdi_netlist.dll
0x000000000f200000 - 0x000000000f722000 	D:\Xilinx\14.7\ISE_DS\PlanAhead\lib\win64.o\librdi_power.dll
0x0000000012290000 - 0x00000000133b3000 	D:\Xilinx\14.7\ISE_DS\PlanAhead\lib\win64.o\librdi_place.dll
0x000000000f730000 - 0x000000000fae3000 	D:\Xilinx\14.7\ISE_DS\PlanAhead\lib\win64.o\librdi_project.dll
0x0000000011400000 - 0x000000001199d000 	D:\Xilinx\14.7\ISE_DS\PlanAhead\lib\win64.o\librdi_rsb.dll
0x000000000faf0000 - 0x000000000fee8000 	D:\Xilinx\14.7\ISE_DS\PlanAhead\lib\win64.o\librdi_runs.dll
0x00000000133c0000 - 0x0000000013e98000 	D:\Xilinx\14.7\ISE_DS\PlanAhead\lib\win64.o\librdi_timing.dll
0x000000006f0a0000 - 0x000000006f0b1000 	C:\WINDOWS\WinSxS\amd64_microsoft.vc90.openmp_1fc8b3b9a1e18e3b_9.0.30729.6161_none_390d35aa0a1f21f9\VCOMP90.DLL
0x000000000ff20000 - 0x000000000ff8e000 	D:\Xilinx\14.7\ISE_DS\PlanAhead\lib\win64.o\liblmx6.0.dll
0x00000000119a0000 - 0x0000000011a1d000 	D:\Xilinx\14.7\ISE_DS\PlanAhead\lib\win64.o\libboost_serialization.dll
0x0000000011a20000 - 0x0000000011f64000 	D:\Xilinx\14.7\ISE_DS\PlanAhead\lib\win64.o\librdi_xdm.dll
0x0000000014640000 - 0x0000000014de0000 	D:\Xilinx\14.7\ISE_DS\PlanAhead\lib\win64.o\libverific.dll
0x000000000ffb0000 - 0x000000000ffb8000 	D:\Xilinx\14.7\ISE_DS\PlanAhead\lib\win64.o\libpsta_dllwrapper.dll
0x0000000014de0000 - 0x00000000155af000 	D:\Xilinx\14.7\ISE_DS\PlanAhead\lib\win64.o\librdi_coregenipxact.dll
0x00000000155b0000 - 0x0000000015aeb000 	D:\Xilinx\14.7\ISE_DS\PlanAhead\lib\win64.o\librdi_memdata.dll
0x0000000015af0000 - 0x0000000015d1a000 	D:\Xilinx\14.7\ISE_DS\PlanAhead\lib\win64.o\librdi_labtools.dll
0x0000000015d20000 - 0x000000001744f000 	D:\Xilinx\14.7\ISE_DS\PlanAhead\lib\win64.o\librdi_synth.dll
0x0000000017450000 - 0x0000000017a3e000 	D:\Xilinx\14.7\ISE_DS\PlanAhead\lib\win64.o\librdi_route.dll
0x0000000017a40000 - 0x0000000017ad0000 	D:\Xilinx\14.7\ISE_DS\PlanAhead\lib\win64.o\libise.dll
0x0000000017ad0000 - 0x00000000180ac000 	D:\Xilinx\14.7\ISE_DS\PlanAhead\lib\win64.o\librdi_abc_nomp.dll
0x00000000180b0000 - 0x00000000184ee000 	D:\Xilinx\14.7\ISE_DS\PlanAhead\lib\win64.o\librdi_ip.dll
0x0000000011fb0000 - 0x0000000011fca000 	D:\Xilinx\14.7\ISE_DS\PlanAhead\lib\win64.o\librdi_hmetis.dll
0x00000000184f0000 - 0x0000000018618000 	D:\Xilinx\14.7\ISE_DS\PlanAhead\lib\win64.o\librdi_dlyest.dll
0x0000000013eb0000 - 0x0000000013eed000 	D:\Xilinx\14.7\ISE_DS\PlanAhead\lib\win64.o\librdi_simbridge_kernel.dll
0x0000000013f00000 - 0x0000000014376000 	D:\Xilinx\14.7\ISE_DS\PlanAhead\lib\win64.o\librdi_wavedata.dll
0x0000000019830000 - 0x000000001b8e8000 	D:\Xilinx\14.7\ISE_DS\PlanAhead\lib\win64.o\librdi_tcltasks.dll
0x000000001b900000 - 0x000000001bb74000 	D:\Xilinx\14.7\ISE_DS\PlanAhead\lib\win64.o\librdi_bitstream.dll
0x000000001bb90000 - 0x000000001bbfe000 	D:\Xilinx\14.7\ISE_DS\PlanAhead\lib\win64.o\librdi_edk.dll
0x000000001bc00000 - 0x000000001bcd4000 	D:\Xilinx\14.7\ISE_DS\PlanAhead\lib\win64.o\librdi_dsp.dll
0x000000001bd00000 - 0x000000001bf0e000 	D:\Xilinx\14.7\ISE_DS\PlanAhead\lib\win64.o\librdi_simdata.dll
0x000000001c120000 - 0x000000001c276000 	D:\Xilinx\14.7\ISE_DS\PlanAhead\lib\win64.o\librdi_planaheadtasks.dll
0x000000001c290000 - 0x000000001d0d8000 	D:\Xilinx\14.7\ISE_DS\PlanAhead\lib\win64.o\librdi_ipservicestasks.dll
0x000000006f090000 - 0x000000006f09f000 	D:\Xilinx\14.7\ISE_DS\PlanAhead\tps\win64\jre\bin\verify.dll
0x000000006f060000 - 0x000000006f088000 	D:\Xilinx\14.7\ISE_DS\PlanAhead\tps\win64\jre\bin\java.dll
0x000000006f040000 - 0x000000006f055000 	D:\Xilinx\14.7\ISE_DS\PlanAhead\tps\win64\jre\bin\zip.dll
0x000000006f020000 - 0x000000006f039000 	D:\Xilinx\14.7\ISE_DS\PlanAhead\tps\win64\jre\bin\net.dll
0x00007ffb07160000 - 0x00007ffb071ca000 	C:\WINDOWS\system32\mswsock.dll
0x000000006f000000 - 0x000000006f011000 	D:\Xilinx\14.7\ISE_DS\PlanAhead\tps\win64\jre\bin\nio.dll
0x000000002a8d0000 - 0x000000002abb6000 	D:\Xilinx\14.7\ISE_DS\PlanAhead\lib\win64.o\librdi_fed.dll
0x000000002abd0000 - 0x000000002ae31000 	D:\Xilinx\14.7\ISE_DS\PlanAhead\lib\win64.o\librdi_guitools.dll
0x000000002ae50000 - 0x000000002ae57000 	D:\Xilinx\14.7\ISE_DS\PlanAhead\lib\win64.o\librdi_commonx11.dll
0x000000002af70000 - 0x000000002b35e000 	D:\Xilinx\14.7\ISE_DS\PlanAhead\lib\win64.o\librdi_rsbtasks.dll
0x000000002b470000 - 0x000000002b6b9000 	D:\Xilinx\14.7\ISE_DS\PlanAhead\lib\win64.o\librdi_labtoolstasks.dll
0x000000002b6d0000 - 0x000000002b888000 	D:\Xilinx\14.7\ISE_DS\PlanAhead\lib\win64.o\librdi_simtcltasks.dll
0x000000006ee60000 - 0x000000006eff3000 	D:\Xilinx\14.7\ISE_DS\PlanAhead\tps\win64\jre\bin\awt.dll
0x00007ffb052b0000 - 0x00007ffb05340000 	C:\WINDOWS\SYSTEM32\apphelp.dll
0x00007ffb007f0000 - 0x00007ffb009d4000 	C:\WINDOWS\SYSTEM32\dbghelp.dll
0x00007ffb07c00000 - 0x00007ffb07c82000 	C:\WINDOWS\System32\bcryptPrimitives.dll

VM Arguments:
jvm_args: -Dsun.java2d.pmoffscreen=false -Xverify:none -Dswing.aatext=true -XX:-UsePerfData -Djdk.map.althashing.threshold=512 -XX:PermSize=128m -XX:MaxPermSize=128m -XX:NewSize=60m -XX:MaxNewSize=60m -XX:+UseConcMarkSweepGC -XX:+UseParNewGC -XX:+CMSParallelRemarkEnabled -XX:+CMSScavengeBeforeRemark -XX:+UseNUMA -XX:+AggressiveOpts -XX:+UseFastAccessorMethods -XX:+UseFastEmptyMethods -XX:+UseBiasedLocking -XX:+TieredCompilation -Xms128m -Xmx2048m -Xss3m 
java_command: <unknown>
Launcher Type: generic

Environment Variables:
JAVA_HOME=C:\Program Files\Java\jre-1.8
PATH=D:/Xilinx/14.7/ISE_DS/PlanAhead/bin;D:/Xilinx/14.7/ISE_DS/PlanAhead/lib/win64.o;D:/Xilinx/14.7/ISE_DS/PlanAhead/tps/win64/jre/bin/server;D:/Xilinx/14.7/ISE_DS/PlanAhead/tps/win64/jre/bin;D:/Xilinx/14.7/ISE_DS/EDK/bin/nt64;D:/Xilinx/14.7/ISE_DS/EDK/lib/nt64;D:/Xilinx/14.7/ISE_DS/ISE/bin/nt64;D:/Xilinx/14.7/ISE_DS/ISE/lib/nt64;D:/Xilinx/14.7/ISE_DS/common/bin/nt64;D:/Xilinx/14.7/ISE_DS/common/lib/nt64;D:\Xilinx\14.7\ISE_DS\ISE\\lib\nt64;D:\Xilinx\14.7\ISE_DS\ISE\\bin\nt64;D:\Xilinx\14.7\ISE_DS\ISE\bin\nt64;D:\Xilinx\14.7\ISE_DS\ISE\lib\nt64;D:\Xilinx\14.7\ISE_DS\ISE\..\..\..\DocNav;D:\Xilinx\14.7\ISE_DS\PlanAhead\bin;D:\Xilinx\14.7\ISE_DS\EDK\bin\nt64;D:\Xilinx\14.7\ISE_DS\EDK\lib\nt64;D:\Xilinx\14.7\ISE_DS\EDK\gnu\microblaze\nt\bin;D:\Xilinx\14.7\ISE_DS\EDK\gnu\powerpc-eabi\nt\bin;D:\Xilinx\14.7\ISE_DS\EDK\gnuwin\bin;D:\Xilinx\14.7\ISE_DS\EDK\gnu\arm\nt\bin;D:\Xilinx\14.7\ISE_DS\EDK\gnu\microblaze\linux_toolchain\nt64_be\bin;D:\Xilinx\14.7\ISE_DS\EDK\gnu\microblaze\linux_toolchain\nt64_le\bin;D:\Xilinx\14.7\ISE_DS\common\bin\nt64;D:\Xilinx\14.7\ISE_DS\common\lib\nt64;C:\WINDOWS\system32;C:\WINDOWS;C:\WINDOWS\System32\Wbem;C:\WINDOWS\System32\WindowsPowerShell\v1.0\;C:\WINDOWS\System32\OpenSSH\;D:\Program Files\MATLAB\R2016a\runtime\win64;D:\Program Files\MATLAB\R2016a\bin;C:\Program Files\dotnet\;D:\Program Files\MATLAB\R2016a\polyspace\bin;C:\Program Files\Microsoft SQL Server\Client SDK\ODBC\170\Tools\Binn\;C:\Program Files\Microsoft SQL Server\150\Tools\Binn\;C:\Users\aalia\AppData\Local\Microsoft\WindowsApps;C:\Gradle\gradle-8.3\bin;C:\Users\aalia\AppData\Local\Programs\Microsoft VS Code\bin;C:\Users\aalia\.dotnet\tools;D:\modeltech64_10.6d\win64;C:\intelFPGA\18.1\modelsim_ase\win32aloem;C:\Users\aalia\Downloads\gcc-13.2.0-no-debug\bin;C:\Users\aalia\AppData\Local\GitHubDesktop\bin
USERNAME=aalia
OS=Windows_NT
PROCESSOR_IDENTIFIER=Intel64 Family 6 Model 78 Stepping 3, GenuineIntel



---------------  S Y S T E M  ---------------

OS: Windows 8 , 64 bit Build 9200 

CPU:total 4 (2 cores per cpu, 2 threads per core) family 6 model 78 stepping 3, cmov, cx8, fxsr, mmx, sse, sse2, sse3, ssse3, sse4.1, sse4.2, popcnt, avx, avx2, ht, tsc, tscinvbit

Memory: 4k page, physical 8256832k(3629828k free), swap 9801340k(4000128k free)

vm_info: Java HotSpot(TM) 64-Bit Server VM (23.7-b01) for windows-amd64 JRE (1.7.0_17-b02), built on Mar  1 2013 03:38:30 by "java_re" with unknown MS VC++:1600

time: Wed Mar 27 16:03:34 2024
elapsed time: 2 seconds

