#
# A fatal error has been detected by the Java Runtime Environment:
#
#  EXCEPTION_UNCAUGHT_CXX_EXCEPTION (0xe06d7363) at pc=0x00007fff6eaacf19, pid=10600, tid=1264
#
# JRE version: 7.0_17-b02
# Java VM: Java HotSpot(TM) 64-Bit Server VM (23.7-b01 mixed mode windows-amd64 compressed oops)
# Problematic frame:
# C  [KERNELBASE.dll+0x2cf19]  RaiseException+0x69
#
# Failed to write core dump. Minidumps are not enabled by default on client versions of Windows
#
# If you would like to submit a bug report, please visit:
#   http://bugreport.sun.com/bugreport/crash.jsp
# The crash happened outside the Java Virtual Machine in native code.
# See problematic frame for where to report the bug.
#

---------------  T H R E A D  ---------------

Current thread (0x000000001c8cb000):  JavaThread "main" [_thread_in_native, id=1264, stack(0x000000001ca60000,0x000000001cb60000)]

siginfo: ExceptionCode=0xe06d7363, ExceptionInformation=0x0000000019930520 0x000000001cb5e348 0x0000000000a61910 0x00000000009c0000 

Registers:
RAX=0x00000000562622ae, RBX=0x000000001cb5d970, RCX=0x0000000000000000, RDX=0x000000001c910230
RSP=0x000000001cb5bbc0, RBP=0x000000001cb5c290, RSI=0x000000001cb5e1c0, RDI=0x000000001cb5ca30
R8 =0x0000000000000000, R9 =0xfe1456db00000000, R10=0x24ecc179081611ae, R11=0x69a4e03635024081
R12=0x000000001cb5e560, R13=0x000000001cb5d038, R14=0x0000000000000000, R15=0x000000001cb5bd18
RIP=0x00007fff6eaacf19, EFLAGS=0x0000000000000206

Top of Stack: (sp=0x000000001cb5bbc0)
0x000000001cb5bbc0:   000000001c94ea90 000000001cb5d970
0x000000001cb5bbd0:   000000001cb5e1c0 00007fff6ead0fbb
0x000000001cb5bbe0:   00000001e06d7363 0000000000000000
0x000000001cb5bbf0:   00007fff6eaacf19 0000000000000004
0x000000001cb5bc00:   0000000019930520 000000001cb5e348
0x000000001cb5bc10:   0000000000a61910 00000000009c0000
0x000000001cb5bc20:   0000f03122b0ce7c 0000000000a38110
0x000000001cb5bc30:   000000001cb5d970 00000000569f334a
0x000000001cb5bc40:   0000000000000000 000000001c8cfd20
0x000000001cb5bc50:   0000000000000000 000000001cb5ca30
0x000000001cb5bc60:   000000001cb5ca30 00000000569f336b
0x000000001cb5bc70:   000000001cb5d970 000000001cb5e560
0x000000001cb5bc80:   0000f15b0a9cbdaf 000000001c910230
0x000000001cb5bc90:   000000001cb5d970 0000000056a33bb8
0x000000001cb5bca0:   0000000000a380e0 000000001cb5d038
0x000000001cb5bcb0:   0000000000000100 0000000000000000 

Instructions: (pc=0x00007fff6eaacf19)
0x00007fff6eaacef9:   8b d1 44 0f 47 c0 44 89 44 24 38 49 c1 e0 03 e8
0x00007fff6eaacf09:   6a 97 08 00 48 8d 4c 24 20 48 ff 15 ff 81 1b 00
0x00007fff6eaacf19:   0f 1f 44 00 00 48 8b 8c 24 c0 00 00 00 48 33 cc
0x00007fff6eaacf29:   e8 f2 88 06 00 48 81 c4 d8 00 00 00 c3 cc 83 64 


Register to memory mapping:

RAX=0x00000000562622ae is an unknown value
RBX=0x000000001cb5d970 is pointing into the stack for thread: 0x000000001c8cb000
RCX=0x0000000000000000 is an unknown value
RDX=0x000000001c910230 is an unknown value
RSP=0x000000001cb5bbc0 is pointing into the stack for thread: 0x000000001c8cb000
RBP=0x000000001cb5c290 is pointing into the stack for thread: 0x000000001c8cb000
RSI=0x000000001cb5e1c0 is pointing into the stack for thread: 0x000000001c8cb000
RDI=0x000000001cb5ca30 is pointing into the stack for thread: 0x000000001c8cb000
R8 =0x0000000000000000 is an unknown value
R9 =0xfe1456db00000000 is an unknown value
R10=0x24ecc179081611ae is an unknown value
R11=0x69a4e03635024081 is an unknown value
R12=0x000000001cb5e560 is pointing into the stack for thread: 0x000000001c8cb000
R13=0x000000001cb5d038 is pointing into the stack for thread: 0x000000001c8cb000
R14=0x0000000000000000 is an unknown value
R15=0x000000001cb5bd18 is pointing into the stack for thread: 0x000000001c8cb000


Stack: [0x000000001ca60000,0x000000001cb60000],  sp=0x000000001cb5bbc0,  free space=1006k
Native frames: (J=compiled Java code, j=interpreted, Vv=VM code, C=native code)
C  [KERNELBASE.dll+0x2cf19]  RaiseException+0x69
C  0x000000001cb5c8f0

Java frames: (J=compiled Java code, j=interpreted, Vv=VM code)
j  ui.data.common.parami.ParamMgr_getValueAsBool(JLjava/lang/String;)Z+0
j  ui.data.common.F.jw(Ljava/lang/String;)Z+5
j  ui.data.common.F.aWC()Z+5
j  ui.h.I.aWC()Z+6
j  ui.aL.aGY()Ljava/lang/String;+0
j  ui.PlanAhead.<clinit>()V+316
v  ~StubRoutines::call_stub

---------------  P R O C E S S  ---------------

Java Threads: ( => current thread )
  0x0000000023970800 JavaThread "Service Thread" daemon [_thread_blocked, id=1256, stack(0x0000000029a40000,0x0000000029d40000)]
  0x0000000023960800 JavaThread "C1 CompilerThread2" daemon [_thread_blocked, id=9604, stack(0x0000000029940000,0x0000000029a40000)]
  0x0000000023950800 JavaThread "C2 CompilerThread1" daemon [_thread_blocked, id=10108, stack(0x0000000029840000,0x0000000029940000)]
  0x0000000023940800 JavaThread "C2 CompilerThread0" daemon [_thread_blocked, id=6244, stack(0x0000000029740000,0x0000000029840000)]
  0x0000000028600800 JavaThread "Attach Listener" daemon [_thread_blocked, id=1208, stack(0x0000000029440000,0x0000000029740000)]
  0x00000000285f0800 JavaThread "Signal Dispatcher" daemon [_thread_blocked, id=10032, stack(0x0000000029140000,0x0000000029440000)]
  0x0000000028aa2000 JavaThread "Surrogate Locker Thread (Concurrent GC)" daemon [_thread_blocked, id=9364, stack(0x0000000028e40000,0x0000000029140000)]
  0x0000000023a31800 JavaThread "Finalizer" daemon [_thread_blocked, id=7532, stack(0x0000000028b40000,0x0000000028e40000)]
  0x0000000023a21000 JavaThread "Reference Handler" daemon [_thread_blocked, id=2920, stack(0x0000000028740000,0x0000000028a40000)]
=>0x000000001c8cb000 JavaThread "main" [_thread_in_native, id=1264, stack(0x000000001ca60000,0x000000001cb60000)]

Other Threads:
  0x0000000023a03800 VMThread [stack: 0x0000000028640000,0x0000000028740000] [id=6812]
  0x00000000239a1800 WatcherThread [stack: 0x0000000029d40000,0x0000000029e40000] [id=6452]

VM state:not at safepoint (normal execution)

VM Mutex/Monitor currently owned by a thread: None

Heap
 par new generation   total 55296K, used 4042K [0x0000000778000000, 0x000000077bc00000, 0x000000077bc00000)
  eden space 49152K,   8% used [0x0000000778000000, 0x00000007783f2840, 0x000000077b000000)
  from space 6144K,   0% used [0x000000077b000000, 0x000000077b000000, 0x000000077b600000)
  to   space 6144K,   0% used [0x000000077b600000, 0x000000077b600000, 0x000000077bc00000)
 concurrent mark-sweep generation total 69632K, used 0K [0x000000077bc00000, 0x0000000780000000, 0x00000007f8000000)
 concurrent-mark-sweep perm gen total 131072K, used 5140K [0x00000007f8000000, 0x0000000800000000, 0x0000000800000000)

Card table byte_map: [0x0000000023100000,0x0000000023550000] byte_map_base: 0x000000001f540000

Polling page: 0x000000001cb60000

Code Cache  [0x000000001cb80000, 0x000000001cdf0000, 0x0000000022b80000)
 total_blobs=396 nmethods=111 adapters=203 free_code_cache=97027Kb largest_free_block=99355136

Compilation events (10 events):
Event: 0.760 Thread 0x0000000023960800  107       3       java.lang.String::lastIndexOf (13 bytes)
Event: 0.760 Thread 0x0000000023960800 nmethod 107 0x000000001ccbc550 code [0x000000001ccbc6c0, 0x000000001ccbc908]
Event: 0.765 Thread 0x0000000023960800  108       3       java.util.HashMap$FrontCache::get (32 bytes)
Event: 0.766 Thread 0x0000000023960800 nmethod 108 0x000000001ccbd450 code [0x000000001ccbd5e0, 0x000000001ccbdb50]
Event: 0.771 Thread 0x0000000023960800  109       3       java.io.BufferedInputStream::getBufIfOpen (21 bytes)
Event: 0.772 Thread 0x0000000023960800 nmethod 109 0x000000001ccbdcd0 code [0x000000001ccbde40, 0x000000001ccbe0a8]
Event: 0.772 Thread 0x0000000023960800  110  s    3       java.io.BufferedInputStream::read (49 bytes)
Event: 0.772 Thread 0x0000000023960800 nmethod 110 0x000000001ccbe150 code [0x000000001ccbe2e0, 0x000000001ccbe858]
Event: 0.772 Thread 0x0000000023960800  111       3       java.io.DataInputStream::readInt (72 bytes)
Event: 0.773 Thread 0x0000000023960800 nmethod 111 0x000000001ccbea10 code [0x000000001ccbebe0, 0x000000001ccbf1c8]

GC Heap History (0 events):
No events

Deoptimization events (0 events):
No events

Internal exceptions (10 events):
Event: 0.691 Thread 0x000000001c8cb000 Threw 0x00000007782cd6b0 at C:\jdk7u2_64p\jdk7u17\hotspot\src\share\vm\prims\jvm.cpp:1166
Event: 0.691 Thread 0x000000001c8cb000 Threw 0x00000007782cf458 at C:\jdk7u2_64p\jdk7u17\hotspot\src\share\vm\prims\jvm.cpp:1166
Event: 0.717 Thread 0x000000001c8cb000 Threw 0x00000007782d95f0 at C:\jdk7u2_64p\jdk7u17\hotspot\src\share\vm\prims\jni.cpp:716
Event: 0.749 Thread 0x000000001c8cb000 Threw 0x00000007782f27d0 at C:\jdk7u2_64p\jdk7u17\hotspot\src\share\vm\prims\jvm.cpp:1166
Event: 0.751 Thread 0x000000001c8cb000 Threw 0x00000007782fc070 at C:\jdk7u2_64p\jdk7u17\hotspot\src\share\vm\prims\jvm.cpp:1166
Event: 0.752 Thread 0x000000001c8cb000 Threw 0x00000007782ffed0 at C:\jdk7u2_64p\jdk7u17\hotspot\src\share\vm\prims\jvm.cpp:1166
Event: 0.754 Thread 0x000000001c8cb000 Threw 0x0000000778303508 at C:\jdk7u2_64p\jdk7u17\hotspot\src\share\vm\prims\jvm.cpp:1166
Event: 0.756 Thread 0x000000001c8cb000 Threw 0x00000007783091f8 at C:\jdk7u2_64p\jdk7u17\hotspot\src\share\vm\prims\jvm.cpp:1166
Event: 0.758 Thread 0x000000001c8cb000 Threw 0x000000077831ad20 at C:\jdk7u2_64p\jdk7u17\hotspot\src\share\vm\prims\jvm.cpp:1166
Event: 0.783 Thread 0x000000001c8cb000 Threw 0x000000077833a7f8 at C:\jdk7u2_64p\jdk7u17\hotspot\src\share\vm\prims\jvm.cpp:1166

Events (10 events):
Event: 0.780 loading class 0x000000001c914ee0
Event: 0.780 loading class 0x000000001c914ee0 done
Event: 0.780 loading class 0x000000002adc2a80
Event: 0.780 loading class 0x000000002adc2a80 done
Event: 0.781 loading class 0x000000002adc2b70
Event: 0.782 loading class 0x000000002adc2b70 done
Event: 0.783 loading class 0x0000000028ab7d00
Event: 0.783 loading class 0x0000000028ab7d00 done
Event: 0.792 Executing VM operation: EnableBiasedLocking
Event: 0.792 Executing VM operation: EnableBiasedLocking done


Dynamic libraries:
0x0000000140000000 - 0x000000014000e000 	D:\Xilinx\14.7\ISE_DS\PlanAhead\bin\unwrapped\win64.o\planAhead.exe
0x00007fff710f0000 - 0x00007fff712e8000 	C:\WINDOWS\SYSTEM32\ntdll.dll
0x00007fff70d20000 - 0x00007fff70ddd000 	C:\WINDOWS\System32\KERNEL32.DLL
0x00007fff6ea80000 - 0x00007fff6ed76000 	C:\WINDOWS\System32\KERNELBASE.dll
0x00007fff6c0b0000 - 0x00007fff6c140000 	C:\WINDOWS\SYSTEM32\apphelp.dll
0x0000000180000000 - 0x0000000180881000 	D:\Xilinx\14.7\ISE_DS\PlanAhead\lib\win64.o\librdi_common.dll
0x000000000a900000 - 0x000000000a945000 	D:\Xilinx\14.7\ISE_DS\PlanAhead\lib\win64.o\SHSMP64.dll
0x00000000569f0000 - 0x0000000056a93000 	C:\WINDOWS\WinSxS\amd64_microsoft.vc90.crt_1fc8b3b9a1e18e3b_9.0.30729.9625_none_08e1c10da83fbc83\MSVCR90.dll
0x00007fff6ff40000 - 0x00007fff700de000 	C:\WINDOWS\System32\USER32.dll
0x00007fff6ea50000 - 0x00007fff6ea72000 	C:\WINDOWS\System32\win32u.dll
0x00007fff70440000 - 0x00007fff7046b000 	C:\WINDOWS\System32\GDI32.dll
0x00007fff6ef90000 - 0x00007fff6f0a7000 	C:\WINDOWS\System32\gdi32full.dll
0x00007fff6ee10000 - 0x00007fff6eead000 	C:\WINDOWS\System32\msvcp_win.dll
0x00007fff6e950000 - 0x00007fff6ea50000 	C:\WINDOWS\System32\ucrtbase.dll
0x00007fff6f4c0000 - 0x00007fff6f570000 	C:\WINDOWS\System32\ADVAPI32.dll
0x00007fff70eb0000 - 0x00007fff70f4e000 	C:\WINDOWS\System32\msvcrt.dll
0x00007fff6f130000 - 0x00007fff6f1d0000 	C:\WINDOWS\System32\sechost.dll
0x00007fff6f5d0000 - 0x00007fff6f6f5000 	C:\WINDOWS\System32\RPCRT4.dll
0x00007fff6eeb0000 - 0x00007fff6eed7000 	C:\WINDOWS\System32\bcrypt.dll
0x00007fff62d30000 - 0x00007fff62d3a000 	C:\WINDOWS\SYSTEM32\VERSION.dll
0x00007fff70ab0000 - 0x00007fff70ab8000 	C:\WINDOWS\System32\PSAPI.DLL
0x00007fff6f7d0000 - 0x00007fff6ff3b000 	C:\WINDOWS\System32\SHELL32.dll
0x0000000010000000 - 0x000000001012a000 	D:\Xilinx\14.7\ISE_DS\PlanAhead\lib\win64.o\tcl85t.dll
0x0000000012000000 - 0x0000000012282000 	D:\Xilinx\14.7\ISE_DS\PlanAhead\lib\win64.o\xerces-c_3_1.dll
0x00007fff70470000 - 0x00007fff704db000 	C:\WINDOWS\System32\WS2_32.dll
0x00007fff4d3a0000 - 0x00007fff4d876000 	C:\WINDOWS\SYSTEM32\WININET.dll
0x00007fff62bd0000 - 0x00007fff62cda000 	C:\WINDOWS\SYSTEM32\WINHTTP.dll
0x00007fff57c10000 - 0x00007fff57dfc000 	C:\WINDOWS\SYSTEM32\urlmon.dll
0x00007fff5bfa0000 - 0x00007fff5bfa9000 	C:\WINDOWS\SYSTEM32\WSOCK32.dll
0x00000000561f0000 - 0x000000005690f000 	D:\Xilinx\14.7\ISE_DS\PlanAhead\tps\win64\jre\bin\server\jvm.dll
0x0000000056910000 - 0x00000000569e3000 	C:\WINDOWS\WinSxS\amd64_microsoft.vc90.crt_1fc8b3b9a1e18e3b_9.0.30729.9625_none_08e1c10da83fbc83\MSVCP90.dll
0x00007fff57920000 - 0x00007fff57bdc000 	C:\WINDOWS\SYSTEM32\iertutil.dll
0x00007fff57be0000 - 0x00007fff57c08000 	C:\WINDOWS\SYSTEM32\srvcli.dll
0x00007fff700e0000 - 0x00007fff70433000 	C:\WINDOWS\System32\combase.dll
0x00007fff6dc60000 - 0x00007fff6dc6c000 	C:\WINDOWS\SYSTEM32\netutils.dll
0x00007fff70590000 - 0x00007fff7063d000 	C:\WINDOWS\System32\shcore.dll
0x00007fff6a380000 - 0x00007fff6a3a7000 	C:\WINDOWS\SYSTEM32\WINMM.dll
0x0000000056110000 - 0x00000000561e2000 	C:\WINDOWS\SYSTEM32\MSVCR100.dll
0x00000000004d0000 - 0x00000000004e6000 	D:\Xilinx\14.7\ISE_DS\PlanAhead\lib\win64.o\librdi_commonmain.dll
0x0000000000500000 - 0x0000000000513000 	D:\Xilinx\14.7\ISE_DS\PlanAhead\lib\win64.o\libboost_signals.dll
0x00000000009c0000 - 0x0000000000aae000 	D:\Xilinx\14.7\ISE_DS\PlanAhead\lib\win64.o\stlport.5.2.dll
0x0000000000ab0000 - 0x0000000000d99000 	D:\Xilinx\14.7\ISE_DS\PlanAhead\lib\win64.o\libCOIN-all.dll
0x0000000000da0000 - 0x0000000000fda000 	D:\Xilinx\14.7\ISE_DS\PlanAhead\lib\win64.o\libSecurity.dll
0x0000000000540000 - 0x0000000000567000 	D:\Xilinx\14.7\ISE_DS\PlanAhead\lib\win64.o\libboost_filesystem.dll
0x0000000000570000 - 0x000000000057f000 	D:\Xilinx\14.7\ISE_DS\PlanAhead\lib\win64.o\libboost_date_time.dll
0x0000000000fe0000 - 0x0000000001051000 	D:\Xilinx\14.7\ISE_DS\PlanAhead\lib\win64.o\libboost_program_options.dll
0x00000000005a0000 - 0x00000000005a9000 	D:\Xilinx\14.7\ISE_DS\PlanAhead\lib\win64.o\libboost_system.dll
0x0000000001060000 - 0x000000000110f000 	D:\Xilinx\14.7\ISE_DS\PlanAhead\lib\win64.o\libboost_regex.dll
0x00007fff6f230000 - 0x00007fff6f30a000 	C:\WINDOWS\System32\COMDLG32.dll
0x00007fff6f570000 - 0x00007fff6f5c5000 	C:\WINDOWS\System32\SHLWAPI.dll
0x00007fff70de0000 - 0x00007fff70ead000 	C:\WINDOWS\System32\OLEAUT32.dll
0x00007fff6f310000 - 0x00007fff6f43b000 	C:\WINDOWS\System32\ole32.dll
0x00007fff6f0b0000 - 0x00007fff6f117000 	C:\WINDOWS\System32\WINTRUST.dll
0x00007fff6e7f0000 - 0x00007fff6e94d000 	C:\WINDOWS\System32\CRYPT32.dll
0x0000000001130000 - 0x0000000001146000 	D:\Xilinx\14.7\ISE_DS\PlanAhead\lib\win64.o\libboost_thread.dll
0x0000000001150000 - 0x0000000001193000 	D:\Xilinx\14.7\ISE_DS\PlanAhead\lib\win64.o\libcurl.dll
0x00000000011b0000 - 0x0000000001233000 	D:\Xilinx\14.7\ISE_DS\PlanAhead\lib\win64.o\libhdlpsolve.dll
0x00007fff6f770000 - 0x00007fff6f7ce000 	C:\WINDOWS\System32\WLDAP32.dll
0x0000000001250000 - 0x0000000001307000 	D:\Xilinx\14.7\ISE_DS\PlanAhead\lib\win64.o\libhdxml.dll
0x0000000001310000 - 0x0000000001339000 	D:\Xilinx\14.7\ISE_DS\PlanAhead\lib\win64.o\libisl_sysinfo.dll
0x0000000001350000 - 0x00000000018930d3 	D:\Xilinx\14.7\ISE_DS\PlanAhead\lib\win64.o\libisl_iostreams.dll
0x00000000018b0000 - 0x00000000018c2000 	D:\Xilinx\14.7\ISE_DS\PlanAhead\lib\win64.o\pthreadVC.dll
0x00000000018d0000 - 0x00000000018e6000 	D:\Xilinx\14.7\ISE_DS\PlanAhead\lib\win64.o\librdiconfig.dll
0x0000000001910000 - 0x000000000192e000 	D:\Xilinx\14.7\ISE_DS\PlanAhead\lib\win64.o\librdizlib.dll
0x00007fff510d0000 - 0x00007fff51180000 	C:\WINDOWS\WinSxS\amd64_microsoft.windows.common-controls_6595b64144ccf1df_5.82.19041.3636_none_7931fb75243f97c8\COMCTL32.dll
0x00007fff638b0000 - 0x00007fff638c9000 	C:\WINDOWS\SYSTEM32\NETAPI32.dll
0x0000000001960000 - 0x000000000196c000 	D:\Xilinx\14.7\ISE_DS\PlanAhead\lib\win64.o\libboost_chrono.dll
0x0000000001970000 - 0x0000000001989000 	D:\Xilinx\14.7\ISE_DS\PlanAhead\lib\win64.o\libboost_iostreams.dll
0x00007fff71070000 - 0x00007fff710a2000 	C:\WINDOWS\System32\IMM32.DLL
0x00007fff6e2f0000 - 0x00007fff6e302000 	C:\WINDOWS\SYSTEM32\MSASN1.dll
0x0000000004e40000 - 0x0000000005133000 	D:\Xilinx\14.7\ISE_DS\PlanAhead\lib\win64.o\librdi_commontasks.dll
0x00007fff6c850000 - 0x00007fff6cfee000 	C:\WINDOWS\SYSTEM32\windows.storage.dll
0x00007fff6e100000 - 0x00007fff6e12e000 	C:\WINDOWS\SYSTEM32\Wldp.dll
0x0000000008500000 - 0x0000000008b40000 	D:\Xilinx\14.7\ISE_DS\PlanAhead\lib\win64.o\librdi_coretasks.dll
0x0000000008b40000 - 0x0000000008d07000 	D:\Xilinx\14.7\ISE_DS\PlanAhead\lib\win64.o\librdi_chipscope.dll
0x0000000008d10000 - 0x0000000009d30000 	D:\Xilinx\14.7\ISE_DS\PlanAhead\lib\win64.o\librdi_constraints.dll
0x000000000a950000 - 0x000000000bc1c000 	D:\Xilinx\14.7\ISE_DS\PlanAhead\lib\win64.o\librdi_coregen.dll
0x000000000bc20000 - 0x000000000c7fa000 	D:\Xilinx\14.7\ISE_DS\PlanAhead\lib\win64.o\librdi_device.dll
0x000000000c800000 - 0x000000000fe51000 	D:\Xilinx\14.7\ISE_DS\PlanAhead\lib\win64.o\librdi_designutils.dll
0x0000000009d30000 - 0x000000000a044000 	D:\Xilinx\14.7\ISE_DS\PlanAhead\lib\win64.o\librdi_drc.dll
0x000000000a050000 - 0x000000000a2de000 	D:\Xilinx\14.7\ISE_DS\PlanAhead\lib\win64.o\librdi_filemgmt.dll
0x000000000a2e0000 - 0x000000000a6b6000 	D:\Xilinx\14.7\ISE_DS\PlanAhead\lib\win64.o\librdi_netlist.dll
0x0000000010130000 - 0x00000000104e3000 	D:\Xilinx\14.7\ISE_DS\PlanAhead\lib\win64.o\librdi_project.dll
0x00000000104f0000 - 0x0000000011613000 	D:\Xilinx\14.7\ISE_DS\PlanAhead\lib\win64.o\librdi_place.dll
0x0000000011620000 - 0x0000000011b42000 	D:\Xilinx\14.7\ISE_DS\PlanAhead\lib\win64.o\librdi_power.dll
0x0000000012290000 - 0x000000001282d000 	D:\Xilinx\14.7\ISE_DS\PlanAhead\lib\win64.o\librdi_rsb.dll
0x0000000012830000 - 0x0000000013308000 	D:\Xilinx\14.7\ISE_DS\PlanAhead\lib\win64.o\librdi_timing.dll
0x0000000011b50000 - 0x0000000011f48000 	D:\Xilinx\14.7\ISE_DS\PlanAhead\lib\win64.o\librdi_runs.dll
0x00000000560f0000 - 0x0000000056101000 	C:\WINDOWS\WinSxS\amd64_microsoft.vc90.openmp_1fc8b3b9a1e18e3b_9.0.30729.6161_none_390d35aa0a1f21f9\VCOMP90.DLL
0x000000000a6c0000 - 0x000000000a72e000 	D:\Xilinx\14.7\ISE_DS\PlanAhead\lib\win64.o\liblmx6.0.dll
0x0000000013310000 - 0x0000000013adf000 	D:\Xilinx\14.7\ISE_DS\PlanAhead\lib\win64.o\librdi_coregenipxact.dll
0x0000000013ae0000 - 0x0000000014280000 	D:\Xilinx\14.7\ISE_DS\PlanAhead\lib\win64.o\libverific.dll
0x000000000a750000 - 0x000000000a7cd000 	D:\Xilinx\14.7\ISE_DS\PlanAhead\lib\win64.o\libboost_serialization.dll
0x000000000a850000 - 0x000000000a858000 	D:\Xilinx\14.7\ISE_DS\PlanAhead\lib\win64.o\libpsta_dllwrapper.dll
0x0000000014280000 - 0x00000000147c4000 	D:\Xilinx\14.7\ISE_DS\PlanAhead\lib\win64.o\librdi_xdm.dll
0x00000000147d0000 - 0x00000000149fa000 	D:\Xilinx\14.7\ISE_DS\PlanAhead\lib\win64.o\librdi_labtools.dll
0x0000000014a00000 - 0x0000000014f3b000 	D:\Xilinx\14.7\ISE_DS\PlanAhead\lib\win64.o\librdi_memdata.dll
0x0000000014f40000 - 0x000000001666f000 	D:\Xilinx\14.7\ISE_DS\PlanAhead\lib\win64.o\librdi_synth.dll
0x0000000016670000 - 0x0000000016c5e000 	D:\Xilinx\14.7\ISE_DS\PlanAhead\lib\win64.o\librdi_route.dll
0x0000000016c60000 - 0x000000001709e000 	D:\Xilinx\14.7\ISE_DS\PlanAhead\lib\win64.o\librdi_ip.dll
0x000000000fe60000 - 0x000000000ff88000 	D:\Xilinx\14.7\ISE_DS\PlanAhead\lib\win64.o\librdi_dlyest.dll
0x0000000011f50000 - 0x0000000011fe0000 	D:\Xilinx\14.7\ISE_DS\PlanAhead\lib\win64.o\libise.dll
0x00000000170a0000 - 0x000000001767c000 	D:\Xilinx\14.7\ISE_DS\PlanAhead\lib\win64.o\librdi_abc_nomp.dll
0x000000000ffa0000 - 0x000000000ffba000 	D:\Xilinx\14.7\ISE_DS\PlanAhead\lib\win64.o\librdi_hmetis.dll
0x000000000a7e0000 - 0x000000000a81d000 	D:\Xilinx\14.7\ISE_DS\PlanAhead\lib\win64.o\librdi_simbridge_kernel.dll
0x0000000017680000 - 0x0000000017af6000 	D:\Xilinx\14.7\ISE_DS\PlanAhead\lib\win64.o\librdi_wavedata.dll
0x0000000019000000 - 0x000000001b0b8000 	D:\Xilinx\14.7\ISE_DS\PlanAhead\lib\win64.o\librdi_tcltasks.dll
0x000000001b0c0000 - 0x000000001b334000 	D:\Xilinx\14.7\ISE_DS\PlanAhead\lib\win64.o\librdi_bitstream.dll
0x000000001b340000 - 0x000000001b3ae000 	D:\Xilinx\14.7\ISE_DS\PlanAhead\lib\win64.o\librdi_edk.dll
0x000000001b3b0000 - 0x000000001b484000 	D:\Xilinx\14.7\ISE_DS\PlanAhead\lib\win64.o\librdi_dsp.dll
0x000000001b490000 - 0x000000001b69e000 	D:\Xilinx\14.7\ISE_DS\PlanAhead\lib\win64.o\librdi_simdata.dll
0x000000001b8a0000 - 0x000000001b9f6000 	D:\Xilinx\14.7\ISE_DS\PlanAhead\lib\win64.o\librdi_planaheadtasks.dll
0x000000001ba00000 - 0x000000001c848000 	D:\Xilinx\14.7\ISE_DS\PlanAhead\lib\win64.o\librdi_ipservicestasks.dll
0x00000000560e0000 - 0x00000000560ef000 	D:\Xilinx\14.7\ISE_DS\PlanAhead\tps\win64\jre\bin\verify.dll
0x00000000560b0000 - 0x00000000560d8000 	D:\Xilinx\14.7\ISE_DS\PlanAhead\tps\win64\jre\bin\java.dll
0x0000000056090000 - 0x00000000560a5000 	D:\Xilinx\14.7\ISE_DS\PlanAhead\tps\win64\jre\bin\zip.dll
0x0000000056070000 - 0x0000000056089000 	D:\Xilinx\14.7\ISE_DS\PlanAhead\tps\win64\jre\bin\net.dll
0x00007fff6de60000 - 0x00007fff6deca000 	C:\WINDOWS\system32\mswsock.dll
0x0000000056050000 - 0x0000000056061000 	D:\Xilinx\14.7\ISE_DS\PlanAhead\tps\win64\jre\bin\nio.dll
0x000000002a140000 - 0x000000002a426000 	D:\Xilinx\14.7\ISE_DS\PlanAhead\lib\win64.o\librdi_fed.dll
0x000000002a440000 - 0x000000002a6a1000 	D:\Xilinx\14.7\ISE_DS\PlanAhead\lib\win64.o\librdi_guitools.dll
0x000000002a6c0000 - 0x000000002a6c7000 	D:\Xilinx\14.7\ISE_DS\PlanAhead\lib\win64.o\librdi_commonx11.dll
0x000000002a6e0000 - 0x000000002aace000 	D:\Xilinx\14.7\ISE_DS\PlanAhead\lib\win64.o\librdi_rsbtasks.dll
0x000000002aae0000 - 0x000000002ad29000 	D:\Xilinx\14.7\ISE_DS\PlanAhead\lib\win64.o\librdi_labtoolstasks.dll
0x000000002ae40000 - 0x000000002aff8000 	D:\Xilinx\14.7\ISE_DS\PlanAhead\lib\win64.o\librdi_simtcltasks.dll
0x0000000055eb0000 - 0x0000000056043000 	D:\Xilinx\14.7\ISE_DS\PlanAhead\tps\win64\jre\bin\awt.dll
0x00007fff67b10000 - 0x00007fff67cf4000 	C:\WINDOWS\SYSTEM32\dbghelp.dll
0x00007fff6ed80000 - 0x00007fff6ee02000 	C:\WINDOWS\System32\bcryptPrimitives.dll

VM Arguments:
jvm_args: -Dsun.java2d.pmoffscreen=false -Xverify:none -Dswing.aatext=true -XX:-UsePerfData -Djdk.map.althashing.threshold=512 -XX:PermSize=128m -XX:MaxPermSize=128m -XX:NewSize=60m -XX:MaxNewSize=60m -XX:+UseConcMarkSweepGC -XX:+UseParNewGC -XX:+CMSParallelRemarkEnabled -XX:+CMSScavengeBeforeRemark -XX:+UseNUMA -XX:+AggressiveOpts -XX:+UseFastAccessorMethods -XX:+UseFastEmptyMethods -XX:+UseBiasedLocking -XX:+TieredCompilation -Xms128m -Xmx2048m -Xss3m 
java_command: <unknown>
Launcher Type: generic

Environment Variables:
PATH=D:/Xilinx/14.7/ISE_DS/PlanAhead/bin;D:/Xilinx/14.7/ISE_DS/PlanAhead/lib/win64.o;D:/Xilinx/14.7/ISE_DS/PlanAhead/tps/win64/jre/bin/server;D:/Xilinx/14.7/ISE_DS/PlanAhead/tps/win64/jre/bin;D:/Xilinx/14.7/ISE_DS/EDK/bin/nt64;D:/Xilinx/14.7/ISE_DS/EDK/lib/nt64;D:/Xilinx/14.7/ISE_DS/ISE/bin/nt64;D:/Xilinx/14.7/ISE_DS/ISE/lib/nt64;D:/Xilinx/14.7/ISE_DS/common/bin/nt64;D:/Xilinx/14.7/ISE_DS/common/lib/nt64;D:\Xilinx\14.7\ISE_DS\ISE\\lib\nt64;D:\Xilinx\14.7\ISE_DS\ISE\\bin\nt64;D:\Xilinx\14.7\ISE_DS\ISE\bin\nt64;D:\Xilinx\14.7\ISE_DS\ISE\lib\nt64;D:\Xilinx\14.7\ISE_DS\ISE\..\..\..\DocNav;D:\Xilinx\14.7\ISE_DS\PlanAhead\bin;D:\Xilinx\14.7\ISE_DS\EDK\bin\nt64;D:\Xilinx\14.7\ISE_DS\EDK\lib\nt64;D:\Xilinx\14.7\ISE_DS\EDK\gnu\microblaze\nt\bin;D:\Xilinx\14.7\ISE_DS\EDK\gnu\powerpc-eabi\nt\bin;D:\Xilinx\14.7\ISE_DS\EDK\gnuwin\bin;D:\Xilinx\14.7\ISE_DS\EDK\gnu\arm\nt\bin;D:\Xilinx\14.7\ISE_DS\EDK\gnu\microblaze\linux_toolchain\nt64_be\bin;D:\Xilinx\14.7\ISE_DS\EDK\gnu\microblaze\linux_toolchain\nt64_le\bin;D:\Xilinx\14.7\ISE_DS\common\bin\nt64;D:\Xilinx\14.7\ISE_DS\common\lib\nt64;C:\WINDOWS\system32;C:\WINDOWS;C:\WINDOWS\System32\Wbem;C:\WINDOWS\System32\WindowsPowerShell\v1.0\;C:\WINDOWS\System32\OpenSSH\;C:\Program Files\Microsoft SQL Server\130\Tools\Binn\;C:\Program Files\Microsoft SQL Server\Client SDK\ODBC\170\Tools\Binn\;C:\Users\aalia\AppData\Local\Microsoft\WindowsApps;D:\intelFPGA\18.1\modelsim_ase\win32aloem
USERNAME=aalia
OS=Windows_NT
PROCESSOR_IDENTIFIER=Intel64 Family 6 Model 78 Stepping 3, GenuineIntel



---------------  S Y S T E M  ---------------

OS: Windows 8 , 64 bit Build 9200 

CPU:total 4 (2 cores per cpu, 2 threads per core) family 6 model 78 stepping 3, cmov, cx8, fxsr, mmx, sse, sse2, sse3, ssse3, sse4.1, sse4.2, popcnt, avx, avx2, ht, tsc, tscinvbit

Memory: 4k page, physical 8256832k(4470784k free), swap 12909692k(8653076k free)

vm_info: Java HotSpot(TM) 64-Bit Server VM (23.7-b01) for windows-amd64 JRE (1.7.0_17-b02), built on Mar  1 2013 03:38:30 by "java_re" with unknown MS VC++:1600

time: Thu Apr 11 23:14:49 2024
elapsed time: 0 seconds

