--------------------------------------------------------------------------------
Release 14.7 Trace  (nt64)
Copyright (c) 1995-2013 Xilinx, Inc.  All rights reserved.

D:\Xilinx\14.7\ISE_DS\ISE\bin\nt64\unwrapped\trce.exe -intstyle ise -v 3 -s 2
-n 3 -fastpaths -xml task2.twx task2.ncd -o task2.twr task2.pcf -ucf task2.ucf

Design file:              task2.ncd
Physical constraint file: task2.pcf
Device,package,speed:     xc6slx9,csg324,C,-2 (PRODUCTION 1.23 2013-10-13)
Report level:             verbose report

Environment Variable      Effect 
--------------------      ------ 
NONE                      No environment variables were set
--------------------------------------------------------------------------------

INFO:Timing:2698 - No timing constraints found, doing default enumeration.
INFO:Timing:3412 - To improve timing, see the Timing Closure User Guide (UG612).
INFO:Timing:2752 - To get complete path coverage, use the unconstrained paths 
   option. All paths that are not constrained will be reported in the 
   unconstrained paths section(s) of the report.
INFO:Timing:3339 - The clock-to-out numbers in this timing report are based on 
   a 50 Ohm transmission line loading model.  For the details of this model, 
   and for more information on accounting for different loading conditions, 
   please see the device datasheet.



Data Sheet report:
-----------------
All values displayed in nanoseconds (ns)

Pad to Pad
---------------+---------------+---------+
Source Pad     |Destination Pad|  Delay  |
---------------+---------------+---------+
a<0>           |O<0>           |   12.093|
a<0>           |O<1>           |   11.812|
a<0>           |O<2>           |   11.763|
a<0>           |O<3>           |   12.583|
a<0>           |O<4>           |   11.558|
a<0>           |O<5>           |   12.462|
a<0>           |O<6>           |   12.012|
a<1>           |O<0>           |   11.553|
a<1>           |O<1>           |   11.272|
a<1>           |O<2>           |   11.223|
a<1>           |O<3>           |   12.043|
a<1>           |O<4>           |   11.018|
a<1>           |O<5>           |   11.922|
a<1>           |O<6>           |   11.472|
a<2>           |O<0>           |   11.429|
a<2>           |O<1>           |   11.148|
a<2>           |O<2>           |   11.099|
a<2>           |O<3>           |   11.919|
a<2>           |O<4>           |   10.894|
a<2>           |O<5>           |   11.798|
a<2>           |O<6>           |   11.348|
a<3>           |O<0>           |   10.669|
a<3>           |O<1>           |   10.388|
a<3>           |O<2>           |   10.339|
a<3>           |O<3>           |   11.159|
a<3>           |O<4>           |   10.134|
a<3>           |O<5>           |   11.038|
a<3>           |O<6>           |   10.588|
b<0>           |O<0>           |   11.648|
b<0>           |O<1>           |   11.367|
b<0>           |O<2>           |   11.318|
b<0>           |O<3>           |   12.138|
b<0>           |O<4>           |   11.113|
b<0>           |O<5>           |   12.017|
b<0>           |O<6>           |   11.567|
b<1>           |O<0>           |   11.634|
b<1>           |O<1>           |   11.353|
b<1>           |O<2>           |   11.304|
b<1>           |O<3>           |   12.124|
b<1>           |O<4>           |   11.099|
b<1>           |O<5>           |   12.003|
b<1>           |O<6>           |   11.553|
b<2>           |O<0>           |   11.048|
b<2>           |O<1>           |   10.767|
b<2>           |O<2>           |   10.718|
b<2>           |O<3>           |   11.538|
b<2>           |O<4>           |   10.513|
b<2>           |O<5>           |   11.417|
b<2>           |O<6>           |   10.967|
b<3>           |O<0>           |   10.308|
b<3>           |O<1>           |   10.027|
b<3>           |O<2>           |    9.978|
b<3>           |O<3>           |   10.798|
b<3>           |O<4>           |    9.773|
b<3>           |O<5>           |   10.677|
b<3>           |O<6>           |   10.227|
---------------+---------------+---------+


Analysis completed Fri Mar 29 16:44:35 2024 
--------------------------------------------------------------------------------

Trace Settings:
-------------------------
Trace Settings 

Peak Memory Usage: 4571 MB



