C51 COMPILER V9.60.7.0   LAB_TASK                                                          05/23/2024 12:24:12 PAGE 1   


C51 COMPILER V9.60.7.0, COMPILATION OF MODULE LAB_TASK
OBJECT MODULE PLACED IN .\Objects\lab_task.obj
COMPILER INVOKED BY: D:\Keil_v5\C51\BIN\C51.EXE lab_task.c OPTIMIZE(8,SPEED) BROWSE DEBUG OBJECTEXTEND PRINT(.\Listings\
                    -lab_task.lst) TABS(2) OBJECT(.\Objects\lab_task.obj)

line level    source

   1          #include<reg51.h>
   2          
   3          char state;
   4          sbit btn = P3^2;
   5          int i;
   6          
   7          void sinewave();
   8          void squarewave();
   9          
  10          void int_fun() interrupt 0{
  11   1        state++;
  12   1        if(state > 3 | state < 0 )
  13   1          state = 0;
  14   1      }
  15          
  16          
  17          void main(void){
  18   1          EA = 1;
  19   1          EX0 = 1;
  20   1          IT0 = 1; //Edge triggered interrupt
  21   1          P1 = 0x00;
  22   1          
  23   1          while(1){   
  24   2          
  25   2            if(state == 0)
  26   2              squarewave();
  27   2          
  28   2            else if(state == 1)
  29   2              sinewave(); 
  30   2          }
  31   1      }
  32          
  33          void sinewave(){
  34   1      
  35   1        char sine_val[21] = {0, 13, 20, 54, 76, 100, 132, 180, 210, 233, 255, 233, 210, 180, 132, 100, 76, 54, 20
             -, 13, 0 };
  36   1        
  37   1        for(i = 0; i<20; i++)
  38   1          P1 = sine_val[i];
  39   1      }
  40          
  41          void squarewave(){
  42   1      
  43   1      //  char square_val[21] = {0, 0, 0, 0, 0, 0, 0, 0, 0, 0, 255,  255, 255,  255,255,  255,255,  255,255,  255
             -, 255};
  44   1        
  45   1          P1 = 0x00;
  46   1          for(i = 0; i<20000; i++)
  47   1          P1 = 0xFF;
  48   1      }
  49          


MODULE INFORMATION:   STATIC OVERLAYABLE
C51 COMPILER V9.60.7.0   LAB_TASK                                                          05/23/2024 12:24:12 PAGE 2   

   CODE SIZE        =    161    ----
   CONSTANT SIZE    =     21    ----
   XDATA SIZE       =   ----    ----
   PDATA SIZE       =   ----    ----
   DATA SIZE        =      3      21
   IDATA SIZE       =   ----    ----
   BIT SIZE         =   ----    ----
END OF MODULE INFORMATION.


C51 COMPILATION COMPLETE.  0 WARNING(S),  0 ERROR(S)
