C51 COMPILER V9.60.7.0   LAB_TASK3                                                         05/14/2024 20:43:26 PAGE 1   


C51 COMPILER V9.60.7.0, COMPILATION OF MODULE LAB_TASK3
OBJECT MODULE PLACED IN .\Objects\lab_task3.obj
COMPILER INVOKED BY: D:\Keil_v5\C51\BIN\C51.EXE lab_task3.c OPTIMIZE(8,SPEED) BROWSE DEBUG OBJECTEXTEND PRINT(.\Listings
                    -\lab_task3.lst) TABS(2) OBJECT(.\Objects\lab_task3.obj)

line level    source

   1          #include<reg51.h>
   2          //RS = 1 we are passing data
   3          
   4          sbit RS = P3^0;
   5          sbit Enable = P3^1;
   6          sbit R1 = P1^0;
   7          sbit R2 = P1^1;
   8          sbit R3 = P1^2;
   9          sbit R4 = P1^3;
  10          
  11          sbit C1 = P1^4;
  12          sbit C2 = P1^5;
  13          sbit C3 = P1^6;
  14          sbit C4 = P1^7;
  15          
  16          void init();
  17          void delay(unsigned int);
  18          void wr_cmd(unsigned char);
  19          void wr_data(unsigned char);
  20          void show(unsigned char);
  21          unsigned char key_scanning();
  22          int get_num(char);
  23          
  24          char int_to_char(int);
  25          int char_to_int(char);
  26          
  27          int arr_to_num(int[], int);
  28          void num_to_arr(int, int);
  29          
  30          void disp_msg(char*);
  31          void get_result();
  32          void display_result();
  33          int power10(unsigned int);
  34          int count_digits(int);
  35          unsigned char key;
  36          
  37          int num_buff1[5];
  38          int num_buff2[5];
  39          int num1, num2;
  40          int digits1 = 0;
  41          int digits2 = 0;
  42          char res_buff_char[3];
  43          int arr[3];
  44          int res_num;
  45          char operation;
  46          
  47          int i;
  48          
  49          void main(void){
  50   1          P2 = 0x00;
  51   1          init(); 
  52   1        
  53   1          while(1){
  54   2            disp_msg("Enter num1:");
C51 COMPILER V9.60.7.0   LAB_TASK3                                                         05/14/2024 20:43:26 PAGE 2   

  55   2            while(1){
  56   3                key = key_scanning(); 
  57   3                
  58   3                
  59   3                if(key == '=') break;
  60   3                
  61   3                wr_data(key); //display num1          
  62   3                num_buff1[i] = char_to_int(key);
  63   3                digits1++;
  64   3              }
  65   2            
  66   2            num1 = arr_to_num(num_buff1,digits1);
  67   2            wr_cmd(0x01); //Clear Display Screen
  68   2            
  69   2              
  70   2            disp_msg("Enter num2:");  
  71   2              while(1){
  72   3                key = key_scanning(); 
  73   3      
  74   3                if(key == '=') break;
  75   3      
  76   3                wr_data(key); //display num2          
  77   3                num_buff2[i] = char_to_int(key);  
  78   3                digits2++;        
  79   3              }
  80   2            
  81   2            num2 = arr_to_num(num_buff2,digits2);
  82   2            wr_cmd(0x01); //Clear Display Screen
  83   2      
  84   2            disp_msg("Enter Op:");
  85   2            key = key_scanning();
  86   2            if(key == 'C') continue;        
  87   2            
  88   2            operation = key;
  89   2              
  90   2            get_result(); //Will store result in res_num
  91   2            display_result();
  92   2          }
  93   1      }
  94          
  95          
  96          void init(){
  97   1          wr_cmd(0x38); //2 lines and 5x7 Matrix
  98   1          wr_cmd(0x0e); //Display on and cursor blinking
  99   1          wr_cmd(0x01); //Clear Display Screen
 100   1          wr_cmd(0x06); //Increment Cursor
 101   1          wr_cmd(0x0c); //Display on, Cursor off
 102   1          wr_cmd(0x80); //Force cursor to begining of 1st line 
 103   1      
 104   1      }
 105          
 106          void wr_cmd(unsigned char cmd){
 107   1          P2 = cmd;
 108   1          RS = 0;
 109   1          Enable = 1;
 110   1          delay(20000);
 111   1          Enable = 0;
 112   1      }
 113          
 114          void wr_data(unsigned char dt){
 115   1          P2 = dt;
 116   1          RS = 1;
C51 COMPILER V9.60.7.0   LAB_TASK3                                                         05/14/2024 20:43:26 PAGE 3   

 117   1          Enable = 1;
 118   1          delay(20000);
 119   1          Enable = 0;
 120   1      
 121   1      }
 122          
 123          void delay(unsigned n){
 124   1        unsigned int i;
 125   1        
 126   1        for(i = 0; i<n; i++);
 127   1      }
 128          
 129          unsigned char key_scanning(){
 130   1      
 131   1        while(1){
 132   2          R1 = 0;
 133   2          R2 = R3 = R4 = 1;
 134   2          if(C1 == 0 && C2 == 1 && C3 == 1 && C4 == 1){//7 Pressed
 135   3            delay(10000); 
 136   3            return '7';
 137   3          }
 138   2          
 139   2          if(C1 == 1 && C2 == 0 && C3 == 1 && C4 == 1){//8 Pressed
 140   3            delay(10000);
 141   3            return '8';
 142   3          }
 143   2            
 144   2          if(C1 == 1 && C2 == 1 && C3 == 0 && C4 == 1){//9 Pressed
 145   3            delay(10000);
 146   3            return '9';
 147   3          }
 148   2          
 149   2          if(C1 == 1 && C2 == 1 && C3 == 1 && C4 == 0){//% Pressed
 150   3            delay(10000);
 151   3            return '/';
 152   3          }
 153   2            
 154   2          R2 = 0;
 155   2          R1 = R3 = R4 = 1;
 156   2          if(C1 == 0 && C2 == 1 && C3 == 1 && C4 == 1){//4 Pressed
 157   3            delay(10000);
 158   3            return '4';
 159   3          }
 160   2          
 161   2          if(C1 == 1 && C2 == 0 && C3 == 1 && C4 == 1){//5 Pressed
 162   3            delay(10000);
 163   3            return '5';
 164   3          }
 165   2          
 166   2          if(C1 == 1 && C2 == 1 && C3 == 0 && C4 == 1){//6 Pressed
 167   3            delay(10000);
 168   3            return '6';
 169   3          }
 170   2          
 171   2          if(C1 == 1 && C2 == 1 && C3 == 1 && C4 == 0){//x Pressed
 172   3            delay(10000);
 173   3            return 'x';
 174   3          }
 175   2              
 176   2          R3 = 0;
 177   2          R1 = R2 = R4 = 1;
 178   2          
C51 COMPILER V9.60.7.0   LAB_TASK3                                                         05/14/2024 20:43:26 PAGE 4   

 179   2          if(C1 == 0 && C2 == 1 && C3 == 1 && C4 == 1){//1 Pressed
 180   3            delay(10000);
 181   3            return '1';
 182   3          }
 183   2          
 184   2          if(C1 == 1 && C2 == 0 && C3 == 1 && C4 == 1){//2 Pressed
 185   3            delay(10000);
 186   3            return '2';
 187   3          }
 188   2          
 189   2          if(C1 == 1 && C2 == 1 && C3 == 0 && C4 == 1){//3 Pressed
 190   3            delay(10000);
 191   3            return '3';
 192   3          }
 193   2          
 194   2          if(C1 == 1 && C2 == 1 && C3 == 1 && C4 == 0){//- Pressed
 195   3            delay(10000);
 196   3            return '-';
 197   3          }
 198   2          
 199   2          R4 = 0;
 200   2          R1 = R2 = R3 = 1;
 201   2          
 202   2          if(C1 == 0 && C2 == 1 && C3 == 1 && C4 == 1){//C/ON Pressed
 203   3            delay(10000);
 204   3            return 'C';
 205   3          }
 206   2          
 207   2          if(C1 == 1 && C2 == 0 && C3 == 1 && C4 == 1){//0 Pressed
 208   3            delay(10000);
 209   3            return '0';
 210   3          }
 211   2          
 212   2          if(C1 == 1 && C2 == 1 && C3 == 0 && C4 == 1){//= Pressed
 213   3            delay(10000);
 214   3            return '=';
 215   3          }
 216   2          
 217   2          if(C1 == 1 && C2 == 1 && C3 == 1 && C4 == 0){//+ Pressed
 218   3            delay(10000);
 219   3            return '+';
 220   3          }
 221   2        }
 222   1      }
 223          
 224          char int_to_char(int num){
 225   1          return num + '0';
 226   1      }
 227          
 228          
 229          int char_to_int(char num){
 230   1          return num - '0';
 231   1      }
 232          
 233          void disp_msg(char *str){
 234   1          while(*str)
 235   1            wr_data(*str++);
 236   1      }
 237          
 238          int arr_to_num(int arr[], int digits){
 239   1          int num = 0;
 240   1          for(i = 0; i < digits; i++)
C51 COMPILER V9.60.7.0   LAB_TASK3                                                         05/14/2024 20:43:26 PAGE 5   

 241   1            num += arr[i] * power10(digits - 1 - i);
 242   1          //num = (arr[0] * 100) + (arr[1] * 10) + arr[2];
 243   1          return num;
 244   1      }
 245          
 246          void num_to_arr(int num, int digits) {
 247   1      
 248   1          for(i = 0; i < digits; i++) {
 249   2              arr[i] = num / power10(digits - 1 - i);
 250   2              num = num % power10(digits - 1 - i);
 251   2          }
 252   1      }
 253          
 254          void get_result(){
 255   1        
 256   1        switch(operation){
 257   2          case '+': res_num = num1 + num2; break;
 258   2          case '-': res_num = num1 - num2; break;
 259   2          case 'x': res_num = num1 * num2; break;
 260   2          case '/': res_num = num1 / num2; break;
 261   2          default: disp_msg("Invalid Operator");
 262   2        
 263   2        }
 264   1      }
 265          void display_result(){
 266   1        
 267   1        wr_cmd(0xC0);//Move to 2nd line
 268   1        num_to_arr(res_num, count_digits(res_num));
 269   1      
 270   1        for(i = 0; i<3; i++)
 271   1          res_buff_char[i] = int_to_char(arr[i]);
 272   1        
 273   1          disp_msg(res_buff_char);
 274   1          wr_cmd(0x80);//Move to 1st line
 275   1      }
 276          
 277          int power10(int exponent) {
*** WARNING C235 IN LINE 277 OF lab_task3.c: parameter 1: different types
 278   1          int result = 1;
 279   1          
 280   1          if(exponent == 0)
 281   1            return result;
 282   1          
 283   1          for (i = 0; i < exponent; i++) {
 284   2              result *= 10; //base 10
 285   2          }
 286   1      
 287   1          return result;
 288   1      }
 289          
 290          int count_digits(int num) {
 291   1          int count = 0;
 292   1          if (num == 0) return 1;
 293   1          while (num != 0) {
 294   2              num /= 10;
 295   2              count++;
 296   2          }
 297   1          return count;
 298   1      }


MODULE INFORMATION:   STATIC OVERLAYABLE
C51 COMPILER V9.60.7.0   LAB_TASK3                                                         05/14/2024 20:43:26 PAGE 6   

   CODE SIZE        =   1125    ----
   CONSTANT SIZE    =     51    ----
   XDATA SIZE       =   ----    ----
   PDATA SIZE       =   ----    ----
   DATA SIZE        =     43      14
   IDATA SIZE       =   ----    ----
   BIT SIZE         =   ----    ----
END OF MODULE INFORMATION.


C51 COMPILATION COMPLETE.  1 WARNING(S),  0 ERROR(S)
