#
# A fatal error has been detected by the Java Runtime Environment:
#
#  EXCEPTION_UNCAUGHT_CXX_EXCEPTION (0xe06d7363) at pc=0x00007ffd5a3acf19, pid=6680, tid=6960
#
# JRE version: 7.0_17-b02
# Java VM: Java HotSpot(TM) 64-Bit Server VM (23.7-b01 mixed mode windows-amd64 compressed oops)
# Problematic frame:
# C  [KERNELBASE.dll+0x2cf19]  RaiseException+0x69
#
# Failed to write core dump. Minidumps are not enabled by default on client versions of Windows
#
# If you would like to submit a bug report, please visit:
#   http://bugreport.sun.com/bugreport/crash.jsp
# The crash happened outside the Java Virtual Machine in native code.
# See problematic frame for where to report the bug.
#

---------------  T H R E A D  ---------------

Current thread (0x000000001d13b000):  JavaThread "main" [_thread_in_native, id=6960, stack(0x000000001d2d0000,0x000000001d3d0000)]

siginfo: ExceptionCode=0xe06d7363, ExceptionInformation=0x0000000019930520 0x000000001d3ce348 0x00000000009d1910 0x0000000000930000 

Registers:
RAX=0x000000005d0a22ae, RBX=0x000000001d3cd970, RCX=0x0000000000000000, RDX=0x000000001d180230
RSP=0x000000001d3cbbc0, RBP=0x000000001d3cc290, RSI=0x000000001d3ce1c0, RDI=0x000000001d3cca30
R8 =0x0000000000000000, R9 =0xfe1456db00000000, R10=0x24ecc179081611ae, R11=0x69a4e03635024081
R12=0x000000001d3ce560, R13=0x000000001d3cd038, R14=0x0000000000000000, R15=0x000000001d3cbd18
RIP=0x00007ffd5a3acf19, EFLAGS=0x0000000000000206

Top of Stack: (sp=0x000000001d3cbbc0)
0x000000001d3cbbc0:   000000001d1be680 000000001d3cd970
0x000000001d3cbbd0:   000000001d3ce1c0 00007ffd5a3d0fbb
0x000000001d3cbbe0:   00000001e06d7363 0000000000000000
0x000000001d3cbbf0:   00007ffd5a3acf19 0000000000000004
0x000000001d3cbc00:   0000000019930520 000000001d3ce348
0x000000001d3cbc10:   00000000009d1910 0000000000930000
0x000000001d3cbc20:   0000cbdd83b2e9f4 00000000009a8110
0x000000001d3cbc30:   000000001d3cd970 000000005d83334a
0x000000001d3cbc40:   0000000000000000 000000001d13fd20
0x000000001d3cbc50:   0000000000000000 000000001d3cca30
0x000000001d3cbc60:   000000001d3cca30 000000005d83336b
0x000000001d3cbc70:   000000001d3cd970 000000001d3ce560
0x000000001d3cbc80:   00002198c94babdb 000000001d180230
0x000000001d3cbc90:   000000001d3cd970 000000005d873bb8
0x000000001d3cbca0:   00000000009a80e0 000000001d3cd038
0x000000001d3cbcb0:   0000000000000100 0000000000000000 

Instructions: (pc=0x00007ffd5a3acf19)
0x00007ffd5a3acef9:   8b d1 44 0f 47 c0 44 89 44 24 38 49 c1 e0 03 e8
0x00007ffd5a3acf09:   6a 97 08 00 48 8d 4c 24 20 48 ff 15 ff 81 1b 00
0x00007ffd5a3acf19:   0f 1f 44 00 00 48 8b 8c 24 c0 00 00 00 48 33 cc
0x00007ffd5a3acf29:   e8 f2 88 06 00 48 81 c4 d8 00 00 00 c3 cc 83 64 


Register to memory mapping:

RAX=0x000000005d0a22ae is an unknown value
RBX=0x000000001d3cd970 is pointing into the stack for thread: 0x000000001d13b000
RCX=0x0000000000000000 is an unknown value
RDX=0x000000001d180230 is an unknown value
RSP=0x000000001d3cbbc0 is pointing into the stack for thread: 0x000000001d13b000
RBP=0x000000001d3cc290 is pointing into the stack for thread: 0x000000001d13b000
RSI=0x000000001d3ce1c0 is pointing into the stack for thread: 0x000000001d13b000
RDI=0x000000001d3cca30 is pointing into the stack for thread: 0x000000001d13b000
R8 =0x0000000000000000 is an unknown value
R9 =0xfe1456db00000000 is an unknown value
R10=0x24ecc179081611ae is an unknown value
R11=0x69a4e03635024081 is an unknown value
R12=0x000000001d3ce560 is pointing into the stack for thread: 0x000000001d13b000
R13=0x000000001d3cd038 is pointing into the stack for thread: 0x000000001d13b000
R14=0x0000000000000000 is an unknown value
R15=0x000000001d3cbd18 is pointing into the stack for thread: 0x000000001d13b000


Stack: [0x000000001d2d0000,0x000000001d3d0000],  sp=0x000000001d3cbbc0,  free space=1006k
Native frames: (J=compiled Java code, j=interpreted, Vv=VM code, C=native code)
C  [KERNELBASE.dll+0x2cf19]  RaiseException+0x69
C  0x000000001d3cc8f0

Java frames: (J=compiled Java code, j=interpreted, Vv=VM code)
j  ui.data.common.parami.ParamMgr_getValueAsBool(JLjava/lang/String;)Z+0
j  ui.data.common.F.jw(Ljava/lang/String;)Z+5
j  ui.data.common.F.aWC()Z+5
j  ui.h.I.aWC()Z+6
j  ui.aL.aGY()Ljava/lang/String;+0
j  ui.PlanAhead.<clinit>()V+316
v  ~StubRoutines::call_stub

---------------  P R O C E S S  ---------------

Java Threads: ( => current thread )
  0x000000001d2c1800 JavaThread "Service Thread" daemon [_thread_blocked, id=14604, stack(0x000000002a2b0000,0x000000002a5b0000)]
  0x0000000028e81800 JavaThread "C1 CompilerThread2" daemon [_thread_blocked, id=8896, stack(0x000000002a1b0000,0x000000002a2b0000)]
  0x0000000028e71800 JavaThread "C2 CompilerThread1" daemon [_thread_blocked, id=8880, stack(0x000000002a0b0000,0x000000002a1b0000)]
  0x0000000024281000 JavaThread "C2 CompilerThread0" daemon [_thread_blocked, id=7508, stack(0x0000000029fb0000,0x000000002a0b0000)]
  0x0000000028de1800 JavaThread "Attach Listener" daemon [_thread_blocked, id=12040, stack(0x0000000029cb0000,0x0000000029fb0000)]
  0x0000000029322000 JavaThread "Signal Dispatcher" daemon [_thread_blocked, id=13432, stack(0x00000000299b0000,0x0000000029cb0000)]
  0x0000000029324000 JavaThread "Surrogate Locker Thread (Concurrent GC)" daemon [_thread_blocked, id=10404, stack(0x00000000296b0000,0x00000000299b0000)]
  0x00000000242a5800 JavaThread "Finalizer" daemon [_thread_blocked, id=6056, stack(0x00000000293b0000,0x00000000296b0000)]
  0x00000000242a7000 JavaThread "Reference Handler" daemon [_thread_blocked, id=13568, stack(0x0000000028fb0000,0x00000000292b0000)]
=>0x000000001d13b000 JavaThread "main" [_thread_in_native, id=6960, stack(0x000000001d2d0000,0x000000001d3d0000)]

Other Threads:
  0x0000000024232000 VMThread [stack: 0x0000000028eb0000,0x0000000028fb0000] [id=7620]
  0x0000000029357800 WatcherThread [stack: 0x000000002a5b0000,0x000000002a6b0000] [id=9128]

VM state:not at safepoint (normal execution)

VM Mutex/Monitor currently owned by a thread: None

Heap
 par new generation   total 55296K, used 4043K [0x0000000778000000, 0x000000077bc00000, 0x000000077bc00000)
  eden space 49152K,   8% used [0x0000000778000000, 0x00000007783f2f58, 0x000000077b000000)
  from space 6144K,   0% used [0x000000077b000000, 0x000000077b000000, 0x000000077b600000)
  to   space 6144K,   0% used [0x000000077b600000, 0x000000077b600000, 0x000000077bc00000)
 concurrent mark-sweep generation total 69632K, used 0K [0x000000077bc00000, 0x0000000780000000, 0x00000007f8000000)
 concurrent-mark-sweep perm gen total 131072K, used 5140K [0x00000007f8000000, 0x0000000800000000, 0x0000000800000000)

Card table byte_map: [0x0000000023970000,0x0000000023dc0000] byte_map_base: 0x000000001fdb0000

Polling page: 0x000000001d3d0000

Code Cache  [0x000000001d3f0000, 0x000000001d660000, 0x00000000233f0000)
 total_blobs=397 nmethods=112 adapters=203 free_code_cache=97025Kb largest_free_block=99353280

Compilation events (10 events):
Event: 1.265 Thread 0x0000000028e81800  108       3       java.lang.String::lastIndexOf (13 bytes)
Event: 1.265 Thread 0x0000000028e81800 nmethod 108 0x000000001d52cc90 code [0x000000001d52ce00, 0x000000001d52d048]
Event: 1.268 Thread 0x0000000028e81800  109       3       java.util.HashMap$FrontCache::get (32 bytes)
Event: 1.268 Thread 0x0000000028e81800 nmethod 109 0x000000001d52db90 code [0x000000001d52dd20, 0x000000001d52e290]
Event: 1.277 Thread 0x0000000028e81800  110       3       java.io.BufferedInputStream::getBufIfOpen (21 bytes)
Event: 1.278 Thread 0x0000000028e81800 nmethod 110 0x000000001d52e410 code [0x000000001d52e580, 0x000000001d52e7e8]
Event: 1.278 Thread 0x0000000028e81800  111  s    3       java.io.BufferedInputStream::read (49 bytes)
Event: 1.278 Thread 0x0000000028e81800 nmethod 111 0x000000001d52e890 code [0x000000001d52ea20, 0x000000001d52ef98]
Event: 1.278 Thread 0x0000000028e81800  112       3       java.io.DataInputStream::readInt (72 bytes)
Event: 1.278 Thread 0x0000000028e81800 nmethod 112 0x000000001d52f150 code [0x000000001d52f320, 0x000000001d52f908]

GC Heap History (0 events):
No events

Deoptimization events (0 events):
No events

Internal exceptions (10 events):
Event: 1.188 Thread 0x000000001d13b000 Threw 0x00000007782cdc08 at C:\jdk7u2_64p\jdk7u17\hotspot\src\share\vm\prims\jvm.cpp:1166
Event: 1.188 Thread 0x000000001d13b000 Threw 0x00000007782cf9b0 at C:\jdk7u2_64p\jdk7u17\hotspot\src\share\vm\prims\jvm.cpp:1166
Event: 1.237 Thread 0x000000001d13b000 Threw 0x00000007782d9ae8 at C:\jdk7u2_64p\jdk7u17\hotspot\src\share\vm\prims\jni.cpp:716
Event: 1.259 Thread 0x000000001d13b000 Threw 0x00000007782f2c88 at C:\jdk7u2_64p\jdk7u17\hotspot\src\share\vm\prims\jvm.cpp:1166
Event: 1.260 Thread 0x000000001d13b000 Threw 0x00000007782fc498 at C:\jdk7u2_64p\jdk7u17\hotspot\src\share\vm\prims\jvm.cpp:1166
Event: 1.261 Thread 0x000000001d13b000 Threw 0x00000007783002b8 at C:\jdk7u2_64p\jdk7u17\hotspot\src\share\vm\prims\jvm.cpp:1166
Event: 1.262 Thread 0x000000001d13b000 Threw 0x00000007783039c0 at C:\jdk7u2_64p\jdk7u17\hotspot\src\share\vm\prims\jvm.cpp:1166
Event: 1.263 Thread 0x000000001d13b000 Threw 0x00000007783096f0 at C:\jdk7u2_64p\jdk7u17\hotspot\src\share\vm\prims\jvm.cpp:1166
Event: 1.265 Thread 0x000000001d13b000 Threw 0x000000077831b2b8 at C:\jdk7u2_64p\jdk7u17\hotspot\src\share\vm\prims\jvm.cpp:1166
Event: 1.286 Thread 0x000000001d13b000 Threw 0x000000077833adb0 at C:\jdk7u2_64p\jdk7u17\hotspot\src\share\vm\prims\jvm.cpp:1166

Events (10 events):
Event: 1.284 loading class 0x0000000029313320
Event: 1.284 loading class 0x0000000029313320 done
Event: 1.284 loading class 0x000000001d184ee0
Event: 1.284 loading class 0x000000001d184ee0 done
Event: 1.284 loading class 0x000000002b422ab0
Event: 1.284 loading class 0x000000002b422ab0 done
Event: 1.284 loading class 0x000000002b422ba0
Event: 1.285 loading class 0x000000002b422ba0 done
Event: 1.286 loading class 0x0000000029337ce0
Event: 1.286 loading class 0x0000000029337ce0 done


Dynamic libraries:
0x0000000140000000 - 0x000000014000e000 	D:\Xilinx\14.7\ISE_DS\PlanAhead\bin\unwrapped\win64.o\planAhead.exe
0x00007ffd5c970000 - 0x00007ffd5cb68000 	C:\WINDOWS\SYSTEM32\ntdll.dll
0x00007ffd5b3d0000 - 0x00007ffd5b48d000 	C:\WINDOWS\System32\KERNEL32.DLL
0x00007ffd5a380000 - 0x00007ffd5a676000 	C:\WINDOWS\System32\KERNELBASE.dll
0x0000000180000000 - 0x0000000180013000 	D:\Xilinx\14.7\ISE_DS\PlanAhead\lib\win64.o\libboost_signals.dll
0x000000005d830000 - 0x000000005d8d3000 	C:\WINDOWS\WinSxS\amd64_microsoft.vc90.crt_1fc8b3b9a1e18e3b_9.0.30729.9625_none_08e1c10da83fbc83\MSVCR90.dll
0x000000000a900000 - 0x000000000a945000 	D:\Xilinx\14.7\ISE_DS\PlanAhead\lib\win64.o\SHSMP64.dll
0x00007ffd5c140000 - 0x00007ffd5c2de000 	C:\WINDOWS\System32\USER32.dll
0x00007ffd5a810000 - 0x00007ffd5a832000 	C:\WINDOWS\System32\win32u.dll
0x00007ffd5a9b0000 - 0x00007ffd5a9db000 	C:\WINDOWS\System32\GDI32.dll
0x00007ffd5a0c0000 - 0x00007ffd5a1d7000 	C:\WINDOWS\System32\gdi32full.dll
0x00007ffd5a2e0000 - 0x00007ffd5a37d000 	C:\WINDOWS\System32\msvcp_win.dll
0x00007ffd5a8b0000 - 0x00007ffd5a9b0000 	C:\WINDOWS\System32\ucrtbase.dll
0x00007ffd5c3e0000 - 0x00007ffd5c493000 	C:\WINDOWS\System32\ADVAPI32.dll
0x00007ffd5bde0000 - 0x00007ffd5be7e000 	C:\WINDOWS\System32\msvcrt.dll
0x00007ffd5c2e0000 - 0x00007ffd5c37f000 	C:\WINDOWS\System32\sechost.dll
0x00007ffd5b1f0000 - 0x00007ffd5b316000 	C:\WINDOWS\System32\RPCRT4.dll
0x00007ffd5a680000 - 0x00007ffd5a6a7000 	C:\WINDOWS\System32\bcrypt.dll
0x00007ffd515a0000 - 0x00007ffd515aa000 	C:\WINDOWS\SYSTEM32\VERSION.dll
0x00000000001d0000 - 0x00000000001e6000 	D:\Xilinx\14.7\ISE_DS\PlanAhead\lib\win64.o\librdi_commonmain.dll
0x0000000000930000 - 0x0000000000a1e000 	D:\Xilinx\14.7\ISE_DS\PlanAhead\lib\win64.o\stlport.5.2.dll
0x0000000000a20000 - 0x00000000012a1000 	D:\Xilinx\14.7\ISE_DS\PlanAhead\lib\win64.o\librdi_common.dll
0x000000005d750000 - 0x000000005d823000 	C:\WINDOWS\WinSxS\amd64_microsoft.vc90.crt_1fc8b3b9a1e18e3b_9.0.30729.9625_none_08e1c10da83fbc83\MSVCP90.dll
0x00007ffd5b1c0000 - 0x00007ffd5b1c8000 	C:\WINDOWS\System32\PSAPI.DLL
0x00007ffd5a9e0000 - 0x00007ffd5b125000 	C:\WINDOWS\System32\SHELL32.dll
0x0000000010000000 - 0x000000001012a000 	D:\Xilinx\14.7\ISE_DS\PlanAhead\lib\win64.o\tcl85t.dll
0x00007ffd5bee0000 - 0x00007ffd5bf4b000 	C:\WINDOWS\System32\WS2_32.dll
0x000000005d030000 - 0x000000005d74f000 	D:\Xilinx\14.7\ISE_DS\PlanAhead\tps\win64\jre\bin\server\jvm.dll
0x00007ffd44a50000 - 0x00007ffd44f26000 	C:\WINDOWS\SYSTEM32\WININET.dll
0x00007ffd4b010000 - 0x00007ffd4b11a000 	C:\WINDOWS\SYSTEM32\WINHTTP.dll
0x00007ffd4c5e0000 - 0x00007ffd4c7cc000 	C:\WINDOWS\SYSTEM32\urlmon.dll
0x00007ffd47c80000 - 0x00007ffd47c89000 	C:\WINDOWS\SYSTEM32\WSOCK32.dll
0x00007ffd47980000 - 0x00007ffd479a7000 	C:\WINDOWS\SYSTEM32\WINMM.dll
0x000000005cf50000 - 0x000000005d022000 	C:\WINDOWS\SYSTEM32\MSVCR100.dll
0x00007ffd515b0000 - 0x00007ffd5186c000 	C:\WINDOWS\SYSTEM32\iertutil.dll
0x00007ffd5ba00000 - 0x00007ffd5bd54000 	C:\WINDOWS\System32\combase.dll
0x00007ffd5b320000 - 0x00007ffd5b3cd000 	C:\WINDOWS\System32\shcore.dll
0x00007ffd4c5b0000 - 0x00007ffd4c5d8000 	C:\WINDOWS\SYSTEM32\srvcli.dll
0x00007ffd594f0000 - 0x00007ffd594fc000 	C:\WINDOWS\SYSTEM32\netutils.dll
0x0000000012000000 - 0x0000000012282000 	D:\Xilinx\14.7\ISE_DS\PlanAhead\lib\win64.o\xerces-c_3_1.dll
0x00000000012b0000 - 0x00000000012d7000 	D:\Xilinx\14.7\ISE_DS\PlanAhead\lib\win64.o\libboost_filesystem.dll
0x00000000012e0000 - 0x00000000015c9000 	D:\Xilinx\14.7\ISE_DS\PlanAhead\lib\win64.o\libCOIN-all.dll
0x00000000015d0000 - 0x00000000015df000 	D:\Xilinx\14.7\ISE_DS\PlanAhead\lib\win64.o\libboost_date_time.dll
0x00000000015f0000 - 0x0000000001661000 	D:\Xilinx\14.7\ISE_DS\PlanAhead\lib\win64.o\libboost_program_options.dll
0x0000000001680000 - 0x0000000001689000 	D:\Xilinx\14.7\ISE_DS\PlanAhead\lib\win64.o\libboost_system.dll
0x0000000001690000 - 0x000000000173f000 	D:\Xilinx\14.7\ISE_DS\PlanAhead\lib\win64.o\libboost_regex.dll
0x0000000001750000 - 0x000000000198a000 	D:\Xilinx\14.7\ISE_DS\PlanAhead\lib\win64.o\libSecurity.dll
0x00000000019b0000 - 0x00000000019c6000 	D:\Xilinx\14.7\ISE_DS\PlanAhead\lib\win64.o\libboost_thread.dll
0x00000000019d0000 - 0x0000000001a53000 	D:\Xilinx\14.7\ISE_DS\PlanAhead\lib\win64.o\libhdlpsolve.dll
0x0000000001a60000 - 0x0000000001aa3000 	D:\Xilinx\14.7\ISE_DS\PlanAhead\lib\win64.o\libcurl.dll
0x00007ffd5c380000 - 0x00007ffd5c3de000 	C:\WINDOWS\System32\WLDAP32.dll
0x0000000001ab0000 - 0x0000000001b67000 	D:\Xilinx\14.7\ISE_DS\PlanAhead\lib\win64.o\libhdxml.dll
0x0000000001b90000 - 0x0000000001bb9000 	D:\Xilinx\14.7\ISE_DS\PlanAhead\lib\win64.o\libisl_sysinfo.dll
0x0000000001bc0000 - 0x0000000001bd6000 	D:\Xilinx\14.7\ISE_DS\PlanAhead\lib\win64.o\librdiconfig.dll
0x00007ffd5b4a0000 - 0x00007ffd5b57a000 	C:\WINDOWS\System32\COMDLG32.dll
0x00007ffd5c5d0000 - 0x00007ffd5c625000 	C:\WINDOWS\System32\SHLWAPI.dll
0x00007ffd5c7b0000 - 0x00007ffd5c87d000 	C:\WINDOWS\System32\OLEAUT32.dll
0x00007ffd5c4a0000 - 0x00007ffd5c5cb000 	C:\WINDOWS\System32\ole32.dll
0x00007ffd5a840000 - 0x00007ffd5a8a7000 	C:\WINDOWS\System32\WINTRUST.dll
0x00007ffd5a6b0000 - 0x00007ffd5a80d000 	C:\WINDOWS\System32\CRYPT32.dll
0x0000000001c00000 - 0x0000000001c12000 	D:\Xilinx\14.7\ISE_DS\PlanAhead\lib\win64.o\pthreadVC.dll
0x0000000001c20000 - 0x0000000001c3e000 	D:\Xilinx\14.7\ISE_DS\PlanAhead\lib\win64.o\librdizlib.dll
0x0000000001c40000 - 0x00000000021830d3 	D:\Xilinx\14.7\ISE_DS\PlanAhead\lib\win64.o\libisl_iostreams.dll
0x00007ffd466a0000 - 0x00007ffd466b9000 	C:\WINDOWS\SYSTEM32\NETAPI32.dll
0x00007ffd36480000 - 0x00007ffd36530000 	C:\WINDOWS\WinSxS\amd64_microsoft.windows.common-controls_6595b64144ccf1df_5.82.19041.3636_none_7931fb75243f97c8\COMCTL32.dll
0x00000000021d0000 - 0x00000000021dc000 	D:\Xilinx\14.7\ISE_DS\PlanAhead\lib\win64.o\libboost_chrono.dll
0x00000000021e0000 - 0x00000000021f9000 	D:\Xilinx\14.7\ISE_DS\PlanAhead\lib\win64.o\libboost_iostreams.dll
0x00007ffd5c100000 - 0x00007ffd5c132000 	C:\WINDOWS\System32\IMM32.DLL
0x00007ffd59b80000 - 0x00007ffd59b92000 	C:\WINDOWS\SYSTEM32\MSASN1.dll
0x0000000005660000 - 0x0000000005953000 	D:\Xilinx\14.7\ISE_DS\PlanAhead\lib\win64.o\librdi_commontasks.dll
0x00007ffd580e0000 - 0x00007ffd5887c000 	C:\WINDOWS\SYSTEM32\windows.storage.dll
0x00007ffd59990000 - 0x00007ffd599be000 	C:\WINDOWS\SYSTEM32\Wldp.dll
0x0000000008d30000 - 0x0000000009370000 	D:\Xilinx\14.7\ISE_DS\PlanAhead\lib\win64.o\librdi_coretasks.dll
0x0000000009370000 - 0x0000000009537000 	D:\Xilinx\14.7\ISE_DS\PlanAhead\lib\win64.o\librdi_chipscope.dll
0x0000000009540000 - 0x000000000a560000 	D:\Xilinx\14.7\ISE_DS\PlanAhead\lib\win64.o\librdi_constraints.dll
0x000000000a950000 - 0x000000000dfa1000 	D:\Xilinx\14.7\ISE_DS\PlanAhead\lib\win64.o\librdi_designutils.dll
0x000000000a560000 - 0x000000000a874000 	D:\Xilinx\14.7\ISE_DS\PlanAhead\lib\win64.o\librdi_drc.dll
0x000000000dfb0000 - 0x000000000f27c000 	D:\Xilinx\14.7\ISE_DS\PlanAhead\lib\win64.o\librdi_coregen.dll
0x000000000f280000 - 0x000000000f50e000 	D:\Xilinx\14.7\ISE_DS\PlanAhead\lib\win64.o\librdi_filemgmt.dll
0x0000000010130000 - 0x0000000010d0a000 	D:\Xilinx\14.7\ISE_DS\PlanAhead\lib\win64.o\librdi_device.dll
0x000000000f510000 - 0x000000000f8e6000 	D:\Xilinx\14.7\ISE_DS\PlanAhead\lib\win64.o\librdi_netlist.dll
0x000000000f8f0000 - 0x000000000fe12000 	D:\Xilinx\14.7\ISE_DS\PlanAhead\lib\win64.o\librdi_power.dll
0x0000000010d10000 - 0x0000000011e33000 	D:\Xilinx\14.7\ISE_DS\PlanAhead\lib\win64.o\librdi_place.dll
0x0000000012290000 - 0x0000000012643000 	D:\Xilinx\14.7\ISE_DS\PlanAhead\lib\win64.o\librdi_project.dll
0x0000000012650000 - 0x0000000012a48000 	D:\Xilinx\14.7\ISE_DS\PlanAhead\lib\win64.o\librdi_runs.dll
0x0000000012a50000 - 0x0000000012fed000 	D:\Xilinx\14.7\ISE_DS\PlanAhead\lib\win64.o\librdi_rsb.dll
0x0000000012ff0000 - 0x0000000013ac8000 	D:\Xilinx\14.7\ISE_DS\PlanAhead\lib\win64.o\librdi_timing.dll
0x000000005cf30000 - 0x000000005cf41000 	C:\WINDOWS\WinSxS\amd64_microsoft.vc90.openmp_1fc8b3b9a1e18e3b_9.0.30729.6161_none_390d35aa0a1f21f9\VCOMP90.DLL
0x000000000fe20000 - 0x000000000fe8e000 	D:\Xilinx\14.7\ISE_DS\PlanAhead\lib\win64.o\liblmx6.0.dll
0x000000000fe90000 - 0x000000000ff0d000 	D:\Xilinx\14.7\ISE_DS\PlanAhead\lib\win64.o\libboost_serialization.dll
0x0000000013ad0000 - 0x0000000014014000 	D:\Xilinx\14.7\ISE_DS\PlanAhead\lib\win64.o\librdi_xdm.dll
0x0000000014020000 - 0x00000000147c0000 	D:\Xilinx\14.7\ISE_DS\PlanAhead\lib\win64.o\libverific.dll
0x000000000a8f0000 - 0x000000000a8f8000 	D:\Xilinx\14.7\ISE_DS\PlanAhead\lib\win64.o\libpsta_dllwrapper.dll
0x00000000147c0000 - 0x00000000149ea000 	D:\Xilinx\14.7\ISE_DS\PlanAhead\lib\win64.o\librdi_labtools.dll
0x00000000149f0000 - 0x0000000014fde000 	D:\Xilinx\14.7\ISE_DS\PlanAhead\lib\win64.o\librdi_route.dll
0x0000000014fe0000 - 0x00000000157af000 	D:\Xilinx\14.7\ISE_DS\PlanAhead\lib\win64.o\librdi_coregenipxact.dll
0x00000000157b0000 - 0x0000000015ceb000 	D:\Xilinx\14.7\ISE_DS\PlanAhead\lib\win64.o\librdi_memdata.dll
0x0000000015cf0000 - 0x000000001741f000 	D:\Xilinx\14.7\ISE_DS\PlanAhead\lib\win64.o\librdi_synth.dll
0x0000000011e40000 - 0x0000000011f68000 	D:\Xilinx\14.7\ISE_DS\PlanAhead\lib\win64.o\librdi_dlyest.dll
0x000000000ff60000 - 0x000000000fff0000 	D:\Xilinx\14.7\ISE_DS\PlanAhead\lib\win64.o\libise.dll
0x0000000017420000 - 0x00000000179fc000 	D:\Xilinx\14.7\ISE_DS\PlanAhead\lib\win64.o\librdi_abc_nomp.dll
0x0000000017a00000 - 0x0000000017e3e000 	D:\Xilinx\14.7\ISE_DS\PlanAhead\lib\win64.o\librdi_ip.dll
0x0000000011f90000 - 0x0000000011faa000 	D:\Xilinx\14.7\ISE_DS\PlanAhead\lib\win64.o\librdi_hmetis.dll
0x0000000017e40000 - 0x0000000017e7d000 	D:\Xilinx\14.7\ISE_DS\PlanAhead\lib\win64.o\librdi_simbridge_kernel.dll
0x0000000017e80000 - 0x00000000182f6000 	D:\Xilinx\14.7\ISE_DS\PlanAhead\lib\win64.o\librdi_wavedata.dll
0x0000000019810000 - 0x000000001b8c8000 	D:\Xilinx\14.7\ISE_DS\PlanAhead\lib\win64.o\librdi_tcltasks.dll
0x000000001b8e0000 - 0x000000001bb54000 	D:\Xilinx\14.7\ISE_DS\PlanAhead\lib\win64.o\librdi_bitstream.dll
0x000000001bb70000 - 0x000000001bc44000 	D:\Xilinx\14.7\ISE_DS\PlanAhead\lib\win64.o\librdi_dsp.dll
0x000000001bc50000 - 0x000000001bcbe000 	D:\Xilinx\14.7\ISE_DS\PlanAhead\lib\win64.o\librdi_edk.dll
0x000000001bcd0000 - 0x000000001bede000 	D:\Xilinx\14.7\ISE_DS\PlanAhead\lib\win64.o\librdi_simdata.dll
0x000000001c100000 - 0x000000001c256000 	D:\Xilinx\14.7\ISE_DS\PlanAhead\lib\win64.o\librdi_planaheadtasks.dll
0x000000001c270000 - 0x000000001d0b8000 	D:\Xilinx\14.7\ISE_DS\PlanAhead\lib\win64.o\librdi_ipservicestasks.dll
0x000000005cf20000 - 0x000000005cf2f000 	D:\Xilinx\14.7\ISE_DS\PlanAhead\tps\win64\jre\bin\verify.dll
0x000000005cef0000 - 0x000000005cf18000 	D:\Xilinx\14.7\ISE_DS\PlanAhead\tps\win64\jre\bin\java.dll
0x000000005ced0000 - 0x000000005cee5000 	D:\Xilinx\14.7\ISE_DS\PlanAhead\tps\win64\jre\bin\zip.dll
0x000000005ceb0000 - 0x000000005cec9000 	D:\Xilinx\14.7\ISE_DS\PlanAhead\tps\win64\jre\bin\net.dll
0x00007ffd596f0000 - 0x00007ffd5975a000 	C:\WINDOWS\system32\mswsock.dll
0x000000005ce90000 - 0x000000005cea1000 	D:\Xilinx\14.7\ISE_DS\PlanAhead\tps\win64\jre\bin\nio.dll
0x000000002a8b0000 - 0x000000002ab96000 	D:\Xilinx\14.7\ISE_DS\PlanAhead\lib\win64.o\librdi_fed.dll
0x000000002abb0000 - 0x000000002ae11000 	D:\Xilinx\14.7\ISE_DS\PlanAhead\lib\win64.o\librdi_guitools.dll
0x000000002af30000 - 0x000000002af37000 	D:\Xilinx\14.7\ISE_DS\PlanAhead\lib\win64.o\librdi_commonx11.dll
0x000000002af50000 - 0x000000002b33e000 	D:\Xilinx\14.7\ISE_DS\PlanAhead\lib\win64.o\librdi_rsbtasks.dll
0x000000002b450000 - 0x000000002b699000 	D:\Xilinx\14.7\ISE_DS\PlanAhead\lib\win64.o\librdi_labtoolstasks.dll
0x000000002b6b0000 - 0x000000002b868000 	D:\Xilinx\14.7\ISE_DS\PlanAhead\lib\win64.o\librdi_simtcltasks.dll
0x000000005ccf0000 - 0x000000005ce83000 	D:\Xilinx\14.7\ISE_DS\PlanAhead\tps\win64\jre\bin\awt.dll
0x00007ffd57750000 - 0x00007ffd577e0000 	C:\WINDOWS\SYSTEM32\apphelp.dll
0x00007ffd52260000 - 0x00007ffd52444000 	C:\WINDOWS\SYSTEM32\dbghelp.dll
0x00007ffd5a030000 - 0x00007ffd5a0b2000 	C:\WINDOWS\System32\bcryptPrimitives.dll

VM Arguments:
jvm_args: -Dsun.java2d.pmoffscreen=false -Xverify:none -Dswing.aatext=true -XX:-UsePerfData -Djdk.map.althashing.threshold=512 -XX:PermSize=128m -XX:MaxPermSize=128m -XX:NewSize=60m -XX:MaxNewSize=60m -XX:+UseConcMarkSweepGC -XX:+UseParNewGC -XX:+CMSParallelRemarkEnabled -XX:+CMSScavengeBeforeRemark -XX:+UseNUMA -XX:+AggressiveOpts -XX:+UseFastAccessorMethods -XX:+UseFastEmptyMethods -XX:+UseBiasedLocking -XX:+TieredCompilation -Xms128m -Xmx2048m -Xss3m 
java_command: <unknown>
Launcher Type: generic

Environment Variables:
JAVA_HOME=C:\Program Files\Java\jre-1.8
PATH=D:/Xilinx/14.7/ISE_DS/PlanAhead/bin;D:/Xilinx/14.7/ISE_DS/PlanAhead/lib/win64.o;D:/Xilinx/14.7/ISE_DS/PlanAhead/tps/win64/jre/bin/server;D:/Xilinx/14.7/ISE_DS/PlanAhead/tps/win64/jre/bin;D:/Xilinx/14.7/ISE_DS/EDK/bin/nt64;D:/Xilinx/14.7/ISE_DS/EDK/lib/nt64;D:/Xilinx/14.7/ISE_DS/ISE/bin/nt64;D:/Xilinx/14.7/ISE_DS/ISE/lib/nt64;D:/Xilinx/14.7/ISE_DS/common/bin/nt64;D:/Xilinx/14.7/ISE_DS/common/lib/nt64;D:\Xilinx\14.7\ISE_DS\ISE\\lib\nt64;D:\Xilinx\14.7\ISE_DS\ISE\\bin\nt64;D:\Xilinx\14.7\ISE_DS\ISE\bin\nt64;D:\Xilinx\14.7\ISE_DS\ISE\lib\nt64;D:\Xilinx\14.7\ISE_DS\ISE\..\..\..\DocNav;D:\Xilinx\14.7\ISE_DS\PlanAhead\bin;D:\Xilinx\14.7\ISE_DS\EDK\bin\nt64;D:\Xilinx\14.7\ISE_DS\EDK\lib\nt64;D:\Xilinx\14.7\ISE_DS\EDK\gnu\microblaze\nt\bin;D:\Xilinx\14.7\ISE_DS\EDK\gnu\powerpc-eabi\nt\bin;D:\Xilinx\14.7\ISE_DS\EDK\gnuwin\bin;D:\Xilinx\14.7\ISE_DS\EDK\gnu\arm\nt\bin;D:\Xilinx\14.7\ISE_DS\EDK\gnu\microblaze\linux_toolchain\nt64_be\bin;D:\Xilinx\14.7\ISE_DS\EDK\gnu\microblaze\linux_toolchain\nt64_le\bin;D:\Xilinx\14.7\ISE_DS\common\bin\nt64;D:\Xilinx\14.7\ISE_DS\common\lib\nt64;C:\WINDOWS\system32;C:\WINDOWS;C:\WINDOWS\System32\Wbem;C:\WINDOWS\System32\WindowsPowerShell\v1.0\;C:\WINDOWS\System32\OpenSSH\;D:\Program Files\MATLAB\R2016a\runtime\win64;D:\Program Files\MATLAB\R2016a\bin;C:\Program Files\dotnet\;D:\Program Files\MATLAB\R2016a\polyspace\bin;C:\Program Files\Microsoft SQL Server\Client SDK\ODBC\170\Tools\Binn\;C:\Program Files\Microsoft SQL Server\150\Tools\Binn\;C:\Users\aalia\AppData\Local\Microsoft\WindowsApps;C:\Gradle\gradle-8.3\bin;C:\Users\aalia\AppData\Local\Programs\Microsoft VS Code\bin;C:\Users\aalia\.dotnet\tools;D:\modeltech64_10.6d\win64;C:\intelFPGA\18.1\modelsim_ase\win32aloem;C:\Users\aalia\Downloads\gcc-13.2.0-no-debug\bin
USERNAME=aalia
OS=Windows_NT
PROCESSOR_IDENTIFIER=Intel64 Family 6 Model 78 Stepping 3, GenuineIntel



---------------  S Y S T E M  ---------------

OS: Windows 8 , 64 bit Build 9200 

CPU:total 4 (2 cores per cpu, 2 threads per core) family 6 model 78 stepping 3, cmov, cx8, fxsr, mmx, sse, sse2, sse3, ssse3, sse4.1, sse4.2, popcnt, avx, avx2, ht, tsc, tscinvbit

Memory: 4k page, physical 8256832k(3360504k free), swap 10798396k(5144624k free)

vm_info: Java HotSpot(TM) 64-Bit Server VM (23.7-b01) for windows-amd64 JRE (1.7.0_17-b02), built on Mar  1 2013 03:38:30 by "java_re" with unknown MS VC++:1600

time: Mon Mar 11 11:43:33 2024
elapsed time: 1 seconds

