--------------------------------------------------------------------------------
Release 14.7 Trace  (nt64)
Copyright (c) 1995-2013 Xilinx, Inc.  All rights reserved.

D:\Xilinx\14.7\ISE_DS\ISE\bin\nt64\unwrapped\trce.exe -intstyle ise -v 3 -s 2
-n 3 -fastpaths -xml task1.twx task1.ncd -o task1.twr task1.pcf -ucf task1.ucf

Design file:              task1.ncd
Physical constraint file: task1.pcf
Device,package,speed:     xc6slx9,csg324,C,-2 (PRODUCTION 1.23 2013-10-13)
Report level:             verbose report

Environment Variable      Effect 
--------------------      ------ 
NONE                      No environment variables were set
--------------------------------------------------------------------------------

INFO:Timing:2698 - No timing constraints found, doing default enumeration.
INFO:Timing:3412 - To improve timing, see the Timing Closure User Guide (UG612).
INFO:Timing:2752 - To get complete path coverage, use the unconstrained paths 
   option. All paths that are not constrained will be reported in the 
   unconstrained paths section(s) of the report.
INFO:Timing:3339 - The clock-to-out numbers in this timing report are based on 
   a 50 Ohm transmission line loading model.  For the details of this model, 
   and for more information on accounting for different loading conditions, 
   please see the device datasheet.



Data Sheet report:
-----------------
All values displayed in nanoseconds (ns)

Pad to Pad
---------------+---------------+---------+
Source Pad     |Destination Pad|  Delay  |
---------------+---------------+---------+
En             |EnOut          |    8.599|
I<0>           |O<0>           |   10.489|
I<0>           |O<1>           |   10.241|
I<0>           |O<2>           |    9.853|
I<0>           |O<3>           |   10.294|
I<0>           |O<4>           |   10.454|
I<0>           |O<5>           |   10.453|
I<0>           |O<6>           |   10.641|
I<1>           |O<0>           |   10.125|
I<1>           |O<1>           |    9.904|
I<1>           |O<2>           |    9.125|
I<1>           |O<3>           |    9.957|
I<1>           |O<4>           |    9.540|
I<1>           |O<5>           |   10.089|
I<1>           |O<6>           |    9.727|
I<2>           |O<0>           |    9.808|
I<2>           |O<1>           |    9.678|
I<2>           |O<2>           |    9.472|
I<2>           |O<3>           |    9.731|
I<2>           |O<4>           |    9.646|
I<2>           |O<5>           |    9.772|
I<2>           |O<6>           |    9.833|
I<3>           |O<0>           |   10.235|
I<3>           |O<1>           |    9.586|
I<3>           |O<2>           |    9.229|
I<3>           |O<3>           |    9.639|
I<3>           |O<4>           |    9.715|
I<3>           |O<5>           |   10.199|
I<3>           |O<6>           |    9.902|
---------------+---------------+---------+


Analysis completed Wed Mar 27 15:47:55 2024 
--------------------------------------------------------------------------------

Trace Settings:
-------------------------
Trace Settings 

Peak Memory Usage: 4571 MB



