BL51 BANKED LINKER/LOCATER V6.22.4.0                                                    05/30/2024  09:49:12  PAGE 1


BL51 BANKED LINKER/LOCATER V6.22.4.0, INVOKED BY:
D:\KEIL_V5\C51\BIN\BL51.EXE .\Objects\task2.obj TO .\Objects\Lab_Task2 PRINT (.\Listings\Lab_Task2.m51)


MEMORY MODEL: SMALL


INPUT MODULES INCLUDED:
  .\Objects\task2.obj (TASK2)
  D:\KEIL_V5\C51\LIB\C51S.LIB (?C_STARTUP)


LINK MAP OF MODULE:  .\Objects\Lab_Task2 (TASK2)


            TYPE    BASE      LENGTH    RELOCATION   SEGMENT NAME
            -----------------------------------------------------

            * * * * * * *   D A T A   M E M O R Y   * * * * * * *
            REG     0000H     0008H     ABSOLUTE     "REG BANK 0"
            DATA    0008H     0002H     UNIT         ?DT?TASK2
            IDATA   000AH     0001H     UNIT         ?STACK

            * * * * * * *   C O D E   M E M O R Y   * * * * * * *
            CODE    0000H     0003H     ABSOLUTE     
                    0003H     07FDH                  *** GAP ***
            CODE    0800H     001FH     UNIT         ?PR?_DELAY?TASK2
            CODE    081FH     000FH     UNIT         ?PR?SERIAL_COMM?TASK2
            CODE    082EH     000DH     UNIT         ?PR?MAIN?TASK2
            CODE    083BH     000CH     UNIT         ?C_C51STARTUP



OVERLAY MAP OF MODULE:   .\Objects\Lab_Task2 (TASK2)


SEGMENT
  +--> CALLED SEGMENT
---------------------
?C_C51STARTUP
  +--> ?PR?MAIN?TASK2

?PR?MAIN?TASK2
  +--> ?PR?SERIAL_COMM?TASK2



SYMBOL TABLE OF MODULE:  .\Objects\Lab_Task2 (TASK2)

  VALUE           TYPE          NAME
  ----------------------------------

  -------         MODULE        TASK2
  C:0000H         SYMBOL        _ICE_DUMMY_
  D:0090H         PUBLIC        P1
  C:0800H         PUBLIC        _delay
  C:081FH         PUBLIC        serial_comm
  B:0098H.0       PUBLIC        RI
BL51 BANKED LINKER/LOCATER V6.22.4.0                                                  05/30/2024  09:49:12  PAGE 2


  C:082EH         PUBLIC        main
  D:0099H         PUBLIC        SBUF
  D:0087H         PUBLIC        PCON
  D:0098H         PUBLIC        SCON
  D:0089H         PUBLIC        TMOD
  D:008DH         PUBLIC        TH1
  B:0088H.6       PUBLIC        TR1
  D:0008H         PUBLIC        i
  -------         PROC          _DELAY
  D:0006H         SYMBOL        n
  C:0800H         LINE#         5
  C:0800H         LINE#         6
  C:0814H         LINE#         7
  C:081EH         LINE#         8
  -------         ENDPROC       _DELAY
  -------         PROC          SERIAL_COMM
  C:081FH         LINE#         10
  C:081FH         LINE#         11
  C:0822H         LINE#         12
  C:0825H         LINE#         13
  C:0828H         LINE#         14
  C:082BH         LINE#         15
  C:082DH         LINE#         16
  -------         ENDPROC       SERIAL_COMM
  -------         PROC          MAIN
  C:082EH         LINE#         18
  C:082EH         LINE#         19
  C:0831H         LINE#         21
  C:0831H         LINE#         22
  C:0834H         LINE#         23
  C:0836H         LINE#         24
  C:0839H         LINE#         25
  -------         ENDPROC       MAIN
  -------         ENDMOD        TASK2

*** WARNING L16: UNCALLED SEGMENT, IGNORED FOR OVERLAY PROCESS
    SEGMENT: ?PR?_DELAY?TASK2

******************************************************************************
* RESTRICTED VERSION WITH 0800H BYTE CODE SIZE LIMIT; USED: 003BH BYTE ( 2%) *
******************************************************************************

Program Size: data=11.0 xdata=0 code=74
LINK/LOCATE RUN COMPLETE.  1 WARNING(S),  0 ERROR(S)
