BL51 BANKED LINKER/LOCATER V6.22.4.0                                                    05/30/2024  09:41:19  PAGE 1


BL51 BANKED LINKER/LOCATER V6.22.4.0, INVOKED BY:
D:\KEIL_V5\C51\BIN\BL51.EXE .\Objects\STARTUP.obj, .\Objects\lab_task.obj TO .\Objects\Lab_Task PRINT (.\Listings\Lab_Ta
>> sk.m51)


MEMORY MODEL: SMALL


INPUT MODULES INCLUDED:
  .\Objects\STARTUP.obj (?C_STARTUP)
  .\Objects\lab_task.obj (LAB_TASK)


LINK MAP OF MODULE:  .\Objects\Lab_Task (?C_STARTUP)


            TYPE    BASE      LENGTH    RELOCATION   SEGMENT NAME
            -----------------------------------------------------

            * * * * * * *   D A T A   M E M O R Y   * * * * * * *
            REG     0000H     0008H     ABSOLUTE     "REG BANK 0"
            DATA    0008H     0004H     UNIT         ?DT?LAB_TASK
            IDATA   000CH     0001H     UNIT         ?STACK

            * * * * * * *   C O D E   M E M O R Y   * * * * * * *
            CODE    0000H     0003H     ABSOLUTE     
                    0003H     07FDH                  *** GAP ***
            CODE    0800H     001FH     UNIT         ?PR?_DELAY?LAB_TASK
            CODE    081FH     0012H     UNIT         ?PR?ADC?LAB_TASK
            CODE    0831H     000CH     UNIT         ?C_C51STARTUP
            CODE    083DH     0005H     UNIT         ?PR?MAIN?LAB_TASK



OVERLAY MAP OF MODULE:   .\Objects\Lab_Task (?C_STARTUP)


SEGMENT
  +--> CALLED SEGMENT
---------------------
?C_C51STARTUP
  +--> ?PR?MAIN?LAB_TASK

?PR?MAIN?LAB_TASK
  +--> ?PR?ADC?LAB_TASK

?PR?ADC?LAB_TASK
  +--> ?PR?_DELAY?LAB_TASK



SYMBOL TABLE OF MODULE:  .\Objects\Lab_Task (?C_STARTUP)

  VALUE           TYPE          NAME
  ----------------------------------

  -------         MODULE        ?C_STARTUP
  C:0831H         SEGMENT       ?C_C51STARTUP
BL51 BANKED LINKER/LOCATER V6.22.4.0                                                  05/30/2024  09:41:19  PAGE 2


  I:000CH         SEGMENT       ?STACK
  C:0000H         PUBLIC        ?C_STARTUP
  D:00E0H         SYMBOL        ACC
  D:00F0H         SYMBOL        B
  D:0083H         SYMBOL        DPH
  D:0082H         SYMBOL        DPL
  N:0000H         SYMBOL        IBPSTACK
  N:0100H         SYMBOL        IBPSTACKTOP
  N:0080H         SYMBOL        IDATALEN
  C:0834H         SYMBOL        IDATALOOP
  N:0000H         SYMBOL        PBPSTACK
  N:0100H         SYMBOL        PBPSTACKTOP
  N:0000H         SYMBOL        PDATALEN
  N:0000H         SYMBOL        PDATASTART
  N:0000H         SYMBOL        PPAGE
  N:0000H         SYMBOL        PPAGEENABLE
  D:00A0H         SYMBOL        PPAGE_SFR
  D:0081H         SYMBOL        SP
  C:0831H         SYMBOL        STARTUP1
  N:0000H         SYMBOL        XBPSTACK
  N:0000H         SYMBOL        XBPSTACKTOP
  N:0000H         SYMBOL        XDATALEN
  N:0000H         SYMBOL        XDATASTART
  C:0000H         LINE#         126
  C:0831H         LINE#         133
  C:0833H         LINE#         134
  C:0834H         LINE#         135
  C:0835H         LINE#         136
  C:0837H         LINE#         185
  C:083AH         LINE#         196
  -------         ENDMOD        ?C_STARTUP

  -------         MODULE        LAB_TASK
  C:0000H         SYMBOL        _ICE_DUMMY_
  D:00B0H         PUBLIC        P3
  C:0800H         PUBLIC        _delay
  C:083DH         PUBLIC        main
  D:0008H         PUBLIC        temp
  B:00B0H.2       PUBLIC        intr
  C:081FH         PUBLIC        ADC
  B:00B0H.4       PUBLIC        rd
  D:000AH         PUBLIC        i
  B:00B0H.5       PUBLIC        wr
  -------         PROC          _DELAY
  D:0006H         SYMBOL        n
  C:0800H         LINE#         8
  C:0800H         LINE#         9
  C:0814H         LINE#         10
  C:081EH         LINE#         11
  -------         ENDPROC       _DELAY
  -------         PROC          ADC
  C:081FH         LINE#         13
  C:081FH         LINE#         14
  C:0821H         LINE#         15
  C:0823H         LINE#         17
  C:0825H         LINE#         19
  C:0828H         LINE#         21
BL51 BANKED LINKER/LOCATER V6.22.4.0                                                  05/30/2024  09:41:19  PAGE 3


  C:082AH         LINE#         23
  -------         ENDPROC       ADC
  -------         PROC          MAIN
  C:083DH         LINE#         27
  C:083DH         LINE#         29
  C:083DH         LINE#         30
  C:0840H         LINE#         31
  -------         ENDPROC       MAIN
  -------         ENDMOD        LAB_TASK

******************************************************************************
* RESTRICTED VERSION WITH 0800H BYTE CODE SIZE LIMIT; USED: 0045H BYTE ( 3%) *
******************************************************************************

Program Size: data=13.0 xdata=0 code=69
LINK/LOCATE RUN COMPLETE.  0 WARNING(S),  0 ERROR(S)
