C51 COMPILER V9.60.7.0   TASK3                                                             04/25/2024 09:19:39 PAGE 1   


C51 COMPILER V9.60.7.0, COMPILATION OF MODULE TASK3
OBJECT MODULE PLACED IN .\Objects\task3.obj
COMPILER INVOKED BY: D:\Keil_v5\C51\BIN\C51.EXE task3.c OPTIMIZE(8,SPEED) BROWSE DEBUG OBJECTEXTEND PRINT(.\Listings\tas
                    -k3.lst) TABS(2) OBJECT(.\Objects\task3.obj)

line level    source

   1          #include<reg51.h>
   2          
   3          sbit btn = P3^4;
   4          int i,j,k,l;
   5          int ten;
   6          int bcd;
   7          
   8          void start_timer0(){
   9   1        TR0 = 1;
  10   1      }
  11          
  12          void timer0() interrupt 1{
  13   1          TH0 = 0x00; //2ms delay
  14   1          TL0 = 0x00;
  15   1      }
  16          
  17          void start_timer(){
  18   1        TMOD = 0x06; // 0000 0110
  19   1      }
  20          
  21          void delay(int limit){
  22   1              for(k = 0; k < limit; k++){
  23   2                  for(l = 0; l < 1000; l++){
  24   3                    
  25   3                  }
  26   2              }
  27   1      }
  28          
  29          void main(void){
  30   1        
  31   1      //      TR0 = 1;   //Part of TCON reg
  32   1        
  33   1      //      start_timer();
  34   1            P1 = 0;
  35   1        
  36   1        // i = 0; j = 0;
  37   1        // i = 0; j = 1;
  38   1        // i = 0; j = 2;
  39   1        // i = 0; j = 3;
  40   1        // i = 0; j = 4;
  41   1        // i = 0; j = 5;
  42   1        // i = 0; j = 6;
  43   1        // i = 0; j = 7;
  44   1        // i = 0; j = 8;
  45   1        // i = 0; j = 9;
  46   1        // i = 1; j = 0;
  47   1        
  48   1        
  49   1      //  int unit;
  50   1      //  int ten;
  51   1        
  52   1            while(1){
  53   2              for(i = 0; i < 10; i++){
  54   3                  for(j = 0; j < 10; j++){
C51 COMPILER V9.60.7.0   TASK3                                                             04/25/2024 09:19:39 PAGE 2   

  55   4                  //    P1 = i*10 + j;
  56   4                  //    i = P1 / 10;
  57   4                  //    j = P1 % 10;
  58   4      
  59   4                      // Convert to BCD
  60   4                      P1 = (i << 4) | j;
  61   4                      delay(100);
  62   4                  }
  63   3              }
  64   2            }
  65   1      }


MODULE INFORMATION:   STATIC OVERLAYABLE
   CODE SIZE        =    136    ----
   CONSTANT SIZE    =   ----    ----
   XDATA SIZE       =   ----    ----
   PDATA SIZE       =   ----    ----
   DATA SIZE        =     12    ----
   IDATA SIZE       =   ----    ----
   BIT SIZE         =   ----    ----
END OF MODULE INFORMATION.


C51 COMPILATION COMPLETE.  0 WARNING(S),  0 ERROR(S)
