BL51 BANKED LINKER/LOCATER V6.22.4.0                                                    04/29/2024  22:13:44  PAGE 1


BL51 BANKED LINKER/LOCATER V6.22.4.0, INVOKED BY:
D:\KEIL_V5\C51\BIN\BL51.EXE .\Objects\task4.obj TO .\Objects\Task2 PRINT (.\Listings\Task2.m51)


MEMORY MODEL: SMALL


INPUT MODULES INCLUDED:
  .\Objects\task4.obj (TASK4)
  D:\KEIL_V5\C51\LIB\C51S.LIB (?C_STARTUP)


LINK MAP OF MODULE:  .\Objects\Task2 (TASK4)


            TYPE    BASE      LENGTH    RELOCATION   SEGMENT NAME
            -----------------------------------------------------

            * * * * * * *   D A T A   M E M O R Y   * * * * * * *
            REG     0000H     0008H     ABSOLUTE     "REG BANK 0"
            DATA    0008H     0008H     UNIT         ?DT?TASK4
            IDATA   0010H     0001H     UNIT         ?STACK

            * * * * * * *   C O D E   M E M O R Y   * * * * * * *
            CODE    0000H     0003H     ABSOLUTE     
                    0003H     07FDH                  *** GAP ***
            CODE    0800H     0043H     UNIT         ?PR?MAIN?TASK4
            CODE    0843H     0034H     UNIT         ?PR?_DELAY?TASK4
            CODE    0877H     000CH     UNIT         ?C_C51STARTUP



OVERLAY MAP OF MODULE:   .\Objects\Task2 (TASK4)


SEGMENT
  +--> CALLED SEGMENT
---------------------
?C_C51STARTUP
  +--> ?PR?MAIN?TASK4

?PR?MAIN?TASK4
  +--> ?PR?_DELAY?TASK4



SYMBOL TABLE OF MODULE:  .\Objects\Task2 (TASK4)

  VALUE           TYPE          NAME
  ----------------------------------

  -------         MODULE        TASK4
  C:0000H         SYMBOL        _ICE_DUMMY_
  D:0090H         PUBLIC        P1
  D:00B0H         PUBLIC        P3
  C:0843H         PUBLIC        _delay
  C:0800H         PUBLIC        main
  D:0008H         PUBLIC        i
BL51 BANKED LINKER/LOCATER V6.22.4.0                                                  04/29/2024  22:13:44  PAGE 2


  D:000AH         PUBLIC        j
  D:000CH         PUBLIC        k
  D:000EH         PUBLIC        l
  -------         PROC          _DELAY
  D:0006H         SYMBOL        limit
  C:0843H         LINE#         6
  C:0843H         LINE#         7
  C:0857H         LINE#         8
  C:086CH         LINE#         9
  C:0876H         LINE#         10
  -------         ENDPROC       _DELAY
  -------         PROC          MAIN
  C:0800H         LINE#         12
  C:0800H         LINE#         14
  C:0800H         LINE#         15
  C:0805H         LINE#         16
  C:080AH         LINE#         19
  C:0814H         LINE#         20
  C:081BH         LINE#         21
  C:082EH         LINE#         22
  -------         ENDPROC       MAIN
  -------         ENDMOD        TASK4

******************************************************************************
* RESTRICTED VERSION WITH 0800H BYTE CODE SIZE LIMIT; USED: 0077H BYTE ( 5%) *
******************************************************************************

Program Size: data=17.0 xdata=0 code=134
LINK/LOCATE RUN COMPLETE.  0 WARNING(S),  0 ERROR(S)
