Running: D:\Xilinx\14.7\ISE_DS\ISE\bin\nt64\unwrapped\fuse.exe -intstyle ise -incremental -lib unisims_ver -lib unimacro_ver -lib xilinxcorelib_ver -lib secureip -o D:/Uni/DSD - Lab/Lab13/xilinx/Task1/testbench_fulladder_isim_beh.exe -prj D:/Uni/DSD - Lab/Lab13/xilinx/Task1/testbench_fulladder_beh.prj work.testbench_fulladder work.glbl 
ISim P.20131013 (signature 0x7708f090)
Number of CPUs detected in this system: 4
Turning on mult-threading, number of parallel sub-compilation jobs: 8 
Determining compilation order of HDL files
Analyzing Verilog file "D:/Uni/DSD - Lab/Lab13/xilinx/Task1/full_adder.v" into library work
Analyzing Verilog file "D:/Uni/DSD - Lab/Lab13/xilinx/Task1/CSA.v" into library work
Analyzing Verilog file "D:/Uni/DSD - Lab/Lab13/xilinx/Task1/testbench.v" into library work
Analyzing Verilog file "D:/Xilinx/14.7/ISE_DS/ISE//verilog/src/glbl.v" into library work
Starting static elaboration
Completed static elaboration
Compiling module full_adder
Compiling module CSA
Compiling module testbench_fulladder
Compiling module glbl
Time Resolution for simulation is 1ps.
Waiting for 1 sub-compilation(s) to finish...
Compiled 4 Verilog Units
Built simulation executable D:/Uni/DSD - Lab/Lab13/xilinx/Task1/testbench_fulladder_isim_beh.exe
Fuse Memory Usage: 27108 KB
Fuse CPU Usage: 483 ms
