#
# A fatal error has been detected by the Java Runtime Environment:
#
#  EXCEPTION_UNCAUGHT_CXX_EXCEPTION (0xe06d7363) at pc=0x00007ffce13fba99, pid=9968, tid=6800
#
# JRE version: 7.0_17-b02
# Java VM: Java HotSpot(TM) 64-Bit Server VM (23.7-b01 mixed mode windows-amd64 compressed oops)
# Problematic frame:
# C  [KERNELBASE.dll+0x2ba99]  RaiseException+0x69
#
# Failed to write core dump. Minidumps are not enabled by default on client versions of Windows
#
# If you would like to submit a bug report, please visit:
#   http://bugreport.sun.com/bugreport/crash.jsp
# The crash happened outside the Java Virtual Machine in native code.
# See problematic frame for where to report the bug.
#

---------------  T H R E A D  ---------------

Current thread (0x000000000782a800):  JavaThread "main" [_thread_in_native, id=6800, stack(0x000000001d8f0000,0x000000001d9f0000)]

siginfo: ExceptionCode=0xe06d7363, ExceptionInformation=0x0000000019930520 0x000000001d9ee348 0x0000000000571910 0x00000000004d0000 

Registers:
RAX=0x000000006bf922ae, RBX=0x000000001d9ed970, RCX=0x0000000000000000, RDX=0x000000001c6e0230
RSP=0x000000001d9ebbc0, RBP=0x000000001d9ec290, RSI=0x000000001d9ee1c0, RDI=0x000000001d9eca30
R8 =0x0000000000000000, R9 =0xfe1456db00000000, R10=0x24ecc179081611ae, R11=0x69a4e03635024081
R12=0x000000001d9ee560, R13=0x000000001d9ed038, R14=0x0000000000000000, R15=0x000000001d9ebd18
RIP=0x00007ffce13fba99, EFLAGS=0x0000000000000206

Top of Stack: (sp=0x000000001d9ebbc0)
0x000000001d9ebbc0:   00000000078ee6d0 000000001d9ed970
0x000000001d9ebbd0:   000000001d9ee1c0 00007ffce142b96b
0x000000001d9ebbe0:   00000001e06d7363 0000000000000000
0x000000001d9ebbf0:   00007ffce13fba99 0000000000000004
0x000000001d9ebc00:   0000000019930520 000000001d9ee348
0x000000001d9ebc10:   0000000000571910 00000000004d0000
0x000000001d9ebc20:   00001fafed9584db 0000000000548110
0x000000001d9ebc30:   000000001d9ed970 000000006c72334a
0x000000001d9ebc40:   0000000000000000 000000000782fd20
0x000000001d9ebc50:   0000000000000000 000000001d9eca30
0x000000001d9ebc60:   000000001d9eca30 000000006c72336b
0x000000001d9ebc70:   000000001d9ed970 000000001d9ee560
0x000000001d9ebc80:   000066b5c66f542c 000000001c6e0230
0x000000001d9ebc90:   000000001d9ed970 000000006c763bb8
0x000000001d9ebca0:   00000000005480e0 000000001d9ed038
0x000000001d9ebcb0:   0000000000000100 0000000000000000 

Instructions: (pc=0x00007ffce13fba99)
0x00007ffce13fba79:   8b d1 44 0f 47 c0 44 89 44 24 38 49 c1 e0 03 e8
0x00007ffce13fba89:   7a bc 08 00 48 8d 4c 24 20 48 ff 15 af 96 1b 00
0x00007ffce13fba99:   0f 1f 44 00 00 48 8b 8c 24 c0 00 00 00 48 33 cc
0x00007ffce13fbaa9:   e8 42 ab 06 00 48 81 c4 d8 00 00 00 c3 cc 83 64 


Register to memory mapping:

RAX=0x000000006bf922ae is an unknown value
RBX=0x000000001d9ed970 is pointing into the stack for thread: 0x000000000782a800
RCX=0x0000000000000000 is an unknown value
RDX=0x000000001c6e0230 is an unknown value
RSP=0x000000001d9ebbc0 is pointing into the stack for thread: 0x000000000782a800
RBP=0x000000001d9ec290 is pointing into the stack for thread: 0x000000000782a800
RSI=0x000000001d9ee1c0 is pointing into the stack for thread: 0x000000000782a800
RDI=0x000000001d9eca30 is pointing into the stack for thread: 0x000000000782a800
R8 =0x0000000000000000 is an unknown value
R9 =0xfe1456db00000000 is an unknown value
R10=0x24ecc179081611ae is an unknown value
R11=0x69a4e03635024081 is an unknown value
R12=0x000000001d9ee560 is pointing into the stack for thread: 0x000000000782a800
R13=0x000000001d9ed038 is pointing into the stack for thread: 0x000000000782a800
R14=0x0000000000000000 is an unknown value
R15=0x000000001d9ebd18 is pointing into the stack for thread: 0x000000000782a800


Stack: [0x000000001d8f0000,0x000000001d9f0000],  sp=0x000000001d9ebbc0,  free space=1006k
Native frames: (J=compiled Java code, j=interpreted, Vv=VM code, C=native code)
C  [KERNELBASE.dll+0x2ba99]  RaiseException+0x69
C  0x000000001d9ec8f0

Java frames: (J=compiled Java code, j=interpreted, Vv=VM code)
j  ui.data.common.parami.ParamMgr_getValueAsBool(JLjava/lang/String;)Z+0
j  ui.data.common.F.jw(Ljava/lang/String;)Z+5
j  ui.data.common.F.aWC()Z+5
j  ui.h.I.aWC()Z+6
j  ui.aL.aGY()Ljava/lang/String;+0
j  ui.PlanAhead.<clinit>()V+316
v  ~StubRoutines::call_stub

---------------  P R O C E S S  ---------------

Java Threads: ( => current thread )
  0x000000001d870800 JavaThread "Service Thread" daemon [_thread_blocked, id=6252, stack(0x000000002a8d0000,0x000000002abd0000)]
  0x0000000024901800 JavaThread "C1 CompilerThread2" daemon [_thread_blocked, id=14000, stack(0x000000002a7d0000,0x000000002a8d0000)]
  0x00000000248f1800 JavaThread "C2 CompilerThread1" daemon [_thread_blocked, id=14928, stack(0x000000002a6d0000,0x000000002a7d0000)]
  0x0000000024871000 JavaThread "C2 CompilerThread0" daemon [_thread_blocked, id=10004, stack(0x000000002a5d0000,0x000000002a6d0000)]
  0x00000000248d1800 JavaThread "Attach Listener" daemon [_thread_blocked, id=1676, stack(0x000000002a1d0000,0x000000002a4d0000)]
  0x0000000029482000 JavaThread "Signal Dispatcher" daemon [_thread_blocked, id=10380, stack(0x0000000029ed0000,0x000000002a1d0000)]
  0x0000000029484000 JavaThread "Surrogate Locker Thread (Concurrent GC)" daemon [_thread_blocked, id=9468, stack(0x0000000029bd0000,0x0000000029ed0000)]
  0x0000000024895800 JavaThread "Finalizer" daemon [_thread_blocked, id=11668, stack(0x00000000298d0000,0x0000000029bd0000)]
  0x0000000024897000 JavaThread "Reference Handler" daemon [_thread_blocked, id=10144, stack(0x00000000295d0000,0x00000000298d0000)]
=>0x000000000782a800 JavaThread "main" [_thread_in_native, id=6800, stack(0x000000001d8f0000,0x000000001d9f0000)]

Other Threads:
  0x0000000024842000 VMThread [stack: 0x00000000294d0000,0x00000000295d0000] [id=10772]
  0x00000000294a7800 WatcherThread [stack: 0x000000002abd0000,0x000000002acd0000] [id=4428]

VM state:not at safepoint (normal execution)

VM Mutex/Monitor currently owned by a thread: None

Heap
 par new generation   total 55296K, used 4044K [0x0000000778000000, 0x000000077bc00000, 0x000000077bc00000)
  eden space 49152K,   8% used [0x0000000778000000, 0x00000007783f3298, 0x000000077b000000)
  from space 6144K,   0% used [0x000000077b000000, 0x000000077b000000, 0x000000077b600000)
  to   space 6144K,   0% used [0x000000077b600000, 0x000000077b600000, 0x000000077bc00000)
 concurrent mark-sweep generation total 69632K, used 0K [0x000000077bc00000, 0x0000000780000000, 0x00000007f8000000)
 concurrent-mark-sweep perm gen total 131072K, used 5139K [0x00000007f8000000, 0x0000000800000000, 0x0000000800000000)

Card table byte_map: [0x0000000023f90000,0x00000000243e0000] byte_map_base: 0x00000000203d0000

Polling page: 0x000000001d9f0000

Code Cache  [0x000000001da10000, 0x000000001dc80000, 0x0000000023a10000)
 total_blobs=394 nmethods=109 adapters=203 free_code_cache=97031Kb largest_free_block=99359488

Compilation events (10 events):
Event: 1.076 Thread 0x0000000024901800  105       3       java.lang.String::lastIndexOf (13 bytes)
Event: 1.077 Thread 0x0000000024901800 nmethod 105 0x000000001db4b450 code [0x000000001db4b5c0, 0x000000001db4b808]
Event: 1.081 Thread 0x0000000024901800  106       3       java.util.HashMap$FrontCache::get (32 bytes)
Event: 1.081 Thread 0x0000000024901800 nmethod 106 0x000000001db4c350 code [0x000000001db4c4e0, 0x000000001db4ca50]
Event: 1.094 Thread 0x0000000024901800  107       3       java.io.BufferedInputStream::getBufIfOpen (21 bytes)
Event: 1.094 Thread 0x0000000024901800 nmethod 107 0x000000001db4cbd0 code [0x000000001db4cd40, 0x000000001db4cfa8]
Event: 1.094 Thread 0x0000000024901800  108  s    3       java.io.BufferedInputStream::read (49 bytes)
Event: 1.094 Thread 0x0000000024901800 nmethod 108 0x000000001db4d050 code [0x000000001db4d1e0, 0x000000001db4d758]
Event: 1.094 Thread 0x0000000024901800  109       3       java.io.DataInputStream::readInt (72 bytes)
Event: 1.095 Thread 0x0000000024901800 nmethod 109 0x000000001db4d910 code [0x000000001db4dae0, 0x000000001db4e0c8]

GC Heap History (0 events):
No events

Deoptimization events (0 events):
No events

Internal exceptions (10 events):
Event: 0.980 Thread 0x000000000782a800 Threw 0x00000007782ce420 at C:\jdk7u2_64p\jdk7u17\hotspot\src\share\vm\prims\jvm.cpp:1166
Event: 0.980 Thread 0x000000000782a800 Threw 0x00000007782d01c8 at C:\jdk7u2_64p\jdk7u17\hotspot\src\share\vm\prims\jvm.cpp:1166
Event: 1.040 Thread 0x000000000782a800 Threw 0x00000007782da3b8 at C:\jdk7u2_64p\jdk7u17\hotspot\src\share\vm\prims\jni.cpp:716
Event: 1.070 Thread 0x000000000782a800 Threw 0x00000007782f3558 at C:\jdk7u2_64p\jdk7u17\hotspot\src\share\vm\prims\jvm.cpp:1166
Event: 1.071 Thread 0x000000000782a800 Threw 0x00000007782fcd68 at C:\jdk7u2_64p\jdk7u17\hotspot\src\share\vm\prims\jvm.cpp:1166
Event: 1.072 Thread 0x000000000782a800 Threw 0x0000000778300b80 at C:\jdk7u2_64p\jdk7u17\hotspot\src\share\vm\prims\jvm.cpp:1166
Event: 1.072 Thread 0x000000000782a800 Threw 0x00000007783041b8 at C:\jdk7u2_64p\jdk7u17\hotspot\src\share\vm\prims\jvm.cpp:1166
Event: 1.074 Thread 0x000000000782a800 Threw 0x0000000778309ee8 at C:\jdk7u2_64p\jdk7u17\hotspot\src\share\vm\prims\jvm.cpp:1166
Event: 1.076 Thread 0x000000000782a800 Threw 0x000000077831ba10 at C:\jdk7u2_64p\jdk7u17\hotspot\src\share\vm\prims\jvm.cpp:1166
Event: 1.103 Thread 0x000000000782a800 Threw 0x000000077833b5a8 at C:\jdk7u2_64p\jdk7u17\hotspot\src\share\vm\prims\jvm.cpp:1166

Events (10 events):
Event: 1.101 loading class 0x0000000029473320
Event: 1.101 loading class 0x0000000029473320 done
Event: 1.101 loading class 0x000000001c6e4ee0
Event: 1.101 loading class 0x000000001c6e4ee0 done
Event: 1.101 loading class 0x000000002bff2ab0
Event: 1.101 loading class 0x000000002bff2ab0 done
Event: 1.102 loading class 0x000000002bff2ba0
Event: 1.102 loading class 0x000000002bff2ba0 done
Event: 1.103 loading class 0x0000000029497ce0
Event: 1.103 loading class 0x0000000029497ce0 done


Dynamic libraries:
0x0000000140000000 - 0x000000014000e000 	D:\Xilinx\14.7\ISE_DS\PlanAhead\bin\unwrapped\win64.o\planAhead.exe
0x00007ffce38b0000 - 0x00007ffce3aa8000 	C:\WINDOWS\SYSTEM32\ntdll.dll
0x00007ffce3130000 - 0x00007ffce31ed000 	C:\WINDOWS\System32\KERNEL32.DLL
0x00007ffce13d0000 - 0x00007ffce16c6000 	C:\WINDOWS\System32\KERNELBASE.dll
0x0000000180000000 - 0x0000000180013000 	D:\Xilinx\14.7\ISE_DS\PlanAhead\lib\win64.o\libboost_signals.dll
0x000000006c720000 - 0x000000006c7c3000 	C:\WINDOWS\WinSxS\amd64_microsoft.vc90.crt_1fc8b3b9a1e18e3b_9.0.30729.9625_none_08e1c10da83fbc83\MSVCR90.dll
0x000000000a900000 - 0x000000000a945000 	D:\Xilinx\14.7\ISE_DS\PlanAhead\lib\win64.o\SHSMP64.dll
0x00007ffce3520000 - 0x00007ffce36bf000 	C:\WINDOWS\System32\USER32.dll
0x00007ffce1120000 - 0x00007ffce1142000 	C:\WINDOWS\System32\win32u.dll
0x00007ffce2a40000 - 0x00007ffce2a6b000 	C:\WINDOWS\System32\GDI32.dll
0x00007ffce1150000 - 0x00007ffce1267000 	C:\WINDOWS\System32\gdi32full.dll
0x00007ffce1080000 - 0x00007ffce111d000 	C:\WINDOWS\System32\msvcp_win.dll
0x00007ffce17e0000 - 0x00007ffce18e0000 	C:\WINDOWS\System32\ucrtbase.dll
0x00007ffce2860000 - 0x00007ffce2910000 	C:\WINDOWS\System32\ADVAPI32.dll
0x00007ffce1e20000 - 0x00007ffce1ebe000 	C:\WINDOWS\System32\msvcrt.dll
0x00007ffce27c0000 - 0x00007ffce2860000 	C:\WINDOWS\System32\sechost.dll
0x00007ffce2910000 - 0x00007ffce2a33000 	C:\WINDOWS\System32\RPCRT4.dll
0x00007ffce1720000 - 0x00007ffce1747000 	C:\WINDOWS\System32\bcrypt.dll
0x00007ffcd6a30000 - 0x00007ffcd6a3a000 	C:\WINDOWS\SYSTEM32\VERSION.dll
0x00000000001d0000 - 0x00000000001e6000 	D:\Xilinx\14.7\ISE_DS\PlanAhead\lib\win64.o\librdi_commonmain.dll
0x00000000009c0000 - 0x0000000001241000 	D:\Xilinx\14.7\ISE_DS\PlanAhead\lib\win64.o\librdi_common.dll
0x00000000004d0000 - 0x00000000005be000 	D:\Xilinx\14.7\ISE_DS\PlanAhead\lib\win64.o\stlport.5.2.dll
0x000000006c640000 - 0x000000006c713000 	C:\WINDOWS\WinSxS\amd64_microsoft.vc90.crt_1fc8b3b9a1e18e3b_9.0.30729.9625_none_08e1c10da83fbc83\MSVCP90.dll
0x00007ffce1cf0000 - 0x00007ffce1cf8000 	C:\WINDOWS\System32\PSAPI.DLL
0x00007ffce2050000 - 0x00007ffce27bb000 	C:\WINDOWS\System32\SHELL32.dll
0x0000000010000000 - 0x000000001012a000 	D:\Xilinx\14.7\ISE_DS\PlanAhead\lib\win64.o\tcl85t.dll
0x00007ffce3000000 - 0x00007ffce306b000 	C:\WINDOWS\System32\WS2_32.dll
0x000000006bf20000 - 0x000000006c63f000 	D:\Xilinx\14.7\ISE_DS\PlanAhead\tps\win64\jre\bin\server\jvm.dll
0x00007ffcc8ff0000 - 0x00007ffcc94c6000 	C:\WINDOWS\SYSTEM32\WININET.dll
0x00007ffcd29e0000 - 0x00007ffcd2aea000 	C:\WINDOWS\SYSTEM32\WINHTTP.dll
0x00007ffcd1670000 - 0x00007ffcd185c000 	C:\WINDOWS\SYSTEM32\urlmon.dll
0x00007ffccddb0000 - 0x00007ffccddb9000 	C:\WINDOWS\SYSTEM32\WSOCK32.dll
0x00007ffcd1480000 - 0x00007ffcd14a7000 	C:\WINDOWS\SYSTEM32\WINMM.dll
0x00007ffccf5f0000 - 0x00007ffccf8ae000 	C:\WINDOWS\SYSTEM32\iertutil.dll
0x00007ffce18e0000 - 0x00007ffce1c33000 	C:\WINDOWS\System32\combase.dll
0x00007ffce3340000 - 0x00007ffce33ed000 	C:\WINDOWS\System32\shcore.dll
0x00007ffccf8e0000 - 0x00007ffccf908000 	C:\WINDOWS\SYSTEM32\srvcli.dll
0x00007ffce0400000 - 0x00007ffce040c000 	C:\WINDOWS\SYSTEM32\netutils.dll
0x000000006be40000 - 0x000000006bf12000 	C:\WINDOWS\SYSTEM32\MSVCR100.dll
0x0000000012000000 - 0x0000000012282000 	D:\Xilinx\14.7\ISE_DS\PlanAhead\lib\win64.o\xerces-c_3_1.dll
0x0000000001280000 - 0x00000000012a7000 	D:\Xilinx\14.7\ISE_DS\PlanAhead\lib\win64.o\libboost_filesystem.dll
0x0000000001360000 - 0x0000000001649000 	D:\Xilinx\14.7\ISE_DS\PlanAhead\lib\win64.o\libCOIN-all.dll
0x00000000012c0000 - 0x00000000012cf000 	D:\Xilinx\14.7\ISE_DS\PlanAhead\lib\win64.o\libboost_date_time.dll
0x00000000016d0000 - 0x000000000177f000 	D:\Xilinx\14.7\ISE_DS\PlanAhead\lib\win64.o\libboost_regex.dll
0x0000000001650000 - 0x00000000016c1000 	D:\Xilinx\14.7\ISE_DS\PlanAhead\lib\win64.o\libboost_program_options.dll
0x00000000012f0000 - 0x00000000012f9000 	D:\Xilinx\14.7\ISE_DS\PlanAhead\lib\win64.o\libboost_system.dll
0x0000000001780000 - 0x00000000019ba000 	D:\Xilinx\14.7\ISE_DS\PlanAhead\lib\win64.o\libSecurity.dll
0x0000000001320000 - 0x0000000001336000 	D:\Xilinx\14.7\ISE_DS\PlanAhead\lib\win64.o\libboost_thread.dll
0x00000000019c0000 - 0x0000000001a03000 	D:\Xilinx\14.7\ISE_DS\PlanAhead\lib\win64.o\libcurl.dll
0x00007ffce3260000 - 0x00007ffce32be000 	C:\WINDOWS\System32\WLDAP32.dll
0x0000000001a10000 - 0x0000000001a93000 	D:\Xilinx\14.7\ISE_DS\PlanAhead\lib\win64.o\libhdlpsolve.dll
0x0000000001ac0000 - 0x0000000001b77000 	D:\Xilinx\14.7\ISE_DS\PlanAhead\lib\win64.o\libhdxml.dll
0x0000000001b90000 - 0x0000000001bb9000 	D:\Xilinx\14.7\ISE_DS\PlanAhead\lib\win64.o\libisl_sysinfo.dll
0x0000000001bc0000 - 0x0000000001bd6000 	D:\Xilinx\14.7\ISE_DS\PlanAhead\lib\win64.o\librdiconfig.dll
0x00007ffce2f20000 - 0x00007ffce2ffa000 	C:\WINDOWS\System32\COMDLG32.dll
0x00007ffce3070000 - 0x00007ffce30c5000 	C:\WINDOWS\System32\SHLWAPI.dll
0x00007ffce1f50000 - 0x00007ffce201d000 	C:\WINDOWS\System32\OLEAUT32.dll
0x00007ffce33f0000 - 0x00007ffce351b000 	C:\WINDOWS\System32\ole32.dll
0x00007ffce1010000 - 0x00007ffce1077000 	C:\WINDOWS\System32\WINTRUST.dll
0x00007ffce1270000 - 0x00007ffce13ce000 	C:\WINDOWS\System32\CRYPT32.dll
0x0000000001bf0000 - 0x0000000001c02000 	D:\Xilinx\14.7\ISE_DS\PlanAhead\lib\win64.o\pthreadVC.dll
0x0000000001c30000 - 0x0000000001c4e000 	D:\Xilinx\14.7\ISE_DS\PlanAhead\lib\win64.o\librdizlib.dll
0x0000000001c50000 - 0x00000000021930d3 	D:\Xilinx\14.7\ISE_DS\PlanAhead\lib\win64.o\libisl_iostreams.dll
0x00007ffccd2a0000 - 0x00007ffccd2b9000 	C:\WINDOWS\SYSTEM32\NETAPI32.dll
0x00007ffcb7450000 - 0x00007ffcb7500000 	C:\WINDOWS\WinSxS\amd64_microsoft.windows.common-controls_6595b64144ccf1df_5.82.19041.4355_none_792ecafd2442822f\COMCTL32.dll
0x00000000021d0000 - 0x00000000021dc000 	D:\Xilinx\14.7\ISE_DS\PlanAhead\lib\win64.o\libboost_chrono.dll
0x00000000021e0000 - 0x00000000021f9000 	D:\Xilinx\14.7\ISE_DS\PlanAhead\lib\win64.o\libboost_iostreams.dll
0x00007ffce2a70000 - 0x00007ffce2aa2000 	C:\WINDOWS\System32\IMM32.DLL
0x00007ffce0aa0000 - 0x00007ffce0ab2000 	C:\WINDOWS\SYSTEM32\MSASN1.dll
0x0000000005540000 - 0x0000000005833000 	D:\Xilinx\14.7\ISE_DS\PlanAhead\lib\win64.o\librdi_commontasks.dll
0x00007ffc88470000 - 0x00007ffc88c80000 	D:\Xilinx\14.7\ISE_DS\PlanAhead\lib\win64.o\libSecurity_FNP.dll
0x00007ffce2ab0000 - 0x00007ffce2f1e000 	C:\WINDOWS\System32\SETUPAPI.dll
0x00007ffce16d0000 - 0x00007ffce171e000 	C:\WINDOWS\System32\cfgmgr32.dll
0x00007ffce02f0000 - 0x00007ffce032b000 	C:\WINDOWS\SYSTEM32\iphlpapi.dll
0x00007ffcbe1f0000 - 0x00007ffcbe1fc000 	C:\WINDOWS\SYSTEM32\snmpapi.dll
0x00007ffcd1cd0000 - 0x00007ffcd1d75000 	C:\WINDOWS\SYSTEM32\WINSPOOL.DRV
0x00007ffcb8880000 - 0x00007ffcb88e6000 	C:\WINDOWS\SYSTEM32\OLEACC.dll
0x00007ffce0800000 - 0x00007ffce0818000 	C:\WINDOWS\SYSTEM32\CRYPTSP.dll
0x00007ffcdff30000 - 0x00007ffcdff64000 	C:\WINDOWS\system32\rsaenh.dll
0x00007ffce0820000 - 0x00007ffce082c000 	C:\WINDOWS\SYSTEM32\CRYPTBASE.dll
0x00007ffce1750000 - 0x00007ffce17d2000 	C:\WINDOWS\System32\bcryptPrimitives.dll
0x00007ffce0c70000 - 0x00007ffce0ca3000 	C:\WINDOWS\SYSTEM32\DEVOBJ.dll
0x00007ffcdf770000 - 0x00007ffcdf782000 	C:\WINDOWS\SYSTEM32\kernel.appcore.dll
0x00007ffcde560000 - 0x00007ffcde5fe000 	C:\WINDOWS\system32\uxtheme.dll
0x00007ffcd07d0000 - 0x00007ffcd07e7000 	C:\WINDOWS\system32\napinsp.dll
0x00007ffcd05c0000 - 0x00007ffcd05db000 	C:\WINDOWS\system32\pnrpnsp.dll
0x00007ffcdc210000 - 0x00007ffcdc22d000 	C:\WINDOWS\system32\NLAapi.dll
0x00007ffce0610000 - 0x00007ffce067a000 	C:\WINDOWS\System32\mswsock.dll
0x00007ffce0330000 - 0x00007ffce03fb000 	C:\WINDOWS\SYSTEM32\DNSAPI.dll
0x00007ffce2020000 - 0x00007ffce2028000 	C:\WINDOWS\System32\NSI.dll
0x00007ffce1c40000 - 0x00007ffce1ce9000 	C:\WINDOWS\System32\clbcatq.dll
0x00007ffccf580000 - 0x00007ffccf592000 	C:\WINDOWS\System32\winrnr.dll
0x00007ffcc25d0000 - 0x00007ffcc25e5000 	C:\WINDOWS\system32\wshbth.dll
0x00007ffcd18a0000 - 0x00007ffcd1920000 	C:\WINDOWS\System32\fwpuclnt.dll
0x00007ffcd1410000 - 0x00007ffcd141a000 	C:\Windows\System32\rasadhlp.dll
0x00007ffcb5100000 - 0x00007ffcb511f000 	C:\WINDOWS\SYSTEM32\amsi.dll
0x00007ffce0e40000 - 0x00007ffce0e6e000 	C:\WINDOWS\SYSTEM32\USERENV.dll
0x00007ffce0e90000 - 0x00007ffce0eb4000 	C:\WINDOWS\SYSTEM32\profapi.dll
0x00007ffcb4fa0000 - 0x00007ffcb5021000 	C:\ProgramData\Microsoft\Windows Defender\Platform\4.18.24040.4-0\MpOav.dll
0x00007ffce0050000 - 0x00007ffce0083000 	C:\WINDOWS\SYSTEM32\ntmarta.dll
0x00007ffcdec10000 - 0x00007ffcdf3ad000 	C:\WINDOWS\SYSTEM32\windows.storage.dll
0x00007ffce08b0000 - 0x00007ffce08de000 	C:\WINDOWS\SYSTEM32\Wldp.dll
0x0000000009410000 - 0x0000000009a50000 	D:\Xilinx\14.7\ISE_DS\PlanAhead\lib\win64.o\librdi_coretasks.dll
0x0000000009a50000 - 0x0000000009c17000 	D:\Xilinx\14.7\ISE_DS\PlanAhead\lib\win64.o\librdi_chipscope.dll
0x000000000a950000 - 0x000000000b970000 	D:\Xilinx\14.7\ISE_DS\PlanAhead\lib\win64.o\librdi_constraints.dll
0x000000000b970000 - 0x000000000efc1000 	D:\Xilinx\14.7\ISE_DS\PlanAhead\lib\win64.o\librdi_designutils.dll
0x0000000009c20000 - 0x0000000009f34000 	D:\Xilinx\14.7\ISE_DS\PlanAhead\lib\win64.o\librdi_drc.dll
0x0000000010130000 - 0x00000000113fc000 	D:\Xilinx\14.7\ISE_DS\PlanAhead\lib\win64.o\librdi_coregen.dll
0x0000000009f40000 - 0x000000000a1ce000 	D:\Xilinx\14.7\ISE_DS\PlanAhead\lib\win64.o\librdi_filemgmt.dll
0x000000000a1d0000 - 0x000000000a5a6000 	D:\Xilinx\14.7\ISE_DS\PlanAhead\lib\win64.o\librdi_netlist.dll
0x000000000efd0000 - 0x000000000fbaa000 	D:\Xilinx\14.7\ISE_DS\PlanAhead\lib\win64.o\librdi_device.dll
0x0000000011400000 - 0x0000000011922000 	D:\Xilinx\14.7\ISE_DS\PlanAhead\lib\win64.o\librdi_power.dll
0x0000000012290000 - 0x00000000133b3000 	D:\Xilinx\14.7\ISE_DS\PlanAhead\lib\win64.o\librdi_place.dll
0x000000000fbb0000 - 0x000000000ff63000 	D:\Xilinx\14.7\ISE_DS\PlanAhead\lib\win64.o\librdi_project.dll
0x0000000011930000 - 0x0000000011d28000 	D:\Xilinx\14.7\ISE_DS\PlanAhead\lib\win64.o\librdi_runs.dll
0x00000000133c0000 - 0x000000001395d000 	D:\Xilinx\14.7\ISE_DS\PlanAhead\lib\win64.o\librdi_rsb.dll
0x0000000013960000 - 0x0000000014438000 	D:\Xilinx\14.7\ISE_DS\PlanAhead\lib\win64.o\librdi_timing.dll
0x000000006be20000 - 0x000000006be31000 	C:\WINDOWS\WinSxS\amd64_microsoft.vc90.openmp_1fc8b3b9a1e18e3b_9.0.30729.7523_none_390908480a22ee4a\VCOMP90.DLL
0x000000000a630000 - 0x000000000a69e000 	D:\Xilinx\14.7\ISE_DS\PlanAhead\lib\win64.o\liblmx6.0.dll
0x000000000a6b0000 - 0x000000000a72d000 	D:\Xilinx\14.7\ISE_DS\PlanAhead\lib\win64.o\libboost_serialization.dll
0x0000000014440000 - 0x0000000014984000 	D:\Xilinx\14.7\ISE_DS\PlanAhead\lib\win64.o\librdi_xdm.dll
0x0000000014990000 - 0x0000000015130000 	D:\Xilinx\14.7\ISE_DS\PlanAhead\lib\win64.o\libverific.dll
0x0000000015130000 - 0x00000000158ff000 	D:\Xilinx\14.7\ISE_DS\PlanAhead\lib\win64.o\librdi_coregenipxact.dll
0x000000000a760000 - 0x000000000a768000 	D:\Xilinx\14.7\ISE_DS\PlanAhead\lib\win64.o\libpsta_dllwrapper.dll
0x0000000011d30000 - 0x0000000011f5a000 	D:\Xilinx\14.7\ISE_DS\PlanAhead\lib\win64.o\librdi_labtools.dll
0x0000000015900000 - 0x0000000015eee000 	D:\Xilinx\14.7\ISE_DS\PlanAhead\lib\win64.o\librdi_route.dll
0x0000000015ef0000 - 0x000000001642b000 	D:\Xilinx\14.7\ISE_DS\PlanAhead\lib\win64.o\librdi_memdata.dll
0x0000000016430000 - 0x0000000017b5f000 	D:\Xilinx\14.7\ISE_DS\PlanAhead\lib\win64.o\librdi_synth.dll

VM Arguments:
jvm_args: -Dsun.java2d.pmoffscreen=false -Xverify:none -Dswing.aatext=true -XX:-UsePerfData -Djdk.map.althashing.threshold=512 -XX:PermSize=128m -XX:MaxPermSize=128m -XX:NewSize=60m -XX:MaxNewSize=60m -XX:+UseConcMarkSweepGC -XX:+UseParNewGC -XX:+CMSParallelRemarkEnabled -XX:+CMSScavengeBeforeRemark -XX:+UseNUMA -XX:+AggressiveOpts -XX:+UseFastAccessorMethods -XX:+UseFastEmptyMethods -XX:+UseBiasedLocking -XX:+TieredCompilation -Xms128m -Xmx2048m -Xss3m 
java_command: <unknown>
Launcher Type: generic

Environment Variables:
USERNAME=aalia
OS=Windows_NT
PROCESSOR_IDENTIFIER=Intel64 Family 6 Model 78 Stepping 3, GenuineIntel



---------------  S Y S T E M  ---------------

OS: Windows 8 , 64 bit Build 9200 

CPU:total 4 (2 cores per cpu, 2 threads per core) family 6 model 78 stepping 3, cmov, cx8, fxsr, mmx, sse, sse2, sse3, ssse3, sse4.1, sse4.2, popcnt, avx, avx2, ht, tsc, tscinvbit

Memory: 4k page, physical 8256832k(3246988k free), swap 11795776k(5923136k free)

vm_info: Java HotSpot(TM) 64-Bit Server VM (23.7-b01) for windows-amd64 JRE (1.7.0_17-b02), built on Mar  1 2013 03:38:30 by "java_re" with unknown MS VC++:1600

time: Tue May 28 20:20:40 2024
elapsed time: 1 seconds

