
Command Line : 
-------------
map D:\Uni\DSD\Xilinx_Projects\Homework3_P1\Part1\smartxplorer_results\run3\adder.ngd -ol high -global_opt speed -pr b -w -p xc6slx9-csg324-2 -o adder_map.ncd D:\Uni\DSD\Xilinx_Projects\Homework3_P1\Part1\smartxplorer_results\run3\adder.pcf

Release 14.7 - Map P.20131013 (nt64)
Copyright (c) 1995-2013 Xilinx, Inc.  All rights reserved.
Using target part "6slx9csg324-2".
Running global optimization...
Mapping design into LUTs...
Writing file adder_map.ngm...
Running directed packing...
Running delay-based LUT packing...
Updating timing models...
INFO:Map:215 - The Interim Design Summary has been generated in the MAP Report
   (.mrp).
Running timing-driven placement...
Total REAL time at the beginning of Placer: 16 secs 
Total CPU  time at the beginning of Placer: 14 secs 

Phase 1.1  Initial Placement Analysis
Phase 1.1  Initial Placement Analysis (Checksum:1a) REAL time: 16 secs 

Phase 2.7  Design Feasibility Check
Phase 2.7  Design Feasibility Check (Checksum:1a) REAL time: 16 secs 

Phase 3.31  Local Placement Optimization
Phase 3.31  Local Placement Optimization (Checksum:1a) REAL time: 16 secs 

Phase 4.2  Initial Placement for Architecture Specific Features
.......
Phase 4.2  Initial Placement for Architecture Specific Features (Checksum:1a) REAL time: 17 secs 

Phase 5.36  Local Placement Optimization
Phase 5.36  Local Placement Optimization (Checksum:1a) REAL time: 17 secs 

Phase 6.30  Global Clock Region Assignment
Phase 6.30  Global Clock Region Assignment (Checksum:1a) REAL time: 17 secs 

Phase 7.3  Local Placement Optimization
.......
Phase 7.3  Local Placement Optimization (Checksum:7918b0e2) REAL time: 17 secs 

Phase 8.5  Local Placement Optimization
Phase 8.5  Local Placement Optimization (Checksum:7918b0e2) REAL time: 17 secs 

Phase 9.8  Global Placement
....
....
Phase 9.8  Global Placement (Checksum:7eb334e1) REAL time: 17 secs 

Phase 10.5  Local Placement Optimization
Phase 10.5  Local Placement Optimization (Checksum:7eb334e1) REAL time: 17 secs 

Phase 11.18  Placement Optimization
Phase 11.18  Placement Optimization (Checksum:7fe61e31) REAL time: 17 secs 

Phase 12.5  Local Placement Optimization
Phase 12.5  Local Placement Optimization (Checksum:7fe61e31) REAL time: 17 secs 

Phase 13.34  Placement Validation
Phase 13.34  Placement Validation (Checksum:7fe61e31) REAL time: 17 secs 

Total REAL time to Placer completion: 17 secs 
Total CPU  time to Placer completion: 16 secs 
Running post-placement packing...
Writing output files...

Design Summary:
Number of errors:      0
Number of warnings:    0
Slice Logic Utilization:
  Number of Slice Registers:                     0 out of  11,440    0%
  Number of Slice LUTs:                          1 out of   5,720    1%
    Number used as logic:                        1 out of   5,720    1%
      Number using O6 output only:               0
      Number using O5 output only:               0
      Number using O5 and O6:                    1
      Number used as ROM:                        0
    Number used as Memory:                       0 out of   1,440    0%

Slice Logic Distribution:
  Number of occupied Slices:                     1 out of   1,430    1%
  Number of MUXCYs used:                         0 out of   2,860    0%
  Number of LUT Flip Flop pairs used:            1
    Number with an unused Flip Flop:             1 out of       1  100%
    Number with an unused LUT:                   0 out of       1    0%
    Number of fully used LUT-FF pairs:           0 out of       1    0%
    Number of slice register sites lost
      to control set restrictions:               0 out of  11,440    0%

  A LUT Flip Flop pair for this architecture represents one LUT paired with
  one Flip Flop within a slice.  A control set is a unique combination of
  clock, reset, set, and enable signals for a registered element.
  The Slice Logic Distribution report is not meaningful if the design is
  over-mapped for a non-slice resource or if Placement fails.

IO Utilization:
  Number of bonded IOBs:                         5 out of     200    2%

Specific Feature Utilization:
  Number of RAMB16BWERs:                         0 out of      32    0%
  Number of RAMB8BWERs:                          0 out of      64    0%
  Number of BUFIO2/BUFIO2_2CLKs:                 0 out of      32    0%
  Number of BUFIO2FB/BUFIO2FB_2CLKs:             0 out of      32    0%
  Number of BUFG/BUFGMUXs:                       0 out of      16    0%
  Number of DCM/DCM_CLKGENs:                     0 out of       4    0%
  Number of ILOGIC2/ISERDES2s:                   0 out of     200    0%
  Number of IODELAY2/IODRP2/IODRP2_MCBs:         0 out of     200    0%
  Number of OLOGIC2/OSERDES2s:                   0 out of     200    0%
  Number of BSCANs:                              0 out of       4    0%
  Number of BUFHs:                               0 out of     128    0%
  Number of BUFPLLs:                             0 out of       8    0%
  Number of BUFPLL_MCBs:                         0 out of       4    0%
  Number of DSP48A1s:                            0 out of      16    0%
  Number of ICAPs:                               0 out of       1    0%
  Number of MCBs:                                0 out of       2    0%
  Number of PCILOGICSEs:                         0 out of       2    0%
  Number of PLL_ADVs:                            0 out of       2    0%
  Number of PMVs:                                0 out of       1    0%
  Number of STARTUPs:                            0 out of       1    0%
  Number of SUSPEND_SYNCs:                       0 out of       1    0%

Average Fanout of Non-Clock Nets:                1.00

Peak Memory Usage:  4512 MB
Total REAL time to MAP completion:  17 secs 
Total CPU time to MAP completion:   16 secs 

Mapping completed.
See MAP report file "adder_map.mrp" for details.

Command Line : 
-------------
par D:\Uni\DSD\Xilinx_Projects\Homework3_P1\Part1\smartxplorer_results\run3\adder.ngd -ol high -xe n -w adder.ncd D:\Uni\DSD\Xilinx_Projects\Homework3_P1\Part1\smartxplorer_results\run3\adder.pcf

Release 14.7 - par P.20131013 (nt64)
Copyright (c) 1995-2013 Xilinx, Inc.  All rights reserved.



Constraints file: D:\Uni\DSD\Xilinx_Projects\Homework3_P1\Part1\smartxplorer_results\run3\adder.pcf.
Loading device for application Rf_Device from file '6slx9.nph' in environment D:\Xilinx\14.7\ISE_DS\ISE\.
   "adder" is an NCD, version 3.2, device xc6slx9, package csg324, speed -2

Initializing temperature to 85.000 Celsius. (default - Range: 0.000 to 85.000 Celsius)
Initializing voltage to 1.140 Volts. (default - Range: 1.140 to 1.260 Volts)

INFO:Par:282 - No user timing constraints were detected or you have set the option to ignore timing constraints ("par
   -x"). Place and Route will run in "Performance Evaluation Mode" to automatically improve the performance of all
   internal clocks in this design. Because there are not defined timing requirements, a timing score will not be
   reported in the PAR report in this mode. The PAR timing summary will list the performance achieved for each clock.
   Note: For the fastest runtime, set the effort level to "std".  For best performance, set the effort level to "high".

Device speed data version:  "PRODUCTION 1.23 2013-10-13".


WARNING:Par:251 - Map -timing was run with a lower effort level setting than you are using for PAR.  Xilinx recommends that you rerun Map
   -timing with the effort level that you have set in PAR to achieve better design performance.


Device Utilization Summary:

Slice Logic Utilization:
  Number of Slice Registers:                     0 out of  11,440    0%
  Number of Slice LUTs:                          1 out of   5,720    1%
    Number used as logic:                        1 out of   5,720    1%
      Number using O6 output only:               0
      Number using O5 output only:               0
      Number using O5 and O6:                    1
      Number used as ROM:                        0
    Number used as Memory:                       0 out of   1,440    0%

Slice Logic Distribution:
  Number of occupied Slices:                     1 out of   1,430    1%
  Number of MUXCYs used:                         0 out of   2,860    0%
  Number of LUT Flip Flop pairs used:            1
    Number with an unused Flip Flop:             1 out of       1  100%
    Number with an unused LUT:                   0 out of       1    0%
    Number of fully used LUT-FF pairs:           0 out of       1    0%
    Number of slice register sites lost
      to control set restrictions:               0 out of  11,440    0%

  A LUT Flip Flop pair for this architecture represents one LUT paired with
  one Flip Flop within a slice.  A control set is a unique combination of
  clock, reset, set, and enable signals for a registered element.
  The Slice Logic Distribution report is not meaningful if the design is
  over-mapped for a non-slice resource or if Placement fails.

IO Utilization:
  Number of bonded IOBs:                         5 out of     200    2%

Specific Feature Utilization:
  Number of RAMB16BWERs:                         0 out of      32    0%
  Number of RAMB8BWERs:                          0 out of      64    0%
  Number of BUFIO2/BUFIO2_2CLKs:                 0 out of      32    0%
  Number of BUFIO2FB/BUFIO2FB_2CLKs:             0 out of      32    0%
  Number of BUFG/BUFGMUXs:                       0 out of      16    0%
  Number of DCM/DCM_CLKGENs:                     0 out of       4    0%
  Number of ILOGIC2/ISERDES2s:                   0 out of     200    0%
  Number of IODELAY2/IODRP2/IODRP2_MCBs:         0 out of     200    0%
  Number of OLOGIC2/OSERDES2s:                   0 out of     200    0%
  Number of BSCANs:                              0 out of       4    0%
  Number of BUFHs:                               0 out of     128    0%
  Number of BUFPLLs:                             0 out of       8    0%
  Number of BUFPLL_MCBs:                         0 out of       4    0%
  Number of DSP48A1s:                            0 out of      16    0%
  Number of ICAPs:                               0 out of       1    0%
  Number of MCBs:                                0 out of       2    0%
  Number of PCILOGICSEs:                         0 out of       2    0%
  Number of PLL_ADVs:                            0 out of       2    0%
  Number of PMVs:                                0 out of       1    0%
  Number of STARTUPs:                            0 out of       1    0%
  Number of SUSPEND_SYNCs:                       0 out of       1    0%


Overall effort level (-ol):   High 
Router effort level (-rl):    High 

Starting initial Timing Analysis.  REAL time: 5 secs 
Finished initial Timing Analysis.  REAL time: 5 secs 

Starting Router


Phase  1  : 6 unrouted;      REAL time: 5 secs 

Phase  2  : 6 unrouted;      REAL time: 5 secs 

Phase  3  : 0 unrouted;      REAL time: 5 secs 

Phase  4  : 0 unrouted; (Par is working to improve performance)     REAL time: 6 secs 

Updating file: adder.ncd with current fully routed design.

Phase  5  : 0 unrouted; (Par is working to improve performance)     REAL time: 6 secs 

Phase  6  : 0 unrouted; (Par is working to improve performance)     REAL time: 6 secs 

Phase  7  : 0 unrouted; (Par is working to improve performance)     REAL time: 6 secs 

Phase  8  : 0 unrouted; (Par is working to improve performance)     REAL time: 6 secs 

Phase  9  : 0 unrouted; (Par is working to improve performance)     REAL time: 6 secs 

Phase 10  : 0 unrouted; (Par is working to improve performance)     REAL time: 6 secs 
Total REAL time to Router completion: 6 secs 
Total CPU time to Router completion: 5 secs 

Partition Implementation Status
-------------------------------

  No Partitions were found in this design.

-------------------------------

Generating "PAR" statistics.
INFO:Par:459 - The Clock Report is not displayed in the non timing-driven mode.
Timing Score: 0 (Setup: 0, Hold: 0)



Generating Pad Report.

All signals are completely routed.

Total REAL time to PAR completion: 7 secs 
Total CPU time to PAR completion: 6 secs 

Peak Memory Usage:  4455 MB

Placer: Placement generated during map.
Routing: Completed - No errors found.

Number of error messages: 0
Number of warning messages: 1
Number of info messages: 2

Writing design to file adder.ncd



PAR done!

Command Line : 
-------------
trce D:\Uni\DSD\Xilinx_Projects\Homework3_P1\Part1\smartxplorer_results\run3\adder.ngd D:\Uni\DSD\Xilinx_Projects\Homework3_P1\Part1\smartxplorer_results\run3\adder.pcf -xml D:\Uni\DSD\Xilinx_Projects\Homework3_P1\Part1\smartxplorer_results\run3\adder.twx -v 3 -s 2 -n 3 -fastpaths -o D:\Uni\DSD\Xilinx_Projects\Homework3_P1\Part1\smartxplorer_results\run3\adder.twr

Release 14.7 - Trace  (nt64)
Copyright (c) 1995-2013 Xilinx, Inc.  All rights reserved.


Loading device for application Rf_Device from file '6slx9.nph' in environment
D:\Xilinx\14.7\ISE_DS\ISE\.
   "adder" is an NCD, version 3.2, device xc6slx9, package csg324, speed -2
INFO:Timing:2698 - No timing constraints found, doing default enumeration.
--------------------------------------------------------------------------------
Release 14.7 Trace  (nt64)
Copyright (c) 1995-2013 Xilinx, Inc.  All rights reserved.

D:\Xilinx\14.7\ISE_DS\ISE\bin\nt64\unwrapped\trce.exe
D:\Uni\DSD\Xilinx_Projects\Homework3_P1\Part1\smartxplorer_results\run3\adder.nc
d
D:\Uni\DSD\Xilinx_Projects\Homework3_P1\Part1\smartxplorer_results\run3\adder.pc
f
-xml
D:\Uni\DSD\Xilinx_Projects\Homework3_P1\Part1\smartxplorer_results\run3\adder.tw
x
-v 3 -s 2 -n 3 -fastpaths -o
D:\Uni\DSD\Xilinx_Projects\Homework3_P1\Part1\smartxplorer_results\run3\adder.tw
r


Design file:              adder.ncd
Physical constraint file: adder.pcf
Device,speed:             xc6slx9,-2 (PRODUCTION 1.23 2013-10-13)
Report level:             verbose report
--------------------------------------------------------------------------------

INFO:Timing:3412 - To improve timing, see the Timing Closure User Guide (UG612).
INFO:Timing:2752 - To get complete path coverage, use the unconstrained paths option. All paths that are not constrained will be reported in
   the unconstrained paths section(s) of the report.
INFO:Timing:3339 - The clock-to-out numbers in this timing report are based on a 50 Ohm transmission line loading model.  For the details of
   this model, and for more information on accounting for different loading conditions, please see the device datasheet.

Analysis completed Wed Mar 20 17:47:34 2024
--------------------------------------------------------------------------------

Generating Report ...

Number of warnings: 0
Number of info messages: 4
Total time: 3 secs 
