BL51 BANKED LINKER/LOCATER V6.22.4.0                                                    04/27/2024  00:15:12  PAGE 1


BL51 BANKED LINKER/LOCATER V6.22.4.0, INVOKED BY:
D:\KEIL_V5\C51\BIN\BL51.EXE .\Objects\STARTUP.obj, .\Objects\lab_task.obj TO .\Objects\Lab_Task PRINT (.\Listings\Lab_Ta
>> sk.m51)


MEMORY MODEL: SMALL


INPUT MODULES INCLUDED:
  .\Objects\STARTUP.obj (?C_STARTUP)
  .\Objects\lab_task.obj (LAB_TASK)


LINK MAP OF MODULE:  .\Objects\Lab_Task (?C_STARTUP)


            TYPE    BASE      LENGTH    RELOCATION   SEGMENT NAME
            -----------------------------------------------------

            * * * * * * *   D A T A   M E M O R Y   * * * * * * *
            REG     0000H     0008H     ABSOLUTE     "REG BANK 0"
            DATA    0008H     0004H     UNIT         ?DT?LAB_TASK
            IDATA   000CH     0001H     UNIT         ?STACK

            * * * * * * *   C O D E   M E M O R Y   * * * * * * *
            CODE    0000H     0003H     ABSOLUTE     
                    0003H     07FDH                  *** GAP ***
            CODE    0800H     002BH     UNIT         ?PR?MAIN?LAB_TASK
            CODE    082BH     000CH     UNIT         ?C_C51STARTUP



OVERLAY MAP OF MODULE:   .\Objects\Lab_Task (?C_STARTUP)


SEGMENT
  +--> CALLED SEGMENT
---------------------
?C_C51STARTUP
  +--> ?PR?MAIN?LAB_TASK



SYMBOL TABLE OF MODULE:  .\Objects\Lab_Task (?C_STARTUP)

  VALUE           TYPE          NAME
  ----------------------------------

  -------         MODULE        ?C_STARTUP
  C:082BH         SEGMENT       ?C_C51STARTUP
  I:000CH         SEGMENT       ?STACK
  C:0000H         PUBLIC        ?C_STARTUP
  D:00E0H         SYMBOL        ACC
  D:00F0H         SYMBOL        B
  D:0083H         SYMBOL        DPH
  D:0082H         SYMBOL        DPL
  N:0000H         SYMBOL        IBPSTACK
  N:0100H         SYMBOL        IBPSTACKTOP
BL51 BANKED LINKER/LOCATER V6.22.4.0                                                  04/27/2024  00:15:12  PAGE 2


  N:0080H         SYMBOL        IDATALEN
  C:082EH         SYMBOL        IDATALOOP
  N:0000H         SYMBOL        PBPSTACK
  N:0100H         SYMBOL        PBPSTACKTOP
  N:0000H         SYMBOL        PDATALEN
  N:0000H         SYMBOL        PDATASTART
  N:0000H         SYMBOL        PPAGE
  N:0000H         SYMBOL        PPAGEENABLE
  D:00A0H         SYMBOL        PPAGE_SFR
  D:0081H         SYMBOL        SP
  C:082BH         SYMBOL        STARTUP1
  N:0000H         SYMBOL        XBPSTACK
  N:0000H         SYMBOL        XBPSTACKTOP
  N:0000H         SYMBOL        XDATALEN
  N:0000H         SYMBOL        XDATASTART
  C:0000H         LINE#         126
  C:082BH         LINE#         133
  C:082DH         LINE#         134
  C:082EH         LINE#         135
  C:082FH         LINE#         136
  C:0831H         LINE#         185
  C:0834H         LINE#         196
  -------         ENDMOD        ?C_STARTUP

  -------         MODULE        LAB_TASK
  C:0000H         SYMBOL        _ICE_DUMMY_
  D:0090H         PUBLIC        P1
  D:00B0H         PUBLIC        P3
  C:0800H         PUBLIC        main
  D:0089H         PUBLIC        TMOD
  D:0008H         PUBLIC        unit
  D:000AH         PUBLIC        ten
  D:008CH         PUBLIC        TH0
  D:008AH         PUBLIC        TL0
  B:0088H.4       PUBLIC        TR0
  -------         PROC          MAIN
  C:0800H         LINE#         7
  C:0800H         LINE#         10
  C:0803H         LINE#         11
  C:0806H         LINE#         12
  C:0808H         LINE#         13
  C:080AH         LINE#         15
  C:080AH         LINE#         16
  C:0817H         LINE#         17
  C:0822H         LINE#         19
  C:0829H         LINE#         20
  -------         ENDPROC       MAIN
  -------         ENDMOD        LAB_TASK

******************************************************************************
* RESTRICTED VERSION WITH 0800H BYTE CODE SIZE LIMIT; USED: 003AH BYTE ( 2%) *
******************************************************************************

Program Size: data=13.0 xdata=0 code=58
LINK/LOCATE RUN COMPLETE.  0 WARNING(S),  0 ERROR(S)
