C51 COMPILER V9.60.7.0   TASK1                                                             04/18/2024 08:48:05 PAGE 1   


C51 COMPILER V9.60.7.0, COMPILATION OF MODULE TASK1
OBJECT MODULE PLACED IN .\Objects\task1.obj
COMPILER INVOKED BY: D:\Keil_v5\C51\BIN\C51.EXE task1.c OPTIMIZE(8,SPEED) BROWSE DEBUG OBJECTEXTEND PRINT(.\Listings\tas
                    -k1.lst) TABS(2) OBJECT(.\Objects\task1.obj)

line level    source

   1          #include<reg51.h>
   2          #include<stdio.h>
   3          
   4          sbit pin = P3^0;
   5          sbit myBit = 0;
*** ERROR C143 IN LINE 5 OF task1.c: invalid absolute bit address
   6          
   7          void start_timer0(){
   8   1        TR0 = 1;
   9   1      }
  10          
  11          void timer0() interrupt 1{
  12   1        
  13   1        if(myBit){
*** ERROR C202 IN LINE 13 OF task1.c: 'myBit': undefined identifier
  14   2          TH0 = 0xFC; //800us delay
  15   2          TL0 = 0xDF;
  16   2        }
  17   1        
  18   1        else{
  19   2          TH0 = 0xFB; //1200us delay
  20   2          TL0 = 0x4F;
  21   2        }
  22   1        
  23   1      }
  24          
  25          void start_timer(){
  26   1        TMOD = 0x01;
  27   1        IE = 0x82;
  28   1      }
  29          
  30          void main(void){
  31   1      
  32   1            TR0 = 1;   //Part of TCON reg
  33   1            start_timer();
  34   1            
  35   1            while(1){
  36   2              while(TF0 == 0);
  37   2              pin = ~pin;
  38   2            
  39   2            }
  40   1      }

C51 COMPILATION COMPLETE.  0 WARNING(S),  2 ERROR(S)
