Release 14.7 - xst P.20131013 (nt64)
Copyright (c) 1995-2013 Xilinx, Inc.  All rights reserved.
--> Parameter TMPDIR set to xst/projnav.tmp


Total REAL time to Xst completion: 0.00 secs
Total CPU time to Xst completion: 0.13 secs
 
--> Parameter xsthdpdir set to xst


Total REAL time to Xst completion: 0.00 secs
Total CPU time to Xst completion: 0.13 secs
 
--> Reading design: top.prj

TABLE OF CONTENTS
  1) Synthesis Options Summary
  2) HDL Parsing
  3) HDL Elaboration
  4) HDL Synthesis
       4.1) HDL Synthesis Report
  5) Advanced HDL Synthesis
       5.1) Advanced HDL Synthesis Report
  6) Low Level Synthesis
  7) Partition Report
  8) Design Summary
       8.1) Primitive and Black Box Usage
       8.2) Device utilization summary
       8.3) Partition Resource Summary
       8.4) Timing Report
            8.4.1) Clock Information
            8.4.2) Asynchronous Control Signals Information
            8.4.3) Timing Summary
            8.4.4) Timing Details
            8.4.5) Cross Clock Domains Report


=========================================================================
*                      Synthesis Options Summary                        *
=========================================================================
---- Source Parameters
Input File Name                    : "top.prj"
Ignore Synthesis Constraint File   : NO

---- Target Parameters
Output File Name                   : "top"
Output Format                      : NGC
Target Device                      : xc6slx9-2-csg324

---- Source Options
Top Module Name                    : top
Automatic FSM Extraction           : YES
FSM Encoding Algorithm             : Auto
Safe Implementation                : No
FSM Style                          : LUT
RAM Extraction                     : Yes
RAM Style                          : Auto
ROM Extraction                     : Yes
Shift Register Extraction          : YES
ROM Style                          : Auto
Resource Sharing                   : YES
Asynchronous To Synchronous        : NO
Shift Register Minimum Size        : 2
Use DSP Block                      : Auto
Automatic Register Balancing       : No

---- Target Options
LUT Combining                      : Auto
Reduce Control Sets                : Auto
Add IO Buffers                     : YES
Global Maximum Fanout              : 100000
Add Generic Clock Buffer(BUFG)     : 16
Register Duplication               : YES
Optimize Instantiated Primitives   : NO
Use Clock Enable                   : Auto
Use Synchronous Set                : Auto
Use Synchronous Reset              : Auto
Pack IO Registers into IOBs        : Auto
Equivalent register Removal        : YES

---- General Options
Optimization Goal                  : Speed
Optimization Effort                : 1
Power Reduction                    : NO
Keep Hierarchy                     : No
Netlist Hierarchy                  : As_Optimized
RTL Output                         : Yes
Global Optimization                : AllClockNets
Read Cores                         : YES
Write Timing Constraints           : NO
Cross Clock Analysis               : NO
Hierarchy Separator                : /
Bus Delimiter                      : <>
Case Specifier                     : Maintain
Slice Utilization Ratio            : 100
BRAM Utilization Ratio             : 100
DSP48 Utilization Ratio            : 100
Auto BRAM Packing                  : NO
Slice Utilization Ratio Delta      : 5

=========================================================================


=========================================================================
*                          HDL Parsing                                  *
=========================================================================
Analyzing Verilog file "D:\Uni\DSD - Lab\Lab7\xilinx\Task2(UpCounter)\Task2\clock_divider.v" into library work
Parsing module <clock_divider>.
Analyzing Verilog file "D:\Uni\DSD - Lab\Lab7\xilinx\Task2(UpCounter)\Task2\ud_ctr.v" into library work
Parsing module <up_ctr>.
Analyzing Verilog file "D:\Uni\DSD - Lab\Lab7\xilinx\Task2(UpCounter)\Task2\bcd_decoder.v" into library work
Parsing module <bcd_decoder>.
Analyzing Verilog file "D:\Uni\DSD - Lab\Lab7\xilinx\Task2(UpCounter)\Task2\top.v" into library work
Parsing module <top>.

=========================================================================
*                            HDL Elaboration                            *
=========================================================================

Elaborating module <top>.

Elaborating module <up_ctr>.

Elaborating module <clock_divider>.

Elaborating module <bcd_decoder>.

=========================================================================
*                           HDL Synthesis                               *
=========================================================================

Synthesizing Unit <top>.
    Related source file is "D:\Uni\DSD - Lab\Lab7\xilinx\Task2(UpCounter)\Task2\top.v".
    Summary:
	no macro.
Unit <top> synthesized.

Synthesizing Unit <up_ctr>.
    Related source file is "D:\Uni\DSD - Lab\Lab7\xilinx\Task2(UpCounter)\Task2\ud_ctr.v".
    Found 3-bit register for signal <COUNT>.
    Found 3-bit subtractor for signal <COUNT[2]_GND_2_o_sub_1_OUT> created at line 34.
    Summary:
	inferred   1 Adder/Subtractor(s).
	inferred   3 D-type flip-flop(s).
Unit <up_ctr> synthesized.

Synthesizing Unit <clock_divider>.
    Related source file is "D:\Uni\DSD - Lab\Lab7\xilinx\Task2(UpCounter)\Task2\clock_divider.v".
        divisor = 28'b0101111101011110000100000000
    Found 28-bit register for signal <counter>.
    Found 28-bit adder for signal <counter[27]_GND_3_o_add_1_OUT> created at line 29.
    Found 28-bit comparator greater for signal <n0001> created at line 31
    Found 28-bit comparator greater for signal <clk_out> created at line 35
    Summary:
	inferred   1 Adder/Subtractor(s).
	inferred  28 D-type flip-flop(s).
	inferred   2 Comparator(s).
Unit <clock_divider> synthesized.

Synthesizing Unit <bcd_decoder>.
    Related source file is "D:\Uni\DSD - Lab\Lab7\xilinx\Task2(UpCounter)\Task2\bcd_decoder.v".
    Summary:
	inferred   1 Multiplexer(s).
Unit <bcd_decoder> synthesized.

=========================================================================
HDL Synthesis Report

Macro Statistics
# Adders/Subtractors                                   : 2
 28-bit adder                                          : 1
 3-bit subtractor                                      : 1
# Registers                                            : 2
 28-bit register                                       : 1
 3-bit register                                        : 1
# Comparators                                          : 2
 28-bit comparator greater                             : 2
# Multiplexers                                         : 1
 11-bit 2-to-1 multiplexer                             : 1

=========================================================================

=========================================================================
*                       Advanced HDL Synthesis                          *
=========================================================================


Synthesizing (advanced) Unit <clock_divider>.
The following registers are absorbed into counter <counter>: 1 register on signal <counter>.
Unit <clock_divider> synthesized (advanced).

Synthesizing (advanced) Unit <up_ctr>.
The following registers are absorbed into counter <COUNT>: 1 register on signal <COUNT>.
Unit <up_ctr> synthesized (advanced).

=========================================================================
Advanced HDL Synthesis Report

Macro Statistics
# Counters                                             : 2
 28-bit up counter                                     : 1
 3-bit down counter                                    : 1
# Comparators                                          : 2
 28-bit comparator greater                             : 2
# Multiplexers                                         : 1
 11-bit 2-to-1 multiplexer                             : 1

=========================================================================

=========================================================================
*                         Low Level Synthesis                           *
=========================================================================

Optimizing unit <top> ...

Mapping all equations...
Building and optimizing final netlist ...
Found area constraint ratio of 100 (+ 5) on block top, actual ratio is 1.

Final Macro Processing ...

=========================================================================
Final Register Report

Macro Statistics
# Registers                                            : 31
 Flip-Flops                                            : 31

=========================================================================

=========================================================================
*                           Partition Report                            *
=========================================================================

Partition Implementation Status
-------------------------------

  No Partitions were found in this design.

-------------------------------

=========================================================================
*                            Design Summary                             *
=========================================================================

Top Level Output File Name         : top.ngc

Primitive and Black Box Usage:
------------------------------
# BELS                             : 153
#      GND                         : 1
#      INV                         : 4
#      LUT1                        : 27
#      LUT2                        : 30
#      LUT3                        : 12
#      LUT4                        : 2
#      LUT5                        : 10
#      MUXCY                       : 38
#      VCC                         : 1
#      XORCY                       : 28
# FlipFlops/Latches                : 31
#      FD                          : 28
#      FDC                         : 3
# Clock Buffers                    : 1
#      BUFGP                       : 1
# IO Buffers                       : 12
#      IBUF                        : 1
#      OBUF                        : 11

Device utilization summary:
---------------------------

Selected Device : 6slx9csg324-2 


Slice Logic Utilization: 
 Number of Slice Registers:              31  out of  11440     0%  
 Number of Slice LUTs:                   85  out of   5720     1%  
    Number used as Logic:                85  out of   5720     1%  

Slice Logic Distribution: 
 Number of LUT Flip Flop pairs used:     85
   Number with an unused Flip Flop:      54  out of     85    63%  
   Number with an unused LUT:             0  out of     85     0%  
   Number of fully used LUT-FF pairs:    31  out of     85    36%  
   Number of unique control sets:         2

IO Utilization: 
 Number of IOs:                          13
 Number of bonded IOBs:                  13  out of    200     6%  

Specific Feature Utilization:
 Number of BUFG/BUFGCTRLs:                1  out of     16     6%  

---------------------------
Partition Resource Summary:
---------------------------

  No Partitions were found in this design.

---------------------------


=========================================================================
Timing Report

NOTE: THESE TIMING NUMBERS ARE ONLY A SYNTHESIS ESTIMATE.
      FOR ACCURATE TIMING INFORMATION PLEASE REFER TO THE TRACE REPORT
      GENERATED AFTER PLACE-and-ROUTE.

Clock Information:
------------------
------------------------------------------------------------+------------------------+-------+
Clock Signal                                                | Clock buffer(FF name)  | Load  |
------------------------------------------------------------+------------------------+-------+
ctr/c1/Mcompar_clk_out_cy<4>(ctr/c1/Mcompar_clk_out_cy<4>:O)| NONE(*)(ctr/COUNT_0)   | 3     |
clk                                                         | BUFGP                  | 28    |
------------------------------------------------------------+------------------------+-------+
(*) This 1 clock signal(s) are generated by combinatorial logic,
and XST is not able to identify which are the primary clock signals.
Please use the CLOCK_SIGNAL constraint to specify the clock signal(s) generated by combinatorial logic.
INFO:Xst:2169 - HDL ADVISOR - Some clock signals were not automatically buffered by XST with BUFG/BUFR resources. Please use the buffer_type constraint in order to insert these buffers to the clock signals to help prevent skew problems.

Asynchronous Control Signals Information:
----------------------------------------
No asynchronous control signals found in this design

Timing Summary:
---------------
Speed Grade: -2

   Minimum period: 4.351ns (Maximum Frequency: 229.824MHz)
   Minimum input arrival time before clock: 2.552ns
   Maximum output required time after clock: 5.589ns
   Maximum combinational path delay: No path found

Timing Details:
---------------
All values displayed in nanoseconds (ns)

=========================================================================
Timing constraint: Default period analysis for Clock 'ctr/c1/Mcompar_clk_out_cy<4>'
  Clock period: 2.542ns (frequency: 393.391MHz)
  Total number of paths / destination ports: 6 / 3
-------------------------------------------------------------------------
Delay:               2.542ns (Levels of Logic = 1)
  Source:            ctr/COUNT_0 (FF)
  Destination:       ctr/COUNT_0 (FF)
  Source Clock:      ctr/c1/Mcompar_clk_out_cy<4> falling
  Destination Clock: ctr/c1/Mcompar_clk_out_cy<4> falling

  Data Path: ctr/COUNT_0 to ctr/COUNT_0
                                Gate     Net
    Cell:in->out      fanout   Delay   Delay  Logical Name (Net Name)
    ----------------------------------------  ------------
     FDC:C->Q             10   0.525   1.007  ctr/COUNT_0 (ctr/COUNT_0)
     INV:I->O              1   0.255   0.681  ctr/Mcount_COUNT_xor<0>11_INV_0 (Result<0>1)
     FDC:D                     0.074          ctr/COUNT_0
    ----------------------------------------
    Total                      2.542ns (0.854ns logic, 1.688ns route)
                                       (33.6% logic, 66.4% route)

=========================================================================
Timing constraint: Default period analysis for Clock 'clk'
  Clock period: 4.351ns (frequency: 229.824MHz)
  Total number of paths / destination ports: 1554 / 28
-------------------------------------------------------------------------
Delay:               4.351ns (Levels of Logic = 7)
  Source:            ctr/c1/counter_8 (FF)
  Destination:       ctr/c1/counter_0 (FF)
  Source Clock:      clk rising
  Destination Clock: clk rising

  Data Path: ctr/c1/counter_8 to ctr/c1/counter_0
                                Gate     Net
    Cell:in->out      fanout   Delay   Delay  Logical Name (Net Name)
    ----------------------------------------  ------------
     FD:C->Q               5   0.525   1.271  ctr/c1/counter_8 (ctr/c1/counter_8)
     LUT5:I0->O            1   0.254   0.000  ctr/c1/Mcompar_n0001_lut<1> (ctr/c1/Mcompar_n0001_lut<1>)
     MUXCY:S->O            1   0.215   0.000  ctr/c1/Mcompar_n0001_cy<1> (ctr/c1/Mcompar_n0001_cy<1>)
     MUXCY:CI->O           1   0.023   0.000  ctr/c1/Mcompar_n0001_cy<2> (ctr/c1/Mcompar_n0001_cy<2>)
     MUXCY:CI->O           1   0.023   0.000  ctr/c1/Mcompar_n0001_cy<3> (ctr/c1/Mcompar_n0001_cy<3>)
     MUXCY:CI->O           1   0.023   0.000  ctr/c1/Mcompar_n0001_cy<4> (ctr/c1/Mcompar_n0001_cy<4>)
     MUXCY:CI->O          28   0.235   1.453  ctr/c1/Mcompar_n0001_cy<5> (ctr/c1/Mcompar_n0001_cy<5>)
     LUT2:I1->O            1   0.254   0.000  ctr/c1/counter_0_rstpot (ctr/c1/counter_0_rstpot)
     FD:D                      0.074          ctr/c1/counter_0
    ----------------------------------------
    Total                      4.351ns (1.627ns logic, 2.724ns route)
                                       (37.4% logic, 62.6% route)

=========================================================================
Timing constraint: Default OFFSET IN BEFORE for Clock 'ctr/c1/Mcompar_clk_out_cy<4>'
  Total number of paths / destination ports: 3 / 3
-------------------------------------------------------------------------
Offset:              2.552ns (Levels of Logic = 1)
  Source:            Rst (PAD)
  Destination:       ctr/COUNT_0 (FF)
  Destination Clock: ctr/c1/Mcompar_clk_out_cy<4> falling

  Data Path: Rst to ctr/COUNT_0
                                Gate     Net
    Cell:in->out      fanout   Delay   Delay  Logical Name (Net Name)
    ----------------------------------------  ------------
     IBUF:I->O             3   1.328   0.765  Rst_IBUF (Rst_IBUF)
     FDC:CLR                   0.459          ctr/COUNT_0
    ----------------------------------------
    Total                      2.552ns (1.787ns logic, 0.765ns route)
                                       (70.0% logic, 30.0% route)

=========================================================================
Timing constraint: Default OFFSET OUT AFTER for Clock 'ctr/c1/Mcompar_clk_out_cy<4>'
  Total number of paths / destination ports: 21 / 7
-------------------------------------------------------------------------
Offset:              5.589ns (Levels of Logic = 2)
  Source:            ctr/COUNT_0 (FF)
  Destination:       seg<8> (PAD)
  Source Clock:      ctr/c1/Mcompar_clk_out_cy<4> falling

  Data Path: ctr/COUNT_0 to seg<8>
                                Gate     Net
    Cell:in->out      fanout   Delay   Delay  Logical Name (Net Name)
    ----------------------------------------  ------------
     FDC:C->Q             10   0.525   1.236  ctr/COUNT_0 (ctr/COUNT_0)
     LUT3:I0->O            1   0.235   0.681  my_decoder/_n0029<3>1 (seg_8_OBUF)
     OBUF:I->O                 2.912          seg_8_OBUF (seg<8>)
    ----------------------------------------
    Total                      5.589ns (3.672ns logic, 1.917ns route)
                                       (65.7% logic, 34.3% route)

=========================================================================

Cross Clock Domains Report:
--------------------------

Clock to Setup on destination clock clk
---------------+---------+---------+---------+---------+
               | Src:Rise| Src:Fall| Src:Rise| Src:Fall|
Source Clock   |Dest:Rise|Dest:Rise|Dest:Fall|Dest:Fall|
---------------+---------+---------+---------+---------+
clk            |    4.351|         |         |         |
---------------+---------+---------+---------+---------+

Clock to Setup on destination clock ctr/c1/Mcompar_clk_out_cy<4>
----------------------------+---------+---------+---------+---------+
                            | Src:Rise| Src:Fall| Src:Rise| Src:Fall|
Source Clock                |Dest:Rise|Dest:Rise|Dest:Fall|Dest:Fall|
----------------------------+---------+---------+---------+---------+
ctr/c1/Mcompar_clk_out_cy<4>|         |         |    2.542|         |
----------------------------+---------+---------+---------+---------+

=========================================================================


Total REAL time to Xst completion: 6.00 secs
Total CPU time to Xst completion: 6.46 secs
 
--> 

Total memory usage is 4486372 kilobytes

Number of errors   :    0 (   0 filtered)
Number of warnings :    0 (   0 filtered)
Number of infos    :    1 (   0 filtered)

