Release 14.7 - xst P.20131013 (nt64)
Copyright (c) 1995-2013 Xilinx, Inc.  All rights reserved.
--> Parameter TMPDIR set to xst/projnav.tmp


Total REAL time to Xst completion: 1.00 secs
Total CPU time to Xst completion: 0.13 secs
 
--> Parameter xsthdpdir set to xst


Total REAL time to Xst completion: 1.00 secs
Total CPU time to Xst completion: 0.14 secs
 
--> Reading design: ud_ctr.prj

TABLE OF CONTENTS
  1) Synthesis Options Summary
  2) HDL Parsing
  3) HDL Elaboration
  4) HDL Synthesis
       4.1) HDL Synthesis Report
  5) Advanced HDL Synthesis
       5.1) Advanced HDL Synthesis Report
  6) Low Level Synthesis
  7) Partition Report
  8) Design Summary
       8.1) Primitive and Black Box Usage
       8.2) Device utilization summary
       8.3) Partition Resource Summary
       8.4) Timing Report
            8.4.1) Clock Information
            8.4.2) Asynchronous Control Signals Information
            8.4.3) Timing Summary
            8.4.4) Timing Details
            8.4.5) Cross Clock Domains Report


=========================================================================
*                      Synthesis Options Summary                        *
=========================================================================
---- Source Parameters
Input File Name                    : "ud_ctr.prj"
Ignore Synthesis Constraint File   : NO

---- Target Parameters
Output File Name                   : "ud_ctr"
Output Format                      : NGC
Target Device                      : xc6slx9-2-csg324

---- Source Options
Top Module Name                    : ud_ctr
Automatic FSM Extraction           : YES
FSM Encoding Algorithm             : Auto
Safe Implementation                : No
FSM Style                          : LUT
RAM Extraction                     : Yes
RAM Style                          : Auto
ROM Extraction                     : Yes
Shift Register Extraction          : YES
ROM Style                          : Auto
Resource Sharing                   : YES
Asynchronous To Synchronous        : NO
Shift Register Minimum Size        : 2
Use DSP Block                      : Auto
Automatic Register Balancing       : No

---- Target Options
LUT Combining                      : Auto
Reduce Control Sets                : Auto
Add IO Buffers                     : YES
Global Maximum Fanout              : 100000
Add Generic Clock Buffer(BUFG)     : 16
Register Duplication               : YES
Optimize Instantiated Primitives   : NO
Use Clock Enable                   : Auto
Use Synchronous Set                : Auto
Use Synchronous Reset              : Auto
Pack IO Registers into IOBs        : Auto
Equivalent register Removal        : YES

---- General Options
Optimization Goal                  : Speed
Optimization Effort                : 1
Power Reduction                    : NO
Keep Hierarchy                     : No
Netlist Hierarchy                  : As_Optimized
RTL Output                         : Yes
Global Optimization                : AllClockNets
Read Cores                         : YES
Write Timing Constraints           : NO
Cross Clock Analysis               : NO
Hierarchy Separator                : /
Bus Delimiter                      : <>
Case Specifier                     : Maintain
Slice Utilization Ratio            : 100
BRAM Utilization Ratio             : 100
DSP48 Utilization Ratio            : 100
Auto BRAM Packing                  : NO
Slice Utilization Ratio Delta      : 5

=========================================================================


=========================================================================
*                          HDL Parsing                                  *
=========================================================================
Analyzing Verilog file "D:\Uni\DSD - Lab\Lab7\xilinx\Task1\Task1\clock_divider.v" into library work
Parsing module <clock_divider>.
Analyzing Verilog file "D:\Uni\DSD - Lab\Lab7\xilinx\Task1\Task1\ud_ctr.v" into library work
Parsing module <ud_ctr>.

=========================================================================
*                            HDL Elaboration                            *
=========================================================================

Elaborating module <ud_ctr>.

Elaborating module <clock_divider>.

=========================================================================
*                           HDL Synthesis                               *
=========================================================================

Synthesizing Unit <ud_ctr>.
    Related source file is "D:\Uni\DSD - Lab\Lab7\xilinx\Task1\Task1\ud_ctr.v".
    Found 3-bit register for signal <COUNT>.
    Found 3-bit subtractor for signal <COUNT[2]_GND_1_o_sub_2_OUT> created at line 37.
    Found 3-bit adder for signal <COUNT[2]_GND_1_o_add_0_OUT> created at line 35.
    Summary:
	inferred   1 Adder/Subtractor(s).
	inferred   3 D-type flip-flop(s).
Unit <ud_ctr> synthesized.

Synthesizing Unit <clock_divider>.
    Related source file is "D:\Uni\DSD - Lab\Lab7\xilinx\Task1\Task1\clock_divider.v".
        divisor = 7'b1100100
    Found 7-bit register for signal <counter>.
    Found 7-bit adder for signal <counter[6]_GND_2_o_add_1_OUT> created at line 29.
    Found 7-bit comparator greater for signal <n0001> created at line 31
    Found 7-bit comparator greater for signal <clk_out> created at line 35
    Summary:
	inferred   1 Adder/Subtractor(s).
	inferred   7 D-type flip-flop(s).
	inferred   2 Comparator(s).
Unit <clock_divider> synthesized.

=========================================================================
HDL Synthesis Report

Macro Statistics
# Adders/Subtractors                                   : 2
 3-bit addsub                                          : 1
 7-bit adder                                           : 1
# Registers                                            : 2
 3-bit register                                        : 1
 7-bit register                                        : 1
# Comparators                                          : 2
 7-bit comparator greater                              : 2

=========================================================================

=========================================================================
*                       Advanced HDL Synthesis                          *
=========================================================================


Synthesizing (advanced) Unit <clock_divider>.
The following registers are absorbed into counter <counter>: 1 register on signal <counter>.
Unit <clock_divider> synthesized (advanced).

Synthesizing (advanced) Unit <ud_ctr>.
The following registers are absorbed into counter <COUNT>: 1 register on signal <COUNT>.
Unit <ud_ctr> synthesized (advanced).

=========================================================================
Advanced HDL Synthesis Report

Macro Statistics
# Counters                                             : 2
 3-bit updown counter                                  : 1
 7-bit up counter                                      : 1
# Comparators                                          : 2
 7-bit comparator greater                              : 2

=========================================================================

=========================================================================
*                         Low Level Synthesis                           *
=========================================================================

Optimizing unit <ud_ctr> ...

Mapping all equations...
Building and optimizing final netlist ...
Found area constraint ratio of 100 (+ 5) on block ud_ctr, actual ratio is 0.

Final Macro Processing ...

=========================================================================
Final Register Report

Macro Statistics
# Registers                                            : 10
 Flip-Flops                                            : 10

=========================================================================

=========================================================================
*                           Partition Report                            *
=========================================================================

Partition Implementation Status
-------------------------------

  No Partitions were found in this design.

-------------------------------

=========================================================================
*                            Design Summary                             *
=========================================================================

Top Level Output File Name         : ud_ctr.ngc

Primitive and Black Box Usage:
------------------------------
# BELS                             : 16
#      INV                         : 1
#      LUT2                        : 2
#      LUT3                        : 1
#      LUT4                        : 3
#      LUT5                        : 1
#      LUT6                        : 7
#      MUXF7                       : 1
# FlipFlops/Latches                : 10
#      FD                          : 7
#      FDC                         : 3
# Clock Buffers                    : 1
#      BUFGP                       : 1
# IO Buffers                       : 5
#      IBUF                        : 2
#      OBUF                        : 3

Device utilization summary:
---------------------------

Selected Device : 6slx9csg324-2 


Slice Logic Utilization: 
 Number of Slice Registers:              10  out of  11440     0%  
 Number of Slice LUTs:                   15  out of   5720     0%  
    Number used as Logic:                15  out of   5720     0%  

Slice Logic Distribution: 
 Number of LUT Flip Flop pairs used:     15
   Number with an unused Flip Flop:       5  out of     15    33%  
   Number with an unused LUT:             0  out of     15     0%  
   Number of fully used LUT-FF pairs:    10  out of     15    66%  
   Number of unique control sets:         2

IO Utilization: 
 Number of IOs:                           6
 Number of bonded IOBs:                   6  out of    200     3%  

Specific Feature Utilization:
 Number of BUFG/BUFGCTRLs:                1  out of     16     6%  

---------------------------
Partition Resource Summary:
---------------------------

  No Partitions were found in this design.

---------------------------


=========================================================================
Timing Report

NOTE: THESE TIMING NUMBERS ARE ONLY A SYNTHESIS ESTIMATE.
      FOR ACCURATE TIMING INFORMATION PLEASE REFER TO THE TRACE REPORT
      GENERATED AFTER PLACE-and-ROUTE.

Clock Information:
------------------
-----------------------------------+------------------------+-------+
Clock Signal                       | Clock buffer(FF name)  | Load  |
-----------------------------------+------------------------+-------+
clk_out(clk_out1:O)                | NONE(*)(COUNT_0)       | 3     |
Clk                                | BUFGP                  | 7     |
-----------------------------------+------------------------+-------+
(*) This 1 clock signal(s) are generated by combinatorial logic,
and XST is not able to identify which are the primary clock signals.
Please use the CLOCK_SIGNAL constraint to specify the clock signal(s) generated by combinatorial logic.
INFO:Xst:2169 - HDL ADVISOR - Some clock signals were not automatically buffered by XST with BUFG/BUFR resources. Please use the buffer_type constraint in order to insert these buffers to the clock signals to help prevent skew problems.

Asynchronous Control Signals Information:
----------------------------------------
No asynchronous control signals found in this design

Timing Summary:
---------------
Speed Grade: -2

   Minimum period: 2.975ns (Maximum Frequency: 336.134MHz)
   Minimum input arrival time before clock: 2.658ns
   Maximum output required time after clock: 4.240ns
   Maximum combinational path delay: No path found

Timing Details:
---------------
All values displayed in nanoseconds (ns)

=========================================================================
Timing constraint: Default period analysis for Clock 'clk_out'
  Clock period: 2.338ns (frequency: 427.716MHz)
  Total number of paths / destination ports: 6 / 3
-------------------------------------------------------------------------
Delay:               2.338ns (Levels of Logic = 1)
  Source:            COUNT_0 (FF)
  Destination:       COUNT_0 (FF)
  Source Clock:      clk_out rising
  Destination Clock: clk_out rising

  Data Path: COUNT_0 to COUNT_0
                                Gate     Net
    Cell:in->out      fanout   Delay   Delay  Logical Name (Net Name)
    ----------------------------------------  ------------
     FDC:C->Q              4   0.525   0.803  COUNT_0 (COUNT_0)
     INV:I->O              1   0.255   0.681  Result<0>11_INV_0 (Result<0>1)
     FDC:D                     0.074          COUNT_0
    ----------------------------------------
    Total                      2.338ns (0.854ns logic, 1.484ns route)
                                       (36.5% logic, 63.5% route)

=========================================================================
Timing constraint: Default period analysis for Clock 'Clk'
  Clock period: 2.975ns (frequency: 336.134MHz)
  Total number of paths / destination ports: 51 / 7
-------------------------------------------------------------------------
Delay:               2.975ns (Levels of Logic = 2)
  Source:            c1/counter_3 (FF)
  Destination:       c1/counter_4 (FF)
  Source Clock:      Clk rising
  Destination Clock: Clk rising

  Data Path: c1/counter_3 to c1/counter_4
                                Gate     Net
    Cell:in->out      fanout   Delay   Delay  Logical Name (Net Name)
    ----------------------------------------  ------------
     FD:C->Q               7   0.525   1.186  c1/counter_3 (c1/counter_3)
     LUT4:I0->O            1   0.254   0.682  c1/n0001_inv_SW5 (N11)
     LUT4:I3->O            1   0.254   0.000  c1/counter_4_rstpot (c1/counter_4_rstpot)
     FD:D                      0.074          c1/counter_4
    ----------------------------------------
    Total                      2.975ns (1.107ns logic, 1.868ns route)
                                       (37.2% logic, 62.8% route)

=========================================================================
Timing constraint: Default OFFSET IN BEFORE for Clock 'clk_out'
  Total number of paths / destination ports: 5 / 5
-------------------------------------------------------------------------
Offset:              2.658ns (Levels of Logic = 2)
  Source:            UD (PAD)
  Destination:       COUNT_2 (FF)
  Destination Clock: clk_out rising

  Data Path: UD to COUNT_2
                                Gate     Net
    Cell:in->out      fanout   Delay   Delay  Logical Name (Net Name)
    ----------------------------------------  ------------
     IBUF:I->O             2   1.328   1.002  UD_IBUF (UD_IBUF)
     LUT4:I0->O            1   0.254   0.000  Result<2>11 (Result<2>1)
     FDC:D                     0.074          COUNT_2
    ----------------------------------------
    Total                      2.658ns (1.656ns logic, 1.002ns route)
                                       (62.3% logic, 37.7% route)

=========================================================================
Timing constraint: Default OFFSET OUT AFTER for Clock 'clk_out'
  Total number of paths / destination ports: 3 / 3
-------------------------------------------------------------------------
Offset:              4.240ns (Levels of Logic = 1)
  Source:            COUNT_0 (FF)
  Destination:       COUNT<0> (PAD)
  Source Clock:      clk_out rising

  Data Path: COUNT_0 to COUNT<0>
                                Gate     Net
    Cell:in->out      fanout   Delay   Delay  Logical Name (Net Name)
    ----------------------------------------  ------------
     FDC:C->Q              4   0.525   0.803  COUNT_0 (COUNT_0)
     OBUF:I->O                 2.912          COUNT_0_OBUF (COUNT<0>)
    ----------------------------------------
    Total                      4.240ns (3.437ns logic, 0.803ns route)
                                       (81.1% logic, 18.9% route)

=========================================================================

Cross Clock Domains Report:
--------------------------

Clock to Setup on destination clock Clk
---------------+---------+---------+---------+---------+
               | Src:Rise| Src:Fall| Src:Rise| Src:Fall|
Source Clock   |Dest:Rise|Dest:Rise|Dest:Fall|Dest:Fall|
---------------+---------+---------+---------+---------+
Clk            |    2.975|         |         |         |
---------------+---------+---------+---------+---------+

Clock to Setup on destination clock clk_out
---------------+---------+---------+---------+---------+
               | Src:Rise| Src:Fall| Src:Rise| Src:Fall|
Source Clock   |Dest:Rise|Dest:Rise|Dest:Fall|Dest:Fall|
---------------+---------+---------+---------+---------+
clk_out        |    2.338|         |         |         |
---------------+---------+---------+---------+---------+

=========================================================================


Total REAL time to Xst completion: 7.00 secs
Total CPU time to Xst completion: 6.60 secs
 
--> 

Total memory usage is 4486372 kilobytes

Number of errors   :    0 (   0 filtered)
Number of warnings :    0 (   0 filtered)
Number of infos    :    1 (   0 filtered)

