C51 COMPILER V9.60.7.0   TASKA                                                             03/25/2024 13:36:48 PAGE 1   


C51 COMPILER V9.60.7.0, COMPILATION OF MODULE TASKA
OBJECT MODULE PLACED IN .\Objects\taska.obj
COMPILER INVOKED BY: D:\Program Files (x86)\Keil_v5\C51\BIN\C51.EXE taska.c OPTIMIZE(8,SPEED) BROWSE DEBUG OBJECTEXTEND 
                    -PRINT(.\Listings\taska.lst) TABS(2) OBJECT(.\Objects\taska.obj)

line level    source

   1          #include<reg51.h>
   2          #include<stdio.h>
   3          
   4          sbit pin = P3^0;
   5          
   6          void start_timer0(){
   7   1        TR0 = 1;
   8   1      }
   9          
  10          void timer0() interrupt 1{
  11   1        TH0 = 0xD8;
  12   1        TL0 = 0xEF;
  13   1      }
  14          
  15          void start_timer(){
  16   1        TMOD = 0x01;
  17   1        IE = 0x82;
  18   1      }
  19          
  20          void main(void){
  21   1      
  22   1            start_timer0();
  23   1            start_timer();
  24   1        
  25   1          while(1){
  26   2            
  27   2            while(TF0 == 0);
  28   2            pin = ~pin;
  29   2          
  30   2          }
  31   1      }


MODULE INFORMATION:   STATIC OVERLAYABLE
   CODE SIZE        =     30    ----
   CONSTANT SIZE    =   ----    ----
   XDATA SIZE       =   ----    ----
   PDATA SIZE       =   ----    ----
   DATA SIZE        =   ----    ----
   IDATA SIZE       =   ----    ----
   BIT SIZE         =   ----    ----
END OF MODULE INFORMATION.


C51 COMPILATION COMPLETE.  0 WARNING(S),  0 ERROR(S)
