BL51 BANKED LINKER/LOCATER V6.22.4.0                                                    04/29/2024  22:09:08  PAGE 1


BL51 BANKED LINKER/LOCATER V6.22.4.0, INVOKED BY:
D:\KEIL_V5\C51\BIN\BL51.EXE .\Objects\task1.obj TO .\Objects\Task1 PRINT (.\Listings\Task1.m51)


MEMORY MODEL: SMALL


INPUT MODULES INCLUDED:
  .\Objects\task1.obj (TASK1)
  D:\KEIL_V5\C51\LIB\C51S.LIB (?C_STARTUP)


LINK MAP OF MODULE:  .\Objects\Task1 (TASK1)


            TYPE    BASE      LENGTH    RELOCATION   SEGMENT NAME
            -----------------------------------------------------

            * * * * * * *   D A T A   M E M O R Y   * * * * * * *
            REG     0000H     0008H     ABSOLUTE     "REG BANK 0"
            IDATA   0008H     0001H     UNIT         ?STACK

            * * * * * * *   C O D E   M E M O R Y   * * * * * * *
            CODE    0000H     0003H     ABSOLUTE     
                    0003H     0008H                  *** GAP ***
            CODE    000BH     0003H     ABSOLUTE     
                    000EH     07F2H                  *** GAP ***
            CODE    0800H     000CH     UNIT         ?PR?MAIN?TASK1
            CODE    080CH     000CH     UNIT         ?C_C51STARTUP
            CODE    0818H     0007H     UNIT         ?PR?TIMER0?TASK1
            CODE    081FH     0007H     UNIT         ?PR?START_TIMER?TASK1
            CODE    0826H     0003H     UNIT         ?PR?START_TIMER0?TASK1



OVERLAY MAP OF MODULE:   .\Objects\Task1 (TASK1)


SEGMENT
  +--> CALLED SEGMENT
---------------------
?C_C51STARTUP
  +--> ?PR?MAIN?TASK1

?PR?MAIN?TASK1
  +--> ?PR?START_TIMER?TASK1



SYMBOL TABLE OF MODULE:  .\Objects\Task1 (TASK1)

  VALUE           TYPE          NAME
  ----------------------------------

  -------         MODULE        TASK1
  C:0000H         SYMBOL        _ICE_DUMMY_
  D:00B0H         PUBLIC        P3
  D:00A8H         PUBLIC        IE
BL51 BANKED LINKER/LOCATER V6.22.4.0                                                  04/29/2024  22:09:08  PAGE 2


  C:0800H         PUBLIC        main
  D:0089H         PUBLIC        TMOD
  C:081FH         PUBLIC        start_timer
  B:00B0H.0       PUBLIC        pin
  B:0088H.5       PUBLIC        TF0
  D:008CH         PUBLIC        TH0
  D:008AH         PUBLIC        TL0
  C:0818H         PUBLIC        timer0
  B:0088H.4       PUBLIC        TR0
  C:0826H         PUBLIC        start_timer0
  -------         PROC          START_TIMER0
  C:0826H         LINE#         5
  C:0826H         LINE#         6
  C:0828H         LINE#         7
  -------         ENDPROC       START_TIMER0
  -------         PROC          TIMER0
  C:0818H         LINE#         9
  C:0818H         LINE#         10
  C:081BH         LINE#         11
  C:081EH         LINE#         12
  -------         ENDPROC       TIMER0
  -------         PROC          START_TIMER
  C:081FH         LINE#         14
  C:081FH         LINE#         15
  C:0822H         LINE#         16
  C:0825H         LINE#         17
  -------         ENDPROC       START_TIMER
  -------         PROC          MAIN
  C:0800H         LINE#         19
  C:0800H         LINE#         21
  C:0802H         LINE#         22
  C:0805H         LINE#         24
  C:0805H         LINE#         25
  C:0808H         LINE#         26
  C:080AH         LINE#         28
  -------         ENDPROC       MAIN
  -------         ENDMOD        TASK1

*** WARNING L16: UNCALLED SEGMENT, IGNORED FOR OVERLAY PROCESS
    SEGMENT: ?PR?START_TIMER0?TASK1

******************************************************************************
* RESTRICTED VERSION WITH 0800H BYTE CODE SIZE LIMIT; USED: 0020H BYTE ( 1%) *
******************************************************************************

Program Size: data=9.0 xdata=0 code=47
LINK/LOCATE RUN COMPLETE.  1 WARNING(S),  0 ERROR(S)
