BL51 BANKED LINKER/LOCATER V6.22.4.0                                                    03/25/2024  14:13:18  PAGE 1


BL51 BANKED LINKER/LOCATER V6.22.4.0, INVOKED BY:
D:\PROGRAM FILES (X86)\KEIL_V5\C51\BIN\BL51.EXE .\Objects\task3.obj TO .\Objects\Task3 PRINT (.\Listings\Task3.m51)


MEMORY MODEL: SMALL


INPUT MODULES INCLUDED:
  .\Objects\task3.obj (TASK3)
  D:\PROGRAM FILES (X86)\KEIL_V5\C51\LIB\C51S.LIB (?C_STARTUP)


LINK MAP OF MODULE:  .\Objects\Task3 (TASK3)


            TYPE    BASE      LENGTH    RELOCATION   SEGMENT NAME
            -----------------------------------------------------

            * * * * * * *   D A T A   M E M O R Y   * * * * * * *
            REG     0000H     0008H     ABSOLUTE     "REG BANK 0"
            DATA    0008H     0002H     UNIT         ?DT?TASK3
            IDATA   000AH     0001H     UNIT         ?STACK

            * * * * * * *   C O D E   M E M O R Y   * * * * * * *
            CODE    0000H     0003H     ABSOLUTE     
                    0003H     0008H                  *** GAP ***
            CODE    000BH     0003H     ABSOLUTE     
                    000EH     07F2H                  *** GAP ***
            CODE    0800H     0019H     UNIT         ?PR?TIMER0?TASK3
            CODE    0819H     0012H     UNIT         ?PR?MAIN?TASK3
            CODE    082BH     000CH     UNIT         ?C_C51STARTUP
            CODE    0837H     0007H     UNIT         ?PR?START_TIMER?TASK3
            CODE    083EH     0003H     UNIT         ?PR?START_TIMER0?TASK3



OVERLAY MAP OF MODULE:   .\Objects\Task3 (TASK3)


SEGMENT
  +--> CALLED SEGMENT
---------------------
?C_C51STARTUP
  +--> ?PR?MAIN?TASK3

?PR?MAIN?TASK3
  +--> ?PR?START_TIMER?TASK3



SYMBOL TABLE OF MODULE:  .\Objects\Task3 (TASK3)

  VALUE           TYPE          NAME
  ----------------------------------

  -------         MODULE        TASK3
  C:0000H         SYMBOL        _ICE_DUMMY_
  D:00B0H         PUBLIC        P3
BL51 BANKED LINKER/LOCATER V6.22.4.0                                                  03/25/2024  14:13:18  PAGE 2


  D:00A8H         PUBLIC        IE
  C:0819H         PUBLIC        main
  D:0008H         PUBLIC        count
  D:0089H         PUBLIC        TMOD
  C:0837H         PUBLIC        start_timer
  B:00B0H.0       PUBLIC        pin
  B:0088H.5       PUBLIC        TF0
  D:008CH         PUBLIC        TH0
  D:008AH         PUBLIC        TL0
  C:0800H         PUBLIC        timer0
  B:0088H.4       PUBLIC        TR0
  C:083EH         PUBLIC        start_timer0
  -------         PROC          START_TIMER0
  C:083EH         LINE#         7
  C:083EH         LINE#         8
  C:0840H         LINE#         9
  -------         ENDPROC       START_TIMER0
  -------         PROC          TIMER0
  C:0800H         LINE#         11
  C:0802H         LINE#         14
  C:080AH         LINE#         15
  C:080CH         LINE#         16
  C:0810H         LINE#         17
  C:0810H         LINE#         19
  C:0813H         LINE#         20
  C:0816H         LINE#         21
  -------         ENDPROC       TIMER0
  -------         PROC          START_TIMER
  C:0837H         LINE#         23
  C:0837H         LINE#         24
  C:083AH         LINE#         25
  C:083DH         LINE#         26
  -------         ENDPROC       START_TIMER
  -------         PROC          MAIN
  C:0819H         LINE#         28
  C:0819H         LINE#         31
  C:081BH         LINE#         32
  C:081EH         LINE#         34
  C:081EH         LINE#         36
  C:0821H         LINE#         37
  C:0829H         LINE#         38
  -------         ENDPROC       MAIN
  -------         ENDMOD        TASK3

*** WARNING L16: UNCALLED SEGMENT, IGNORED FOR OVERLAY PROCESS
    SEGMENT: ?PR?START_TIMER0?TASK3

******************************************************************************
* RESTRICTED VERSION WITH 0800H BYTE CODE SIZE LIMIT; USED: 0038H BYTE ( 2%) *
******************************************************************************

Program Size: data=11.0 xdata=0 code=71
LINK/LOCATE RUN COMPLETE.  1 WARNING(S),  0 ERROR(S)
