BL51 BANKED LINKER/LOCATER V6.22.4.0                                                    05/01/2024  22:02:06  PAGE 1


BL51 BANKED LINKER/LOCATER V6.22.4.0, INVOKED BY:
D:\KEIL_V5\C51\BIN\BL51.EXE .\Objects\STARTUP.obj, .\Objects\task1.obj TO .\Objects\1 PRINT (.\Listings\1.m51)


MEMORY MODEL: SMALL


INPUT MODULES INCLUDED:
  .\Objects\STARTUP.obj (?C_STARTUP)
  .\Objects\task1.obj (TASK1)
  D:\KEIL_V5\C51\LIB\C51S.LIB (?C_INIT)


LINK MAP OF MODULE:  .\Objects\1 (?C_STARTUP)


            TYPE    BASE      LENGTH    RELOCATION   SEGMENT NAME
            -----------------------------------------------------

            * * * * * * *   D A T A   M E M O R Y   * * * * * * *
            REG     0000H     0008H     ABSOLUTE     "REG BANK 0"
            DATA    0008H     0002H     UNIT         ?DT?TASK1
            IDATA   000AH     0001H     UNIT         ?STACK

            * * * * * * *   C O D E   M E M O R Y   * * * * * * *
            CODE    0000H     0003H     ABSOLUTE     
            CODE    0003H     0003H     ABSOLUTE     
                    0006H     07FAH                  *** GAP ***
            CODE    0800H     008CH     UNIT         ?C_C51STARTUP
            CODE    088CH     0022H     UNIT         ?PR?E_I_0?TASK1
            CODE    08AEH     0012H     UNIT         ?PR?MAIN?TASK1
            CODE    08C0H     0005H     UNIT         ?C_INITSEG



OVERLAY MAP OF MODULE:   .\Objects\1 (?C_STARTUP)


SEGMENT
  +--> CALLED SEGMENT
---------------------
?C_C51STARTUP
  +--> ?PR?MAIN?TASK1
  +--> ?C_INITSEG



SYMBOL TABLE OF MODULE:  .\Objects\1 (?C_STARTUP)

  VALUE           TYPE          NAME
  ----------------------------------

  -------         MODULE        ?C_STARTUP
  C:0800H         SEGMENT       ?C_C51STARTUP
  I:000AH         SEGMENT       ?STACK
  C:0000H         PUBLIC        ?C_STARTUP
  D:00E0H         SYMBOL        ACC
  D:00F0H         SYMBOL        B
BL51 BANKED LINKER/LOCATER V6.22.4.0                                                  05/01/2024  22:02:06  PAGE 2


  D:0083H         SYMBOL        DPH
  D:0082H         SYMBOL        DPL
  N:0000H         SYMBOL        IBPSTACK
  N:0100H         SYMBOL        IBPSTACKTOP
  N:0080H         SYMBOL        IDATALEN
  C:0803H         SYMBOL        IDATALOOP
  N:0000H         SYMBOL        PBPSTACK
  N:0100H         SYMBOL        PBPSTACKTOP
  N:0000H         SYMBOL        PDATALEN
  N:0000H         SYMBOL        PDATASTART
  N:0000H         SYMBOL        PPAGE
  N:0000H         SYMBOL        PPAGEENABLE
  D:00A0H         SYMBOL        PPAGE_SFR
  D:0081H         SYMBOL        SP
  C:0800H         SYMBOL        STARTUP1
  N:0000H         SYMBOL        XBPSTACK
  N:0000H         SYMBOL        XBPSTACKTOP
  N:0000H         SYMBOL        XDATALEN
  N:0000H         SYMBOL        XDATASTART
  C:0000H         LINE#         126
  C:0800H         LINE#         133
  C:0802H         LINE#         134
  C:0803H         LINE#         135
  C:0804H         LINE#         136
  C:0806H         LINE#         185
  C:0809H         LINE#         196
  -------         ENDMOD        ?C_STARTUP

  -------         MODULE        TASK1
  C:0000H         SYMBOL        _ICE_DUMMY_
  B:00A0H.4       PUBLIC        i_led
  D:00A0H         PUBLIC        P2
  D:00B0H         PUBLIC        P3
  B:00A0H.1       PUBLIC        p_led
  D:00A8H         PUBLIC        IE
  B:00B0H.2       PUBLIC        i_btn
  B:00A0H.0       PUBLIC        p_btn
  C:08AEH         PUBLIC        main
  C:088CH         PUBLIC        e_i_0
  D:0008H         PUBLIC        i
  -------         PROC          MAIN
  C:08AEH         LINE#         11
  C:08AEH         LINE#         12
  C:08B0H         LINE#         13
  C:08B2H         LINE#         16
  C:08B5H         LINE#         19
  C:08B5H         LINE#         20
  C:08B8H         LINE#         21
  C:08BCH         LINE#         24
  C:08BEH         LINE#         25
  -------         ENDPROC       MAIN
  -------         PROC          E_I_0
  C:088CH         LINE#         28
  C:0890H         LINE#         30
  C:08A4H         LINE#         31
  C:08A9H         LINE#         32
  -------         ENDPROC       E_I_0
BL51 BANKED LINKER/LOCATER V6.22.4.0                                                  05/01/2024  22:02:06  PAGE 3


  -------         ENDMOD        TASK1

******************************************************************************
* RESTRICTED VERSION WITH 0800H BYTE CODE SIZE LIMIT; USED: 004AH BYTE ( 3%) *
******************************************************************************

Program Size: data=11.0 xdata=0 code=203
LINK/LOCATE RUN COMPLETE.  0 WARNING(S),  0 ERROR(S)
