BL51 BANKED LINKER/LOCATER V6.22.4.0                                                    03/24/2024  17:40:43  PAGE 1


BL51 BANKED LINKER/LOCATER V6.22.4.0, INVOKED BY:
D:\PROGRAM FILES (X86)\KEIL_V5\C51\BIN\BL51.EXE .\Objects\taaskk2.obj TO .\Objects\2 PRINT (.\Listings\2.m51)


MEMORY MODEL: SMALL


INPUT MODULES INCLUDED:
  .\Objects\taaskk2.obj (TAASKK2)
  D:\PROGRAM FILES (X86)\KEIL_V5\C51\LIB\C51S.LIB (?C_STARTUP)


LINK MAP OF MODULE:  .\Objects\2 (TAASKK2)


            TYPE    BASE      LENGTH    RELOCATION   SEGMENT NAME
            -----------------------------------------------------

            * * * * * * *   D A T A   M E M O R Y   * * * * * * *
            REG     0000H     0008H     ABSOLUTE     "REG BANK 0"
            IDATA   0008H     0001H     UNIT         ?STACK

            * * * * * * *   C O D E   M E M O R Y   * * * * * * *
            CODE    0000H     0003H     ABSOLUTE     
            CODE    0003H     0003H     ABSOLUTE     
                    0006H     07FAH                  *** GAP ***
            CODE    0800H     000CH     UNIT         ?C_C51STARTUP
            CODE    080CH     000AH     UNIT         ?PR?MAIN?TAASKK2
            CODE    0816H     0003H     UNIT         ?PR?E_I_0?TAASKK2



OVERLAY MAP OF MODULE:   .\Objects\2 (TAASKK2)


SEGMENT
  +--> CALLED SEGMENT
---------------------
?C_C51STARTUP
  +--> ?PR?MAIN?TAASKK2



SYMBOL TABLE OF MODULE:  .\Objects\2 (TAASKK2)

  VALUE           TYPE          NAME
  ----------------------------------

  -------         MODULE        TAASKK2
  C:0000H         SYMBOL        _ICE_DUMMY_
  D:0090H         PUBLIC        P1
  D:00B0H         PUBLIC        P3
  B:00A8H.7       PUBLIC        EA
  C:080CH         PUBLIC        main
  C:0816H         PUBLIC        e_i_0
  B:00A8H.2       PUBLIC        EX1
  B:00B0H.2       PUBLIC        i_button
  -------         PROC          E_I_0
BL51 BANKED LINKER/LOCATER V6.22.4.0                                                  03/24/2024  17:40:43  PAGE 2


  C:0816H         LINE#         5
  C:0816H         LINE#         6
  C:0818H         LINE#         7
  -------         ENDPROC       E_I_0
  -------         PROC          MAIN
  C:080CH         LINE#         9
  C:080CH         LINE#         11
  C:080FH         LINE#         12
  C:0811H         LINE#         13
  C:0813H         LINE#         14
  C:0815H         LINE#         15
  -------         ENDPROC       MAIN
  -------         ENDMOD        TAASKK2

******************************************************************************
* RESTRICTED VERSION WITH 0800H BYTE CODE SIZE LIMIT; USED: 0010H BYTE ( 0%) *
******************************************************************************

Program Size: data=9.0 xdata=0 code=31
LINK/LOCATE RUN COMPLETE.  0 WARNING(S),  0 ERROR(S)
