C51 COMPILER V9.60.7.0   TASK1                                                             05/01/2024 22:02:06 PAGE 1   


C51 COMPILER V9.60.7.0, COMPILATION OF MODULE TASK1
OBJECT MODULE PLACED IN .\Objects\task1.obj
COMPILER INVOKED BY: D:\Keil_v5\C51\BIN\C51.EXE task1.c OPTIMIZE(8,SPEED) BROWSE DEBUG OBJECTEXTEND PRINT(.\Listings\tas
                    -k1.lst) TABS(2) OBJECT(.\Objects\task1.obj)

line level    source

   1          #include<reg51.h>
   2          
   3          sbit p_btn = P2^0;
   4          sbit p_led = P2^1;
   5          sbit i_btn = P3^2;
   6          sbit i_led = P2^4;
   7          int i = 0;
   8          
   9          void e_i_0();
  10          
  11          void main(void){
  12   1        p_btn = 1;
  13   1        i_btn = 1;
  14   1      //  EA = 1;
  15   1      //  EX0 = 1;
  16   1        IE=0x81;
  17   1        
  18   1        //IT0 = 1;
  19   1        while(1){
  20   2          if(p_btn == 0)
  21   2            p_led = 1;
  22   2          
  23   2          else
  24   2            p_led = 0;
  25   2        }
  26   1      
  27   1      }
  28          void e_i_0() interrupt 0{
  29   1      
  30   1        for(i = 0; i<100; i++);
  31   1        i_led ^= 1; 
  32   1      }


MODULE INFORMATION:   STATIC OVERLAYABLE
   CODE SIZE        =     52    ----
   CONSTANT SIZE    =   ----    ----
   XDATA SIZE       =   ----    ----
   PDATA SIZE       =   ----    ----
   DATA SIZE        =      2    ----
   IDATA SIZE       =   ----    ----
   BIT SIZE         =   ----    ----
END OF MODULE INFORMATION.


C51 COMPILATION COMPLETE.  0 WARNING(S),  0 ERROR(S)
