C51 COMPILER V9.60.7.0   TASK2                                                             03/24/2024 17:40:01 PAGE 1   


C51 COMPILER V9.60.7.0, COMPILATION OF MODULE TASK2
OBJECT MODULE PLACED IN .\Objects\task2.obj
COMPILER INVOKED BY: D:\Program Files (x86)\Keil_v5\C51\BIN\C51.EXE task2.c OPTIMIZE(8,SPEED) BROWSE DEBUG OBJECTEXTEND 
                    -PRINT(.\Listings\task2.lst) TABS(2) OBJECT(.\Objects\task2.obj)

line level    source

   1          #include<reg51.h>
   2          
   3          sbit i_button = P3^2;
   4          
   5          void e_i_0() interrupt 0{
   6   1        P1++;
   7   1      }
   8          
   9          void main(void){
  10   1        
  11   1        i_button = 1;
  12   1        EA = 1;
  13   1        EX0 = 1;
  14   1        IT0 = 1;
  15   1      
  16   1      }
  17          


MODULE INFORMATION:   STATIC OVERLAYABLE
   CODE SIZE        =     12    ----
   CONSTANT SIZE    =   ----    ----
   XDATA SIZE       =   ----    ----
   PDATA SIZE       =   ----    ----
   DATA SIZE        =   ----    ----
   IDATA SIZE       =   ----    ----
   BIT SIZE         =   ----    ----
END OF MODULE INFORMATION.


C51 COMPILATION COMPLETE.  0 WARNING(S),  0 ERROR(S)
