C51 COMPILER V9.60.7.0   LAB_TASK                                                          05/23/2024 21:17:55 PAGE 1   


C51 COMPILER V9.60.7.0, COMPILATION OF MODULE LAB_TASK
OBJECT MODULE PLACED IN .\Objects\lab_task.obj
COMPILER INVOKED BY: D:\Keil_v5\C51\BIN\C51.EXE lab_task.c OPTIMIZE(8,SPEED) BROWSE DEBUG OBJECTEXTEND PRINT(.\Listings\
                    -lab_task.lst) TABS(2) OBJECT(.\Objects\lab_task.obj)

line level    source

   1          #include<reg51.h>
   2          //RS = 1 we are passing data
   3          
   4          sbit RS = P3^0;
   5          sbit Enable = P3^1;
   6          
   7          sbit READ = P3^3;
   8          sbit WRITE = P3^4;
   9          sbit INTR_FLAG = P3^2;
  10          
  11          void init();
  12          void delay(unsigned int);
  13          void wr_cmd(unsigned char);
  14          void wr_data(unsigned char);
  15          void display_temp();
  16          int ADC();
  17          int reading;
  18          int temp;
  19          
  20          int hund, ten, unit;
  21          
  22          char *reg_no = "21PWCSE2059";
  23          
  24          void main(void){
  25   1          P0 = 0x00;
  26   1          P2 = 0x00;
  27   1          init(); 
  28   1        
  29   1          while(*reg_no)
  30   1                wr_data(*reg_no++);
  31   1          
  32   1          while(1){   
  33   2            reading = ADC();
  34   2          //  reading = reading<<1;
  35   2      
  36   2            display_temp();
  37   2          }
  38   1      }
  39          
  40          
  41          void init(){
  42   1          wr_cmd(0x38); //2 lines and 5x7 Matrix
  43   1          wr_cmd(0x0e); //Display on and cursor blinking
  44   1          wr_cmd(0x01); //Clear Display Screen
  45   1          wr_cmd(0x06); //Increment Cursor
  46   1          wr_cmd(0x0c); //Display on, Cursor off
  47   1          wr_cmd(0x80); //Force cursor to begining of 1st line 
  48   1      
  49   1      }
  50          
  51          void wr_cmd(unsigned char cmd){
  52   1          P2 = cmd;
  53   1          RS = 0;
  54   1          Enable = 1;
C51 COMPILER V9.60.7.0   LAB_TASK                                                          05/23/2024 21:17:55 PAGE 2   

  55   1          delay(10000);
  56   1          Enable = 0;
  57   1      }
  58          
  59          void wr_data(unsigned char dt){
  60   1          P2 = dt;
  61   1          RS = 1;
  62   1          Enable = 1;
  63   1          delay(10000);
  64   1          Enable = 0;
  65   1      
  66   1      }
  67          
  68          void delay(unsigned int n){
  69   1        unsigned int i;
  70   1        for(i = 0; i<n; i++);
  71   1      }
  72          
  73          int ADC(){
  74   1        READ = 1;
  75   1        WRITE = 0;
  76   1        delay(10);
  77   1        WRITE = 1;
  78   1        
  79   1        while(INTR_FLAG == 1);
  80   1        
  81   1        READ = 0;
  82   1        temp = P1;
  83   1        delay(10);
  84   1        return temp;
  85   1        
  86   1      }
  87          
  88          void display_temp(){
  89   1        wr_cmd(0xC0);//Move to 2nd line
  90   1        
  91   1        hund = reading/100;
  92   1        reading = reading%100;
  93   1        
  94   1        if(hund != 0){
  95   2          wr_data(hund + '0');
  96   2        }
  97   1        
  98   1        ten = reading/10;
  99   1        reading = reading%10;
 100   1        
 101   1        wr_data(ten + '0');
 102   1        
 103   1        unit = reading;
 104   1        wr_data(unit + '0');
 105   1      
 106   1      }


MODULE INFORMATION:   STATIC OVERLAYABLE
   CODE SIZE        =    262    ----
   CONSTANT SIZE    =     12    ----
   XDATA SIZE       =   ----    ----
   PDATA SIZE       =   ----    ----
   DATA SIZE        =     13    ----
   IDATA SIZE       =   ----    ----
   BIT SIZE         =   ----    ----
C51 COMPILER V9.60.7.0   LAB_TASK                                                          05/23/2024 21:17:55 PAGE 3   

END OF MODULE INFORMATION.


C51 COMPILATION COMPLETE.  0 WARNING(S),  0 ERROR(S)
