BL51 BANKED LINKER/LOCATER V6.22.4.0                                                    03/27/2024  17:19:42  PAGE 1


BL51 BANKED LINKER/LOCATER V6.22.4.0, INVOKED BY:
D:\PROGRAM FILES (X86)\KEIL_V5\C51\BIN\BL51.EXE .\Objects\STARTUP.obj, .\Objects\task1.obj TO .\Objects\1 PRINT (.\Listi
>> ngs\1.m51)


MEMORY MODEL: SMALL


INPUT MODULES INCLUDED:
  .\Objects\STARTUP.obj (?C_STARTUP)
  .\Objects\task1.obj (TASK1)


LINK MAP OF MODULE:  .\Objects\1 (?C_STARTUP)


            TYPE    BASE      LENGTH    RELOCATION   SEGMENT NAME
            -----------------------------------------------------

            * * * * * * *   D A T A   M E M O R Y   * * * * * * *
            REG     0000H     0008H     ABSOLUTE     "REG BANK 0"
            IDATA   0008H     0001H     UNIT         ?STACK

            * * * * * * *   C O D E   M E M O R Y   * * * * * * *
            CODE    0000H     0003H     ABSOLUTE     
                    0003H     07FDH                  *** GAP ***
            CODE    0800H     000FH     UNIT         ?PR?DELAY?TASK1
            CODE    080FH     000CH     UNIT         ?C_C51STARTUP
            CODE    081BH     000BH     UNIT         ?PR?MAIN?TASK1



OVERLAY MAP OF MODULE:   .\Objects\1 (?C_STARTUP)


SEGMENT
  +--> CALLED SEGMENT
---------------------
?C_C51STARTUP
  +--> ?PR?MAIN?TASK1

?PR?MAIN?TASK1
  +--> ?PR?DELAY?TASK1



SYMBOL TABLE OF MODULE:  .\Objects\1 (?C_STARTUP)

  VALUE           TYPE          NAME
  ----------------------------------

  -------         MODULE        ?C_STARTUP
  C:080FH         SEGMENT       ?C_C51STARTUP
  I:0008H         SEGMENT       ?STACK
  C:0000H         PUBLIC        ?C_STARTUP
  D:00E0H         SYMBOL        ACC
  D:00F0H         SYMBOL        B
  D:0083H         SYMBOL        DPH
BL51 BANKED LINKER/LOCATER V6.22.4.0                                                  03/27/2024  17:19:42  PAGE 2


  D:0082H         SYMBOL        DPL
  N:0000H         SYMBOL        IBPSTACK
  N:0100H         SYMBOL        IBPSTACKTOP
  N:0080H         SYMBOL        IDATALEN
  C:0812H         SYMBOL        IDATALOOP
  N:0000H         SYMBOL        PBPSTACK
  N:0100H         SYMBOL        PBPSTACKTOP
  N:0000H         SYMBOL        PDATALEN
  N:0000H         SYMBOL        PDATASTART
  N:0000H         SYMBOL        PPAGE
  N:0000H         SYMBOL        PPAGEENABLE
  D:00A0H         SYMBOL        PPAGE_SFR
  D:0081H         SYMBOL        SP
  C:080FH         SYMBOL        STARTUP1
  N:0000H         SYMBOL        XBPSTACK
  N:0000H         SYMBOL        XBPSTACKTOP
  N:0000H         SYMBOL        XDATALEN
  N:0000H         SYMBOL        XDATASTART
  C:0000H         LINE#         126
  C:080FH         LINE#         133
  C:0811H         LINE#         134
  C:0812H         LINE#         135
  C:0813H         LINE#         136
  C:0815H         LINE#         185
  C:0818H         LINE#         196
  -------         ENDMOD        ?C_STARTUP

  -------         MODULE        TASK1
  C:0000H         SYMBOL        _ICE_DUMMY_
  D:0080H         PUBLIC        P0
  C:0800H         PUBLIC        delay
  C:081BH         PUBLIC        main
  -------         PROC          MAIN
  C:081BH         LINE#         4
  C:081BH         LINE#         6
  C:081BH         LINE#         7
  C:081EH         LINE#         9
  C:081EH         LINE#         10
  C:0821H         LINE#         11
  C:0824H         LINE#         12
  -------         ENDPROC       MAIN
  -------         PROC          DELAY
  -------         DO            
  D:0006H         SYMBOL        y
  -------         ENDDO         
  C:0800H         LINE#         15
  C:0800H         LINE#         17
  C:0803H         LINE#         18
  C:080EH         LINE#         19
  -------         ENDPROC       DELAY
  -------         ENDMOD        TASK1

******************************************************************************
* RESTRICTED VERSION WITH 0800H BYTE CODE SIZE LIMIT; USED: 0029H BYTE ( 2%) *
******************************************************************************

Program Size: data=9.0 xdata=0 code=41
BL51 BANKED LINKER/LOCATER V6.22.4.0                                                  03/27/2024  17:19:42  PAGE 3


LINK/LOCATE RUN COMPLETE.  0 WARNING(S),  0 ERROR(S)
