BL51 BANKED LINKER/LOCATER V6.22.4.0                                                    03/29/2024  17:21:51  PAGE 1


BL51 BANKED LINKER/LOCATER V6.22.4.0, INVOKED BY:
D:\PROGRAM FILES (X86)\KEIL_V5\C51\BIN\BL51.EXE .\Objects\task3.obj TO .\Objects\2 PRINT (.\Listings\2.m51)


MEMORY MODEL: SMALL


INPUT MODULES INCLUDED:
  .\Objects\task3.obj (TASK3)
  D:\PROGRAM FILES (X86)\KEIL_V5\C51\LIB\C51S.LIB (?C_STARTUP)


LINK MAP OF MODULE:  .\Objects\2 (TASK3)


            TYPE    BASE      LENGTH    RELOCATION   SEGMENT NAME
            -----------------------------------------------------

            * * * * * * *   D A T A   M E M O R Y   * * * * * * *
            REG     0000H     0008H     ABSOLUTE     "REG BANK 0"
            IDATA   0008H     0001H     UNIT         ?STACK

            * * * * * * *   C O D E   M E M O R Y   * * * * * * *
            CODE    0000H     0003H     ABSOLUTE     
                    0003H     07FDH                  *** GAP ***
            CODE    0800H     003BH     UNIT         ?PR?MAIN?TASK3
            CODE    083BH     001DH     UNIT         ?PR?DELAY?TASK3
            CODE    0858H     000CH     UNIT         ?C_C51STARTUP



OVERLAY MAP OF MODULE:   .\Objects\2 (TASK3)


SEGMENT
  +--> CALLED SEGMENT
---------------------
?C_C51STARTUP
  +--> ?PR?MAIN?TASK3

?PR?MAIN?TASK3
  +--> ?PR?DELAY?TASK3



SYMBOL TABLE OF MODULE:  .\Objects\2 (TASK3)

  VALUE           TYPE          NAME
  ----------------------------------

  -------         MODULE        TASK3
  C:0000H         SYMBOL        _ICE_DUMMY_
  D:0080H         PUBLIC        P0
  C:083BH         PUBLIC        delay
  C:0800H         PUBLIC        main
  -------         PROC          MAIN
  C:0800H         LINE#         4
  C:0800H         LINE#         6
BL51 BANKED LINKER/LOCATER V6.22.4.0                                                  03/29/2024  17:21:51  PAGE 2


  C:0800H         LINE#         7
  C:0803H         LINE#         8
  C:0806H         LINE#         9
  C:0809H         LINE#         10
  C:080CH         LINE#         11
  C:080FH         LINE#         12
  C:0812H         LINE#         13
  C:0815H         LINE#         14
  C:0818H         LINE#         15
  C:081BH         LINE#         16
  C:081EH         LINE#         17
  C:0821H         LINE#         18
  C:0824H         LINE#         19
  C:0827H         LINE#         20
  C:082AH         LINE#         21
  C:082DH         LINE#         22
  C:0830H         LINE#         23
  C:0833H         LINE#         24
  C:0836H         LINE#         25
  C:0839H         LINE#         26
  -------         ENDPROC       MAIN
  -------         PROC          DELAY
  -------         DO            
  D:0006H         SYMBOL        y
  D:0006H         SYMBOL        x
  -------         ENDDO         
  C:083BH         LINE#         28
  C:083BH         LINE#         30
  C:0849H         LINE#         31
  C:0857H         LINE#         32
  -------         ENDPROC       DELAY
  -------         ENDMOD        TASK3

******************************************************************************
* RESTRICTED VERSION WITH 0800H BYTE CODE SIZE LIMIT; USED: 0058H BYTE ( 4%) *
******************************************************************************

Program Size: data=9.0 xdata=0 code=103
LINK/LOCATE RUN COMPLETE.  0 WARNING(S),  0 ERROR(S)
