C51 COMPILER V9.60.7.0   TASK3                                                             03/29/2024 17:21:51 PAGE 1   


C51 COMPILER V9.60.7.0, COMPILATION OF MODULE TASK3
OBJECT MODULE PLACED IN .\Objects\task3.obj
COMPILER INVOKED BY: D:\Program Files (x86)\Keil_v5\C51\BIN\C51.EXE task3.c OPTIMIZE(8,SPEED) BROWSE DEBUG OBJECTEXTEND 
                    -PRINT(.\Listings\task3.lst) TABS(2) OBJECT(.\Objects\task3.obj)

line level    source

   1          #include<reg51.h>
   2          void delay();
   3          
   4          void main(void){
   5   1        
   6   1        while(1){
   7   2          P0 = 0x40; //0
   8   2          delay();
   9   2          P0 = 0x79; //1
  10   2          delay();
  11   2          P0 = 0x24; //2
  12   2          delay();
  13   2          P0 = 0x30; //3
  14   2          delay();
  15   2          P0 = 0x19; //4
  16   2          delay();
  17   2          P0 = 0x12; //5
  18   2          delay();
  19   2          P0 = 0x02; //6
  20   2          delay();
  21   2          P0 = 0x78; //7
  22   2          delay();
  23   2          P0 = 0x00; //8
  24   2          delay();
  25   2          P0 = 0x18; //9
  26   2        }
  27   1      }
  28          void delay(){
  29   1        unsigned int y, x;
  30   1        for(x = 0; x<30000; x++);
  31   1        for(y = 0; y<30000; y++);
  32   1      }


MODULE INFORMATION:   STATIC OVERLAYABLE
   CODE SIZE        =     88    ----
   CONSTANT SIZE    =   ----    ----
   XDATA SIZE       =   ----    ----
   PDATA SIZE       =   ----    ----
   DATA SIZE        =   ----    ----
   IDATA SIZE       =   ----    ----
   BIT SIZE         =   ----    ----
END OF MODULE INFORMATION.


C51 COMPILATION COMPLETE.  0 WARNING(S),  0 ERROR(S)
