C51 COMPILER V9.60.7.0   TASK1                                                             03/27/2024 17:19:42 PAGE 1   


C51 COMPILER V9.60.7.0, COMPILATION OF MODULE TASK1
OBJECT MODULE PLACED IN .\Objects\task1.obj
COMPILER INVOKED BY: D:\Program Files (x86)\Keil_v5\C51\BIN\C51.EXE task1.c OPTIMIZE(8,SPEED) BROWSE DEBUG OBJECTEXTEND 
                    -PRINT(.\Listings\task1.lst) TABS(2) OBJECT(.\Objects\task1.obj)

line level    source

   1          #include<reg51.h>
   2          void delay();
   3          
   4          void main(void){
   5   1        
   6   1        while(1){
   7   2          P0 = 0x00;
   8   2          
   9   2          for(;;){
  10   3            P0 = 0xF9;
  11   3            delay();
  12   3          }
  13   2        }
  14   1      }
  15          void delay(){
  16   1        unsigned int y;
  17   1        for(y = 0; y<30000; y++){
  18   2        }
  19   1      }


MODULE INFORMATION:   STATIC OVERLAYABLE
   CODE SIZE        =     26    ----
   CONSTANT SIZE    =   ----    ----
   XDATA SIZE       =   ----    ----
   PDATA SIZE       =   ----    ----
   DATA SIZE        =   ----    ----
   IDATA SIZE       =   ----    ----
   BIT SIZE         =   ----    ----
END OF MODULE INFORMATION.


C51 COMPILATION COMPLETE.  0 WARNING(S),  0 ERROR(S)
