BL51 BANKED LINKER/LOCATER V6.22.4.0                                                    05/08/2024  17:43:33  PAGE 1


BL51 BANKED LINKER/LOCATER V6.22.4.0, INVOKED BY:
D:\KEIL_V5\C51\BIN\BL51.EXE .\Objects\STARTUP.obj, .\Objects\T2.obj TO .\Objects\P1 PRINT (.\Listings\P1.m51)


MEMORY MODEL: SMALL


INPUT MODULES INCLUDED:
  .\Objects\STARTUP.obj (?C_STARTUP)
  .\Objects\T2.obj (T2)


LINK MAP OF MODULE:  .\Objects\P1 (?C_STARTUP)


            TYPE    BASE      LENGTH    RELOCATION   SEGMENT NAME
            -----------------------------------------------------

            * * * * * * *   D A T A   M E M O R Y   * * * * * * *
            REG     0000H     0008H     ABSOLUTE     "REG BANK 0"
            IDATA   0008H     0001H     UNIT         ?STACK

            * * * * * * *   C O D E   M E M O R Y   * * * * * * *
            CODE    0000H     0003H     ABSOLUTE     
            CODE    0003H     0003H     ABSOLUTE     
                    0006H     07FAH                  *** GAP ***
            CODE    0800H     0035H     UNIT         ?PR?MAIN?T2
            CODE    0835H     001AH     UNIT         ?PR?_DELAY_US?T2
            CODE    084FH     000CH     UNIT         ?C_C51STARTUP
            CODE    085BH     0003H     UNIT         ?PR?INT_FUN?T2



OVERLAY MAP OF MODULE:   .\Objects\P1 (?C_STARTUP)


SEGMENT
  +--> CALLED SEGMENT
---------------------
?C_C51STARTUP
  +--> ?PR?MAIN?T2

?PR?MAIN?T2
  +--> ?PR?_DELAY_US?T2



SYMBOL TABLE OF MODULE:  .\Objects\P1 (?C_STARTUP)

  VALUE           TYPE          NAME
  ----------------------------------

  -------         MODULE        ?C_STARTUP
  C:084FH         SEGMENT       ?C_C51STARTUP
  I:0008H         SEGMENT       ?STACK
  C:0000H         PUBLIC        ?C_STARTUP
  D:00E0H         SYMBOL        ACC
  D:00F0H         SYMBOL        B
BL51 BANKED LINKER/LOCATER V6.22.4.0                                                  05/08/2024  17:43:33  PAGE 2


  D:0083H         SYMBOL        DPH
  D:0082H         SYMBOL        DPL
  N:0000H         SYMBOL        IBPSTACK
  N:0100H         SYMBOL        IBPSTACKTOP
  N:0080H         SYMBOL        IDATALEN
  C:0852H         SYMBOL        IDATALOOP
  N:0000H         SYMBOL        PBPSTACK
  N:0100H         SYMBOL        PBPSTACKTOP
  N:0000H         SYMBOL        PDATALEN
  N:0000H         SYMBOL        PDATASTART
  N:0000H         SYMBOL        PPAGE
  N:0000H         SYMBOL        PPAGEENABLE
  D:00A0H         SYMBOL        PPAGE_SFR
  D:0081H         SYMBOL        SP
  C:084FH         SYMBOL        STARTUP1
  N:0000H         SYMBOL        XBPSTACK
  N:0000H         SYMBOL        XBPSTACKTOP
  N:0000H         SYMBOL        XDATALEN
  N:0000H         SYMBOL        XDATASTART
  C:0000H         LINE#         126
  C:084FH         LINE#         133
  C:0851H         LINE#         134
  C:0852H         LINE#         135
  C:0853H         LINE#         136
  C:0855H         LINE#         185
  C:0858H         LINE#         196
  -------         ENDMOD        ?C_STARTUP

  -------         MODULE        T2
  C:0000H         SYMBOL        _ICE_DUMMY_
  D:0090H         PUBLIC        P1
  D:00B0H         PUBLIC        P3
  B:00A8H.7       PUBLIC        EA
  C:0800H         PUBLIC        main
  D:0089H         PUBLIC        TMOD
  B:0090H.2       PUBLIC        pin
  B:0088H.5       PUBLIC        TF0
  D:008CH         PUBLIC        TH0
  B:00A8H.0       PUBLIC        EX0
  B:0088H.0       PUBLIC        IT0
  D:008AH         PUBLIC        TL0
  B:0088H.4       PUBLIC        TR0
  C:0835H         PUBLIC        _delay_us
  B:0090H.3       PUBLIC        i_flag
  C:085BH         PUBLIC        int_fun
  -------         PROC          MAIN
  C:0800H         LINE#         11
  C:0800H         LINE#         12
  C:0802H         LINE#         13
  C:0804H         LINE#         14
  C:0806H         LINE#         15
  C:0808H         LINE#         16
  C:080AH         LINE#         18
  C:080AH         LINE#         20
  C:080DH         LINE#         21
  C:080FH         LINE#         22
  C:0816H         LINE#         23
BL51 BANKED LINKER/LOCATER V6.22.4.0                                                  05/08/2024  17:43:33  PAGE 3


  C:0818H         LINE#         24
  C:081FH         LINE#         25
  C:0821H         LINE#         27
  C:0821H         LINE#         28
  C:0823H         LINE#         29
  C:082AH         LINE#         30
  C:082CH         LINE#         31
  C:0833H         LINE#         32
  C:0833H         LINE#         34
  -------         ENDPROC       MAIN
  -------         PROC          INT_FUN
  C:085BH         LINE#         36
  C:085BH         LINE#         37
  C:085DH         LINE#         38
  -------         ENDPROC       INT_FUN
  -------         PROC          _DELAY_US
  D:0006H         SYMBOL        value
  C:0835H         LINE#         41
  C:0835H         LINE#         43
  C:0838H         LINE#         44
  C:083CH         LINE#         45
  C:0840H         LINE#         46
  C:0842H         LINE#         48
  C:0845H         LINE#         49
  C:0847H         LINE#         50
  C:0849H         LINE#         51
  C:084CH         LINE#         52
  C:084EH         LINE#         54
  -------         ENDPROC       _DELAY_US
  -------         ENDMOD        T2

******************************************************************************
* RESTRICTED VERSION WITH 0800H BYTE CODE SIZE LIMIT; USED: 0064H BYTE ( 4%) *
******************************************************************************

Program Size: data=9.0 xdata=0 code=100
LINK/LOCATE RUN COMPLETE.  0 WARNING(S),  0 ERROR(S)
