BL51 BANKED LINKER/LOCATER V6.22.4.0                                                    03/17/2024  14:12:25  PAGE 1


BL51 BANKED LINKER/LOCATER V6.22.4.0, INVOKED BY:
D:\PROGRAM FILES (X86)\KEIL_V5\C51\BIN\BL51.EXE .\Objects\delay.obj TO .\Objects\P3 PRINT (.\Listings\P3.m51)


INPUT MODULES INCLUDED:
  .\Objects\delay.obj (DELAY)


LINK MAP OF MODULE:  .\Objects\P3 (DELAY)


            TYPE    BASE      LENGTH    RELOCATION   SEGMENT NAME
            -----------------------------------------------------

            * * * * * * *   D A T A   M E M O R Y   * * * * * * *
            REG     0000H     0008H     ABSOLUTE     "REG BANK 0"

            * * * * * * *   C O D E   M E M O R Y   * * * * * * *
            CODE    0000H     0015H     ABSOLUTE     



SYMBOL TABLE OF MODULE:  .\Objects\P3 (DELAY)

  VALUE           TYPE          NAME
  ----------------------------------

  -------         MODULE        DELAY
  C:000CH         SYMBOL        DELAY
  C:0000H         SYMBOL        HERE
  C:000EH         SYMBOL        LOOP1
  C:0010H         SYMBOL        LOOP2
  D:0080H         SYMBOL        P0
  C:0000H         LINE#         3
  C:0003H         LINE#         4
  C:0005H         LINE#         5
  C:0008H         LINE#         6
  C:000AH         LINE#         7
  C:000CH         LINE#         11
  C:000EH         LINE#         14
  C:0010H         LINE#         17
  C:0012H         LINE#         19
  C:0014H         LINE#         21
  -------         ENDMOD        DELAY

******************************************************************************
* RESTRICTED VERSION WITH 0800H BYTE CODE SIZE LIMIT; USED: 0015H BYTE ( 1%) *
******************************************************************************

Program Size: data=8.0 xdata=0 code=21
LINK/LOCATE RUN COMPLETE.  0 WARNING(S),  0 ERROR(S)
