C51 COMPILER V9.60.7.0   T2                                                                05/08/2024 17:43:33 PAGE 1   


C51 COMPILER V9.60.7.0, COMPILATION OF MODULE T2
OBJECT MODULE PLACED IN .\Objects\T2.obj
COMPILER INVOKED BY: D:\Keil_v5\C51\BIN\C51.EXE T2.c OPTIMIZE(8,SPEED) BROWSE DEBUG OBJECTEXTEND PRINT(.\Listings\T2.lst
                    -) TABS(2) OBJECT(.\Objects\T2.obj)

line level    source

   1          #include<reg51.h>
   2          
   3          sbit pin = P1^2;
   4          sbit i_flag = P1^3;
   5          
   6          sbit i_btn = P3^2;
   7          
   8          void delay_us(unsigned int);
   9          void int_fun();
  10          
  11          void main(void){
  12   1          pin = 0;
  13   1          i_flag = 0;
  14   1          EA = 1;
  15   1          EX0 = 1;
  16   1          IT0 = 1;
  17   1        
  18   1        while(1){
  19   2          
  20   2          if(i_flag == 0){
  21   3            pin = 1;    
  22   3            delay_us(2000); //delay of 2ms
  23   3            pin = 0;    
  24   3            delay_us(3000); //delay of 3ms    
  25   3          }
  26   2          
  27   2          else{
  28   3            pin = 1;    
  29   3            delay_us(6000); //delay of 6ms
  30   3            pin = 0;    
  31   3            delay_us(4000); //delay of 4ms    
  32   3          }
  33   2          
  34   2        }
  35   1      }
  36          void int_fun() interrupt 0{
  37   1        i_flag = ~i_flag;
  38   1      }
  39          
  40          
  41          void delay_us(unsigned int value){
  42   1        
  43   1        TMOD = 0x01;
  44   1        TL0 = (~value);
  45   1        TH0 = (~value >> 8);
  46   1        TR0 = 1;
  47   1        
  48   1        while(!TF0);
  49   1        TR0 = 0;
  50   1        TF0 = 0;
  51   1        TL0 = 0;
  52   1        TH0 = 0;
  53   1        
  54   1      }
C51 COMPILER V9.60.7.0   T2                                                                05/08/2024 17:43:33 PAGE 2   



MODULE INFORMATION:   STATIC OVERLAYABLE
   CODE SIZE        =     82    ----
   CONSTANT SIZE    =   ----    ----
   XDATA SIZE       =   ----    ----
   PDATA SIZE       =   ----    ----
   DATA SIZE        =   ----    ----
   IDATA SIZE       =   ----    ----
   BIT SIZE         =   ----    ----
END OF MODULE INFORMATION.


C51 COMPILATION COMPLETE.  0 WARNING(S),  0 ERROR(S)
