C51 COMPILER V9.60.7.0   T3                                                                05/08/2024 17:38:46 PAGE 1   


C51 COMPILER V9.60.7.0, COMPILATION OF MODULE T3
OBJECT MODULE PLACED IN .\Objects\T3.obj
COMPILER INVOKED BY: D:\Keil_v5\C51\BIN\C51.EXE T3.c OPTIMIZE(8,SPEED) BROWSE DEBUG OBJECTEXTEND PRINT(.\Listings\T3.lst
                    -) TABS(2) OBJECT(.\Objects\T3.obj)

line level    source

   1          #include<reg51.h>
   2          
   3          sbit pin = P1^2;
   4          sbit i_btn = P1^1;
   5          sbit i_flag = P1^3;
   6          
   7          void delay_us(unsigned int);
   8          
   9          void main(void){
  10   1          pin = 0;
  11   1          i_flag = 0;
  12   1        
  13   1        
  14   1        while(1){
  15   2            
  16   2          if(i_btn){
  17   3            i_flag = ~i_flag;
  18   3          }
  19   2          
  20   2          if(i_flag == 0){
  21   3            pin = 1;    
  22   3            delay_us(2000); //delay of 2ms
  23   3            pin = 0;    
  24   3            delay_us(3000); //delay of 3ms    
  25   3          }
  26   2          
  27   2          else{
  28   3            pin = 1;    
  29   3            delay_us(6000); //delay of 6ms
  30   3            pin = 0;    
  31   3            delay_us(4000); //delay of 4ms    
  32   3          }
  33   2          
  34   2        }
  35   1      }
  36          
  37          
  38          void delay_us(unsigned int value){
  39   1        
  40   1        TMOD = 0x01;
  41   1        TL0 = (~value);
  42   1        TH0 = (~value >> 8);
  43   1        TR0 = 1;
  44   1        
  45   1        while(!TF0);
  46   1        TR0 = 0;
  47   1        TF0 = 0;
  48   1        TL0 = 0;
  49   1        TH0 = 0;
  50   1        
  51   1      }


MODULE INFORMATION:   STATIC OVERLAYABLE
C51 COMPILER V9.60.7.0   T3                                                                05/08/2024 17:38:46 PAGE 2   

   CODE SIZE        =     78    ----
   CONSTANT SIZE    =   ----    ----
   XDATA SIZE       =   ----    ----
   PDATA SIZE       =   ----    ----
   DATA SIZE        =   ----    ----
   IDATA SIZE       =   ----    ----
   BIT SIZE         =   ----    ----
END OF MODULE INFORMATION.


C51 COMPILATION COMPLETE.  0 WARNING(S),  0 ERROR(S)
