A51 MACRO ASSEMBLER  DELAY                                                                03/17/2024 14:12:25 PAGE     1


MACRO ASSEMBLER A51 V8.2.7.0
OBJECT MODULE PLACED IN .\Objects\delay.obj
ASSEMBLER INVOKED BY: D:\Program Files (x86)\Keil_v5\C51\BIN\A51.EXE delay.a51 SET(SMALL) DEBUG PRINT(.\Listings\delay.l
                      st) OBJECT(.\Objects\delay.obj) EP

LOC  OBJ            LINE     SOURCE

0000                   1     ORG 0h
0000                   2             HERE:   
0000 758055            3             MOV P0, #55H
0003 110C              4             ACALL DELAY
0005 7580AA            5             MOV P0, #0AAH
0008 110C              6             ACALL DELAY
000A 80F4              7             SJMP HERE
                       8             
                       9     
000C                  10     DELAY: 
000C 78FF             11             MOV R0, #255
                      12                     
000E                  13             LOOP1:
000E 7911             14                     MOV R1, #17
                      15                     
0010                  16                     LOOP2:
0010 D9FE             17                             DJNZ R1, LOOP2
                      18             
0012 D8FA             19             DJNZ R0, LOOP1
                      20             
0014 22               21     RET
                      22     
                      23     END
A51 MACRO ASSEMBLER  DELAY                                                                03/17/2024 14:12:25 PAGE     2

SYMBOL TABLE LISTING
------ ----- -------


N A M E             T Y P E  V A L U E   ATTRIBUTES

DELAY. . . . . . .  C ADDR   000CH   A   
HERE . . . . . . .  C ADDR   0000H   A   
LOOP1. . . . . . .  C ADDR   000EH   A   
LOOP2. . . . . . .  C ADDR   0010H   A   
P0 . . . . . . . .  D ADDR   0080H   A   


REGISTER BANK(S) USED: 0 


ASSEMBLY COMPLETE.  0 WARNING(S), 0 ERROR(S)
