BL51 BANKED LINKER/LOCATER V6.22.4.0                                                    05/08/2024  20:53:12  PAGE 1


BL51 BANKED LINKER/LOCATER V6.22.4.0, INVOKED BY:
D:\KEIL_V5\C51\BIN\BL51.EXE .\Objects\STARTUP.obj, .\Objects\T2.obj TO .\Objects\P1 PRINT (.\Listings\P1.m51)


MEMORY MODEL: SMALL


INPUT MODULES INCLUDED:
  .\Objects\STARTUP.obj (?C_STARTUP)
  .\Objects\T2.obj (T2)
  D:\KEIL_V5\C51\LIB\C51S.LIB (?C_INIT)


LINK MAP OF MODULE:  .\Objects\P1 (?C_STARTUP)


            TYPE    BASE      LENGTH    RELOCATION   SEGMENT NAME
            -----------------------------------------------------

            * * * * * * *   D A T A   M E M O R Y   * * * * * * *
            REG     0000H     0008H     ABSOLUTE     "REG BANK 0"
            DATA    0008H     0001H     UNIT         ?DT?T2
            IDATA   0009H     0001H     UNIT         ?STACK

            * * * * * * *   C O D E   M E M O R Y   * * * * * * *
            CODE    0000H     0003H     ABSOLUTE     
            CODE    0003H     0003H     ABSOLUTE     
                    0006H     07FAH                  *** GAP ***
            CODE    0800H     008CH     UNIT         ?C_C51STARTUP
            CODE    088CH     004FH     UNIT         ?PR?MAIN?T2
            CODE    08DBH     003BH     UNIT         ?PR?INT_FUN?T2
            CODE    0916H     0020H     UNIT         ?PR?_DELAY_US?T2
            CODE    0936H     0004H     UNIT         ?C_INITSEG



OVERLAY MAP OF MODULE:   .\Objects\P1 (?C_STARTUP)


SEGMENT
  +--> CALLED SEGMENT
---------------------
?C_C51STARTUP
  +--> ?PR?MAIN?T2
  +--> ?C_INITSEG

?PR?MAIN?T2
  +--> ?PR?_DELAY_US?T2



SYMBOL TABLE OF MODULE:  .\Objects\P1 (?C_STARTUP)

  VALUE           TYPE          NAME
  ----------------------------------

  -------         MODULE        ?C_STARTUP
  C:0800H         SEGMENT       ?C_C51STARTUP
BL51 BANKED LINKER/LOCATER V6.22.4.0                                                  05/08/2024  20:53:12  PAGE 2


  I:0009H         SEGMENT       ?STACK
  C:0000H         PUBLIC        ?C_STARTUP
  D:00E0H         SYMBOL        ACC
  D:00F0H         SYMBOL        B
  D:0083H         SYMBOL        DPH
  D:0082H         SYMBOL        DPL
  N:0000H         SYMBOL        IBPSTACK
  N:0100H         SYMBOL        IBPSTACKTOP
  N:0080H         SYMBOL        IDATALEN
  C:0803H         SYMBOL        IDATALOOP
  N:0000H         SYMBOL        PBPSTACK
  N:0100H         SYMBOL        PBPSTACKTOP
  N:0000H         SYMBOL        PDATALEN
  N:0000H         SYMBOL        PDATASTART
  N:0000H         SYMBOL        PPAGE
  N:0000H         SYMBOL        PPAGEENABLE
  D:00A0H         SYMBOL        PPAGE_SFR
  D:0081H         SYMBOL        SP
  C:0800H         SYMBOL        STARTUP1
  N:0000H         SYMBOL        XBPSTACK
  N:0000H         SYMBOL        XBPSTACKTOP
  N:0000H         SYMBOL        XDATALEN
  N:0000H         SYMBOL        XDATASTART
  C:0000H         LINE#         126
  C:0800H         LINE#         133
  C:0802H         LINE#         134
  C:0803H         LINE#         135
  C:0804H         LINE#         136
  C:0806H         LINE#         185
  C:0809H         LINE#         196
  -------         ENDMOD        ?C_STARTUP

  -------         MODULE        T2
  C:0000H         SYMBOL        _ICE_DUMMY_
  D:0090H         PUBLIC        P1
  D:00B0H         PUBLIC        P3
  B:00A8H.7       PUBLIC        EA
  D:0008H         PUBLIC        state
  C:088CH         PUBLIC        main
  D:0089H         PUBLIC        TMOD
  B:0090H.2       PUBLIC        pin
  B:0088H.5       PUBLIC        TF0
  D:008CH         PUBLIC        TH0
  B:00A8H.0       PUBLIC        EX0
  B:0088H.0       PUBLIC        IT0
  D:008AH         PUBLIC        TL0
  B:0088H.4       PUBLIC        TR0
  C:091CH         PUBLIC        _delay_us
  C:08DBH         PUBLIC        int_fun
  -------         PROC          MAIN
  C:088CH         LINE#         11
  C:088CH         LINE#         12
  C:088EH         LINE#         13
  C:0890H         LINE#         14
  C:0892H         LINE#         15
  C:0894H         LINE#         17
  C:0894H         LINE#         19
BL51 BANKED LINKER/LOCATER V6.22.4.0                                                  05/08/2024  20:53:12  PAGE 3


  C:0898H         LINE#         20
  C:0898H         LINE#         21
  C:089BH         LINE#         22
  C:089DH         LINE#         23
  C:08A4H         LINE#         24
  C:08A8H         LINE#         25
  C:08AAH         LINE#         27
  C:08AFH         LINE#         28
  C:08AFH         LINE#         29
  C:08B2H         LINE#         30
  C:08B4H         LINE#         31
  C:08B8H         LINE#         32
  C:08BAH         LINE#         34
  C:08BFH         LINE#         35
  C:08BFH         LINE#         36
  C:08C2H         LINE#         37
  C:08C4H         LINE#         38
  C:08CBH         LINE#         39
  C:08CDH         LINE#         41
  C:08CDH         LINE#         42
  C:08CDH         LINE#         43
  C:08D0H         LINE#         44
  C:08D2H         LINE#         45
  C:08D9H         LINE#         46
  C:08D9H         LINE#         49
  -------         ENDPROC       MAIN
  -------         PROC          INT_FUN
  C:08DBH         LINE#         51
  C:08E6H         LINE#         52
  C:08E8H         LINE#         53
  C:090AH         LINE#         54
  C:090DH         LINE#         55
  -------         ENDPROC       INT_FUN
  C:0916H         SYMBOL        L?0022
  -------         PROC          L?0021
  -------         ENDPROC       L?0021
  C:0916H         SYMBOL        L?0022
  -------         PROC          _DELAY_US
  D:0006H         SYMBOL        value
  C:091CH         LINE#         58
  C:091CH         LINE#         60
  C:091FH         LINE#         61
  C:0923H         LINE#         62
  C:0927H         LINE#         63
  C:0929H         LINE#         65
  C:092CH         LINE#         66
  C:092EH         LINE#         67
  C:0930H         LINE#         68
  C:0933H         LINE#         69
  C:0935H         LINE#         70
  -------         ENDPROC       _DELAY_US
  -------         ENDMOD        T2

******************************************************************************
* RESTRICTED VERSION WITH 0800H BYTE CODE SIZE LIMIT; USED: 00BFH BYTE ( 9%) *
******************************************************************************

BL51 BANKED LINKER/LOCATER V6.22.4.0                                                  05/08/2024  20:53:12  PAGE 4


Program Size: data=10.0 xdata=0 code=320
LINK/LOCATE RUN COMPLETE.  0 WARNING(S),  0 ERROR(S)
