C51 COMPILER V9.60.7.0   T2                                                                05/08/2024 20:53:12 PAGE 1   


C51 COMPILER V9.60.7.0, COMPILATION OF MODULE T2
OBJECT MODULE PLACED IN .\Objects\T2.obj
COMPILER INVOKED BY: D:\Keil_v5\C51\BIN\C51.EXE T2.c OPTIMIZE(8,SPEED) BROWSE DEBUG OBJECTEXTEND PRINT(.\Listings\T2.lst
                    -) TABS(2) OBJECT(.\Objects\T2.obj)

line level    source

   1          #include<reg51.h>
   2          
   3          sbit pin = P1^2;
   4          char state = 0;
   5          
   6          sbit i_btn = P3^2;
   7          
   8          void delay_us(unsigned int);
   9          void int_fun();
  10          
  11          void main(void){
  12   1          pin = 0;
  13   1          EA = 1;
  14   1          EX0 = 1;
  15   1          IT0 = 1; //Edge triggered interrupt
  16   1        
  17   1        while(1){
  18   2          
  19   2          if(state == 0){
  20   3            pin = 1;    
  21   3            delay_us(10000); //delay of 10ms
  22   3            pin = 0;    
  23   3            delay_us(45000); //delay of 45ms    
  24   3            delay_us(45000); //delay of 45ms, Total = 90ms    
  25   3          }
  26   2          
  27   2          else if(state == 1){
  28   3            pin = 1;    
  29   3            delay_us(10000); //delay of 10ms
  30   3            pin = 0;    
  31   3            delay_us(40000); //delay of 40ms    
  32   3          }
  33   2          
  34   2          else if(state == 2){
  35   3            pin = 1;    
  36   3            delay_us(10000); //delay of 10ms
  37   3            pin = 0;    
  38   3            delay_us(15000); //delay of 15ms    
  39   3          }
  40   2          
  41   2          else { //state = 3
  42   3            pin = 1;    
  43   3            delay_us(10000); //delay of 10ms
  44   3            pin = 0;    
  45   3            delay_us(2500); //delay of 2.5ms    
  46   3          }
  47   2          
  48   2          
  49   2        }
  50   1      }
  51          void int_fun() interrupt 0{
  52   1        state++;
  53   1        if(state > 3 | state < 0 )
  54   1          state = 0;
C51 COMPILER V9.60.7.0   T2                                                                05/08/2024 20:53:12 PAGE 2   

  55   1      }
  56          
  57          
  58          void delay_us(unsigned int value){
  59   1        
  60   1        TMOD = 0x01;
  61   1        TL0 = (~value);
  62   1        TH0 = (~value >> 8);
  63   1        TR0 = 1;
  64   1        
  65   1        while(!TF0);
  66   1        TR0 = 0;
  67   1        TF0 = 0;
  68   1        TL0 = 0;
  69   1        TH0 = 0;
  70   1      }


MODULE INFORMATION:   STATIC OVERLAYABLE
   CODE SIZE        =    170    ----
   CONSTANT SIZE    =   ----    ----
   XDATA SIZE       =   ----    ----
   PDATA SIZE       =   ----    ----
   DATA SIZE        =      1    ----
   IDATA SIZE       =   ----    ----
   BIT SIZE         =   ----    ----
END OF MODULE INFORMATION.


C51 COMPILATION COMPLETE.  0 WARNING(S),  0 ERROR(S)
