BL51 BANKED LINKER/LOCATER V6.22.4.0                                                    03/28/2024  12:43:53  PAGE 1


BL51 BANKED LINKER/LOCATER V6.22.4.0, INVOKED BY:
D:\PROGRAM FILES (X86)\KEIL_V5\C51\BIN\BL51.EXE .\Objects\task3.obj TO .\Objects\Task3 PRINT (.\Listings\Task3.m51)


MEMORY MODEL: SMALL


INPUT MODULES INCLUDED:
  .\Objects\task3.obj (TASK3)
  D:\PROGRAM FILES (X86)\KEIL_V5\C51\LIB\C51S.LIB (?C_STARTUP)
  D:\PROGRAM FILES (X86)\KEIL_V5\C51\LIB\C51S.LIB (?C_INIT)


LINK MAP OF MODULE:  .\Objects\Task3 (TASK3)


            TYPE    BASE      LENGTH    RELOCATION   SEGMENT NAME
            -----------------------------------------------------

            * * * * * * *   D A T A   M E M O R Y   * * * * * * *
            REG     0000H     0008H     ABSOLUTE     "REG BANK 0"
            DATA    0008H     0002H     UNIT         ?DT?TASK3
            IDATA   000AH     0001H     UNIT         ?STACK

            * * * * * * *   C O D E   M E M O R Y   * * * * * * *
            CODE    0000H     0003H     ABSOLUTE     
                    0003H     0008H                  *** GAP ***
            CODE    000BH     0003H     ABSOLUTE     
                    000EH     07F2H                  *** GAP ***
            CODE    0800H     008CH     UNIT         ?C_C51STARTUP
            CODE    088CH     0018H     UNIT         ?PR?MAIN?TASK3
            CODE    08A4H     0013H     UNIT         ?PR?TIMER0?TASK3
            CODE    08B7H     0005H     UNIT         ?C_INITSEG



OVERLAY MAP OF MODULE:   .\Objects\Task3 (TASK3)


SEGMENT
  +--> CALLED SEGMENT
---------------------
?C_C51STARTUP
  +--> ?PR?MAIN?TASK3
  +--> ?C_INITSEG



SYMBOL TABLE OF MODULE:  .\Objects\Task3 (TASK3)

  VALUE           TYPE          NAME
  ----------------------------------

  -------         MODULE        TASK3
  C:0000H         SYMBOL        _ICE_DUMMY_
  D:00B0H         PUBLIC        P3
  D:00A8H         PUBLIC        IE
  C:088CH         PUBLIC        main
BL51 BANKED LINKER/LOCATER V6.22.4.0                                                  03/28/2024  12:43:53  PAGE 2


  D:0008H         PUBLIC        count
  D:0089H         PUBLIC        TMOD
  B:00B0H.0       PUBLIC        pin
  D:008CH         PUBLIC        TH0
  D:008AH         PUBLIC        TL0
  C:08A4H         PUBLIC        timer0
  B:0088H.4       PUBLIC        TR0
  -------         PROC          TIMER0
  C:08A4H         LINE#         7
  C:08A6H         LINE#         8
  C:08A9H         LINE#         9
  C:08ACH         LINE#         10
  C:08B4H         LINE#         12
  -------         ENDPROC       TIMER0
  -------         PROC          MAIN
  C:088CH         LINE#         14
  C:088CH         LINE#         17
  C:088EH         LINE#         18
  C:0891H         LINE#         19
  C:0894H         LINE#         21
  C:0894H         LINE#         25
  C:089CH         LINE#         26
  C:089EH         LINE#         27
  C:08A2H         LINE#         30
  C:08A2H         LINE#         31
  -------         ENDPROC       MAIN
  -------         ENDMOD        TASK3

******************************************************************************
* RESTRICTED VERSION WITH 0800H BYTE CODE SIZE LIMIT; USED: 0032H BYTE ( 2%) *
******************************************************************************

Program Size: data=11.0 xdata=0 code=194
LINK/LOCATE RUN COMPLETE.  0 WARNING(S),  0 ERROR(S)
