#
# A fatal error has been detected by the Java Runtime Environment:
#
#  EXCEPTION_UNCAUGHT_CXX_EXCEPTION (0xe06d7363) at pc=0x00007fff2ffdcf19, pid=2960, tid=9912
#
# JRE version: 7.0_17-b02
# Java VM: Java HotSpot(TM) 64-Bit Server VM (23.7-b01 mixed mode windows-amd64 compressed oops)
# Problematic frame:
# C  [KERNELBASE.dll+0x2cf19]  RaiseException+0x69
#
# Failed to write core dump. Minidumps are not enabled by default on client versions of Windows
#
# If you would like to submit a bug report, please visit:
#   http://bugreport.sun.com/bugreport/crash.jsp
# The crash happened outside the Java Virtual Machine in native code.
# See problematic frame for where to report the bug.
#

---------------  T H R E A D  ---------------

Current thread (0x000000001bf7b000):  JavaThread "main" [_thread_in_native, id=9912, stack(0x000000001d250000,0x000000001d350000)]

siginfo: ExceptionCode=0xe06d7363, ExceptionInformation=0x0000000019930520 0x000000001d34e348 0x0000000001271910 0x00000000011d0000 

Registers:
RAX=0x00000000759a22ae, RBX=0x000000001d34d970, RCX=0x0000000000000000, RDX=0x000000001d070230
RSP=0x000000001d34bbc0, RBP=0x000000001d34c290, RSI=0x000000001d34e1c0, RDI=0x000000001d34ca30
R8 =0x0000000000000000, R9 =0xfe1456db00000000, R10=0x24ecc179081611ae, R11=0x69a4e03635024081
R12=0x000000001d34e560, R13=0x000000001d34d038, R14=0x0000000000000000, R15=0x000000001d34bd18
RIP=0x00007fff2ffdcf19, EFLAGS=0x0000000000000206

Top of Stack: (sp=0x000000001d34bbc0)
0x000000001d34bbc0:   000000001d0ae680 000000001d34d970
0x000000001d34bbd0:   000000001d34e1c0 00007fff30000fbb
0x000000001d34bbe0:   00000001e06d7363 0000000000000000
0x000000001d34bbf0:   00007fff2ffdcf19 0000000000000004
0x000000001d34bc00:   0000000019930520 000000001d34e348
0x000000001d34bc10:   0000000001271910 00000000011d0000
0x000000001d34bc20:   0000f480cf4301f6 0000000001248110
0x000000001d34bc30:   000000001d34d970 000000007613334a
0x000000001d34bc40:   0000000000000000 000000001bf7fd20
0x000000001d34bc50:   0000000000000000 000000001d34ca30
0x000000001d34bc60:   000000001d34ca30 000000007613336b
0x000000001d34bc70:   000000001d34d970 000000001d34e560
0x000000001d34bc80:   0000673fc5c7c23a 000000001d070230
0x000000001d34bc90:   000000001d34d970 0000000076173bb8
0x000000001d34bca0:   00000000012480e0 000000001d34d038
0x000000001d34bcb0:   0000000000000100 0000000000000000 

Instructions: (pc=0x00007fff2ffdcf19)
0x00007fff2ffdcef9:   8b d1 44 0f 47 c0 44 89 44 24 38 49 c1 e0 03 e8
0x00007fff2ffdcf09:   6a 97 08 00 48 8d 4c 24 20 48 ff 15 ff 81 1b 00
0x00007fff2ffdcf19:   0f 1f 44 00 00 48 8b 8c 24 c0 00 00 00 48 33 cc
0x00007fff2ffdcf29:   e8 f2 88 06 00 48 81 c4 d8 00 00 00 c3 cc 83 64 


Register to memory mapping:

RAX=0x00000000759a22ae is an unknown value
RBX=0x000000001d34d970 is pointing into the stack for thread: 0x000000001bf7b000
RCX=0x0000000000000000 is an unknown value
RDX=0x000000001d070230 is an unknown value
RSP=0x000000001d34bbc0 is pointing into the stack for thread: 0x000000001bf7b000
RBP=0x000000001d34c290 is pointing into the stack for thread: 0x000000001bf7b000
RSI=0x000000001d34e1c0 is pointing into the stack for thread: 0x000000001bf7b000
RDI=0x000000001d34ca30 is pointing into the stack for thread: 0x000000001bf7b000
R8 =0x0000000000000000 is an unknown value
R9 =0xfe1456db00000000 is an unknown value
R10=0x24ecc179081611ae is an unknown value
R11=0x69a4e03635024081 is an unknown value
R12=0x000000001d34e560 is pointing into the stack for thread: 0x000000001bf7b000
R13=0x000000001d34d038 is pointing into the stack for thread: 0x000000001bf7b000
R14=0x0000000000000000 is an unknown value
R15=0x000000001d34bd18 is pointing into the stack for thread: 0x000000001bf7b000


Stack: [0x000000001d250000,0x000000001d350000],  sp=0x000000001d34bbc0,  free space=1006k
Native frames: (J=compiled Java code, j=interpreted, Vv=VM code, C=native code)
C  [KERNELBASE.dll+0x2cf19]  RaiseException+0x69
C  0x000000001d34c8f0

Java frames: (J=compiled Java code, j=interpreted, Vv=VM code)
j  ui.data.common.parami.ParamMgr_getValueAsBool(JLjava/lang/String;)Z+0
j  ui.data.common.F.jw(Ljava/lang/String;)Z+5
j  ui.data.common.F.aWC()Z+5
j  ui.h.I.aWC()Z+6
j  ui.aL.aGY()Ljava/lang/String;+0
j  ui.PlanAhead.<clinit>()V+316
v  ~StubRoutines::call_stub

---------------  P R O C E S S  ---------------

Java Threads: ( => current thread )
  0x000000001d151000 JavaThread "Service Thread" daemon [_thread_blocked, id=4844, stack(0x000000002a210000,0x000000002a510000)]
  0x0000000024231800 JavaThread "C1 CompilerThread2" daemon [_thread_blocked, id=1400, stack(0x000000002a010000,0x000000002a110000)]
  0x0000000024221800 JavaThread "C2 CompilerThread1" daemon [_thread_blocked, id=11148, stack(0x0000000029f10000,0x000000002a010000)]
  0x0000000024181000 JavaThread "C2 CompilerThread0" daemon [_thread_blocked, id=2056, stack(0x0000000029e10000,0x0000000029f10000)]
  0x0000000024201800 JavaThread "Attach Listener" daemon [_thread_blocked, id=4840, stack(0x0000000029b10000,0x0000000029e10000)]
  0x0000000028df2000 JavaThread "Signal Dispatcher" daemon [_thread_blocked, id=9744, stack(0x0000000029810000,0x0000000029b10000)]
  0x0000000028df4000 JavaThread "Surrogate Locker Thread (Concurrent GC)" daemon [_thread_blocked, id=9960, stack(0x0000000029510000,0x0000000029810000)]
  0x00000000241a5800 JavaThread "Finalizer" daemon [_thread_blocked, id=1912, stack(0x0000000029210000,0x0000000029510000)]
  0x00000000241a7000 JavaThread "Reference Handler" daemon [_thread_blocked, id=1256, stack(0x0000000028f10000,0x0000000029210000)]
=>0x000000001bf7b000 JavaThread "main" [_thread_in_native, id=9912, stack(0x000000001d250000,0x000000001d350000)]

Other Threads:
  0x000000001d242000 VMThread [stack: 0x0000000028e10000,0x0000000028f10000] [id=3132]
  0x000000001d1c1000 WatcherThread [stack: 0x000000002a510000,0x000000002a610000] [id=1260]

VM state:not at safepoint (normal execution)

VM Mutex/Monitor currently owned by a thread: None

Heap
 par new generation   total 55296K, used 4043K [0x0000000778000000, 0x000000077bc00000, 0x000000077bc00000)
  eden space 49152K,   8% used [0x0000000778000000, 0x00000007783f2c58, 0x000000077b000000)
  from space 6144K,   0% used [0x000000077b000000, 0x000000077b000000, 0x000000077b600000)
  to   space 6144K,   0% used [0x000000077b600000, 0x000000077b600000, 0x000000077bc00000)
 concurrent mark-sweep generation total 69632K, used 0K [0x000000077bc00000, 0x0000000780000000, 0x00000007f8000000)
 concurrent-mark-sweep perm gen total 131072K, used 5132K [0x00000007f8000000, 0x0000000800000000, 0x0000000800000000)

Card table byte_map: [0x00000000238d0000,0x0000000023d20000] byte_map_base: 0x000000001fd10000

Polling page: 0x0000000011fc0000

Code Cache  [0x000000001d350000, 0x000000001d5c0000, 0x0000000023350000)
 total_blobs=395 nmethods=110 adapters=203 free_code_cache=97040Kb largest_free_block=99368512

Compilation events (10 events):
Event: 0.259 Thread 0x0000000024231800  106       3       java.util.HashMap$FrontCache::get (32 bytes)
Event: 0.259 Thread 0x0000000024231800 nmethod 106 0x000000001d4896d0 code [0x000000001d489860, 0x000000001d489dd0]
Event: 0.261 Thread 0x0000000024231800  107       3       java.io.BufferedInputStream::getBufIfOpen (21 bytes)
Event: 0.262 Thread 0x0000000024231800 nmethod 107 0x000000001d489f50 code [0x000000001d48a0c0, 0x000000001d48a328]
Event: 0.262 Thread 0x0000000024231800  108  s    3       java.io.BufferedInputStream::read (49 bytes)
Event: 0.262 Thread 0x0000000024231800 nmethod 108 0x000000001d48a3d0 code [0x000000001d48a560, 0x000000001d48aad8]
Event: 0.262 Thread 0x0000000024231800  109       3       java.io.DataInputStream::readInt (72 bytes)
Event: 0.262 Thread 0x0000000024231800 nmethod 109 0x000000001d48ac90 code [0x000000001d48ae60, 0x000000001d48b448]
Event: 0.266 Thread 0x0000000024231800  110       3       java.util.HashMap::addEntry (59 bytes)
Event: 0.266 Thread 0x0000000024231800 nmethod 110 0x000000001d48b890 code [0x000000001d48ba20, 0x000000001d48bf28]

GC Heap History (0 events):
No events

Deoptimization events (0 events):
No events

Internal exceptions (10 events):
Event: 0.238 Thread 0x000000001bf7b000 Threw 0x00000007782cd9f8 at C:\jdk7u2_64p\jdk7u17\hotspot\src\share\vm\prims\jvm.cpp:1166
Event: 0.238 Thread 0x000000001bf7b000 Threw 0x00000007782cf7a0 at C:\jdk7u2_64p\jdk7u17\hotspot\src\share\vm\prims\jvm.cpp:1166
Event: 0.243 Thread 0x000000001bf7b000 Threw 0x00000007782d9988 at C:\jdk7u2_64p\jdk7u17\hotspot\src\share\vm\prims\jni.cpp:716
Event: 0.253 Thread 0x000000001bf7b000 Threw 0x00000007782f2b28 at C:\jdk7u2_64p\jdk7u17\hotspot\src\share\vm\prims\jvm.cpp:1166
Event: 0.254 Thread 0x000000001bf7b000 Threw 0x00000007782fc338 at C:\jdk7u2_64p\jdk7u17\hotspot\src\share\vm\prims\jvm.cpp:1166
Event: 0.255 Thread 0x000000001bf7b000 Threw 0x0000000778300220 at C:\jdk7u2_64p\jdk7u17\hotspot\src\share\vm\prims\jvm.cpp:1166
Event: 0.255 Thread 0x000000001bf7b000 Threw 0x0000000778303858 at C:\jdk7u2_64p\jdk7u17\hotspot\src\share\vm\prims\jvm.cpp:1166
Event: 0.256 Thread 0x000000001bf7b000 Threw 0x0000000778309658 at C:\jdk7u2_64p\jdk7u17\hotspot\src\share\vm\prims\jvm.cpp:1166
Event: 0.257 Thread 0x000000001bf7b000 Threw 0x000000077831b180 at C:\jdk7u2_64p\jdk7u17\hotspot\src\share\vm\prims\jvm.cpp:1166
Event: 0.266 Thread 0x000000001bf7b000 Threw 0x000000077833ac78 at C:\jdk7u2_64p\jdk7u17\hotspot\src\share\vm\prims\jvm.cpp:1166

Events (10 events):
Event: 0.264 loading class 0x0000000028de3320
Event: 0.264 loading class 0x0000000028de3320 done
Event: 0.264 loading class 0x000000001d074ee0
Event: 0.264 loading class 0x000000001d074ee0 done
Event: 0.264 loading class 0x000000002b752ab0
Event: 0.264 loading class 0x000000002b752ab0 done
Event: 0.265 loading class 0x000000002b752ba0
Event: 0.265 loading class 0x000000002b752ba0 done
Event: 0.266 loading class 0x0000000028e07ce0
Event: 0.266 loading class 0x0000000028e07ce0 done


Dynamic libraries:
0x0000000140000000 - 0x000000014000e000 	D:\Xilinx\14.7\ISE_DS\PlanAhead\bin\unwrapped\win64.o\planAhead.exe
0x00007fff32410000 - 0x00007fff32608000 	C:\WINDOWS\SYSTEM32\ntdll.dll
0x00007fff30eb0000 - 0x00007fff30f6d000 	C:\WINDOWS\System32\KERNEL32.DLL
0x00007fff2ffb0000 - 0x00007fff302a6000 	C:\WINDOWS\System32\KERNELBASE.dll
0x0000000180000000 - 0x0000000180016000 	D:\Xilinx\14.7\ISE_DS\PlanAhead\lib\win64.o\librdi_commonmain.dll
0x000000000a900000 - 0x000000000a945000 	D:\Xilinx\14.7\ISE_DS\PlanAhead\lib\win64.o\SHSMP64.dll
0x00007fff31ed0000 - 0x00007fff3206e000 	C:\WINDOWS\System32\USER32.dll
0x0000000076130000 - 0x00000000761d3000 	C:\WINDOWS\WinSxS\amd64_microsoft.vc90.crt_1fc8b3b9a1e18e3b_9.0.30729.9625_none_08e1c10da83fbc83\MSVCR90.dll
0x00007fff2fb40000 - 0x00007fff2fb62000 	C:\WINDOWS\System32\win32u.dll
0x00007fff31ca0000 - 0x00007fff31ccb000 	C:\WINDOWS\System32\GDI32.dll
0x00007fff2fd30000 - 0x00007fff2fe47000 	C:\WINDOWS\System32\gdi32full.dll
0x00007fff302b0000 - 0x00007fff3034d000 	C:\WINDOWS\System32\msvcp_win.dll
0x00007fff2fc30000 - 0x00007fff2fd30000 	C:\WINDOWS\System32\ucrtbase.dll
0x00007fff30c80000 - 0x00007fff30d33000 	C:\WINDOWS\System32\ADVAPI32.dll
0x00007fff312d0000 - 0x00007fff3136e000 	C:\WINDOWS\System32\msvcrt.dll
0x00007fff32070000 - 0x00007fff3210f000 	C:\WINDOWS\System32\sechost.dll
0x00007fff30d40000 - 0x00007fff30e66000 	C:\WINDOWS\System32\RPCRT4.dll
0x00007fff2fc00000 - 0x00007fff2fc27000 	C:\WINDOWS\System32\bcrypt.dll
0x0000000010000000 - 0x000000001012a000 	D:\Xilinx\14.7\ISE_DS\PlanAhead\lib\win64.o\tcl85t.dll
0x00007fff31cd0000 - 0x00007fff31d3b000 	C:\WINDOWS\System32\WS2_32.dll
0x00007fff28890000 - 0x00007fff2889a000 	C:\WINDOWS\SYSTEM32\VERSION.dll
0x00000000001e0000 - 0x00000000001f3000 	D:\Xilinx\14.7\ISE_DS\PlanAhead\lib\win64.o\libboost_signals.dll
0x0000000000940000 - 0x00000000011c1000 	D:\Xilinx\14.7\ISE_DS\PlanAhead\lib\win64.o\librdi_common.dll
0x00000000011d0000 - 0x00000000012be000 	D:\Xilinx\14.7\ISE_DS\PlanAhead\lib\win64.o\stlport.5.2.dll
0x00000000004f0000 - 0x0000000000517000 	D:\Xilinx\14.7\ISE_DS\PlanAhead\lib\win64.o\libboost_filesystem.dll
0x0000000076050000 - 0x0000000076123000 	C:\WINDOWS\WinSxS\amd64_microsoft.vc90.crt_1fc8b3b9a1e18e3b_9.0.30729.9625_none_08e1c10da83fbc83\MSVCP90.dll
0x00007fff31c30000 - 0x00007fff31c38000 	C:\WINDOWS\System32\PSAPI.DLL
0x00007fff31380000 - 0x00007fff31ac5000 	C:\WINDOWS\System32\SHELL32.dll
0x0000000012000000 - 0x0000000012282000 	D:\Xilinx\14.7\ISE_DS\PlanAhead\lib\win64.o\xerces-c_3_1.dll
0x00007fff23ab0000 - 0x00007fff23bba000 	C:\WINDOWS\SYSTEM32\WINHTTP.dll
0x00007fff1b800000 - 0x00007fff1bcd6000 	C:\WINDOWS\SYSTEM32\WININET.dll
0x00007fff21b80000 - 0x00007fff21d6c000 	C:\WINDOWS\SYSTEM32\urlmon.dll
0x00007fff165f0000 - 0x00007fff165f9000 	C:\WINDOWS\SYSTEM32\WSOCK32.dll
0x0000000075930000 - 0x000000007604f000 	D:\Xilinx\14.7\ISE_DS\PlanAhead\tps\win64\jre\bin\server\jvm.dll
0x00007fff2ef90000 - 0x00007fff2ef9c000 	C:\WINDOWS\SYSTEM32\netutils.dll
0x00007fff1f9a0000 - 0x00007fff1f9c7000 	C:\WINDOWS\SYSTEM32\WINMM.dll
0x00007fff21890000 - 0x00007fff218b8000 	C:\WINDOWS\SYSTEM32\srvcli.dll
0x0000000075850000 - 0x0000000075922000 	C:\WINDOWS\SYSTEM32\MSVCR100.dll
0x00007fff218c0000 - 0x00007fff21b7c000 	C:\WINDOWS\SYSTEM32\iertutil.dll
0x00007fff30f70000 - 0x00007fff312c4000 	C:\WINDOWS\System32\combase.dll
0x00007fff31ad0000 - 0x00007fff31b7d000 	C:\WINDOWS\System32\shcore.dll
0x00000000012e0000 - 0x00000000012e9000 	D:\Xilinx\14.7\ISE_DS\PlanAhead\lib\win64.o\libboost_system.dll
0x00000000012f0000 - 0x000000000152a000 	D:\Xilinx\14.7\ISE_DS\PlanAhead\lib\win64.o\libSecurity.dll
0x0000000001540000 - 0x0000000001829000 	D:\Xilinx\14.7\ISE_DS\PlanAhead\lib\win64.o\libCOIN-all.dll
0x00007fff308c0000 - 0x00007fff3099a000 	C:\WINDOWS\System32\COMDLG32.dll
0x00007fff31d50000 - 0x00007fff31da5000 	C:\WINDOWS\System32\SHLWAPI.dll
0x00007fff309a0000 - 0x00007fff30a6d000 	C:\WINDOWS\System32\OLEAUT32.dll
0x0000000001850000 - 0x000000000185f000 	D:\Xilinx\14.7\ISE_DS\PlanAhead\lib\win64.o\libboost_date_time.dll
0x00007fff30a70000 - 0x00007fff30b9b000 	C:\WINDOWS\System32\ole32.dll
0x00007fff2fad0000 - 0x00007fff2fb37000 	C:\WINDOWS\System32\WINTRUST.dll
0x0000000001870000 - 0x00000000018e1000 	D:\Xilinx\14.7\ISE_DS\PlanAhead\lib\win64.o\libboost_program_options.dll
0x00007fff2fe50000 - 0x00007fff2ffad000 	C:\WINDOWS\System32\CRYPT32.dll
0x00000000018f0000 - 0x000000000199f000 	D:\Xilinx\14.7\ISE_DS\PlanAhead\lib\win64.o\libboost_regex.dll
0x00000000019a0000 - 0x00000000019b6000 	D:\Xilinx\14.7\ISE_DS\PlanAhead\lib\win64.o\libboost_thread.dll
0x00000000019d0000 - 0x0000000001a13000 	D:\Xilinx\14.7\ISE_DS\PlanAhead\lib\win64.o\libcurl.dll
0x00007fff30c20000 - 0x00007fff30c7e000 	C:\WINDOWS\System32\WLDAP32.dll
0x0000000001a40000 - 0x0000000001ac3000 	D:\Xilinx\14.7\ISE_DS\PlanAhead\lib\win64.o\libhdlpsolve.dll
0x0000000001ad0000 - 0x0000000001b87000 	D:\Xilinx\14.7\ISE_DS\PlanAhead\lib\win64.o\libhdxml.dll
0x0000000001b90000 - 0x00000000020d30d3 	D:\Xilinx\14.7\ISE_DS\PlanAhead\lib\win64.o\libisl_iostreams.dll
0x0000000002100000 - 0x0000000002129000 	D:\Xilinx\14.7\ISE_DS\PlanAhead\lib\win64.o\libisl_sysinfo.dll
0x0000000002130000 - 0x0000000002142000 	D:\Xilinx\14.7\ISE_DS\PlanAhead\lib\win64.o\pthreadVC.dll
0x0000000002150000 - 0x000000000216e000 	D:\Xilinx\14.7\ISE_DS\PlanAhead\lib\win64.o\librdizlib.dll
0x0000000002190000 - 0x00000000021a6000 	D:\Xilinx\14.7\ISE_DS\PlanAhead\lib\win64.o\librdiconfig.dll
0x00007fff20c50000 - 0x00007fff20c69000 	C:\WINDOWS\SYSTEM32\NETAPI32.dll
0x00007fff08130000 - 0x00007fff081e0000 	C:\WINDOWS\WinSxS\amd64_microsoft.windows.common-controls_6595b64144ccf1df_5.82.19041.3636_none_7931fb75243f97c8\COMCTL32.dll
0x00000000021d0000 - 0x00000000021dc000 	D:\Xilinx\14.7\ISE_DS\PlanAhead\lib\win64.o\libboost_chrono.dll
0x00000000021e0000 - 0x00000000021f9000 	D:\Xilinx\14.7\ISE_DS\PlanAhead\lib\win64.o\libboost_iostreams.dll
0x00007fff30e70000 - 0x00007fff30ea2000 	C:\WINDOWS\System32\IMM32.DLL
0x00007fff2f640000 - 0x00007fff2f652000 	C:\WINDOWS\SYSTEM32\MSASN1.dll
0x00000000057b0000 - 0x0000000005aa3000 	D:\Xilinx\14.7\ISE_DS\PlanAhead\lib\win64.o\librdi_commontasks.dll
0x00007fff2db80000 - 0x00007fff2e31c000 	C:\WINDOWS\SYSTEM32\windows.storage.dll
0x00007fff2f490000 - 0x00007fff2f4be000 	C:\WINDOWS\SYSTEM32\Wldp.dll
0x0000000008cb0000 - 0x00000000092f0000 	D:\Xilinx\14.7\ISE_DS\PlanAhead\lib\win64.o\librdi_coretasks.dll
0x00000000092f0000 - 0x000000000a310000 	D:\Xilinx\14.7\ISE_DS\PlanAhead\lib\win64.o\librdi_constraints.dll
0x000000000a310000 - 0x000000000a4d7000 	D:\Xilinx\14.7\ISE_DS\PlanAhead\lib\win64.o\librdi_chipscope.dll
0x000000000a950000 - 0x000000000dfa1000 	D:\Xilinx\14.7\ISE_DS\PlanAhead\lib\win64.o\librdi_designutils.dll
0x000000000dfb0000 - 0x000000000eb8a000 	D:\Xilinx\14.7\ISE_DS\PlanAhead\lib\win64.o\librdi_device.dll
0x000000000a4e0000 - 0x000000000a76e000 	D:\Xilinx\14.7\ISE_DS\PlanAhead\lib\win64.o\librdi_filemgmt.dll
0x000000000eb90000 - 0x000000000ef66000 	D:\Xilinx\14.7\ISE_DS\PlanAhead\lib\win64.o\librdi_netlist.dll
0x000000000ef70000 - 0x000000000f492000 	D:\Xilinx\14.7\ISE_DS\PlanAhead\lib\win64.o\librdi_power.dll
0x0000000010130000 - 0x0000000011253000 	D:\Xilinx\14.7\ISE_DS\PlanAhead\lib\win64.o\librdi_place.dll
0x000000000f4a0000 - 0x000000000f853000 	D:\Xilinx\14.7\ISE_DS\PlanAhead\lib\win64.o\librdi_project.dll
0x000000000f860000 - 0x000000000fdfd000 	D:\Xilinx\14.7\ISE_DS\PlanAhead\lib\win64.o\librdi_rsb.dll
0x0000000012290000 - 0x000000001355c000 	D:\Xilinx\14.7\ISE_DS\PlanAhead\lib\win64.o\librdi_coregen.dll
0x0000000011260000 - 0x0000000011d38000 	D:\Xilinx\14.7\ISE_DS\PlanAhead\lib\win64.o\librdi_timing.dll
0x0000000013560000 - 0x0000000013958000 	D:\Xilinx\14.7\ISE_DS\PlanAhead\lib\win64.o\librdi_runs.dll
0x0000000013960000 - 0x0000000013c74000 	D:\Xilinx\14.7\ISE_DS\PlanAhead\lib\win64.o\librdi_drc.dll
0x0000000075830000 - 0x0000000075841000 	C:\WINDOWS\WinSxS\amd64_microsoft.vc90.openmp_1fc8b3b9a1e18e3b_9.0.30729.6161_none_390d35aa0a1f21f9\VCOMP90.DLL
0x000000000a770000 - 0x000000000a778000 	D:\Xilinx\14.7\ISE_DS\PlanAhead\lib\win64.o\libpsta_dllwrapper.dll
0x000000000a780000 - 0x000000000a7ee000 	D:\Xilinx\14.7\ISE_DS\PlanAhead\lib\win64.o\liblmx6.0.dll
0x0000000013c80000 - 0x0000000014420000 	D:\Xilinx\14.7\ISE_DS\PlanAhead\lib\win64.o\libverific.dll
0x000000000a810000 - 0x000000000a88d000 	D:\Xilinx\14.7\ISE_DS\PlanAhead\lib\win64.o\libboost_serialization.dll
0x0000000014420000 - 0x0000000014a0e000 	D:\Xilinx\14.7\ISE_DS\PlanAhead\lib\win64.o\librdi_route.dll
0x0000000014a10000 - 0x0000000014f54000 	D:\Xilinx\14.7\ISE_DS\PlanAhead\lib\win64.o\librdi_xdm.dll
0x0000000011d40000 - 0x0000000011f6a000 	D:\Xilinx\14.7\ISE_DS\PlanAhead\lib\win64.o\librdi_labtools.dll
0x0000000014f60000 - 0x000000001549b000 	D:\Xilinx\14.7\ISE_DS\PlanAhead\lib\win64.o\librdi_memdata.dll
0x00000000154a0000 - 0x0000000016bcf000 	D:\Xilinx\14.7\ISE_DS\PlanAhead\lib\win64.o\librdi_synth.dll
0x0000000016bd0000 - 0x000000001739f000 	D:\Xilinx\14.7\ISE_DS\PlanAhead\lib\win64.o\librdi_coregenipxact.dll
0x00000000173a0000 - 0x00000000177de000 	D:\Xilinx\14.7\ISE_DS\PlanAhead\lib\win64.o\librdi_ip.dll
0x000000000fe00000 - 0x000000000fe90000 	D:\Xilinx\14.7\ISE_DS\PlanAhead\lib\win64.o\libise.dll
0x00000000177e0000 - 0x0000000017dbc000 	D:\Xilinx\14.7\ISE_DS\PlanAhead\lib\win64.o\librdi_abc_nomp.dll
0x000000000fea0000 - 0x000000000feba000 	D:\Xilinx\14.7\ISE_DS\PlanAhead\lib\win64.o\librdi_hmetis.dll
0x0000000017dc0000 - 0x0000000017ee8000 	D:\Xilinx\14.7\ISE_DS\PlanAhead\lib\win64.o\librdi_dlyest.dll
0x000000000ff10000 - 0x000000000ff4d000 	D:\Xilinx\14.7\ISE_DS\PlanAhead\lib\win64.o\librdi_simbridge_kernel.dll
0x0000000017ef0000 - 0x0000000018366000 	D:\Xilinx\14.7\ISE_DS\PlanAhead\lib\win64.o\librdi_wavedata.dll
0x0000000019770000 - 0x000000001b828000 	D:\Xilinx\14.7\ISE_DS\PlanAhead\lib\win64.o\librdi_tcltasks.dll
0x000000001b830000 - 0x000000001b904000 	D:\Xilinx\14.7\ISE_DS\PlanAhead\lib\win64.o\librdi_dsp.dll
0x000000000ff90000 - 0x000000000fffe000 	D:\Xilinx\14.7\ISE_DS\PlanAhead\lib\win64.o\librdi_edk.dll
0x000000001b910000 - 0x000000001bb84000 	D:\Xilinx\14.7\ISE_DS\PlanAhead\lib\win64.o\librdi_bitstream.dll
0x000000001bb90000 - 0x000000001bd9e000 	D:\Xilinx\14.7\ISE_DS\PlanAhead\lib\win64.o\librdi_simdata.dll
0x000000001c0a0000 - 0x000000001c1f6000 	D:\Xilinx\14.7\ISE_DS\PlanAhead\lib\win64.o\librdi_planaheadtasks.dll
0x000000001c200000 - 0x000000001d048000 	D:\Xilinx\14.7\ISE_DS\PlanAhead\lib\win64.o\librdi_ipservicestasks.dll
0x0000000075820000 - 0x000000007582f000 	D:\Xilinx\14.7\ISE_DS\PlanAhead\tps\win64\jre\bin\verify.dll
0x00000000757f0000 - 0x0000000075818000 	D:\Xilinx\14.7\ISE_DS\PlanAhead\tps\win64\jre\bin\java.dll
0x00000000757d0000 - 0x00000000757e5000 	D:\Xilinx\14.7\ISE_DS\PlanAhead\tps\win64\jre\bin\zip.dll
0x00000000757b0000 - 0x00000000757c9000 	D:\Xilinx\14.7\ISE_DS\PlanAhead\tps\win64\jre\bin\net.dll
0x00007fff2f190000 - 0x00007fff2f1fa000 	C:\WINDOWS\system32\mswsock.dll
0x0000000075790000 - 0x00000000757a1000 	D:\Xilinx\14.7\ISE_DS\PlanAhead\tps\win64\jre\bin\nio.dll
0x000000002a810000 - 0x000000002aaf6000 	D:\Xilinx\14.7\ISE_DS\PlanAhead\lib\win64.o\librdi_fed.dll
0x000000002ab00000 - 0x000000002ad61000 	D:\Xilinx\14.7\ISE_DS\PlanAhead\lib\win64.o\librdi_guitools.dll
0x000000002ad70000 - 0x000000002ad77000 	D:\Xilinx\14.7\ISE_DS\PlanAhead\lib\win64.o\librdi_commonx11.dll
0x000000002ad90000 - 0x000000002b17e000 	D:\Xilinx\14.7\ISE_DS\PlanAhead\lib\win64.o\librdi_rsbtasks.dll
0x000000002b290000 - 0x000000002b4d9000 	D:\Xilinx\14.7\ISE_DS\PlanAhead\lib\win64.o\librdi_labtoolstasks.dll
0x000000002b4f0000 - 0x000000002b6a8000 	D:\Xilinx\14.7\ISE_DS\PlanAhead\lib\win64.o\librdi_simtcltasks.dll
0x00000000755f0000 - 0x0000000075783000 	D:\Xilinx\14.7\ISE_DS\PlanAhead\tps\win64\jre\bin\awt.dll
0x00007fff2d310000 - 0x00007fff2d3a0000 	C:\WINDOWS\SYSTEM32\apphelp.dll
0x00007fff27e10000 - 0x00007fff27ff4000 	C:\WINDOWS\SYSTEM32\dbghelp.dll
0x00007fff2fb70000 - 0x00007fff2fbf2000 	C:\WINDOWS\System32\bcryptPrimitives.dll

VM Arguments:
jvm_args: -Dsun.java2d.pmoffscreen=false -Xverify:none -Dswing.aatext=true -XX:-UsePerfData -Djdk.map.althashing.threshold=512 -XX:PermSize=128m -XX:MaxPermSize=128m -XX:NewSize=60m -XX:MaxNewSize=60m -XX:+UseConcMarkSweepGC -XX:+UseParNewGC -XX:+CMSParallelRemarkEnabled -XX:+CMSScavengeBeforeRemark -XX:+UseNUMA -XX:+AggressiveOpts -XX:+UseFastAccessorMethods -XX:+UseFastEmptyMethods -XX:+UseBiasedLocking -XX:+TieredCompilation -Xms128m -Xmx2048m -Xss3m 
java_command: <unknown>
Launcher Type: generic

Environment Variables:
JAVA_HOME=C:\Program Files\Java\jre-1.8
PATH=D:/Xilinx/14.7/ISE_DS/PlanAhead/bin;D:/Xilinx/14.7/ISE_DS/PlanAhead/lib/win64.o;D:/Xilinx/14.7/ISE_DS/PlanAhead/tps/win64/jre/bin/server;D:/Xilinx/14.7/ISE_DS/PlanAhead/tps/win64/jre/bin;D:/Xilinx/14.7/ISE_DS/EDK/bin/nt64;D:/Xilinx/14.7/ISE_DS/EDK/lib/nt64;D:/Xilinx/14.7/ISE_DS/ISE/bin/nt64;D:/Xilinx/14.7/ISE_DS/ISE/lib/nt64;D:/Xilinx/14.7/ISE_DS/common/bin/nt64;D:/Xilinx/14.7/ISE_DS/common/lib/nt64;D:\Xilinx\14.7\ISE_DS\ISE\\lib\nt;D:\Xilinx\14.7\ISE_DS\ISE\\bin\nt;D:\Xilinx\14.7\ISE_DS\ISE\bin\nt;D:\Xilinx\14.7\ISE_DS\ISE\lib\nt;D:\Xilinx\14.7\ISE_DS\ISE\..\..\..\DocNav;D:\Xilinx\14.7\ISE_DS\PlanAhead\bin;D:\Xilinx\14.7\ISE_DS\EDK\bin\nt;D:\Xilinx\14.7\ISE_DS\EDK\lib\nt;D:\Xilinx\14.7\ISE_DS\EDK\gnu\microblaze\nt\bin;D:\Xilinx\14.7\ISE_DS\EDK\gnu\powerpc-eabi\nt\bin;D:\Xilinx\14.7\ISE_DS\EDK\gnuwin\bin;D:\Xilinx\14.7\ISE_DS\EDK\gnu\arm\nt\bin;D:\Xilinx\14.7\ISE_DS\EDK\gnu\microblaze\linux_toolchain\nt_be\bin;D:\Xilinx\14.7\ISE_DS\EDK\gnu\microblaze\linux_toolchain\nt_le\bin;D:\Xilinx\14.7\ISE_DS\common\bin\nt;D:\Xilinx\14.7\ISE_DS\common\lib\nt;C:\WINDOWS\system32;C:\WINDOWS;C:\WINDOWS\System32\Wbem;C:\WINDOWS\System32\WindowsPowerShell\v1.0\;C:\WINDOWS\System32\OpenSSH\;D:\Program Files\MATLAB\R2016a\runtime\win64;D:\Program Files\MATLAB\R2016a\bin;C:\Program Files\dotnet\;D:\Program Files\MATLAB\R2016a\polyspace\bin;C:\Program Files\Microsoft SQL Server\Client SDK\ODBC\170\Tools\Binn\;C:\Program Files\Microsoft SQL Server\150\Tools\Binn\;C:\Users\aalia\AppData\Local\Microsoft\WindowsApps;C:\Gradle\gradle-8.3\bin;C:\Users\aalia\AppData\Local\Programs\Microsoft VS Code\bin;C:\Users\aalia\.dotnet\tools;D:\modeltech64_10.6d\win64;C:\intelFPGA\18.1\modelsim_ase\win32aloem;C:\Users\aalia\Downloads\gcc-13.2.0-no-debug\bin
USERNAME=aalia
OS=Windows_NT
PROCESSOR_IDENTIFIER=Intel64 Family 6 Model 78 Stepping 3, GenuineIntel



---------------  S Y S T E M  ---------------

OS: Windows 8 , 64 bit Build 9200 

CPU:total 4 (2 cores per cpu, 2 threads per core) family 6 model 78 stepping 3, cmov, cx8, fxsr, mmx, sse, sse2, sse3, ssse3, sse4.1, sse4.2, popcnt, avx, avx2, ht, tsc, tscinvbit

Memory: 4k page, physical 8256832k(3691532k free), swap 11533632k(5413584k free)

vm_info: Java HotSpot(TM) 64-Bit Server VM (23.7-b01) for windows-amd64 JRE (1.7.0_17-b02), built on Mar  1 2013 03:38:30 by "java_re" with unknown MS VC++:1600

time: Wed Feb 28 21:50:50 2024
elapsed time: 0 seconds

