#
# A fatal error has been detected by the Java Runtime Environment:
#
#  EXCEPTION_UNCAUGHT_CXX_EXCEPTION (0xe06d7363) at pc=0x75d1fa72, pid=10632, tid=5420
#
# JRE version: 7.0_17-b02
# Java VM: Java HotSpot(TM) Server VM (23.7-b01 mixed mode windows-x86 )
# Problematic frame:
# C  [KERNELBASE.dll+0x13fa72]  RaiseException+0x62
#
# Failed to write core dump. Minidumps are not enabled by default on client versions of Windows
#
# If you would like to submit a bug report, please visit:
#   http://bugreport.sun.com/bugreport/crash.jsp
# The crash happened outside the Java Virtual Machine in native code.
# See problematic frame for where to report the bug.
#

---------------  T H R E A D  ---------------

Current thread (0x16b7bc00):  JavaThread "main" [_thread_in_native, id=5420, stack(0x16d90000,0x16e90000)]

siginfo: ExceptionCode=0xe06d7363, ExceptionInformation=0x19930520 0x16e8edc8 0x01044a88 

Registers:
EAX=0x16e8ecf8, EBX=0x00000000, ECX=0x00000003, EDX=0x00000000
ESP=0x16e8ecf8, EBP=0x16e8ed54, ESI=0x010416d4, EDI=0x16e8f1a0
EIP=0x75d1fa72, EFLAGS=0x00000212

Top of Stack: (sp=0x16e8ecf8)
0x16e8ecf8:   e06d7363 00000001 00000000 75d1fa72
0x16e8ed08:   00000003 19930520 16e8edc8 01044a88
0x16e8ed18:   0a90b985 034d0010 00000040 00000000
0x16e8ed28:   59a33d3f 0000003f 01033b02 0000003f
0x16e8ed38:   0000003f 0000003e 16c04500 00fe7f56
0x16e8ed48:   16bda040 5157b4fd 0000003e 16e8ed8c
0x16e8ed58:   59a2df60 e06d7363 00000001 00000003
0x16e8ed68:   16e8ed80 e06d7363 00000001 00000000 

Instructions: (pc=0x75d1fa72)
0x75d1fa52:   89 44 24 10 c1 e0 02 50 51 8d 44 24 1c 50 e8 3b
0x75d1fa62:   10 02 00 83 c4 0c 8d 04 24 50 ff 15 18 04 de 75
0x75d1fa72:   8b 4c 24 54 33 cc e8 2f 50 00 00 8b e5 5d c2 10
0x75d1fa82:   00 83 64 24 10 00 eb de 6a 0f 58 eb c3 cc cc cc 


Register to memory mapping:

EAX=0x16e8ecf8 is pointing into the stack for thread: 0x16b7bc00
EBX=0x00000000 is an unknown value
ECX=0x00000003 is an unknown value
EDX=0x00000000 is an unknown value
ESP=0x16e8ecf8 is pointing into the stack for thread: 0x16b7bc00
EBP=0x16e8ed54 is pointing into the stack for thread: 0x16b7bc00
ESI=0x010416d4 is an unknown value
EDI=0x16e8f1a0 is pointing into the stack for thread: 0x16b7bc00


Stack: [0x16d90000,0x16e90000],  sp=0x16e8ecf8,  free space=1019k
Native frames: (J=compiled Java code, j=interpreted, Vv=VM code, C=native code)
C  [KERNELBASE.dll+0x13fa72]  RaiseException+0x62
C  [MSVCR90.dll+0x5df60]  CxxThrowException+0x48
C  [stlport.5.2.dll+0x45eb4]  stlp_std::locale::_M_throw_on_creation_failure+0x214
C  [stlport.5.2.dll+0x497fe]  stlp_std::_Locale_impl::insert_ctype_facets+0xae
C  [stlport.5.2.dll+0x4607d]  stlp_std::locale::locale+0xcd

Java frames: (J=compiled Java code, j=interpreted, Vv=VM code)
j  ui.data.common.parami.ParamMgr_getValueAsBool(JLjava/lang/String;)Z+0
j  ui.data.common.F.jw(Ljava/lang/String;)Z+5
j  ui.data.common.F.aWC()Z+5
j  ui.h.I.aWC()Z+6
j  ui.aL.aGY()Ljava/lang/String;+0
j  ui.PlanAhead.<clinit>()V+316
v  ~StubRoutines::call_stub

---------------  P R O C E S S  ---------------

Java Threads: ( => current thread )
  0x1d705000 JavaThread "Service Thread" daemon [_thread_blocked, id=5368, stack(0x1eac0000,0x1edc0000)]
  0x1d706400 JavaThread "C2 CompilerThread1" daemon [_thread_blocked, id=7256, stack(0x1e880000,0x1e980000)]
  0x1d707c00 JavaThread "C2 CompilerThread0" daemon [_thread_blocked, id=8616, stack(0x1e740000,0x1e840000)]
  0x1d6d1400 JavaThread "Attach Listener" daemon [_thread_blocked, id=4188, stack(0x1e400000,0x1e700000)]
  0x1d6d2c00 JavaThread "Signal Dispatcher" daemon [_thread_blocked, id=10104, stack(0x1e0c0000,0x1e3c0000)]
  0x1d764800 JavaThread "Finalizer" daemon [_thread_blocked, id=6372, stack(0x1dd80000,0x1e080000)]
  0x1d765c00 JavaThread "Reference Handler" daemon [_thread_blocked, id=11712, stack(0x1da40000,0x1dd40000)]
=>0x16b7bc00 JavaThread "main" [_thread_in_native, id=5420, stack(0x16d90000,0x16e90000)]

Other Threads:
  0x1d767c00 VMThread [stack: 0x1d900000,0x1da00000] [id=8916]
  0x1d703800 WatcherThread [stack: 0x1ee00000,0x1ef00000] [id=8636]

VM state:not at safepoint (normal execution)

VM Mutex/Monitor currently owned by a thread: None

Heap
 PSYoungGen      total 38208K, used 1983K [0xaeaa0000, 0xb1540000, 0xc3ff0000)
  eden space 32768K, 6% used [0xaeaa0000,0xaec8ff60,0xb0aa0000)
  from space 5440K, 0% used [0xb0ff0000,0xb0ff0000,0xb1540000)
  to   space 5440K, 0% used [0xb0aa0000,0xb0aa0000,0xb0ff0000)
 ParOldGen       total 87424K, used 0K [0x83ff0000, 0x89550000, 0xaeaa0000)
  object space 87424K, 0% used [0x83ff0000,0x83ff0000,0x89550000)
 PSPermGen       total 16384K, used 3337K [0x7fff0000, 0x80ff0000, 0x83ff0000)
  object space 16384K, 20% used [0x7fff0000,0x803327f8,0x80ff0000)

Card table byte_map: [0x19f70000,0x1a1a0000] byte_map_base: 0x19b70080

Polling page: 0x16e90000

Code Cache  [0x16eb0000, 0x170f0000, 0x19eb0000)
 total_blobs=155 nmethods=7 adapters=101 free_code_cache=48843Kb largest_free_block=49997056

Compilation events (10 events):
Event: 0.126 Thread 0x1d707c00    3             java.io.Win32FileSystem::normalize (143 bytes)
Event: 0.127 Thread 0x1d706400    4             java.lang.String::equals (81 bytes)
Event: 0.132 Thread 0x1d706400 nmethod 4 0x16efa0c8 code [0x16efa1c0, 0x16efa3d0]
Event: 0.134 Thread 0x1d707c00 nmethod 3 0x16ef9a48 code [0x16ef9b80, 0x16ef9eb8]
Event: 0.136 Thread 0x1d706400    5             java.lang.String::indexOf (70 bytes)
Event: 0.138 Thread 0x1d706400 nmethod 5 0x16efb208 code [0x16efb300, 0x16efb47c]
Event: 0.151 Thread 0x1d707c00    6             java.lang.String::indexOf (166 bytes)
Event: 0.154 Thread 0x1d706400    7             java.lang.AbstractStringBuilder::ensureCapacityInternal (16 bytes)
Event: 0.157 Thread 0x1d706400 nmethod 7 0x16f01648 code [0x16f01740, 0x16f019d0]
Event: 0.157 Thread 0x1d707c00 nmethod 6 0x16efc6c8 code [0x16efc7c0, 0x16efcb50]

GC Heap History (0 events):
No events

Deoptimization events (1 events):
Event: 0.139 Thread 0x16b7bc00 Uncommon trap -83 fr.pc 0x16efa348

Internal exceptions (10 events):
Event: 0.155 Thread 0x16b7bc00 Threw 0xaec0aed8 at C:\jdk7u2_32P\jdk7u17\hotspot\src\share\vm\prims\jvm.cpp:1166
Event: 0.155 Thread 0x16b7bc00 Threw 0xaec0cb10 at C:\jdk7u2_32P\jdk7u17\hotspot\src\share\vm\prims\jvm.cpp:1166
Event: 0.159 Thread 0x16b7bc00 Threw 0xaec15bd0 at C:\jdk7u2_32P\jdk7u17\hotspot\src\share\vm\prims\jni.cpp:716
Event: 0.166 Thread 0x16b7bc00 Threw 0xaec2cd90 at C:\jdk7u2_32P\jdk7u17\hotspot\src\share\vm\prims\jvm.cpp:1166
Event: 0.166 Thread 0x16b7bc00 Threw 0xaec363c8 at C:\jdk7u2_32P\jdk7u17\hotspot\src\share\vm\prims\jvm.cpp:1166
Event: 0.167 Thread 0x16b7bc00 Threw 0xaec39fd0 at C:\jdk7u2_32P\jdk7u17\hotspot\src\share\vm\prims\jvm.cpp:1166
Event: 0.167 Thread 0x16b7bc00 Threw 0xaec3d558 at C:\jdk7u2_32P\jdk7u17\hotspot\src\share\vm\prims\jvm.cpp:1166
Event: 0.168 Thread 0x16b7bc00 Threw 0xaec430d0 at C:\jdk7u2_32P\jdk7u17\hotspot\src\share\vm\prims\jvm.cpp:1166
Event: 0.169 Thread 0x16b7bc00 Threw 0xaec54ac0 at C:\jdk7u2_32P\jdk7u17\hotspot\src\share\vm\prims\jvm.cpp:1166
Event: 0.174 Thread 0x16b7bc00 Threw 0xaec71178 at C:\jdk7u2_32P\jdk7u17\hotspot\src\share\vm\prims\jvm.cpp:1166

Events (10 events):
Event: 0.173 loading class 0x16bfa090
Event: 0.173 loading class 0x16bfa090 done
Event: 0.173 loading class 0x16bf27a0
Event: 0.173 loading class 0x16bf27a0 done
Event: 0.173 loading class 0x1f07a9f0
Event: 0.173 loading class 0x1f07a9f0 done
Event: 0.173 loading class 0x1fba1c30
Event: 0.174 loading class 0x1fba1c30 done
Event: 0.174 loading class 0x1f020380
Event: 0.174 loading class 0x1f020380 done


Dynamic libraries:
0x00400000 - 0x0040b000 	D:\Xilinx\14.7\ISE_DS\PlanAhead\bin\unwrapped\win32.o\planAhead.exe
0x76fc0000 - 0x77164000 	C:\WINDOWS\SYSTEM32\ntdll.dll
0x75f80000 - 0x76070000 	C:\WINDOWS\System32\KERNEL32.DLL
0x75be0000 - 0x75e1a000 	C:\WINDOWS\System32\KERNELBASE.dll
0x10000000 - 0x10011000 	D:\Xilinx\14.7\ISE_DS\PlanAhead\lib\win32.o\librdi_commonmain.dll
0x0a900000 - 0x0a928000 	D:\Xilinx\14.7\ISE_DS\PlanAhead\lib\win32.o\SHSMP.DLL
0x759c0000 - 0x75b5c000 	C:\WINDOWS\System32\USER32.dll
0x599d0000 - 0x59a73000 	C:\WINDOWS\WinSxS\x86_microsoft.vc90.crt_1fc8b3b9a1e18e3b_9.0.30729.9625_none_508ef7e4bcbbe589\MSVCR90.dll
0x76070000 - 0x76088000 	C:\WINDOWS\System32\win32u.dll
0x76cd0000 - 0x76cf3000 	C:\WINDOWS\System32\GDI32.dll
0x76110000 - 0x761f5000 	C:\WINDOWS\System32\gdi32full.dll
0x76090000 - 0x7610b000 	C:\WINDOWS\System32\msvcp_win.dll
0x76d00000 - 0x76e20000 	C:\WINDOWS\System32\ucrtbase.dll
0x751a0000 - 0x7521e000 	C:\WINDOWS\System32\ADVAPI32.dll
0x75ec0000 - 0x75f7f000 	C:\WINDOWS\System32\msvcrt.dll
0x75120000 - 0x75198000 	C:\WINDOWS\System32\sechost.dll
0x76e20000 - 0x76edf000 	C:\WINDOWS\System32\RPCRT4.dll
0x76cb0000 - 0x76cc9000 	C:\WINDOWS\System32\bcrypt.dll
0x73e00000 - 0x73e08000 	C:\WINDOWS\SYSTEM32\VERSION.dll
0x00a50000 - 0x00fd6000 	D:\Xilinx\14.7\ISE_DS\PlanAhead\lib\win32.o\librdi_common.dll
0x00fe0000 - 0x0108c000 	D:\Xilinx\14.7\ISE_DS\PlanAhead\lib\win32.o\stlport.5.2.dll
0x004a0000 - 0x004af000 	D:\Xilinx\14.7\ISE_DS\PlanAhead\lib\win32.o\libboost_signals.dll
0x00510000 - 0x0052c000 	D:\Xilinx\14.7\ISE_DS\PlanAhead\lib\win32.o\libboost_filesystem.dll
0x75bd0000 - 0x75bd6000 	C:\WINDOWS\System32\PSAPI.DLL
0x75220000 - 0x757d7000 	C:\WINDOWS\System32\SHELL32.dll
0x01090000 - 0x0116e000 	D:\Xilinx\14.7\ISE_DS\PlanAhead\lib\win32.o\tcl85t.dll
0x76c40000 - 0x76ca3000 	C:\WINDOWS\System32\WS2_32.dll
0x59280000 - 0x597b4000 	D:\Xilinx\14.7\ISE_DS\PlanAhead\tps\win32\jre\bin\server\jvm.dll
0x74870000 - 0x7493a000 	C:\WINDOWS\SYSTEM32\WINHTTP.dll
0x725d0000 - 0x72a25000 	C:\WINDOWS\SYSTEM32\WININET.dll
0x12000000 - 0x121d0000 	D:\Xilinx\14.7\ISE_DS\PlanAhead\lib\win32.o\xerces-c_3_1.dll
0x69270000 - 0x69419000 	C:\WINDOWS\SYSTEM32\urlmon.dll
0x62c00000 - 0x62c08000 	C:\WINDOWS\SYSTEM32\WSOCK32.dll
0x59940000 - 0x599ce000 	C:\WINDOWS\WinSxS\x86_microsoft.vc90.crt_1fc8b3b9a1e18e3b_9.0.30729.9625_none_508ef7e4bcbbe589\MSVCP90.dll
0x69a30000 - 0x69a58000 	C:\WINDOWS\SYSTEM32\WINMM.dll
0x68f60000 - 0x69196000 	C:\WINDOWS\SYSTEM32\iertutil.dll
0x59880000 - 0x5993f000 	C:\WINDOWS\SYSTEM32\MSVCR100.dll
0x76290000 - 0x76510000 	C:\WINDOWS\System32\combase.dll
0x68f40000 - 0x68f5d000 	C:\WINDOWS\SYSTEM32\srvcli.dll
0x73690000 - 0x7369b000 	C:\WINDOWS\SYSTEM32\netutils.dll
0x76bb0000 - 0x76c37000 	C:\WINDOWS\System32\shcore.dll
0x01170000 - 0x01372000 	D:\Xilinx\14.7\ISE_DS\PlanAhead\lib\win32.o\libSecurity.dll
0x74ec0000 - 0x74f6f000 	C:\WINDOWS\System32\COMDLG32.dll
0x01390000 - 0x015ec000 	D:\Xilinx\14.7\ISE_DS\PlanAhead\lib\win32.o\libCOIN-all.dll
0x76f40000 - 0x76f85000 	C:\WINDOWS\System32\SHLWAPI.dll
0x015f0000 - 0x015fc000 	D:\Xilinx\14.7\ISE_DS\PlanAhead\lib\win32.o\libboost_date_time.dll
0x75e20000 - 0x75eb6000 	C:\WINDOWS\System32\OLEAUT32.dll
0x76980000 - 0x76a63000 	C:\WINDOWS\System32\ole32.dll
0x01610000 - 0x0168b000 	D:\Xilinx\14.7\ISE_DS\PlanAhead\lib\win32.o\libboost_regex.dll
0x01690000 - 0x016dd000 	D:\Xilinx\14.7\ISE_DS\PlanAhead\lib\win32.o\libboost_program_options.dll
0x75970000 - 0x759bc000 	C:\WINDOWS\System32\WINTRUST.dll
0x01700000 - 0x01707000 	D:\Xilinx\14.7\ISE_DS\PlanAhead\lib\win32.o\libboost_system.dll
0x757e0000 - 0x758df000 	C:\WINDOWS\System32\CRYPT32.dll
0x01710000 - 0x01720000 	D:\Xilinx\14.7\ISE_DS\PlanAhead\lib\win32.o\libboost_thread.dll
0x01730000 - 0x0176a000 	D:\Xilinx\14.7\ISE_DS\PlanAhead\lib\win32.o\libcurl.dll
0x01770000 - 0x017d9000 	D:\Xilinx\14.7\ISE_DS\PlanAhead\lib\win32.o\libhdlpsolve.dll
0x75b60000 - 0x75bbd000 	C:\WINDOWS\System32\WLDAP32.dll
0x017e0000 - 0x01866000 	D:\Xilinx\14.7\ISE_DS\PlanAhead\lib\win32.o\libhdxml.dll
0x01890000 - 0x01becd5b 	D:\Xilinx\14.7\ISE_DS\PlanAhead\lib\win32.o\libisl_iostreams.dll
0x01bf0000 - 0x01c0c000 	D:\Xilinx\14.7\ISE_DS\PlanAhead\lib\win32.o\libisl_sysinfo.dll
0x01c30000 - 0x01c43000 	D:\Xilinx\14.7\ISE_DS\PlanAhead\lib\win32.o\librdiconfig.dll
0x01c50000 - 0x01c5d000 	C:\WINDOWS\SYSTEM32\pthreadVC.dll
0x01c60000 - 0x01c79000 	D:\Xilinx\14.7\ISE_DS\PlanAhead\lib\win32.o\librdizlib.dll
0x74940000 - 0x74954000 	C:\WINDOWS\SYSTEM32\NETAPI32.dll
0x699a0000 - 0x69a2d000 	C:\WINDOWS\WinSxS\x86_microsoft.windows.common-controls_6595b64144ccf1df_5.82.19041.3636_none_c0df324c38bbc0ce\COMCTL32.dll
0x01cc0000 - 0x01cca000 	D:\Xilinx\14.7\ISE_DS\PlanAhead\lib\win32.o\libboost_chrono.dll
0x01cd0000 - 0x01ce2000 	D:\Xilinx\14.7\ISE_DS\PlanAhead\lib\win32.o\libboost_iostreams.dll
0x76510000 - 0x76536000 	C:\WINDOWS\System32\IMM32.DLL
0x74830000 - 0x7483e000 	C:\WINDOWS\SYSTEM32\MSASN1.dll
0x050e0000 - 0x052e0000 	D:\Xilinx\14.7\ISE_DS\PlanAhead\lib\win32.o\librdi_commontasks.dll
0x74080000 - 0x74693000 	C:\WINDOWS\SYSTEM32\windows.storage.dll
0x74050000 - 0x74075000 	C:\WINDOWS\SYSTEM32\Wldp.dll
0x08760000 - 0x08b77000 	D:\Xilinx\14.7\ISE_DS\PlanAhead\lib\win32.o\librdi_coretasks.dll
0x08b80000 - 0x08c97000 	D:\Xilinx\14.7\ISE_DS\PlanAhead\lib\win32.o\librdi_chipscope.dll
0x08ca0000 - 0x09688000 	D:\Xilinx\14.7\ISE_DS\PlanAhead\lib\win32.o\librdi_constraints.dll
0x09690000 - 0x0a093000 	D:\Xilinx\14.7\ISE_DS\PlanAhead\lib\win32.o\librdi_coregen.dll
0x0a930000 - 0x0d984000 	D:\Xilinx\14.7\ISE_DS\PlanAhead\lib\win32.o\librdi_designutils.dll
0x0a0a0000 - 0x0a849000 	D:\Xilinx\14.7\ISE_DS\PlanAhead\lib\win32.o\librdi_device.dll
0x0d990000 - 0x0db84000 	D:\Xilinx\14.7\ISE_DS\PlanAhead\lib\win32.o\librdi_drc.dll
0x0db90000 - 0x0dd20000 	D:\Xilinx\14.7\ISE_DS\PlanAhead\lib\win32.o\librdi_filemgmt.dll
0x0dd20000 - 0x0e843000 	D:\Xilinx\14.7\ISE_DS\PlanAhead\lib\win32.o\librdi_place.dll
0x0e850000 - 0x0eaa1000 	D:\Xilinx\14.7\ISE_DS\PlanAhead\lib\win32.o\librdi_netlist.dll
0x0eab0000 - 0x0edef000 	D:\Xilinx\14.7\ISE_DS\PlanAhead\lib\win32.o\librdi_power.dll
0x0edf0000 - 0x0f018000 	D:\Xilinx\14.7\ISE_DS\PlanAhead\lib\win32.o\librdi_project.dll
0x0f020000 - 0x0f36d000 	D:\Xilinx\14.7\ISE_DS\PlanAhead\lib\win32.o\librdi_rsb.dll
0x0f370000 - 0x0f5d2000 	D:\Xilinx\14.7\ISE_DS\PlanAhead\lib\win32.o\librdi_runs.dll
0x0f5e0000 - 0x0fcb4000 	D:\Xilinx\14.7\ISE_DS\PlanAhead\lib\win32.o\librdi_timing.dll
0x59870000 - 0x5987e000 	C:\WINDOWS\WinSxS\x86_microsoft.vc90.openmp_1fc8b3b9a1e18e3b_9.0.30729.6161_none_80ba6c811e9b4aff\VCOMP90.DLL
0x0fcd0000 - 0x0fd20000 	D:\Xilinx\14.7\ISE_DS\PlanAhead\lib\win32.o\liblmx6.0.dll
0x10020000 - 0x10626000 	D:\Xilinx\14.7\ISE_DS\PlanAhead\lib\win32.o\libverific.dll
0x0fd30000 - 0x0fd8f000 	D:\Xilinx\14.7\ISE_DS\PlanAhead\lib\win32.o\libboost_serialization.dll
0x10630000 - 0x10b2d000 	D:\Xilinx\14.7\ISE_DS\PlanAhead\lib\win32.o\librdi_xdm.dll
0x10b30000 - 0x11071000 	D:\Xilinx\14.7\ISE_DS\PlanAhead\lib\win32.o\librdi_coregenipxact.dll
0x0fdb0000 - 0x0fdb7000 	D:\Xilinx\14.7\ISE_DS\PlanAhead\lib\win32.o\libpsta_dllwrapper.dll
0x11080000 - 0x1144f000 	D:\Xilinx\14.7\ISE_DS\PlanAhead\lib\win32.o\librdi_route.dll
0x11450000 - 0x1182d000 	D:\Xilinx\14.7\ISE_DS\PlanAhead\lib\win32.o\librdi_memdata.dll
0x0fde0000 - 0x0ff3c000 	D:\Xilinx\14.7\ISE_DS\PlanAhead\lib\win32.o\librdi_labtools.dll
0x121d0000 - 0x13274000 	D:\Xilinx\14.7\ISE_DS\PlanAhead\lib\win32.o\librdi_synth.dll
0x11830000 - 0x11b04000 	D:\Xilinx\14.7\ISE_DS\PlanAhead\lib\win32.o\librdi_ip.dll
0x11b10000 - 0x11bdb000 	D:\Xilinx\14.7\ISE_DS\PlanAhead\lib\win32.o\librdi_dlyest.dll
0x0ff80000 - 0x0ffec000 	D:\Xilinx\14.7\ISE_DS\PlanAhead\lib\win32.o\libise.dll
0x13280000 - 0x13708000 	D:\Xilinx\14.7\ISE_DS\PlanAhead\lib\win32.o\librdi_abc_nomp.dll
0x11bf0000 - 0x11c05000 	D:\Xilinx\14.7\ISE_DS\PlanAhead\lib\win32.o\librdi_hmetis.dll
0x11c50000 - 0x11c7e000 	D:\Xilinx\14.7\ISE_DS\PlanAhead\lib\win32.o\librdi_simbridge_kernel.dll
0x11c90000 - 0x11fd6000 	D:\Xilinx\14.7\ISE_DS\PlanAhead\lib\win32.o\librdi_wavedata.dll
0x14610000 - 0x15abe000 	D:\Xilinx\14.7\ISE_DS\PlanAhead\lib\win32.o\librdi_tcltasks.dll
0x15ac0000 - 0x15c32000 	D:\Xilinx\14.7\ISE_DS\PlanAhead\lib\win32.o\librdi_bitstream.dll
0x15c50000 - 0x15c8d000 	D:\Xilinx\14.7\ISE_DS\PlanAhead\lib\win32.o\librdi_edk.dll
0x15c90000 - 0x15d0e000 	D:\Xilinx\14.7\ISE_DS\PlanAhead\lib\win32.o\librdi_dsp.dll
0x15d20000 - 0x15e90000 	D:\Xilinx\14.7\ISE_DS\PlanAhead\lib\win32.o\librdi_simdata.dll
0x160f0000 - 0x161d4000 	D:\Xilinx\14.7\ISE_DS\PlanAhead\lib\win32.o\librdi_planaheadtasks.dll
0x161f0000 - 0x16b3e000 	D:\Xilinx\14.7\ISE_DS\PlanAhead\lib\win32.o\librdi_ipservicestasks.dll
0x59860000 - 0x5986c000 	D:\Xilinx\14.7\ISE_DS\PlanAhead\tps\win32\jre\bin\verify.dll
0x59840000 - 0x59860000 	D:\Xilinx\14.7\ISE_DS\PlanAhead\tps\win32\jre\bin\java.dll
0x59820000 - 0x59833000 	D:\Xilinx\14.7\ISE_DS\PlanAhead\tps\win32\jre\bin\zip.dll
0x59800000 - 0x59814000 	D:\Xilinx\14.7\ISE_DS\PlanAhead\tps\win32\jre\bin\net.dll
0x74960000 - 0x749b2000 	C:\WINDOWS\system32\mswsock.dll
0x597f0000 - 0x597fe000 	D:\Xilinx\14.7\ISE_DS\PlanAhead\tps\win32\jre\bin\nio.dll
0x1f120000 - 0x1f318000 	D:\Xilinx\14.7\ISE_DS\PlanAhead\lib\win32.o\librdi_fed.dll
0x1f330000 - 0x1f4c1000 	D:\Xilinx\14.7\ISE_DS\PlanAhead\lib\win32.o\librdi_guitools.dll
0x1f4e0000 - 0x1f4e6000 	D:\Xilinx\14.7\ISE_DS\PlanAhead\lib\win32.o\librdi_commonx11.dll
0x1f500000 - 0x1f78d000 	D:\Xilinx\14.7\ISE_DS\PlanAhead\lib\win32.o\librdi_rsbtasks.dll
0x1f7a0000 - 0x1f92b000 	D:\Xilinx\14.7\ISE_DS\PlanAhead\lib\win32.o\librdi_labtoolstasks.dll
0x1fa40000 - 0x1fb6f000 	D:\Xilinx\14.7\ISE_DS\PlanAhead\lib\win32.o\librdi_simtcltasks.dll
0x59130000 - 0x59272000 	D:\Xilinx\14.7\ISE_DS\PlanAhead\tps\win32\jre\bin\awt.dll
0x59090000 - 0x5912f000 	C:\WINDOWS\SYSTEM32\apphelp.dll
0x73370000 - 0x734f8000 	C:\WINDOWS\SYSTEM32\dbghelp.dll
0x76ee0000 - 0x76f3f000 	C:\WINDOWS\System32\bcryptPrimitives.dll

VM Arguments:
jvm_args: -Dsun.java2d.pmoffscreen=false -Xverify:none -Dswing.aatext=true -XX:-UsePerfData -Djdk.map.althashing.threshold=512 -Xms128m -Xmx1024m -Xss3m 
java_command: <unknown>
Launcher Type: generic

Environment Variables:
JAVA_HOME=C:\Program Files\Unity\Hub\Editor\2021.3.30f1\Editor\Data\PlaybackEngines\AndroidPlayer\OpenJDK
PATH=D:/Xilinx/14.7/ISE_DS/PlanAhead/bin;D:/Xilinx/14.7/ISE_DS/PlanAhead/lib/win32.o;D:/Xilinx/14.7/ISE_DS/PlanAhead/tps/win32/jre/bin/server;D:/Xilinx/14.7/ISE_DS/PlanAhead/tps/win32/jre/bin;D:/Xilinx/14.7/ISE_DS/EDK/bin/nt;D:/Xilinx/14.7/ISE_DS/EDK/lib/nt;D:/Xilinx/14.7/ISE_DS/ISE/bin/nt;D:/Xilinx/14.7/ISE_DS/ISE/lib/nt;D:/Xilinx/14.7/ISE_DS/common/bin/nt;D:/Xilinx/14.7/ISE_DS/common/lib/nt;D:\Xilinx\14.7\ISE_DS\ISE\\lib\nt64;D:\Xilinx\14.7\ISE_DS\ISE\\bin\nt64;D:\Xilinx\14.7\ISE_DS\ISE\bin\nt64;D:\Xilinx\14.7\ISE_DS\ISE\lib\nt64;D:\Xilinx\14.7\ISE_DS\ISE\..\..\..\DocNav;D:\Xilinx\14.7\ISE_DS\PlanAhead\bin;D:\Xilinx\14.7\ISE_DS\EDK\bin\nt64;D:\Xilinx\14.7\ISE_DS\EDK\lib\nt64;D:\Xilinx\14.7\ISE_DS\EDK\gnu\microblaze\nt\bin;D:\Xilinx\14.7\ISE_DS\EDK\gnu\powerpc-eabi\nt\bin;D:\Xilinx\14.7\ISE_DS\EDK\gnuwin\bin;D:\Xilinx\14.7\ISE_DS\EDK\gnu\arm\nt\bin;D:\Xilinx\14.7\ISE_DS\EDK\gnu\microblaze\linux_toolchain\nt64_be\bin;D:\Xilinx\14.7\ISE_DS\EDK\gnu\microblaze\linux_toolchain\nt64_le\bin;D:\Xilinx\14.7\ISE_DS\common\bin\nt64;D:\Xilinx\14.7\ISE_DS\common\lib\nt64;C:\WINDOWS\system32;C:\WINDOWS;C:\WINDOWS\System32\Wbem;C:\WINDOWS\System32\WindowsPowerShell\v1.0\;C:\WINDOWS\System32\OpenSSH\;D:\Program Files\MATLAB\R2016a\runtime\win64;D:\Program Files\MATLAB\R2016a\bin;C:\Program Files\dotnet\;D:\Program Files\MATLAB\R2016a\polyspace\bin;C:\Program Files\Microsoft SQL Server\Client SDK\ODBC\170\Tools\Binn\;C:\Program Files\Microsoft SQL Server\150\Tools\Binn\;C:\Users\aalia\AppData\Local\Microsoft\WindowsApps;C:\Gradle\gradle-8.3\bin;C:\Users\aalia\AppData\Local\Programs\Microsoft VS Code\bin;C:\Users\aalia\.dotnet\tools;D:\modeltech64_10.6d\win64;C:\intelFPGA\18.1\modelsim_ase\win32aloem;C:\Users\aalia\Downloads\gcc-13.2.0-no-debug\bin
USERNAME=aalia
OS=Windows_NT
PROCESSOR_IDENTIFIER=Intel64 Family 6 Model 78 Stepping 3, GenuineIntel



---------------  S Y S T E M  ---------------

OS: Windows 8 , 64 bit Build 9200 

CPU:total 4 (2 cores per cpu, 2 threads per core) family 6 model 78 stepping 3, cmov, cx8, fxsr, mmx, sse, sse2, sse3, ssse3, sse4.1, sse4.2, popcnt, avx, avx2, ht, tsc, tscinvbit

Memory: 4k page, physical 8256832k(2970284k free), swap 12057920k(5756864k free)

vm_info: Java HotSpot(TM) Server VM (23.7-b01) for windows-x86 JRE (1.7.0_17-b02), built on Mar  1 2013 05:01:01 by "java_re" with unknown MS VC++:1600

time: Wed Feb 28 17:27:43 2024
elapsed time: 0 seconds

