#
# A fatal error has been detected by the Java Runtime Environment:
#
#  EXCEPTION_UNCAUGHT_CXX_EXCEPTION (0xe06d7363) at pc=0x00007fff2ffdcf19, pid=8412, tid=5524
#
# JRE version: 7.0_17-b02
# Java VM: Java HotSpot(TM) 64-Bit Server VM (23.7-b01 mixed mode windows-amd64 compressed oops)
# Problematic frame:
# C  [KERNELBASE.dll+0x2cf19]  RaiseException+0x69
#
# Failed to write core dump. Minidumps are not enabled by default on client versions of Windows
#
# If you would like to submit a bug report, please visit:
#   http://bugreport.sun.com/bugreport/crash.jsp
# The crash happened outside the Java Virtual Machine in native code.
# See problematic frame for where to report the bug.
#

---------------  T H R E A D  ---------------

Current thread (0x000000001d13b000):  JavaThread "main" [_thread_in_native, id=5524, stack(0x000000001d300000,0x000000001d400000)]

siginfo: ExceptionCode=0xe06d7363, ExceptionInformation=0x0000000019930520 0x000000001d3fe348 0x00000000009f1910 0x0000000000950000 

Registers:
RAX=0x00000000759a22ae, RBX=0x000000001d3fd970, RCX=0x0000000000000000, RDX=0x000000001d180230
RSP=0x000000001d3fbbc0, RBP=0x000000001d3fc290, RSI=0x000000001d3fe1c0, RDI=0x000000001d3fca30
R8 =0x0000000000000000, R9 =0xfe1456db00000000, R10=0x24ecc179081611ae, R11=0x69a4e03635024081
R12=0x000000001d3fe560, R13=0x000000001d3fd038, R14=0x0000000000000000, R15=0x000000001d3fbd18
RIP=0x00007fff2ffdcf19, EFLAGS=0x0000000000000206

Top of Stack: (sp=0x000000001d3fbbc0)
0x000000001d3fbbc0:   000000001d1be680 000000001d3fd970
0x000000001d3fbbd0:   000000001d3fe1c0 00007fff30000fbb
0x000000001d3fbbe0:   00000001e06d7363 0000000000000000
0x000000001d3fbbf0:   00007fff2ffdcf19 0000000000000004
0x000000001d3fbc00:   0000000019930520 000000001d3fe348
0x000000001d3fbc10:   00000000009f1910 0000000000950000
0x000000001d3fbc20:   0000454515f5e580 00000000009c8110
0x000000001d3fbc30:   000000001d3fd970 000000007613334a
0x000000001d3fbc40:   0000000000000000 000000001d13fd20
0x000000001d3fbc50:   0000000000000000 000000001d3fca30
0x000000001d3fbc60:   000000001d3fca30 000000007613336b
0x000000001d3fbc70:   000000001d3fd970 000000001d3fe560
0x000000001d3fbc80:   000005b1e28b6fad 000000001d180230
0x000000001d3fbc90:   000000001d3fd970 0000000076173bb8
0x000000001d3fbca0:   00000000009c80e0 000000001d3fd038
0x000000001d3fbcb0:   0000000000000100 0000000000000000 

Instructions: (pc=0x00007fff2ffdcf19)
0x00007fff2ffdcef9:   8b d1 44 0f 47 c0 44 89 44 24 38 49 c1 e0 03 e8
0x00007fff2ffdcf09:   6a 97 08 00 48 8d 4c 24 20 48 ff 15 ff 81 1b 00
0x00007fff2ffdcf19:   0f 1f 44 00 00 48 8b 8c 24 c0 00 00 00 48 33 cc
0x00007fff2ffdcf29:   e8 f2 88 06 00 48 81 c4 d8 00 00 00 c3 cc 83 64 


Register to memory mapping:

RAX=0x00000000759a22ae is an unknown value
RBX=0x000000001d3fd970 is pointing into the stack for thread: 0x000000001d13b000
RCX=0x0000000000000000 is an unknown value
RDX=0x000000001d180230 is an unknown value
RSP=0x000000001d3fbbc0 is pointing into the stack for thread: 0x000000001d13b000
RBP=0x000000001d3fc290 is pointing into the stack for thread: 0x000000001d13b000
RSI=0x000000001d3fe1c0 is pointing into the stack for thread: 0x000000001d13b000
RDI=0x000000001d3fca30 is pointing into the stack for thread: 0x000000001d13b000
R8 =0x0000000000000000 is an unknown value
R9 =0xfe1456db00000000 is an unknown value
R10=0x24ecc179081611ae is an unknown value
R11=0x69a4e03635024081 is an unknown value
R12=0x000000001d3fe560 is pointing into the stack for thread: 0x000000001d13b000
R13=0x000000001d3fd038 is pointing into the stack for thread: 0x000000001d13b000
R14=0x0000000000000000 is an unknown value
R15=0x000000001d3fbd18 is pointing into the stack for thread: 0x000000001d13b000


Stack: [0x000000001d300000,0x000000001d400000],  sp=0x000000001d3fbbc0,  free space=1006k
Native frames: (J=compiled Java code, j=interpreted, Vv=VM code, C=native code)
C  [KERNELBASE.dll+0x2cf19]  RaiseException+0x69
C  0x000000001d3fc8f0

Java frames: (J=compiled Java code, j=interpreted, Vv=VM code)
j  ui.data.common.parami.ParamMgr_getValueAsBool(JLjava/lang/String;)Z+0
j  ui.data.common.F.jw(Ljava/lang/String;)Z+5
j  ui.data.common.F.aWC()Z+5
j  ui.h.I.aWC()Z+6
j  ui.aL.aGY()Ljava/lang/String;+0
j  ui.PlanAhead.<clinit>()V+316
v  ~StubRoutines::call_stub

---------------  P R O C E S S  ---------------

Java Threads: ( => current thread )
  0x000000001d2a1800 JavaThread "Service Thread" daemon [_thread_blocked, id=7208, stack(0x000000002a2e0000,0x000000002a5e0000)]
  0x0000000028e61800 JavaThread "C1 CompilerThread2" daemon [_thread_blocked, id=4668, stack(0x000000002a1e0000,0x000000002a2e0000)]
  0x0000000028e51800 JavaThread "C2 CompilerThread1" daemon [_thread_blocked, id=2816, stack(0x000000002a0e0000,0x000000002a1e0000)]
  0x00000000242b1000 JavaThread "C2 CompilerThread0" daemon [_thread_blocked, id=524, stack(0x0000000029fe0000,0x000000002a0e0000)]
  0x0000000024311800 JavaThread "Attach Listener" daemon [_thread_blocked, id=7364, stack(0x0000000029ce0000,0x0000000029fe0000)]
  0x0000000029622000 JavaThread "Signal Dispatcher" daemon [_thread_blocked, id=3484, stack(0x00000000299e0000,0x0000000029ce0000)]
  0x0000000029624000 JavaThread "Surrogate Locker Thread (Concurrent GC)" daemon [_thread_blocked, id=10404, stack(0x00000000296e0000,0x00000000299e0000)]
  0x00000000242d5800 JavaThread "Finalizer" daemon [_thread_blocked, id=7416, stack(0x00000000292e0000,0x00000000295e0000)]
  0x00000000242d7000 JavaThread "Reference Handler" daemon [_thread_blocked, id=5192, stack(0x0000000028fe0000,0x00000000292e0000)]
=>0x000000001d13b000 JavaThread "main" [_thread_in_native, id=5524, stack(0x000000001d300000,0x000000001d400000)]

Other Threads:
  0x0000000024262000 VMThread [stack: 0x0000000028ee0000,0x0000000028fe0000] [id=6420]
  0x0000000029657800 WatcherThread [stack: 0x000000002a5e0000,0x000000002a6e0000] [id=9688]

VM state:not at safepoint (normal execution)

VM Mutex/Monitor currently owned by a thread: None

Heap
 par new generation   total 55296K, used 4043K [0x0000000778000000, 0x000000077bc00000, 0x000000077bc00000)
  eden space 49152K,   8% used [0x0000000778000000, 0x00000007783f2ec8, 0x000000077b000000)
  from space 6144K,   0% used [0x000000077b000000, 0x000000077b000000, 0x000000077b600000)
  to   space 6144K,   0% used [0x000000077b600000, 0x000000077b600000, 0x000000077bc00000)
 concurrent mark-sweep generation total 69632K, used 0K [0x000000077bc00000, 0x0000000780000000, 0x00000007f8000000)
 concurrent-mark-sweep perm gen total 131072K, used 5138K [0x00000007f8000000, 0x0000000800000000, 0x0000000800000000)

Card table byte_map: [0x00000000239a0000,0x0000000023df0000] byte_map_base: 0x000000001fde0000

Polling page: 0x000000001d400000

Code Cache  [0x000000001d420000, 0x000000001d690000, 0x0000000023420000)
 total_blobs=394 nmethods=109 adapters=203 free_code_cache=97040Kb largest_free_block=99368256

Compilation events (10 events):
Event: 1.708 Thread 0x0000000028e61800  105       3       java.util.HashMap$FrontCache::get (32 bytes)
Event: 1.709 Thread 0x0000000028e61800 nmethod 105 0x000000001d5597d0 code [0x000000001d559960, 0x000000001d559ed0]
Event: 1.726 Thread 0x0000000028e61800  106       3       java.io.BufferedInputStream::getBufIfOpen (21 bytes)
Event: 1.727 Thread 0x0000000028e61800 nmethod 106 0x000000001d55a050 code [0x000000001d55a1c0, 0x000000001d55a428]
Event: 1.727 Thread 0x0000000028e61800  107  s    3       java.io.BufferedInputStream::read (49 bytes)
Event: 1.727 Thread 0x0000000028e61800 nmethod 107 0x000000001d55a4d0 code [0x000000001d55a660, 0x000000001d55abd8]
Event: 1.727 Thread 0x0000000028e61800  108       3       java.io.DataInputStream::readInt (72 bytes)
Event: 1.727 Thread 0x0000000028e61800 nmethod 108 0x000000001d55ad90 code [0x000000001d55af60, 0x000000001d55b548]
Event: 1.738 Thread 0x0000000028e61800  109       3       java.util.HashMap::addEntry (59 bytes)
Event: 1.739 Thread 0x0000000028e61800 nmethod 109 0x000000001d55b990 code [0x000000001d55bb20, 0x000000001d55c028]

GC Heap History (0 events):
No events

Deoptimization events (0 events):
No events

Internal exceptions (10 events):
Event: 1.559 Thread 0x000000001d13b000 Threw 0x00000007782cdcb0 at C:\jdk7u2_64p\jdk7u17\hotspot\src\share\vm\prims\jvm.cpp:1166
Event: 1.559 Thread 0x000000001d13b000 Threw 0x00000007782cfa58 at C:\jdk7u2_64p\jdk7u17\hotspot\src\share\vm\prims\jvm.cpp:1166
Event: 1.653 Thread 0x000000001d13b000 Threw 0x00000007782d9b50 at C:\jdk7u2_64p\jdk7u17\hotspot\src\share\vm\prims\jni.cpp:716
Event: 1.697 Thread 0x000000001d13b000 Threw 0x00000007782f2d30 at C:\jdk7u2_64p\jdk7u17\hotspot\src\share\vm\prims\jvm.cpp:1166
Event: 1.698 Thread 0x000000001d13b000 Threw 0x00000007782fc540 at C:\jdk7u2_64p\jdk7u17\hotspot\src\share\vm\prims\jvm.cpp:1166
Event: 1.699 Thread 0x000000001d13b000 Threw 0x0000000778300430 at C:\jdk7u2_64p\jdk7u17\hotspot\src\share\vm\prims\jvm.cpp:1166
Event: 1.700 Thread 0x000000001d13b000 Threw 0x0000000778303a68 at C:\jdk7u2_64p\jdk7u17\hotspot\src\share\vm\prims\jvm.cpp:1166
Event: 1.701 Thread 0x000000001d13b000 Threw 0x00000007783097f8 at C:\jdk7u2_64p\jdk7u17\hotspot\src\share\vm\prims\jvm.cpp:1166
Event: 1.702 Thread 0x000000001d13b000 Threw 0x000000077831b380 at C:\jdk7u2_64p\jdk7u17\hotspot\src\share\vm\prims\jvm.cpp:1166
Event: 1.739 Thread 0x000000001d13b000 Threw 0x000000077833b058 at C:\jdk7u2_64p\jdk7u17\hotspot\src\share\vm\prims\jvm.cpp:1166

Events (10 events):
Event: 1.735 loading class 0x0000000029613320
Event: 1.736 loading class 0x0000000029613320 done
Event: 1.736 loading class 0x000000001d184ee0
Event: 1.736 loading class 0x000000001d184ee0 done
Event: 1.736 loading class 0x000000002b7f2ab0
Event: 1.736 loading class 0x000000002b7f2ab0 done
Event: 1.736 loading class 0x000000002b7f2ba0
Event: 1.737 loading class 0x000000002b7f2ba0 done
Event: 1.739 loading class 0x0000000029637ce0
Event: 1.739 loading class 0x0000000029637ce0 done


Dynamic libraries:
0x0000000140000000 - 0x000000014000e000 	D:\Xilinx\14.7\ISE_DS\PlanAhead\bin\unwrapped\win64.o\planAhead.exe
0x00007fff32410000 - 0x00007fff32608000 	C:\WINDOWS\SYSTEM32\ntdll.dll
0x00007fff30eb0000 - 0x00007fff30f6d000 	C:\WINDOWS\System32\KERNEL32.DLL
0x00007fff2ffb0000 - 0x00007fff302a6000 	C:\WINDOWS\System32\KERNELBASE.dll
0x0000000180000000 - 0x0000000180013000 	D:\Xilinx\14.7\ISE_DS\PlanAhead\lib\win64.o\libboost_signals.dll
0x0000000076130000 - 0x00000000761d3000 	C:\WINDOWS\WinSxS\amd64_microsoft.vc90.crt_1fc8b3b9a1e18e3b_9.0.30729.9625_none_08e1c10da83fbc83\MSVCR90.dll
0x000000000a900000 - 0x000000000a945000 	D:\Xilinx\14.7\ISE_DS\PlanAhead\lib\win64.o\SHSMP64.dll
0x00007fff31ed0000 - 0x00007fff3206e000 	C:\WINDOWS\System32\USER32.dll
0x00007fff2fb40000 - 0x00007fff2fb62000 	C:\WINDOWS\System32\win32u.dll
0x00007fff31ca0000 - 0x00007fff31ccb000 	C:\WINDOWS\System32\GDI32.dll
0x00007fff2fd30000 - 0x00007fff2fe47000 	C:\WINDOWS\System32\gdi32full.dll
0x00007fff302b0000 - 0x00007fff3034d000 	C:\WINDOWS\System32\msvcp_win.dll
0x00007fff2fc30000 - 0x00007fff2fd30000 	C:\WINDOWS\System32\ucrtbase.dll
0x00007fff30c80000 - 0x00007fff30d33000 	C:\WINDOWS\System32\ADVAPI32.dll
0x00007fff312d0000 - 0x00007fff3136e000 	C:\WINDOWS\System32\msvcrt.dll
0x00007fff32070000 - 0x00007fff3210f000 	C:\WINDOWS\System32\sechost.dll
0x00007fff30d40000 - 0x00007fff30e66000 	C:\WINDOWS\System32\RPCRT4.dll
0x00007fff2fc00000 - 0x00007fff2fc27000 	C:\WINDOWS\System32\bcrypt.dll
0x00007fff28890000 - 0x00007fff2889a000 	C:\WINDOWS\SYSTEM32\VERSION.dll
0x00000000001d0000 - 0x00000000001e6000 	D:\Xilinx\14.7\ISE_DS\PlanAhead\lib\win64.o\librdi_commonmain.dll
0x0000000000950000 - 0x0000000000a3e000 	D:\Xilinx\14.7\ISE_DS\PlanAhead\lib\win64.o\stlport.5.2.dll
0x0000000000a40000 - 0x00000000012c1000 	D:\Xilinx\14.7\ISE_DS\PlanAhead\lib\win64.o\librdi_common.dll
0x00007fff31c30000 - 0x00007fff31c38000 	C:\WINDOWS\System32\PSAPI.DLL
0x0000000076050000 - 0x0000000076123000 	C:\WINDOWS\WinSxS\amd64_microsoft.vc90.crt_1fc8b3b9a1e18e3b_9.0.30729.9625_none_08e1c10da83fbc83\MSVCP90.dll
0x00007fff31380000 - 0x00007fff31ac5000 	C:\WINDOWS\System32\SHELL32.dll
0x0000000010000000 - 0x000000001012a000 	D:\Xilinx\14.7\ISE_DS\PlanAhead\lib\win64.o\tcl85t.dll
0x00007fff31cd0000 - 0x00007fff31d3b000 	C:\WINDOWS\System32\WS2_32.dll
0x00007fff1b800000 - 0x00007fff1bcd6000 	C:\WINDOWS\SYSTEM32\WININET.dll
0x00007fff23ab0000 - 0x00007fff23bba000 	C:\WINDOWS\SYSTEM32\WINHTTP.dll
0x00007fff21b80000 - 0x00007fff21d6c000 	C:\WINDOWS\SYSTEM32\urlmon.dll
0x00007fff165f0000 - 0x00007fff165f9000 	C:\WINDOWS\SYSTEM32\WSOCK32.dll
0x0000000075930000 - 0x000000007604f000 	D:\Xilinx\14.7\ISE_DS\PlanAhead\tps\win64\jre\bin\server\jvm.dll
0x00007fff218c0000 - 0x00007fff21b7c000 	C:\WINDOWS\SYSTEM32\iertutil.dll
0x00007fff21890000 - 0x00007fff218b8000 	C:\WINDOWS\SYSTEM32\srvcli.dll
0x00007fff30f70000 - 0x00007fff312c4000 	C:\WINDOWS\System32\combase.dll
0x00007fff31ad0000 - 0x00007fff31b7d000 	C:\WINDOWS\System32\shcore.dll
0x00007fff2ef90000 - 0x00007fff2ef9c000 	C:\WINDOWS\SYSTEM32\netutils.dll
0x00007fff1f9a0000 - 0x00007fff1f9c7000 	C:\WINDOWS\SYSTEM32\WINMM.dll
0x0000000075850000 - 0x0000000075922000 	C:\WINDOWS\SYSTEM32\MSVCR100.dll
0x0000000012000000 - 0x0000000012282000 	D:\Xilinx\14.7\ISE_DS\PlanAhead\lib\win64.o\xerces-c_3_1.dll
0x0000000000450000 - 0x0000000000477000 	D:\Xilinx\14.7\ISE_DS\PlanAhead\lib\win64.o\libboost_filesystem.dll
0x00000000012d0000 - 0x00000000015b9000 	D:\Xilinx\14.7\ISE_DS\PlanAhead\lib\win64.o\libCOIN-all.dll
0x00000000015d0000 - 0x00000000015df000 	D:\Xilinx\14.7\ISE_DS\PlanAhead\lib\win64.o\libboost_date_time.dll
0x00000000015f0000 - 0x0000000001661000 	D:\Xilinx\14.7\ISE_DS\PlanAhead\lib\win64.o\libboost_program_options.dll
0x0000000001690000 - 0x000000000173f000 	D:\Xilinx\14.7\ISE_DS\PlanAhead\lib\win64.o\libboost_regex.dll
0x0000000001680000 - 0x0000000001689000 	D:\Xilinx\14.7\ISE_DS\PlanAhead\lib\win64.o\libboost_system.dll
0x0000000001750000 - 0x000000000198a000 	D:\Xilinx\14.7\ISE_DS\PlanAhead\lib\win64.o\libSecurity.dll
0x00000000019a0000 - 0x00000000019b6000 	D:\Xilinx\14.7\ISE_DS\PlanAhead\lib\win64.o\libboost_thread.dll
0x00000000019e0000 - 0x0000000001a63000 	D:\Xilinx\14.7\ISE_DS\PlanAhead\lib\win64.o\libhdlpsolve.dll
0x00007fff308c0000 - 0x00007fff3099a000 	C:\WINDOWS\System32\COMDLG32.dll
0x0000000001a70000 - 0x0000000001ab3000 	D:\Xilinx\14.7\ISE_DS\PlanAhead\lib\win64.o\libcurl.dll
0x00007fff31d50000 - 0x00007fff31da5000 	C:\WINDOWS\System32\SHLWAPI.dll
0x00007fff30c20000 - 0x00007fff30c7e000 	C:\WINDOWS\System32\WLDAP32.dll
0x0000000001ac0000 - 0x0000000001b77000 	D:\Xilinx\14.7\ISE_DS\PlanAhead\lib\win64.o\libhdxml.dll
0x00007fff309a0000 - 0x00007fff30a6d000 	C:\WINDOWS\System32\OLEAUT32.dll
0x00007fff30a70000 - 0x00007fff30b9b000 	C:\WINDOWS\System32\ole32.dll
0x00007fff2fad0000 - 0x00007fff2fb37000 	C:\WINDOWS\System32\WINTRUST.dll
0x00007fff2fe50000 - 0x00007fff2ffad000 	C:\WINDOWS\System32\CRYPT32.dll
0x0000000001b80000 - 0x0000000001ba9000 	D:\Xilinx\14.7\ISE_DS\PlanAhead\lib\win64.o\libisl_sysinfo.dll
0x0000000001bc0000 - 0x0000000001bd2000 	D:\Xilinx\14.7\ISE_DS\PlanAhead\lib\win64.o\pthreadVC.dll
0x0000000001be0000 - 0x0000000001bf6000 	D:\Xilinx\14.7\ISE_DS\PlanAhead\lib\win64.o\librdiconfig.dll
0x0000000001c20000 - 0x0000000001c3e000 	D:\Xilinx\14.7\ISE_DS\PlanAhead\lib\win64.o\librdizlib.dll
0x0000000001c40000 - 0x00000000021830d3 	D:\Xilinx\14.7\ISE_DS\PlanAhead\lib\win64.o\libisl_iostreams.dll
0x00007fff20c50000 - 0x00007fff20c69000 	C:\WINDOWS\SYSTEM32\NETAPI32.dll
0x00007fff08130000 - 0x00007fff081e0000 	C:\WINDOWS\WinSxS\amd64_microsoft.windows.common-controls_6595b64144ccf1df_5.82.19041.3636_none_7931fb75243f97c8\COMCTL32.dll
0x00000000021d0000 - 0x00000000021dc000 	D:\Xilinx\14.7\ISE_DS\PlanAhead\lib\win64.o\libboost_chrono.dll
0x00000000021e0000 - 0x00000000021f9000 	D:\Xilinx\14.7\ISE_DS\PlanAhead\lib\win64.o\libboost_iostreams.dll
0x00007fff30e70000 - 0x00007fff30ea2000 	C:\WINDOWS\System32\IMM32.DLL
0x00007fff2f640000 - 0x00007fff2f652000 	C:\WINDOWS\SYSTEM32\MSASN1.dll
0x00000000056d0000 - 0x00000000059c3000 	D:\Xilinx\14.7\ISE_DS\PlanAhead\lib\win64.o\librdi_commontasks.dll
0x00007fff2db80000 - 0x00007fff2e31c000 	C:\WINDOWS\SYSTEM32\windows.storage.dll
0x00007fff2f490000 - 0x00007fff2f4be000 	C:\WINDOWS\SYSTEM32\Wldp.dll
0x0000000008cd0000 - 0x0000000009310000 	D:\Xilinx\14.7\ISE_DS\PlanAhead\lib\win64.o\librdi_coretasks.dll
0x0000000009310000 - 0x00000000094d7000 	D:\Xilinx\14.7\ISE_DS\PlanAhead\lib\win64.o\librdi_chipscope.dll
0x00000000094e0000 - 0x000000000a500000 	D:\Xilinx\14.7\ISE_DS\PlanAhead\lib\win64.o\librdi_constraints.dll
0x000000000a950000 - 0x000000000dfa1000 	D:\Xilinx\14.7\ISE_DS\PlanAhead\lib\win64.o\librdi_designutils.dll
0x000000000a500000 - 0x000000000a814000 	D:\Xilinx\14.7\ISE_DS\PlanAhead\lib\win64.o\librdi_drc.dll
0x000000000dfb0000 - 0x000000000f27c000 	D:\Xilinx\14.7\ISE_DS\PlanAhead\lib\win64.o\librdi_coregen.dll
0x000000000f280000 - 0x000000000f50e000 	D:\Xilinx\14.7\ISE_DS\PlanAhead\lib\win64.o\librdi_filemgmt.dll
0x0000000010130000 - 0x0000000010d0a000 	D:\Xilinx\14.7\ISE_DS\PlanAhead\lib\win64.o\librdi_device.dll
0x000000000f510000 - 0x000000000f8e6000 	D:\Xilinx\14.7\ISE_DS\PlanAhead\lib\win64.o\librdi_netlist.dll
0x000000000f8f0000 - 0x000000000fe12000 	D:\Xilinx\14.7\ISE_DS\PlanAhead\lib\win64.o\librdi_power.dll
0x0000000010d10000 - 0x0000000011e33000 	D:\Xilinx\14.7\ISE_DS\PlanAhead\lib\win64.o\librdi_place.dll
0x0000000012290000 - 0x0000000012688000 	D:\Xilinx\14.7\ISE_DS\PlanAhead\lib\win64.o\librdi_runs.dll
0x0000000012690000 - 0x0000000012a43000 	D:\Xilinx\14.7\ISE_DS\PlanAhead\lib\win64.o\librdi_project.dll
0x0000000012a50000 - 0x0000000012fed000 	D:\Xilinx\14.7\ISE_DS\PlanAhead\lib\win64.o\librdi_rsb.dll
0x0000000012ff0000 - 0x0000000013ac8000 	D:\Xilinx\14.7\ISE_DS\PlanAhead\lib\win64.o\librdi_timing.dll
0x0000000075830000 - 0x0000000075841000 	C:\WINDOWS\WinSxS\amd64_microsoft.vc90.openmp_1fc8b3b9a1e18e3b_9.0.30729.6161_none_390d35aa0a1f21f9\VCOMP90.DLL
0x000000000fe20000 - 0x000000000fe8e000 	D:\Xilinx\14.7\ISE_DS\PlanAhead\lib\win64.o\liblmx6.0.dll
0x000000000fe90000 - 0x000000000ff0d000 	D:\Xilinx\14.7\ISE_DS\PlanAhead\lib\win64.o\libboost_serialization.dll
0x0000000013ad0000 - 0x0000000014014000 	D:\Xilinx\14.7\ISE_DS\PlanAhead\lib\win64.o\librdi_xdm.dll
0x0000000014020000 - 0x00000000147c0000 	D:\Xilinx\14.7\ISE_DS\PlanAhead\lib\win64.o\libverific.dll
0x00000000147c0000 - 0x0000000014f8f000 	D:\Xilinx\14.7\ISE_DS\PlanAhead\lib\win64.o\librdi_coregenipxact.dll
0x000000000ff40000 - 0x000000000ff48000 	D:\Xilinx\14.7\ISE_DS\PlanAhead\lib\win64.o\libpsta_dllwrapper.dll
0x0000000014f90000 - 0x00000000154cb000 	D:\Xilinx\14.7\ISE_DS\PlanAhead\lib\win64.o\librdi_memdata.dll
0x00000000154d0000 - 0x00000000156fa000 	D:\Xilinx\14.7\ISE_DS\PlanAhead\lib\win64.o\librdi_labtools.dll
0x0000000015700000 - 0x0000000015cee000 	D:\Xilinx\14.7\ISE_DS\PlanAhead\lib\win64.o\librdi_route.dll
0x0000000015cf0000 - 0x000000001741f000 	D:\Xilinx\14.7\ISE_DS\PlanAhead\lib\win64.o\librdi_synth.dll
0x0000000011e40000 - 0x0000000011ed0000 	D:\Xilinx\14.7\ISE_DS\PlanAhead\lib\win64.o\libise.dll
0x0000000017420000 - 0x00000000179fc000 	D:\Xilinx\14.7\ISE_DS\PlanAhead\lib\win64.o\librdi_abc_nomp.dll
0x000000000ffa0000 - 0x000000000ffba000 	D:\Xilinx\14.7\ISE_DS\PlanAhead\lib\win64.o\librdi_hmetis.dll
0x0000000017a00000 - 0x0000000017e3e000 	D:\Xilinx\14.7\ISE_DS\PlanAhead\lib\win64.o\librdi_ip.dll
0x0000000011ed0000 - 0x0000000011ff8000 	D:\Xilinx\14.7\ISE_DS\PlanAhead\lib\win64.o\librdi_dlyest.dll
0x0000000017e60000 - 0x0000000017e9d000 	D:\Xilinx\14.7\ISE_DS\PlanAhead\lib\win64.o\librdi_simbridge_kernel.dll
0x0000000017eb0000 - 0x0000000018326000 	D:\Xilinx\14.7\ISE_DS\PlanAhead\lib\win64.o\librdi_wavedata.dll
0x0000000019840000 - 0x000000001b8f8000 	D:\Xilinx\14.7\ISE_DS\PlanAhead\lib\win64.o\librdi_tcltasks.dll
0x000000001b910000 - 0x000000001b9e4000 	D:\Xilinx\14.7\ISE_DS\PlanAhead\lib\win64.o\librdi_dsp.dll
0x000000001ba00000 - 0x000000001ba6e000 	D:\Xilinx\14.7\ISE_DS\PlanAhead\lib\win64.o\librdi_edk.dll
0x000000001ba70000 - 0x000000001bce4000 	D:\Xilinx\14.7\ISE_DS\PlanAhead\lib\win64.o\librdi_bitstream.dll
0x000000001bd10000 - 0x000000001bf1e000 	D:\Xilinx\14.7\ISE_DS\PlanAhead\lib\win64.o\librdi_simdata.dll
0x000000001c130000 - 0x000000001c286000 	D:\Xilinx\14.7\ISE_DS\PlanAhead\lib\win64.o\librdi_planaheadtasks.dll
0x000000001c2a0000 - 0x000000001d0e8000 	D:\Xilinx\14.7\ISE_DS\PlanAhead\lib\win64.o\librdi_ipservicestasks.dll
0x0000000075820000 - 0x000000007582f000 	D:\Xilinx\14.7\ISE_DS\PlanAhead\tps\win64\jre\bin\verify.dll
0x00000000757f0000 - 0x0000000075818000 	D:\Xilinx\14.7\ISE_DS\PlanAhead\tps\win64\jre\bin\java.dll
0x00000000757d0000 - 0x00000000757e5000 	D:\Xilinx\14.7\ISE_DS\PlanAhead\tps\win64\jre\bin\zip.dll
0x00000000757b0000 - 0x00000000757c9000 	D:\Xilinx\14.7\ISE_DS\PlanAhead\tps\win64\jre\bin\net.dll
0x00007fff2f190000 - 0x00007fff2f1fa000 	C:\WINDOWS\system32\mswsock.dll
0x0000000075790000 - 0x00000000757a1000 	D:\Xilinx\14.7\ISE_DS\PlanAhead\tps\win64\jre\bin\nio.dll
0x000000002a8e0000 - 0x000000002abc6000 	D:\Xilinx\14.7\ISE_DS\PlanAhead\lib\win64.o\librdi_fed.dll
0x000000002abe0000 - 0x000000002ae41000 	D:\Xilinx\14.7\ISE_DS\PlanAhead\lib\win64.o\librdi_guitools.dll
0x000000002ae60000 - 0x000000002ae67000 	D:\Xilinx\14.7\ISE_DS\PlanAhead\lib\win64.o\librdi_commonx11.dll
0x000000002af80000 - 0x000000002b36e000 	D:\Xilinx\14.7\ISE_DS\PlanAhead\lib\win64.o\librdi_rsbtasks.dll
0x000000002b380000 - 0x000000002b5c9000 	D:\Xilinx\14.7\ISE_DS\PlanAhead\lib\win64.o\librdi_labtoolstasks.dll
0x000000002b5e0000 - 0x000000002b798000 	D:\Xilinx\14.7\ISE_DS\PlanAhead\lib\win64.o\librdi_simtcltasks.dll
0x00000000755f0000 - 0x0000000075783000 	D:\Xilinx\14.7\ISE_DS\PlanAhead\tps\win64\jre\bin\awt.dll
0x00007fff2d310000 - 0x00007fff2d3a0000 	C:\WINDOWS\SYSTEM32\apphelp.dll
0x00007fff27e10000 - 0x00007fff27ff4000 	C:\WINDOWS\SYSTEM32\dbghelp.dll
0x00007fff2fb70000 - 0x00007fff2fbf2000 	C:\WINDOWS\System32\bcryptPrimitives.dll

VM Arguments:
jvm_args: -Dsun.java2d.pmoffscreen=false -Xverify:none -Dswing.aatext=true -XX:-UsePerfData -Djdk.map.althashing.threshold=512 -XX:PermSize=128m -XX:MaxPermSize=128m -XX:NewSize=60m -XX:MaxNewSize=60m -XX:+UseConcMarkSweepGC -XX:+UseParNewGC -XX:+CMSParallelRemarkEnabled -XX:+CMSScavengeBeforeRemark -XX:+UseNUMA -XX:+AggressiveOpts -XX:+UseFastAccessorMethods -XX:+UseFastEmptyMethods -XX:+UseBiasedLocking -XX:+TieredCompilation -Xms128m -Xmx2048m -Xss3m 
java_command: <unknown>
Launcher Type: generic

Environment Variables:
JAVA_HOME=C:\Program Files\Java\jre-1.8
PATH=D:/Xilinx/14.7/ISE_DS/PlanAhead/bin;D:/Xilinx/14.7/ISE_DS/PlanAhead/lib/win64.o;D:/Xilinx/14.7/ISE_DS/PlanAhead/tps/win64/jre/bin/server;D:/Xilinx/14.7/ISE_DS/PlanAhead/tps/win64/jre/bin;D:/Xilinx/14.7/ISE_DS/EDK/bin/nt64;D:/Xilinx/14.7/ISE_DS/EDK/lib/nt64;D:/Xilinx/14.7/ISE_DS/ISE/bin/nt64;D:/Xilinx/14.7/ISE_DS/ISE/lib/nt64;D:/Xilinx/14.7/ISE_DS/common/bin/nt64;D:/Xilinx/14.7/ISE_DS/common/lib/nt64;D:\Xilinx\14.7\ISE_DS\ISE\\lib\nt64;D:\Xilinx\14.7\ISE_DS\ISE\\bin\nt64;D:\Xilinx\14.7\ISE_DS\ISE\bin\nt64;D:\Xilinx\14.7\ISE_DS\ISE\lib\nt64;D:\Xilinx\14.7\ISE_DS\ISE\..\..\..\DocNav;D:\Xilinx\14.7\ISE_DS\PlanAhead\bin;D:\Xilinx\14.7\ISE_DS\EDK\bin\nt64;D:\Xilinx\14.7\ISE_DS\EDK\lib\nt64;D:\Xilinx\14.7\ISE_DS\EDK\gnu\microblaze\nt\bin;D:\Xilinx\14.7\ISE_DS\EDK\gnu\powerpc-eabi\nt\bin;D:\Xilinx\14.7\ISE_DS\EDK\gnuwin\bin;D:\Xilinx\14.7\ISE_DS\EDK\gnu\arm\nt\bin;D:\Xilinx\14.7\ISE_DS\EDK\gnu\microblaze\linux_toolchain\nt64_be\bin;D:\Xilinx\14.7\ISE_DS\EDK\gnu\microblaze\linux_toolchain\nt64_le\bin;D:\Xilinx\14.7\ISE_DS\common\bin\nt64;D:\Xilinx\14.7\ISE_DS\common\lib\nt64;C:\WINDOWS\system32;C:\WINDOWS;C:\WINDOWS\System32\Wbem;C:\WINDOWS\System32\WindowsPowerShell\v1.0\;C:\WINDOWS\System32\OpenSSH\;D:\Program Files\MATLAB\R2016a\runtime\win64;D:\Program Files\MATLAB\R2016a\bin;C:\Program Files\dotnet\;D:\Program Files\MATLAB\R2016a\polyspace\bin;C:\Program Files\Microsoft SQL Server\Client SDK\ODBC\170\Tools\Binn\;C:\Program Files\Microsoft SQL Server\150\Tools\Binn\;C:\Users\aalia\AppData\Local\Microsoft\WindowsApps;C:\Gradle\gradle-8.3\bin;C:\Users\aalia\AppData\Local\Programs\Microsoft VS Code\bin;C:\Users\aalia\.dotnet\tools;D:\modeltech64_10.6d\win64;C:\intelFPGA\18.1\modelsim_ase\win32aloem;C:\Users\aalia\Downloads\gcc-13.2.0-no-debug\bin
USERNAME=aalia
OS=Windows_NT
PROCESSOR_IDENTIFIER=Intel64 Family 6 Model 78 Stepping 3, GenuineIntel



---------------  S Y S T E M  ---------------

OS: Windows 8 , 64 bit Build 9200 

CPU:total 4 (2 cores per cpu, 2 threads per core) family 6 model 78 stepping 3, cmov, cx8, fxsr, mmx, sse, sse2, sse3, ssse3, sse4.1, sse4.2, popcnt, avx, avx2, ht, tsc, tscinvbit

Memory: 4k page, physical 8256832k(3763536k free), swap 11533632k(5364440k free)

vm_info: Java HotSpot(TM) 64-Bit Server VM (23.7-b01) for windows-amd64 JRE (1.7.0_17-b02), built on Mar  1 2013 03:38:30 by "java_re" with unknown MS VC++:1600

time: Wed Feb 28 21:37:53 2024
elapsed time: 1 seconds

