#
# A fatal error has been detected by the Java Runtime Environment:
#
#  EXCEPTION_UNCAUGHT_CXX_EXCEPTION (0xe06d7363) at pc=0x00007ff80c56cf19, pid=6316, tid=10792
#
# JRE version: 7.0_17-b02
# Java VM: Java HotSpot(TM) 64-Bit Server VM (23.7-b01 mixed mode windows-amd64 compressed oops)
# Problematic frame:
# C  [KERNELBASE.dll+0x2cf19]  RaiseException+0x69
#
# Failed to write core dump. Minidumps are not enabled by default on client versions of Windows
#
# If you would like to submit a bug report, please visit:
#   http://bugreport.sun.com/bugreport/crash.jsp
# The crash happened outside the Java Virtual Machine in native code.
# See problematic frame for where to report the bug.
#

---------------  T H R E A D  ---------------

Current thread (0x000000001d13b000):  JavaThread "main" [_thread_in_native, id=10792, stack(0x000000001d310000,0x000000001d410000)]

siginfo: ExceptionCode=0xe06d7363, ExceptionInformation=0x0000000019930520 0x000000001d40e348 0x0000000000a21910 0x0000000000980000 

Registers:
RAX=0x000000005cb722ae, RBX=0x000000001d40d970, RCX=0x0000000000000000, RDX=0x000000001d180230
RSP=0x000000001d40bbc0, RBP=0x000000001d40c290, RSI=0x000000001d40e1c0, RDI=0x000000001d40ca30
R8 =0x0000000000000000, R9 =0xfe1456db00000000, R10=0x24ecc179081611ae, R11=0x69a4e03635024081
R12=0x000000001d40e560, R13=0x000000001d40d038, R14=0x0000000000000000, R15=0x000000001d40bd18
RIP=0x00007ff80c56cf19, EFLAGS=0x0000000000000206

Top of Stack: (sp=0x000000001d40bbc0)
0x000000001d40bbc0:   000000001d1be630 000000001d40d970
0x000000001d40bbd0:   000000001d40e1c0 00007ff80c590fbb
0x000000001d40bbe0:   00000001e06d7363 0000000000000000
0x000000001d40bbf0:   00007ff80c56cf19 0000000000000004
0x000000001d40bc00:   0000000019930520 000000001d40e348
0x000000001d40bc10:   0000000000a21910 0000000000980000
0x000000001d40bc20:   0000ae7c23684e02 00000000009f8110
0x000000001d40bc30:   000000001d40d970 000000005d30334a
0x000000001d40bc40:   0000000000000000 000000001d13fd20
0x000000001d40bc50:   0000000000000000 000000001d40ca30
0x000000001d40bc60:   000000001d40ca30 000000005d30336b
0x000000001d40bc70:   000000001d40d970 000000001d40e560
0x000000001d40bc80:   0000c50625d1637a 000000001d180230
0x000000001d40bc90:   000000001d40d970 000000005d343bb8
0x000000001d40bca0:   00000000009f80e0 000000001d40d038
0x000000001d40bcb0:   0000000000000100 0000000000000000 

Instructions: (pc=0x00007ff80c56cf19)
0x00007ff80c56cef9:   8b d1 44 0f 47 c0 44 89 44 24 38 49 c1 e0 03 e8
0x00007ff80c56cf09:   6a 97 08 00 48 8d 4c 24 20 48 ff 15 ff 81 1b 00
0x00007ff80c56cf19:   0f 1f 44 00 00 48 8b 8c 24 c0 00 00 00 48 33 cc
0x00007ff80c56cf29:   e8 f2 88 06 00 48 81 c4 d8 00 00 00 c3 cc 83 64 


Register to memory mapping:

RAX=0x000000005cb722ae is an unknown value
RBX=0x000000001d40d970 is pointing into the stack for thread: 0x000000001d13b000
RCX=0x0000000000000000 is an unknown value
RDX=0x000000001d180230 is an unknown value
RSP=0x000000001d40bbc0 is pointing into the stack for thread: 0x000000001d13b000
RBP=0x000000001d40c290 is pointing into the stack for thread: 0x000000001d13b000
RSI=0x000000001d40e1c0 is pointing into the stack for thread: 0x000000001d13b000
RDI=0x000000001d40ca30 is pointing into the stack for thread: 0x000000001d13b000
R8 =0x0000000000000000 is an unknown value
R9 =0xfe1456db00000000 is an unknown value
R10=0x24ecc179081611ae is an unknown value
R11=0x69a4e03635024081 is an unknown value
R12=0x000000001d40e560 is pointing into the stack for thread: 0x000000001d13b000
R13=0x000000001d40d038 is pointing into the stack for thread: 0x000000001d13b000
R14=0x0000000000000000 is an unknown value
R15=0x000000001d40bd18 is pointing into the stack for thread: 0x000000001d13b000


Stack: [0x000000001d310000,0x000000001d410000],  sp=0x000000001d40bbc0,  free space=1006k
Native frames: (J=compiled Java code, j=interpreted, Vv=VM code, C=native code)
C  [KERNELBASE.dll+0x2cf19]  RaiseException+0x69
C  0x000000001d40c8f0

Java frames: (J=compiled Java code, j=interpreted, Vv=VM code)
j  ui.data.common.parami.ParamMgr_getValueAsBool(JLjava/lang/String;)Z+0
j  ui.data.common.F.jw(Ljava/lang/String;)Z+5
j  ui.data.common.F.aWC()Z+5
j  ui.h.I.aWC()Z+6
j  ui.aL.aGY()Ljava/lang/String;+0
j  ui.PlanAhead.<clinit>()V+316
v  ~StubRoutines::call_stub

---------------  P R O C E S S  ---------------

Java Threads: ( => current thread )
  0x000000001d2c1000 JavaThread "Service Thread" daemon [_thread_blocked, id=2044, stack(0x000000002a2f0000,0x000000002a5f0000)]
  0x0000000028e81800 JavaThread "C1 CompilerThread2" daemon [_thread_blocked, id=11288, stack(0x000000002a1f0000,0x000000002a2f0000)]
  0x0000000028e71800 JavaThread "C2 CompilerThread1" daemon [_thread_blocked, id=8088, stack(0x000000002a0f0000,0x000000002a1f0000)]
  0x00000000242d1000 JavaThread "C2 CompilerThread0" daemon [_thread_blocked, id=3484, stack(0x0000000029ff0000,0x000000002a0f0000)]
  0x0000000024331800 JavaThread "Attach Listener" daemon [_thread_blocked, id=11892, stack(0x0000000029cf0000,0x0000000029ff0000)]
  0x0000000029622000 JavaThread "Signal Dispatcher" daemon [_thread_blocked, id=9232, stack(0x00000000299f0000,0x0000000029cf0000)]
  0x0000000029624000 JavaThread "Surrogate Locker Thread (Concurrent GC)" daemon [_thread_blocked, id=10840, stack(0x00000000296f0000,0x00000000299f0000)]
  0x00000000242f5800 JavaThread "Finalizer" daemon [_thread_blocked, id=10692, stack(0x00000000292f0000,0x00000000295f0000)]
  0x00000000242f7000 JavaThread "Reference Handler" daemon [_thread_blocked, id=10756, stack(0x0000000028ff0000,0x00000000292f0000)]
=>0x000000001d13b000 JavaThread "main" [_thread_in_native, id=10792, stack(0x000000001d310000,0x000000001d410000)]

Other Threads:
  0x0000000024282000 VMThread [stack: 0x0000000028ef0000,0x0000000028ff0000] [id=11800]
  0x0000000029657800 WatcherThread [stack: 0x000000002a5f0000,0x000000002a6f0000] [id=11044]

VM state:not at safepoint (normal execution)

VM Mutex/Monitor currently owned by a thread: None

Heap
 par new generation   total 55296K, used 4043K [0x0000000778000000, 0x000000077bc00000, 0x000000077bc00000)
  eden space 49152K,   8% used [0x0000000778000000, 0x00000007783f2d88, 0x000000077b000000)
  from space 6144K,   0% used [0x000000077b000000, 0x000000077b000000, 0x000000077b600000)
  to   space 6144K,   0% used [0x000000077b600000, 0x000000077b600000, 0x000000077bc00000)
 concurrent mark-sweep generation total 69632K, used 0K [0x000000077bc00000, 0x0000000780000000, 0x00000007f8000000)
 concurrent-mark-sweep perm gen total 131072K, used 5139K [0x00000007f8000000, 0x0000000800000000, 0x0000000800000000)

Card table byte_map: [0x00000000239b0000,0x0000000023e00000] byte_map_base: 0x000000001fdf0000

Polling page: 0x000000001d410000

Code Cache  [0x000000001d430000, 0x000000001d6a0000, 0x0000000023430000)
 total_blobs=395 nmethods=110 adapters=203 free_code_cache=97028Kb largest_free_block=99356544

Compilation events (10 events):
Event: 1.186 Thread 0x0000000028e81800  106       3       java.lang.String::lastIndexOf (13 bytes)
Event: 1.186 Thread 0x0000000028e81800 nmethod 106 0x000000001d56bfd0 code [0x000000001d56c140, 0x000000001d56c388]
Event: 1.190 Thread 0x0000000028e81800  107       3       java.util.HashMap$FrontCache::get (32 bytes)
Event: 1.191 Thread 0x0000000028e81800 nmethod 107 0x000000001d56ced0 code [0x000000001d56d060, 0x000000001d56d5d0]
Event: 1.201 Thread 0x0000000028e81800  108       3       java.io.BufferedInputStream::getBufIfOpen (21 bytes)
Event: 1.202 Thread 0x0000000028e81800 nmethod 108 0x000000001d56d750 code [0x000000001d56d8c0, 0x000000001d56db28]
Event: 1.202 Thread 0x0000000028e81800  109  s    3       java.io.BufferedInputStream::read (49 bytes)
Event: 1.202 Thread 0x0000000028e81800 nmethod 109 0x000000001d56dbd0 code [0x000000001d56dd60, 0x000000001d56e2d8]
Event: 1.202 Thread 0x0000000028e81800  110       3       java.io.DataInputStream::readInt (72 bytes)
Event: 1.202 Thread 0x0000000028e81800 nmethod 110 0x000000001d56e490 code [0x000000001d56e660, 0x000000001d56ec48]

GC Heap History (0 events):
No events

Deoptimization events (0 events):
No events

Internal exceptions (10 events):
Event: 1.097 Thread 0x000000001d13b000 Threw 0x00000007782cdc20 at C:\jdk7u2_64p\jdk7u17\hotspot\src\share\vm\prims\jvm.cpp:1166
Event: 1.097 Thread 0x000000001d13b000 Threw 0x00000007782cf9c8 at C:\jdk7u2_64p\jdk7u17\hotspot\src\share\vm\prims\jvm.cpp:1166
Event: 1.152 Thread 0x000000001d13b000 Threw 0x00000007782d9bf0 at C:\jdk7u2_64p\jdk7u17\hotspot\src\share\vm\prims\jni.cpp:716
Event: 1.179 Thread 0x000000001d13b000 Threw 0x00000007782f2d90 at C:\jdk7u2_64p\jdk7u17\hotspot\src\share\vm\prims\jvm.cpp:1166
Event: 1.181 Thread 0x000000001d13b000 Threw 0x00000007782fc600 at C:\jdk7u2_64p\jdk7u17\hotspot\src\share\vm\prims\jvm.cpp:1166
Event: 1.182 Thread 0x000000001d13b000 Threw 0x0000000778300440 at C:\jdk7u2_64p\jdk7u17\hotspot\src\share\vm\prims\jvm.cpp:1166
Event: 1.183 Thread 0x000000001d13b000 Threw 0x0000000778303a78 at C:\jdk7u2_64p\jdk7u17\hotspot\src\share\vm\prims\jvm.cpp:1166
Event: 1.184 Thread 0x000000001d13b000 Threw 0x0000000778309768 at C:\jdk7u2_64p\jdk7u17\hotspot\src\share\vm\prims\jvm.cpp:1166
Event: 1.185 Thread 0x000000001d13b000 Threw 0x000000077831b290 at C:\jdk7u2_64p\jdk7u17\hotspot\src\share\vm\prims\jvm.cpp:1166
Event: 1.208 Thread 0x000000001d13b000 Threw 0x000000077833ae88 at C:\jdk7u2_64p\jdk7u17\hotspot\src\share\vm\prims\jvm.cpp:1166

Events (10 events):
Event: 1.206 loading class 0x0000000029613320
Event: 1.206 loading class 0x0000000029613320 done
Event: 1.206 loading class 0x000000001d184ee0
Event: 1.206 loading class 0x000000001d184ee0 done
Event: 1.206 loading class 0x000000002b6b2ab0
Event: 1.206 loading class 0x000000002b6b2ab0 done
Event: 1.207 loading class 0x000000002b6b2ba0
Event: 1.207 loading class 0x000000002b6b2ba0 done
Event: 1.208 loading class 0x0000000029637ce0
Event: 1.208 loading class 0x0000000029637ce0 done


Dynamic libraries:
0x0000000140000000 - 0x000000014000e000 	D:\Xilinx\14.7\ISE_DS\PlanAhead\bin\unwrapped\win64.o\planAhead.exe
0x00007ff80e970000 - 0x00007ff80eb68000 	C:\WINDOWS\SYSTEM32\ntdll.dll
0x00007ff80cf70000 - 0x00007ff80d02d000 	C:\WINDOWS\System32\KERNEL32.DLL
0x00007ff80c540000 - 0x00007ff80c836000 	C:\WINDOWS\System32\KERNELBASE.dll
0x0000000180000000 - 0x0000000180013000 	D:\Xilinx\14.7\ISE_DS\PlanAhead\lib\win64.o\libboost_signals.dll
0x000000005d300000 - 0x000000005d3a3000 	C:\WINDOWS\WinSxS\amd64_microsoft.vc90.crt_1fc8b3b9a1e18e3b_9.0.30729.9625_none_08e1c10da83fbc83\MSVCR90.dll
0x000000000a900000 - 0x000000000a945000 	D:\Xilinx\14.7\ISE_DS\PlanAhead\lib\win64.o\SHSMP64.dll
0x00007ff80d9e0000 - 0x00007ff80db7e000 	C:\WINDOWS\System32\USER32.dll
0x00007ff80c0e0000 - 0x00007ff80c102000 	C:\WINDOWS\System32\win32u.dll
0x00007ff80d540000 - 0x00007ff80d56b000 	C:\WINDOWS\System32\GDI32.dll
0x00007ff80c230000 - 0x00007ff80c347000 	C:\WINDOWS\System32\gdi32full.dll
0x00007ff80c160000 - 0x00007ff80c1fd000 	C:\WINDOWS\System32\msvcp_win.dll
0x00007ff80c8b0000 - 0x00007ff80c9b0000 	C:\WINDOWS\System32\ucrtbase.dll
0x00007ff80e870000 - 0x00007ff80e923000 	C:\WINDOWS\System32\ADVAPI32.dll
0x00007ff80e770000 - 0x00007ff80e80e000 	C:\WINDOWS\System32\msvcrt.dll
0x00007ff80ce20000 - 0x00007ff80cebf000 	C:\WINDOWS\System32\sechost.dll
0x00007ff80de90000 - 0x00007ff80dfb6000 	C:\WINDOWS\System32\RPCRT4.dll
0x00007ff80c200000 - 0x00007ff80c227000 	C:\WINDOWS\System32\bcrypt.dll
0x00007ff800460000 - 0x00007ff80046a000 	C:\WINDOWS\SYSTEM32\VERSION.dll
0x00000000001d0000 - 0x00000000001e6000 	D:\Xilinx\14.7\ISE_DS\PlanAhead\lib\win64.o\librdi_commonmain.dll
0x0000000000980000 - 0x0000000000a6e000 	D:\Xilinx\14.7\ISE_DS\PlanAhead\lib\win64.o\stlport.5.2.dll
0x0000000000a70000 - 0x00000000012f1000 	D:\Xilinx\14.7\ISE_DS\PlanAhead\lib\win64.o\librdi_common.dll
0x00007ff80cf20000 - 0x00007ff80cf28000 	C:\WINDOWS\System32\PSAPI.DLL
0x000000005d220000 - 0x000000005d2f3000 	C:\WINDOWS\WinSxS\amd64_microsoft.vc90.crt_1fc8b3b9a1e18e3b_9.0.30729.9625_none_08e1c10da83fbc83\MSVCP90.dll
0x00007ff80e020000 - 0x00007ff80e765000 	C:\WINDOWS\System32\SHELL32.dll
0x0000000010000000 - 0x000000001012a000 	D:\Xilinx\14.7\ISE_DS\PlanAhead\lib\win64.o\tcl85t.dll
0x00007ff80d440000 - 0x00007ff80d4ab000 	C:\WINDOWS\System32\WS2_32.dll
0x000000005cb00000 - 0x000000005d21f000 	D:\Xilinx\14.7\ISE_DS\PlanAhead\tps\win64\jre\bin\server\jvm.dll
0x00007ffff5100000 - 0x00007ffff55d6000 	C:\WINDOWS\SYSTEM32\WININET.dll
0x00007ff800050000 - 0x00007ff80015a000 	C:\WINDOWS\SYSTEM32\WINHTTP.dll
0x00007ffffd890000 - 0x00007ffffda7c000 	C:\WINDOWS\SYSTEM32\urlmon.dll
0x00007ffff8160000 - 0x00007ffff8169000 	C:\WINDOWS\SYSTEM32\WSOCK32.dll
0x00007ffff9450000 - 0x00007ffff9477000 	C:\WINDOWS\SYSTEM32\WINMM.dll
0x000000005ca20000 - 0x000000005caf2000 	C:\WINDOWS\SYSTEM32\MSVCR100.dll
0x00007ffffe230000 - 0x00007ffffe4ec000 	C:\WINDOWS\SYSTEM32\iertutil.dll
0x00007ff80d030000 - 0x00007ff80d384000 	C:\WINDOWS\System32\combase.dll
0x00007ff80cb60000 - 0x00007ff80cc0d000 	C:\WINDOWS\System32\shcore.dll
0x00007ffffdca0000 - 0x00007ffffdcc8000 	C:\WINDOWS\SYSTEM32\srvcli.dll
0x00007ff80b4f0000 - 0x00007ff80b4fc000 	C:\WINDOWS\SYSTEM32\netutils.dll
0x0000000012000000 - 0x0000000012282000 	D:\Xilinx\14.7\ISE_DS\PlanAhead\lib\win64.o\xerces-c_3_1.dll
0x0000000000450000 - 0x0000000000477000 	D:\Xilinx\14.7\ISE_DS\PlanAhead\lib\win64.o\libboost_filesystem.dll
0x0000000001300000 - 0x00000000015e9000 	D:\Xilinx\14.7\ISE_DS\PlanAhead\lib\win64.o\libCOIN-all.dll
0x0000000000490000 - 0x000000000049f000 	D:\Xilinx\14.7\ISE_DS\PlanAhead\lib\win64.o\libboost_date_time.dll
0x00000000015f0000 - 0x0000000001661000 	D:\Xilinx\14.7\ISE_DS\PlanAhead\lib\win64.o\libboost_program_options.dll
0x0000000001680000 - 0x0000000001689000 	D:\Xilinx\14.7\ISE_DS\PlanAhead\lib\win64.o\libboost_system.dll
0x0000000001690000 - 0x000000000173f000 	D:\Xilinx\14.7\ISE_DS\PlanAhead\lib\win64.o\libboost_regex.dll
0x0000000001750000 - 0x000000000198a000 	D:\Xilinx\14.7\ISE_DS\PlanAhead\lib\win64.o\libSecurity.dll
0x00000000019b0000 - 0x0000000001a33000 	D:\Xilinx\14.7\ISE_DS\PlanAhead\lib\win64.o\libhdlpsolve.dll
0x0000000001a40000 - 0x0000000001a56000 	D:\Xilinx\14.7\ISE_DS\PlanAhead\lib\win64.o\libboost_thread.dll
0x0000000001a60000 - 0x0000000001aa3000 	D:\Xilinx\14.7\ISE_DS\PlanAhead\lib\win64.o\libcurl.dll
0x00007ff80d4c0000 - 0x00007ff80d51e000 	C:\WINDOWS\System32\WLDAP32.dll
0x0000000001ac0000 - 0x0000000001b77000 	D:\Xilinx\14.7\ISE_DS\PlanAhead\lib\win64.o\libhdxml.dll
0x0000000001b80000 - 0x0000000001ba9000 	D:\Xilinx\14.7\ISE_DS\PlanAhead\lib\win64.o\libisl_sysinfo.dll
0x0000000001bc0000 - 0x0000000001bd2000 	D:\Xilinx\14.7\ISE_DS\PlanAhead\lib\win64.o\pthreadVC.dll
0x0000000001be0000 - 0x0000000001bf6000 	D:\Xilinx\14.7\ISE_DS\PlanAhead\lib\win64.o\librdiconfig.dll
0x00007ff80cd40000 - 0x00007ff80ce1a000 	C:\WINDOWS\System32\COMDLG32.dll
0x00007ff80dfc0000 - 0x00007ff80e015000 	C:\WINDOWS\System32\SHLWAPI.dll
0x00007ff80ddc0000 - 0x00007ff80de8d000 	C:\WINDOWS\System32\OLEAUT32.dll
0x00007ff80c9b0000 - 0x00007ff80cadb000 	C:\WINDOWS\System32\ole32.dll
0x00007ff80c840000 - 0x00007ff80c8a7000 	C:\WINDOWS\System32\WINTRUST.dll
0x00007ff80c3e0000 - 0x00007ff80c53d000 	C:\WINDOWS\System32\CRYPT32.dll
0x0000000001c30000 - 0x0000000001c4e000 	D:\Xilinx\14.7\ISE_DS\PlanAhead\lib\win64.o\librdizlib.dll
0x0000000001c50000 - 0x00000000021930d3 	D:\Xilinx\14.7\ISE_DS\PlanAhead\lib\win64.o\libisl_iostreams.dll
0x00007ffff94b0000 - 0x00007ffff94c9000 	C:\WINDOWS\SYSTEM32\NETAPI32.dll
0x00007fffe7430000 - 0x00007fffe74e0000 	C:\WINDOWS\WinSxS\amd64_microsoft.windows.common-controls_6595b64144ccf1df_5.82.19041.3636_none_7931fb75243f97c8\COMCTL32.dll
0x00000000021d0000 - 0x00000000021dc000 	D:\Xilinx\14.7\ISE_DS\PlanAhead\lib\win64.o\libboost_chrono.dll
0x00000000021e0000 - 0x00000000021f9000 	D:\Xilinx\14.7\ISE_DS\PlanAhead\lib\win64.o\libboost_iostreams.dll
0x00007ff80cf30000 - 0x00007ff80cf62000 	C:\WINDOWS\System32\IMM32.DLL
0x00007ff80bb80000 - 0x00007ff80bb92000 	C:\WINDOWS\SYSTEM32\MSASN1.dll
0x0000000005660000 - 0x0000000005953000 	D:\Xilinx\14.7\ISE_DS\PlanAhead\lib\win64.o\librdi_commontasks.dll
0x00007ff80a0e0000 - 0x00007ff80a87c000 	C:\WINDOWS\SYSTEM32\windows.storage.dll
0x00007ff80b9f0000 - 0x00007ff80ba1e000 	C:\WINDOWS\SYSTEM32\Wldp.dll
0x0000000008dd0000 - 0x0000000009410000 	D:\Xilinx\14.7\ISE_DS\PlanAhead\lib\win64.o\librdi_coretasks.dll
0x0000000009410000 - 0x00000000095d7000 	D:\Xilinx\14.7\ISE_DS\PlanAhead\lib\win64.o\librdi_chipscope.dll
0x000000000a950000 - 0x000000000dfa1000 	D:\Xilinx\14.7\ISE_DS\PlanAhead\lib\win64.o\librdi_designutils.dll
0x00000000095e0000 - 0x000000000a600000 	D:\Xilinx\14.7\ISE_DS\PlanAhead\lib\win64.o\librdi_constraints.dll
0x000000000dfb0000 - 0x000000000e2c4000 	D:\Xilinx\14.7\ISE_DS\PlanAhead\lib\win64.o\librdi_drc.dll
0x000000000e2d0000 - 0x000000000f59c000 	D:\Xilinx\14.7\ISE_DS\PlanAhead\lib\win64.o\librdi_coregen.dll
0x000000000a600000 - 0x000000000a88e000 	D:\Xilinx\14.7\ISE_DS\PlanAhead\lib\win64.o\librdi_filemgmt.dll
0x0000000010130000 - 0x0000000010d0a000 	D:\Xilinx\14.7\ISE_DS\PlanAhead\lib\win64.o\librdi_device.dll
0x000000000f5a0000 - 0x000000000f976000 	D:\Xilinx\14.7\ISE_DS\PlanAhead\lib\win64.o\librdi_netlist.dll
0x000000000f980000 - 0x000000000fea2000 	D:\Xilinx\14.7\ISE_DS\PlanAhead\lib\win64.o\librdi_power.dll
0x0000000010d10000 - 0x0000000011e33000 	D:\Xilinx\14.7\ISE_DS\PlanAhead\lib\win64.o\librdi_place.dll
0x0000000012290000 - 0x0000000012643000 	D:\Xilinx\14.7\ISE_DS\PlanAhead\lib\win64.o\librdi_project.dll
0x0000000012650000 - 0x0000000012a48000 	D:\Xilinx\14.7\ISE_DS\PlanAhead\lib\win64.o\librdi_runs.dll
0x0000000012a50000 - 0x0000000012fed000 	D:\Xilinx\14.7\ISE_DS\PlanAhead\lib\win64.o\librdi_rsb.dll
0x0000000012ff0000 - 0x0000000013ac8000 	D:\Xilinx\14.7\ISE_DS\PlanAhead\lib\win64.o\librdi_timing.dll
0x000000005ca00000 - 0x000000005ca11000 	C:\WINDOWS\WinSxS\amd64_microsoft.vc90.openmp_1fc8b3b9a1e18e3b_9.0.30729.6161_none_390d35aa0a1f21f9\VCOMP90.DLL
0x000000000feb0000 - 0x000000000ff1e000 	D:\Xilinx\14.7\ISE_DS\PlanAhead\lib\win64.o\liblmx6.0.dll
0x000000000ff20000 - 0x000000000ff9d000 	D:\Xilinx\14.7\ISE_DS\PlanAhead\lib\win64.o\libboost_serialization.dll
0x0000000013ad0000 - 0x0000000014014000 	D:\Xilinx\14.7\ISE_DS\PlanAhead\lib\win64.o\librdi_xdm.dll
0x0000000014020000 - 0x00000000147c0000 	D:\Xilinx\14.7\ISE_DS\PlanAhead\lib\win64.o\libverific.dll
0x0000000014f60000 - 0x000000001554e000 	D:\Xilinx\14.7\ISE_DS\PlanAhead\lib\win64.o\librdi_route.dll
0x000000000ffa0000 - 0x000000000ffa8000 	D:\Xilinx\14.7\ISE_DS\PlanAhead\lib\win64.o\libpsta_dllwrapper.dll
0x0000000015550000 - 0x000000001577a000 	D:\Xilinx\14.7\ISE_DS\PlanAhead\lib\win64.o\librdi_labtools.dll
0x0000000015780000 - 0x0000000015f4f000 	D:\Xilinx\14.7\ISE_DS\PlanAhead\lib\win64.o\librdi_coregenipxact.dll
0x0000000015f50000 - 0x000000001648b000 	D:\Xilinx\14.7\ISE_DS\PlanAhead\lib\win64.o\librdi_memdata.dll
0x0000000016490000 - 0x0000000017bbf000 	D:\Xilinx\14.7\ISE_DS\PlanAhead\lib\win64.o\librdi_synth.dll
0x0000000011e40000 - 0x0000000011f68000 	D:\Xilinx\14.7\ISE_DS\PlanAhead\lib\win64.o\librdi_dlyest.dll
0x0000000011f70000 - 0x0000000012000000 	D:\Xilinx\14.7\ISE_DS\PlanAhead\lib\win64.o\libise.dll
0x0000000017bd0000 - 0x00000000181ac000 	D:\Xilinx\14.7\ISE_DS\PlanAhead\lib\win64.o\librdi_abc_nomp.dll
0x00000000181c0000 - 0x00000000185fe000 	D:\Xilinx\14.7\ISE_DS\PlanAhead\lib\win64.o\librdi_ip.dll
0x0000000018600000 - 0x000000001861a000 	D:\Xilinx\14.7\ISE_DS\PlanAhead\lib\win64.o\librdi_hmetis.dll
0x00000000147d0000 - 0x000000001480d000 	D:\Xilinx\14.7\ISE_DS\PlanAhead\lib\win64.o\librdi_simbridge_kernel.dll
0x0000000014820000 - 0x0000000014c96000 	D:\Xilinx\14.7\ISE_DS\PlanAhead\lib\win64.o\librdi_wavedata.dll
0x0000000019750000 - 0x000000001b808000 	D:\Xilinx\14.7\ISE_DS\PlanAhead\lib\win64.o\librdi_tcltasks.dll
0x000000001b820000 - 0x000000001ba94000 	D:\Xilinx\14.7\ISE_DS\PlanAhead\lib\win64.o\librdi_bitstream.dll
0x000000001bab0000 - 0x000000001bb1e000 	D:\Xilinx\14.7\ISE_DS\PlanAhead\lib\win64.o\librdi_edk.dll
0x000000001bb20000 - 0x000000001bbf4000 	D:\Xilinx\14.7\ISE_DS\PlanAhead\lib\win64.o\librdi_dsp.dll
0x000000001bc10000 - 0x000000001be1e000 	D:\Xilinx\14.7\ISE_DS\PlanAhead\lib\win64.o\librdi_simdata.dll
0x000000001c140000 - 0x000000001c296000 	D:\Xilinx\14.7\ISE_DS\PlanAhead\lib\win64.o\librdi_planaheadtasks.dll
0x000000001c2b0000 - 0x000000001d0f8000 	D:\Xilinx\14.7\ISE_DS\PlanAhead\lib\win64.o\librdi_ipservicestasks.dll
0x000000005c9f0000 - 0x000000005c9ff000 	D:\Xilinx\14.7\ISE_DS\PlanAhead\tps\win64\jre\bin\verify.dll
0x000000005c9c0000 - 0x000000005c9e8000 	D:\Xilinx\14.7\ISE_DS\PlanAhead\tps\win64\jre\bin\java.dll
0x000000005c9a0000 - 0x000000005c9b5000 	D:\Xilinx\14.7\ISE_DS\PlanAhead\tps\win64\jre\bin\zip.dll
0x000000005c980000 - 0x000000005c999000 	D:\Xilinx\14.7\ISE_DS\PlanAhead\tps\win64\jre\bin\net.dll
0x00007ff80b6f0000 - 0x00007ff80b75a000 	C:\WINDOWS\system32\mswsock.dll
0x000000005c960000 - 0x000000005c971000 	D:\Xilinx\14.7\ISE_DS\PlanAhead\tps\win64\jre\bin\nio.dll
0x000000002a8f0000 - 0x000000002abd6000 	D:\Xilinx\14.7\ISE_DS\PlanAhead\lib\win64.o\librdi_fed.dll
0x000000002abf0000 - 0x000000002ae51000 	D:\Xilinx\14.7\ISE_DS\PlanAhead\lib\win64.o\librdi_guitools.dll
0x000000002ae70000 - 0x000000002ae77000 	D:\Xilinx\14.7\ISE_DS\PlanAhead\lib\win64.o\librdi_commonx11.dll
0x000000002af90000 - 0x000000002b37e000 	D:\Xilinx\14.7\ISE_DS\PlanAhead\lib\win64.o\librdi_rsbtasks.dll
0x000000002b390000 - 0x000000002b5d9000 	D:\Xilinx\14.7\ISE_DS\PlanAhead\lib\win64.o\librdi_labtoolstasks.dll
0x000000002b6f0000 - 0x000000002b8a8000 	D:\Xilinx\14.7\ISE_DS\PlanAhead\lib\win64.o\librdi_simtcltasks.dll
0x000000005c7c0000 - 0x000000005c953000 	D:\Xilinx\14.7\ISE_DS\PlanAhead\tps\win64\jre\bin\awt.dll
0x00007ff809840000 - 0x00007ff8098d0000 	C:\WINDOWS\SYSTEM32\apphelp.dll
0x00007ff8054f0000 - 0x00007ff8056d4000 	C:\WINDOWS\SYSTEM32\dbghelp.dll
0x00007ff80c350000 - 0x00007ff80c3d2000 	C:\WINDOWS\System32\bcryptPrimitives.dll

VM Arguments:
jvm_args: -Dsun.java2d.pmoffscreen=false -Xverify:none -Dswing.aatext=true -XX:-UsePerfData -Djdk.map.althashing.threshold=512 -XX:PermSize=128m -XX:MaxPermSize=128m -XX:NewSize=60m -XX:MaxNewSize=60m -XX:+UseConcMarkSweepGC -XX:+UseParNewGC -XX:+CMSParallelRemarkEnabled -XX:+CMSScavengeBeforeRemark -XX:+UseNUMA -XX:+AggressiveOpts -XX:+UseFastAccessorMethods -XX:+UseFastEmptyMethods -XX:+UseBiasedLocking -XX:+TieredCompilation -Xms128m -Xmx2048m -Xss3m 
java_command: <unknown>
Launcher Type: generic

Environment Variables:
JAVA_HOME=C:\Program Files\Unity\Hub\Editor\2021.3.30f1\Editor\Data\PlaybackEngines\AndroidPlayer\OpenJDK
PATH=D:/Xilinx/14.7/ISE_DS/PlanAhead/bin;D:/Xilinx/14.7/ISE_DS/PlanAhead/lib/win64.o;D:/Xilinx/14.7/ISE_DS/PlanAhead/tps/win64/jre/bin/server;D:/Xilinx/14.7/ISE_DS/PlanAhead/tps/win64/jre/bin;D:/Xilinx/14.7/ISE_DS/EDK/bin/nt64;D:/Xilinx/14.7/ISE_DS/EDK/lib/nt64;D:/Xilinx/14.7/ISE_DS/ISE/bin/nt64;D:/Xilinx/14.7/ISE_DS/ISE/lib/nt64;D:/Xilinx/14.7/ISE_DS/common/bin/nt64;D:/Xilinx/14.7/ISE_DS/common/lib/nt64;D:\Xilinx\14.7\ISE_DS\ISE\\lib\nt;D:\Xilinx\14.7\ISE_DS\ISE\\bin\nt;D:\Xilinx\14.7\ISE_DS\ISE\bin\nt;D:\Xilinx\14.7\ISE_DS\ISE\lib\nt;D:\Xilinx\14.7\ISE_DS\ISE\..\..\..\DocNav;D:\Xilinx\14.7\ISE_DS\PlanAhead\bin;D:\Xilinx\14.7\ISE_DS\EDK\bin\nt;D:\Xilinx\14.7\ISE_DS\EDK\lib\nt;D:\Xilinx\14.7\ISE_DS\EDK\gnu\microblaze\nt\bin;D:\Xilinx\14.7\ISE_DS\EDK\gnu\powerpc-eabi\nt\bin;D:\Xilinx\14.7\ISE_DS\EDK\gnuwin\bin;D:\Xilinx\14.7\ISE_DS\EDK\gnu\arm\nt\bin;D:\Xilinx\14.7\ISE_DS\EDK\gnu\microblaze\linux_toolchain\nt_be\bin;D:\Xilinx\14.7\ISE_DS\EDK\gnu\microblaze\linux_toolchain\nt_le\bin;D:\Xilinx\14.7\ISE_DS\common\bin\nt;D:\Xilinx\14.7\ISE_DS\common\lib\nt;C:\WINDOWS\system32;C:\WINDOWS;C:\WINDOWS\System32\Wbem;C:\WINDOWS\System32\WindowsPowerShell\v1.0\;C:\WINDOWS\System32\OpenSSH\;D:\Program Files\MATLAB\R2016a\runtime\win64;D:\Program Files\MATLAB\R2016a\bin;C:\Program Files\dotnet\;D:\Program Files\MATLAB\R2016a\polyspace\bin;C:\Program Files\Microsoft SQL Server\Client SDK\ODBC\170\Tools\Binn\;C:\Program Files\Microsoft SQL Server\150\Tools\Binn\;C:\Users\aalia\AppData\Local\Microsoft\WindowsApps;C:\Gradle\gradle-8.3\bin;C:\Users\aalia\AppData\Local\Programs\Microsoft VS Code\bin;C:\Users\aalia\.dotnet\tools;D:\modeltech64_10.6d\win64;C:\intelFPGA\18.1\modelsim_ase\win32aloem;C:\Users\aalia\Downloads\gcc-13.2.0-no-debug\bin
USERNAME=aalia
OS=Windows_NT
PROCESSOR_IDENTIFIER=Intel64 Family 6 Model 78 Stepping 3, GenuineIntel



---------------  S Y S T E M  ---------------

OS: Windows 8 , 64 bit Build 9200 

CPU:total 4 (2 cores per cpu, 2 threads per core) family 6 model 78 stepping 3, cmov, cx8, fxsr, mmx, sse, sse2, sse3, ssse3, sse4.1, sse4.2, popcnt, avx, avx2, ht, tsc, tscinvbit

Memory: 4k page, physical 8256832k(3561936k free), swap 12057920k(6847104k free)

vm_info: Java HotSpot(TM) 64-Bit Server VM (23.7-b01) for windows-amd64 JRE (1.7.0_17-b02), built on Mar  1 2013 03:38:30 by "java_re" with unknown MS VC++:1600

time: Wed Feb 28 17:13:29 2024
elapsed time: 1 seconds

