C51 COMPILER V9.60.7.0   LAB_TASK                                                          04/26/2024 23:53:27 PAGE 1   


C51 COMPILER V9.60.7.0, COMPILATION OF MODULE LAB_TASK
OBJECT MODULE PLACED IN .\Objects\lab_task.obj
COMPILER INVOKED BY: D:\Keil_v5\C51\BIN\C51.EXE lab_task.c OPTIMIZE(8,SPEED) BROWSE DEBUG OBJECTEXTEND PRINT(.\Listings\
                    -lab_task.lst) TABS(2) OBJECT(.\Objects\lab_task.obj)

line level    source

   1          #include<reg51.h>
   2          #include<stdio.h>
   3          
   4          sbit pin = P1^2;
   5          sbit flag = P2^3;
   6          
   7          sbit btn = P3^2;
   8          
   9          void start_timer0(){
  10   1        TR0 = 1;
  11   1      }
  12          
  13          void e_i_0() interrupt 0{
  14   1        flag = ~flag; 
  15   1      }
  16          
  17          void timer0() interrupt 1{
  18   1        
  19   1        if(flag){
  20   2            if(~pin){
  21   3              TH0 = 0xF8; //2ms delay
  22   3              TL0 = 0x2F;
  23   3            }
  24   2            
  25   2            else{
  26   3              TH0 = 0xFA; //1.3ms delay
  27   3              TL0 = 0xEB;
  28   3            }
  29   2          }
  30   1        
  31   1        else{
  32   2            if(~pin){
  33   3              TH0 = 0xF0; //4ms delay
  34   3              TL0 = 0x5F;
  35   3            }
  36   2            
  37   2            else{
  38   3              TH0 = 0xE8; //6ms delay
  39   3              TL0 = 0x8F;
  40   3            }
  41   2          }
  42   1        }
  43          
  44          void start_timer(){
  45   1        TMOD = 0x01;
  46   1        IE = 0x83;
  47   1      }
  48          
  49          void main(void){
  50   1            btn = 1;
  51   1            TR0 = 1;   //Part of TCON reg
  52   1            EX0 = 1;
  53   1            IT0 = 1;
  54   1        
C51 COMPILER V9.60.7.0   LAB_TASK                                                          04/26/2024 23:53:27 PAGE 2   

  55   1            start_timer();
  56   1            
  57   1            while(1){
  58   2              while(TF0 == 0);
  59   2              pin = ~pin;
  60   2            }
  61   1      }


MODULE INFORMATION:   STATIC OVERLAYABLE
   CODE SIZE        =     79    ----
   CONSTANT SIZE    =   ----    ----
   XDATA SIZE       =   ----    ----
   PDATA SIZE       =   ----    ----
   DATA SIZE        =   ----    ----
   IDATA SIZE       =   ----    ----
   BIT SIZE         =   ----    ----
END OF MODULE INFORMATION.


C51 COMPILATION COMPLETE.  0 WARNING(S),  0 ERROR(S)
