BL51 BANKED LINKER/LOCATER V6.22.4.0                                                    04/26/2024  23:53:27  PAGE 1


BL51 BANKED LINKER/LOCATER V6.22.4.0, INVOKED BY:
D:\KEIL_V5\C51\BIN\BL51.EXE .\Objects\STARTUP.obj, .\Objects\lab_task.obj TO .\Objects\Lab_Task PRINT (.\Listings\Lab_Ta
>> sk.m51)


MEMORY MODEL: SMALL


INPUT MODULES INCLUDED:
  .\Objects\STARTUP.obj (?C_STARTUP)
  .\Objects\lab_task.obj (LAB_TASK)


LINK MAP OF MODULE:  .\Objects\Lab_Task (?C_STARTUP)


            TYPE    BASE      LENGTH    RELOCATION   SEGMENT NAME
            -----------------------------------------------------

            * * * * * * *   D A T A   M E M O R Y   * * * * * * *
            REG     0000H     0008H     ABSOLUTE     "REG BANK 0"
            IDATA   0008H     0001H     UNIT         ?STACK

            * * * * * * *   C O D E   M E M O R Y   * * * * * * *
            CODE    0000H     0003H     ABSOLUTE     
            CODE    0003H     0003H     ABSOLUTE     
                    0006H     0005H                  *** GAP ***
            CODE    000BH     0003H     ABSOLUTE     
                    000EH     07F2H                  *** GAP ***
            CODE    0800H     0030H     UNIT         ?PR?TIMER0?LAB_TASK
            CODE    0830H     0012H     UNIT         ?PR?MAIN?LAB_TASK
            CODE    0842H     000CH     UNIT         ?C_C51STARTUP
            CODE    084EH     0007H     UNIT         ?PR?START_TIMER?LAB_TASK
            CODE    0855H     0003H     UNIT         ?PR?START_TIMER0?LAB_TASK
            CODE    0858H     0003H     UNIT         ?PR?E_I_0?LAB_TASK



OVERLAY MAP OF MODULE:   .\Objects\Lab_Task (?C_STARTUP)


SEGMENT
  +--> CALLED SEGMENT
---------------------
?C_C51STARTUP
  +--> ?PR?MAIN?LAB_TASK

?PR?MAIN?LAB_TASK
  +--> ?PR?START_TIMER?LAB_TASK



SYMBOL TABLE OF MODULE:  .\Objects\Lab_Task (?C_STARTUP)

  VALUE           TYPE          NAME
  ----------------------------------

  -------         MODULE        ?C_STARTUP
BL51 BANKED LINKER/LOCATER V6.22.4.0                                                  04/26/2024  23:53:27  PAGE 2


  C:0842H         SEGMENT       ?C_C51STARTUP
  I:0008H         SEGMENT       ?STACK
  C:0000H         PUBLIC        ?C_STARTUP
  D:00E0H         SYMBOL        ACC
  D:00F0H         SYMBOL        B
  D:0083H         SYMBOL        DPH
  D:0082H         SYMBOL        DPL
  N:0000H         SYMBOL        IBPSTACK
  N:0100H         SYMBOL        IBPSTACKTOP
  N:0080H         SYMBOL        IDATALEN
  C:0845H         SYMBOL        IDATALOOP
  N:0000H         SYMBOL        PBPSTACK
  N:0100H         SYMBOL        PBPSTACKTOP
  N:0000H         SYMBOL        PDATALEN
  N:0000H         SYMBOL        PDATASTART
  N:0000H         SYMBOL        PPAGE
  N:0000H         SYMBOL        PPAGEENABLE
  D:00A0H         SYMBOL        PPAGE_SFR
  D:0081H         SYMBOL        SP
  C:0842H         SYMBOL        STARTUP1
  N:0000H         SYMBOL        XBPSTACK
  N:0000H         SYMBOL        XBPSTACKTOP
  N:0000H         SYMBOL        XDATALEN
  N:0000H         SYMBOL        XDATASTART
  C:0000H         LINE#         126
  C:0842H         LINE#         133
  C:0844H         LINE#         134
  C:0845H         LINE#         135
  C:0846H         LINE#         136
  C:0848H         LINE#         185
  C:084BH         LINE#         196
  -------         ENDMOD        ?C_STARTUP

  -------         MODULE        LAB_TASK
  C:0000H         SYMBOL        _ICE_DUMMY_
  D:0090H         PUBLIC        P1
  D:00A0H         PUBLIC        P2
  D:00B0H         PUBLIC        P3
  D:00A8H         PUBLIC        IE
  B:00A0H.3       PUBLIC        flag
  C:0830H         PUBLIC        main
  D:0089H         PUBLIC        TMOD
  C:084EH         PUBLIC        start_timer
  C:0858H         PUBLIC        e_i_0
  B:00B0H.2       PUBLIC        btn
  B:0090H.2       PUBLIC        pin
  B:0088H.5       PUBLIC        TF0
  D:008CH         PUBLIC        TH0
  B:00A8H.0       PUBLIC        EX0
  B:0088H.0       PUBLIC        IT0
  D:008AH         PUBLIC        TL0
  C:0800H         PUBLIC        timer0
  B:0088H.4       PUBLIC        TR0
  C:0855H         PUBLIC        start_timer0
  -------         PROC          START_TIMER0
  C:0855H         LINE#         9
  C:0855H         LINE#         10
BL51 BANKED LINKER/LOCATER V6.22.4.0                                                  04/26/2024  23:53:27  PAGE 3


  C:0857H         LINE#         11
  -------         ENDPROC       START_TIMER0
  -------         PROC          E_I_0
  C:0858H         LINE#         13
  C:0858H         LINE#         14
  C:085AH         LINE#         15
  -------         ENDPROC       E_I_0
  -------         PROC          TIMER0
  C:0800H         LINE#         17
  C:0802H         LINE#         19
  C:0805H         LINE#         20
  C:080AH         LINE#         21
  C:080DH         LINE#         22
  C:0810H         LINE#         23
  C:0812H         LINE#         25
  C:0812H         LINE#         26
  C:0815H         LINE#         27
  C:0818H         LINE#         28
  C:0818H         LINE#         29
  C:081AH         LINE#         31
  C:081AH         LINE#         32
  C:081FH         LINE#         33
  C:0822H         LINE#         34
  C:0825H         LINE#         35
  C:0827H         LINE#         37
  C:0827H         LINE#         38
  C:082AH         LINE#         39
  C:082DH         LINE#         40
  C:082DH         LINE#         41
  C:082DH         LINE#         42
  -------         ENDPROC       TIMER0
  -------         PROC          START_TIMER
  C:084EH         LINE#         44
  C:084EH         LINE#         45
  C:0851H         LINE#         46
  C:0854H         LINE#         47
  -------         ENDPROC       START_TIMER
  -------         PROC          MAIN
  C:0830H         LINE#         49
  C:0830H         LINE#         50
  C:0832H         LINE#         51
  C:0834H         LINE#         52
  C:0836H         LINE#         53
  C:0838H         LINE#         55
  C:083BH         LINE#         57
  C:083BH         LINE#         58
  C:083EH         LINE#         59
  C:0840H         LINE#         60
  -------         ENDPROC       MAIN
  -------         ENDMOD        LAB_TASK

*** WARNING L16: UNCALLED SEGMENT, IGNORED FOR OVERLAY PROCESS
    SEGMENT: ?PR?START_TIMER0?LAB_TASK

******************************************************************************
* RESTRICTED VERSION WITH 0800H BYTE CODE SIZE LIMIT; USED: 0064H BYTE ( 4%) *
******************************************************************************
BL51 BANKED LINKER/LOCATER V6.22.4.0                                                  04/26/2024  23:53:27  PAGE 4



Program Size: data=9.0 xdata=0 code=100
LINK/LOCATE RUN COMPLETE.  1 WARNING(S),  0 ERROR(S)
