C51 COMPILER V9.60.7.0   T1                                                                04/26/2024 22:06:40 PAGE 1   


C51 COMPILER V9.60.7.0, COMPILATION OF MODULE T1
OBJECT MODULE PLACED IN .\Objects\T1.obj
COMPILER INVOKED BY: D:\Keil_v5\C51\BIN\C51.EXE T1.c OPTIMIZE(8,SPEED) BROWSE DEBUG OBJECTEXTEND PRINT(.\Listings\T1.lst
                    -) TABS(2) OBJECT(.\Objects\T1.obj)

line level    source

   1          #include<reg51.h>
   2          sbit pin = P1^0;
   3          
   4          void init_timer(){
   5   1        TH0 = 0xFC;
   6   1        TL0 = 0x17;
   7   1      }
   8          void timer0() interrupt 1{
   9   1          init_timer();
  10   1      }
  11          void main(void){
  12   1        TR0 = 1;
  13   1        TMOD = 0x01;
  14   1        init_timer();
  15   1        IE = 0x82;
  16   1      
  17   1        while(1){
  18   2          while(TF0 == 0);
  19   2          pin = ~pin;
  20   2        }
  21   1      }


MODULE INFORMATION:   STATIC OVERLAYABLE
   CODE SIZE        =     29    ----
   CONSTANT SIZE    =   ----    ----
   XDATA SIZE       =   ----    ----
   PDATA SIZE       =   ----    ----
   DATA SIZE        =   ----    ----
   IDATA SIZE       =   ----    ----
   BIT SIZE         =   ----    ----
END OF MODULE INFORMATION.


C51 COMPILATION COMPLETE.  0 WARNING(S),  0 ERROR(S)
