BL51 BANKED LINKER/LOCATER V6.22.4.0                                                    04/26/2024  22:06:40  PAGE 1


BL51 BANKED LINKER/LOCATER V6.22.4.0, INVOKED BY:
D:\KEIL_V5\C51\BIN\BL51.EXE .\Objects\STARTUP.obj, .\Objects\T1.obj TO .\Objects\T1 PRINT (.\Listings\T1.m51)


MEMORY MODEL: SMALL


INPUT MODULES INCLUDED:
  .\Objects\STARTUP.obj (?C_STARTUP)
  .\Objects\T1.obj (T1)


LINK MAP OF MODULE:  .\Objects\T1 (?C_STARTUP)


            TYPE    BASE      LENGTH    RELOCATION   SEGMENT NAME
            -----------------------------------------------------

            * * * * * * *   D A T A   M E M O R Y   * * * * * * *
            REG     0000H     0008H     ABSOLUTE     "REG BANK 0"
            IDATA   0008H     0001H     UNIT         ?STACK

            * * * * * * *   C O D E   M E M O R Y   * * * * * * *
            CODE    0000H     0003H     ABSOLUTE     
                    0003H     0008H                  *** GAP ***
            CODE    000BH     0003H     ABSOLUTE     
                    000EH     07F2H                  *** GAP ***
            CODE    0800H     0012H     UNIT         ?PR?MAIN?T1
            CODE    0812H     000CH     UNIT         ?C_C51STARTUP
            CODE    081EH     0007H     UNIT         ?PR?INIT_TIMER?T1
            CODE    0825H     0004H     UNIT         ?PR?TIMER0?T1



OVERLAY MAP OF MODULE:   .\Objects\T1 (?C_STARTUP)


SEGMENT
  +--> CALLED SEGMENT
---------------------
?C_C51STARTUP
  +--> ?PR?MAIN?T1

?PR?MAIN?T1
  +--> ?PR?INIT_TIMER?T1

*** NEW ROOT ***************************************************

?PR?TIMER0?T1
  +--> ?PR?INIT_TIMER?T1



SYMBOL TABLE OF MODULE:  .\Objects\T1 (?C_STARTUP)

  VALUE           TYPE          NAME
  ----------------------------------

BL51 BANKED LINKER/LOCATER V6.22.4.0                                                  04/26/2024  22:06:40  PAGE 2


  -------         MODULE        ?C_STARTUP
  C:0812H         SEGMENT       ?C_C51STARTUP
  I:0008H         SEGMENT       ?STACK
  C:0000H         PUBLIC        ?C_STARTUP
  D:00E0H         SYMBOL        ACC
  D:00F0H         SYMBOL        B
  D:0083H         SYMBOL        DPH
  D:0082H         SYMBOL        DPL
  N:0000H         SYMBOL        IBPSTACK
  N:0100H         SYMBOL        IBPSTACKTOP
  N:0080H         SYMBOL        IDATALEN
  C:0815H         SYMBOL        IDATALOOP
  N:0000H         SYMBOL        PBPSTACK
  N:0100H         SYMBOL        PBPSTACKTOP
  N:0000H         SYMBOL        PDATALEN
  N:0000H         SYMBOL        PDATASTART
  N:0000H         SYMBOL        PPAGE
  N:0000H         SYMBOL        PPAGEENABLE
  D:00A0H         SYMBOL        PPAGE_SFR
  D:0081H         SYMBOL        SP
  C:0812H         SYMBOL        STARTUP1
  N:0000H         SYMBOL        XBPSTACK
  N:0000H         SYMBOL        XBPSTACKTOP
  N:0000H         SYMBOL        XDATALEN
  N:0000H         SYMBOL        XDATASTART
  C:0000H         LINE#         126
  C:0812H         LINE#         133
  C:0814H         LINE#         134
  C:0815H         LINE#         135
  C:0816H         LINE#         136
  C:0818H         LINE#         185
  C:081BH         LINE#         196
  -------         ENDMOD        ?C_STARTUP

  -------         MODULE        T1
  C:0000H         SYMBOL        _ICE_DUMMY_
  D:0090H         PUBLIC        P1
  D:00A8H         PUBLIC        IE
  C:0800H         PUBLIC        main
  D:0089H         PUBLIC        TMOD
  C:081EH         PUBLIC        init_timer
  B:0090H.0       PUBLIC        pin
  B:0088H.5       PUBLIC        TF0
  D:008CH         PUBLIC        TH0
  D:008AH         PUBLIC        TL0
  C:0825H         PUBLIC        timer0
  B:0088H.4       PUBLIC        TR0
  -------         PROC          INIT_TIMER
  C:081EH         LINE#         4
  C:081EH         LINE#         5
  C:0821H         LINE#         6
  C:0824H         LINE#         7
  -------         ENDPROC       INIT_TIMER
  -------         PROC          TIMER0
  C:0825H         LINE#         8
  C:0825H         LINE#         9
  C:0828H         LINE#         10
BL51 BANKED LINKER/LOCATER V6.22.4.0                                                  04/26/2024  22:06:40  PAGE 3


  -------         ENDPROC       TIMER0
  -------         PROC          MAIN
  C:0800H         LINE#         11
  C:0800H         LINE#         12
  C:0802H         LINE#         13
  C:0805H         LINE#         14
  C:0808H         LINE#         15
  C:080BH         LINE#         17
  C:080BH         LINE#         18
  C:080EH         LINE#         19
  C:0810H         LINE#         20
  -------         ENDPROC       MAIN
  -------         ENDMOD        T1

******************************************************************************
* RESTRICTED VERSION WITH 0800H BYTE CODE SIZE LIMIT; USED: 002FH BYTE ( 2%) *
******************************************************************************

Program Size: data=9.0 xdata=0 code=47
LINK/LOCATE RUN COMPLETE.  0 WARNING(S),  0 ERROR(S)
