C51 COMPILER V9.60.7.0   T2                                                                04/26/2024 22:23:20 PAGE 1   


C51 COMPILER V9.60.7.0, COMPILATION OF MODULE T2
OBJECT MODULE PLACED IN .\Objects\T2.obj
COMPILER INVOKED BY: D:\Keil_v5\C51\BIN\C51.EXE T2.c OPTIMIZE(8,SPEED) BROWSE DEBUG OBJECTEXTEND PRINT(.\Listings\T2.lst
                    -) TABS(2) OBJECT(.\Objects\T2.obj)

line level    source

   1          #include<reg51.h>
   2          sbit pin = P1^0;
   3          
   4          void init_timer(){  
   5   1        if(pin){
   6   2          TH0 = 0xFD;
   7   2          TL0 = 0x67;
   8   2        }
   9   1        
  10   1        else{
  11   2          TH0 = 0xFC;
  12   2          TL0 = 0x1B;
  13   2        }
  14   1        
  15   1      }
  16          
  17          void timer0() interrupt 1{
  18   1          init_timer();
  19   1      }
  20          
  21          void main(void){
  22   1        TR0 = 1;
  23   1        TMOD = 0x01;
  24   1        init_timer();
  25   1        IE = 0x82;
  26   1      
  27   1        while(1){
  28   2          while(TF0 == 0);
  29   2          pin = ~pin;
  30   2        }
  31   1      }


MODULE INFORMATION:   STATIC OVERLAYABLE
   CODE SIZE        =     39    ----
   CONSTANT SIZE    =   ----    ----
   XDATA SIZE       =   ----    ----
   PDATA SIZE       =   ----    ----
   DATA SIZE        =   ----    ----
   IDATA SIZE       =   ----    ----
   BIT SIZE         =   ----    ----
END OF MODULE INFORMATION.


C51 COMPILATION COMPLETE.  0 WARNING(S),  0 ERROR(S)
