BL51 BANKED LINKER/LOCATER V6.22.4.0                                                    04/26/2024  22:23:20  PAGE 1


BL51 BANKED LINKER/LOCATER V6.22.4.0, INVOKED BY:
D:\KEIL_V5\C51\BIN\BL51.EXE .\Objects\STARTUP.obj, .\Objects\T2.obj TO .\Objects\T2 PRINT (.\Listings\T2.m51)


MEMORY MODEL: SMALL


INPUT MODULES INCLUDED:
  .\Objects\STARTUP.obj (?C_STARTUP)
  .\Objects\T2.obj (T2)


LINK MAP OF MODULE:  .\Objects\T2 (?C_STARTUP)


            TYPE    BASE      LENGTH    RELOCATION   SEGMENT NAME
            -----------------------------------------------------

            * * * * * * *   D A T A   M E M O R Y   * * * * * * *
            REG     0000H     0008H     ABSOLUTE     "REG BANK 0"
            IDATA   0008H     0001H     UNIT         ?STACK

            * * * * * * *   C O D E   M E M O R Y   * * * * * * *
            CODE    0000H     0003H     ABSOLUTE     
                    0003H     0008H                  *** GAP ***
            CODE    000BH     0003H     ABSOLUTE     
                    000EH     07F2H                  *** GAP ***
            CODE    0800H     0012H     UNIT         ?PR?MAIN?T2
            CODE    0812H     0011H     UNIT         ?PR?INIT_TIMER?T2
            CODE    0823H     000CH     UNIT         ?C_C51STARTUP
            CODE    082FH     0004H     UNIT         ?PR?TIMER0?T2



OVERLAY MAP OF MODULE:   .\Objects\T2 (?C_STARTUP)


SEGMENT
  +--> CALLED SEGMENT
---------------------
?C_C51STARTUP
  +--> ?PR?MAIN?T2

?PR?MAIN?T2
  +--> ?PR?INIT_TIMER?T2

*** NEW ROOT ***************************************************

?PR?TIMER0?T2
  +--> ?PR?INIT_TIMER?T2



SYMBOL TABLE OF MODULE:  .\Objects\T2 (?C_STARTUP)

  VALUE           TYPE          NAME
  ----------------------------------

BL51 BANKED LINKER/LOCATER V6.22.4.0                                                  04/26/2024  22:23:20  PAGE 2


  -------         MODULE        ?C_STARTUP
  C:0823H         SEGMENT       ?C_C51STARTUP
  I:0008H         SEGMENT       ?STACK
  C:0000H         PUBLIC        ?C_STARTUP
  D:00E0H         SYMBOL        ACC
  D:00F0H         SYMBOL        B
  D:0083H         SYMBOL        DPH
  D:0082H         SYMBOL        DPL
  N:0000H         SYMBOL        IBPSTACK
  N:0100H         SYMBOL        IBPSTACKTOP
  N:0080H         SYMBOL        IDATALEN
  C:0826H         SYMBOL        IDATALOOP
  N:0000H         SYMBOL        PBPSTACK
  N:0100H         SYMBOL        PBPSTACKTOP
  N:0000H         SYMBOL        PDATALEN
  N:0000H         SYMBOL        PDATASTART
  N:0000H         SYMBOL        PPAGE
  N:0000H         SYMBOL        PPAGEENABLE
  D:00A0H         SYMBOL        PPAGE_SFR
  D:0081H         SYMBOL        SP
  C:0823H         SYMBOL        STARTUP1
  N:0000H         SYMBOL        XBPSTACK
  N:0000H         SYMBOL        XBPSTACKTOP
  N:0000H         SYMBOL        XDATALEN
  N:0000H         SYMBOL        XDATASTART
  C:0000H         LINE#         126
  C:0823H         LINE#         133
  C:0825H         LINE#         134
  C:0826H         LINE#         135
  C:0827H         LINE#         136
  C:0829H         LINE#         185
  C:082CH         LINE#         196
  -------         ENDMOD        ?C_STARTUP

  -------         MODULE        T2
  C:0000H         SYMBOL        _ICE_DUMMY_
  D:0090H         PUBLIC        P1
  D:00A8H         PUBLIC        IE
  C:0800H         PUBLIC        main
  D:0089H         PUBLIC        TMOD
  C:0812H         PUBLIC        init_timer
  B:0090H.0       PUBLIC        pin
  B:0088H.5       PUBLIC        TF0
  D:008CH         PUBLIC        TH0
  D:008AH         PUBLIC        TL0
  C:082FH         PUBLIC        timer0
  B:0088H.4       PUBLIC        TR0
  -------         PROC          INIT_TIMER
  C:0812H         LINE#         4
  C:0812H         LINE#         5
  C:0815H         LINE#         6
  C:0818H         LINE#         7
  C:081BH         LINE#         8
  C:081CH         LINE#         10
  C:081CH         LINE#         11
  C:081FH         LINE#         12
  C:0822H         LINE#         13
BL51 BANKED LINKER/LOCATER V6.22.4.0                                                  04/26/2024  22:23:20  PAGE 3


  C:0822H         LINE#         15
  -------         ENDPROC       INIT_TIMER
  -------         PROC          TIMER0
  C:082FH         LINE#         17
  C:082FH         LINE#         18
  C:0832H         LINE#         19
  -------         ENDPROC       TIMER0
  -------         PROC          MAIN
  C:0800H         LINE#         21
  C:0800H         LINE#         22
  C:0802H         LINE#         23
  C:0805H         LINE#         24
  C:0808H         LINE#         25
  C:080BH         LINE#         27
  C:080BH         LINE#         28
  C:080EH         LINE#         29
  C:0810H         LINE#         30
  -------         ENDPROC       MAIN
  -------         ENDMOD        T2

******************************************************************************
* RESTRICTED VERSION WITH 0800H BYTE CODE SIZE LIMIT; USED: 0039H BYTE ( 2%) *
******************************************************************************

Program Size: data=9.0 xdata=0 code=57
LINK/LOCATE RUN COMPLETE.  0 WARNING(S),  0 ERROR(S)
