C51 COMPILER V9.60.7.0   T3                                                                04/26/2024 23:45:13 PAGE 1   


C51 COMPILER V9.60.7.0, COMPILATION OF MODULE T3
OBJECT MODULE PLACED IN .\Objects\T3.obj
COMPILER INVOKED BY: D:\Keil_v5\C51\BIN\C51.EXE T3.c OPTIMIZE(8,SPEED) BROWSE DEBUG OBJECTEXTEND PRINT(.\Listings\T3.lst
                    -) TABS(2) OBJECT(.\Objects\T3.obj)

line level    source

   1          #include<reg51.h>
   2          #include<stdio.h>
   3          
   4          sbit pin = P1^0;
   5          sbit mode = P1^1;
   6          sbit i_btn = P3^2;
   7          
   8          void e_i_0 () interrupt 0{
   9   1        
  10   1        mode = ~mode;
  11   1        
  12   1      }
  13          void init_timer(){  
  14   1        if(mode){
  15   2            if(pin){
  16   3              TH0 = 0xF0;//6ms
  17   3              TL0 = 0x5F;
  18   3            }
  19   2            else{
  20   3              TH0 = 0xE8;//4ms
  21   3              TL0 = 0x8F;
  22   3            } 
  23   2          }
  24   1        else{
  25   2            if(pin){
  26   3              TH0 = 0xF8;//1.92ms
  27   3              TL0 = 0x7F;
  28   3            }
  29   2            else{
  30   3              TH0 = 0xFA;//1.32ms
  31   3              TL0 = 0xD7;
  32   3            } 
  33   2          }
  34   1      }
  35          
  36          void timer0() interrupt 1{
  37   1          init_timer();
  38   1      }
  39          
  40          void main(void){
  41   1        mode = 1;
  42   1        
  43   1        TR0 = 1;
  44   1        TMOD = 0x01;
  45   1        init_timer();
  46   1        IE = 0x83;
  47   1        IT0 = 1;
  48   1        EX0 = 1;
  49   1      
  50   1        while(1){
  51   2          while(TF0 == 0);
  52   2          pin = ~pin;
  53   2        }
  54   1      }
C51 COMPILER V9.60.7.0   T3                                                                04/26/2024 23:45:13 PAGE 2   



MODULE INFORMATION:   STATIC OVERLAYABLE
   CODE SIZE        =     68    ----
   CONSTANT SIZE    =   ----    ----
   XDATA SIZE       =   ----    ----
   PDATA SIZE       =   ----    ----
   DATA SIZE        =   ----    ----
   IDATA SIZE       =   ----    ----
   BIT SIZE         =   ----    ----
END OF MODULE INFORMATION.


C51 COMPILATION COMPLETE.  0 WARNING(S),  0 ERROR(S)
