BL51 BANKED LINKER/LOCATER V6.22.4.0                                                    04/26/2024  23:45:13  PAGE 1


BL51 BANKED LINKER/LOCATER V6.22.4.0, INVOKED BY:
D:\KEIL_V5\C51\BIN\BL51.EXE .\Objects\STARTUP.obj, .\Objects\T3.obj TO .\Objects\T3 PRINT (.\Listings\T3.m51)


MEMORY MODEL: SMALL


INPUT MODULES INCLUDED:
  .\Objects\STARTUP.obj (?C_STARTUP)
  .\Objects\T3.obj (T3)


LINK MAP OF MODULE:  .\Objects\T3 (?C_STARTUP)


            TYPE    BASE      LENGTH    RELOCATION   SEGMENT NAME
            -----------------------------------------------------

            * * * * * * *   D A T A   M E M O R Y   * * * * * * *
            REG     0000H     0008H     ABSOLUTE     "REG BANK 0"
            IDATA   0008H     0001H     UNIT         ?STACK

            * * * * * * *   C O D E   M E M O R Y   * * * * * * *
            CODE    0000H     0003H     ABSOLUTE     
            CODE    0003H     0003H     ABSOLUTE     
                    0006H     0005H                  *** GAP ***
            CODE    000BH     0003H     ABSOLUTE     
                    000EH     07F2H                  *** GAP ***
            CODE    0800H     0025H     UNIT         ?PR?INIT_TIMER?T3
            CODE    0825H     0018H     UNIT         ?PR?MAIN?T3
            CODE    083DH     000CH     UNIT         ?C_C51STARTUP
            CODE    0849H     0004H     UNIT         ?PR?TIMER0?T3
            CODE    084DH     0003H     UNIT         ?PR?E_I_0?T3



OVERLAY MAP OF MODULE:   .\Objects\T3 (?C_STARTUP)


SEGMENT
  +--> CALLED SEGMENT
---------------------
?C_C51STARTUP
  +--> ?PR?MAIN?T3

?PR?MAIN?T3
  +--> ?PR?INIT_TIMER?T3

*** NEW ROOT ***************************************************

?PR?TIMER0?T3
  +--> ?PR?INIT_TIMER?T3



SYMBOL TABLE OF MODULE:  .\Objects\T3 (?C_STARTUP)

  VALUE           TYPE          NAME
BL51 BANKED LINKER/LOCATER V6.22.4.0                                                  04/26/2024  23:45:13  PAGE 2


  ----------------------------------

  -------         MODULE        ?C_STARTUP
  C:083DH         SEGMENT       ?C_C51STARTUP
  I:0008H         SEGMENT       ?STACK
  C:0000H         PUBLIC        ?C_STARTUP
  D:00E0H         SYMBOL        ACC
  D:00F0H         SYMBOL        B
  D:0083H         SYMBOL        DPH
  D:0082H         SYMBOL        DPL
  N:0000H         SYMBOL        IBPSTACK
  N:0100H         SYMBOL        IBPSTACKTOP
  N:0080H         SYMBOL        IDATALEN
  C:0840H         SYMBOL        IDATALOOP
  N:0000H         SYMBOL        PBPSTACK
  N:0100H         SYMBOL        PBPSTACKTOP
  N:0000H         SYMBOL        PDATALEN
  N:0000H         SYMBOL        PDATASTART
  N:0000H         SYMBOL        PPAGE
  N:0000H         SYMBOL        PPAGEENABLE
  D:00A0H         SYMBOL        PPAGE_SFR
  D:0081H         SYMBOL        SP
  C:083DH         SYMBOL        STARTUP1
  N:0000H         SYMBOL        XBPSTACK
  N:0000H         SYMBOL        XBPSTACKTOP
  N:0000H         SYMBOL        XDATALEN
  N:0000H         SYMBOL        XDATASTART
  C:0000H         LINE#         126
  C:083DH         LINE#         133
  C:083FH         LINE#         134
  C:0840H         LINE#         135
  C:0841H         LINE#         136
  C:0843H         LINE#         185
  C:0846H         LINE#         196
  -------         ENDMOD        ?C_STARTUP

  -------         MODULE        T3
  C:0000H         SYMBOL        _ICE_DUMMY_
  D:0090H         PUBLIC        P1
  D:00B0H         PUBLIC        P3
  D:00A8H         PUBLIC        IE
  C:0825H         PUBLIC        main
  B:0090H.1       PUBLIC        mode
  D:0089H         PUBLIC        TMOD
  C:0800H         PUBLIC        init_timer
  C:084DH         PUBLIC        e_i_0
  B:0090H.0       PUBLIC        pin
  B:0088H.5       PUBLIC        TF0
  D:008CH         PUBLIC        TH0
  B:00A8H.0       PUBLIC        EX0
  B:0088H.0       PUBLIC        IT0
  D:008AH         PUBLIC        TL0
  C:0849H         PUBLIC        timer0
  B:0088H.4       PUBLIC        TR0
  -------         PROC          E_I_0
  C:084DH         LINE#         8
  C:084DH         LINE#         10
BL51 BANKED LINKER/LOCATER V6.22.4.0                                                  04/26/2024  23:45:13  PAGE 3


  C:084FH         LINE#         12
  -------         ENDPROC       E_I_0
  -------         PROC          INIT_TIMER
  C:0800H         LINE#         13
  C:0800H         LINE#         14
  C:0803H         LINE#         15
  C:0806H         LINE#         16
  C:0809H         LINE#         17
  C:080CH         LINE#         18
  C:080DH         LINE#         19
  C:080DH         LINE#         20
  C:0810H         LINE#         21
  C:0813H         LINE#         22
  C:0813H         LINE#         23
  C:0814H         LINE#         24
  C:0814H         LINE#         25
  C:0817H         LINE#         26
  C:081AH         LINE#         27
  C:081DH         LINE#         28
  C:081EH         LINE#         29
  C:081EH         LINE#         30
  C:0821H         LINE#         31
  C:0824H         LINE#         32
  C:0824H         LINE#         33
  C:0824H         LINE#         34
  -------         ENDPROC       INIT_TIMER
  -------         PROC          TIMER0
  C:0849H         LINE#         36
  C:0849H         LINE#         37
  C:084CH         LINE#         38
  -------         ENDPROC       TIMER0
  -------         PROC          MAIN
  C:0825H         LINE#         40
  C:0825H         LINE#         41
  C:0827H         LINE#         43
  C:0829H         LINE#         44
  C:082CH         LINE#         45
  C:082FH         LINE#         46
  C:0832H         LINE#         47
  C:0834H         LINE#         48
  C:0836H         LINE#         50
  C:0836H         LINE#         51
  C:0839H         LINE#         52
  C:083BH         LINE#         53
  -------         ENDPROC       MAIN
  -------         ENDMOD        T3

******************************************************************************
* RESTRICTED VERSION WITH 0800H BYTE CODE SIZE LIMIT; USED: 0059H BYTE ( 4%) *
******************************************************************************

Program Size: data=9.0 xdata=0 code=89
LINK/LOCATE RUN COMPLETE.  0 WARNING(S),  0 ERROR(S)
