BL51 BANKED LINKER/LOCATER V6.22.4.0                                                    04/29/2024  22:22:45  PAGE 1


BL51 BANKED LINKER/LOCATER V6.22.4.0, INVOKED BY:
D:\KEIL_V5\C51\BIN\BL51.EXE .\Objects\STARTUP.obj, .\Objects\taska.obj TO .\Objects\taska PRINT (.\Listings\taska.m51)


MEMORY MODEL: SMALL


INPUT MODULES INCLUDED:
  .\Objects\STARTUP.obj (?C_STARTUP)
  .\Objects\taska.obj (TASKA)


LINK MAP OF MODULE:  .\Objects\taska (?C_STARTUP)


            TYPE    BASE      LENGTH    RELOCATION   SEGMENT NAME
            -----------------------------------------------------

            * * * * * * *   D A T A   M E M O R Y   * * * * * * *
            REG     0000H     0008H     ABSOLUTE     "REG BANK 0"
            IDATA   0008H     0001H     UNIT         ?STACK

            * * * * * * *   C O D E   M E M O R Y   * * * * * * *
            CODE    0000H     0003H     ABSOLUTE     
                    0003H     0008H                  *** GAP ***
            CODE    000BH     0003H     ABSOLUTE     
                    000EH     07F2H                  *** GAP ***
            CODE    0800H     000CH     UNIT         ?C_C51STARTUP
            CODE    080CH     000CH     UNIT         ?PR?MAIN?TASKA
            CODE    0818H     0007H     UNIT         ?PR?TIMER0?TASKA
            CODE    081FH     0007H     UNIT         ?PR?START_TIMER?TASKA
            CODE    0826H     0003H     UNIT         ?PR?START_TIMER0?TASKA



OVERLAY MAP OF MODULE:   .\Objects\taska (?C_STARTUP)


SEGMENT
  +--> CALLED SEGMENT
---------------------
?C_C51STARTUP
  +--> ?PR?MAIN?TASKA

?PR?MAIN?TASKA
  +--> ?PR?START_TIMER?TASKA



SYMBOL TABLE OF MODULE:  .\Objects\taska (?C_STARTUP)

  VALUE           TYPE          NAME
  ----------------------------------

  -------         MODULE        ?C_STARTUP
  C:0800H         SEGMENT       ?C_C51STARTUP
  I:0008H         SEGMENT       ?STACK
  C:0000H         PUBLIC        ?C_STARTUP
BL51 BANKED LINKER/LOCATER V6.22.4.0                                                  04/29/2024  22:22:45  PAGE 2


  D:00E0H         SYMBOL        ACC
  D:00F0H         SYMBOL        B
  D:0083H         SYMBOL        DPH
  D:0082H         SYMBOL        DPL
  N:0000H         SYMBOL        IBPSTACK
  N:0100H         SYMBOL        IBPSTACKTOP
  N:0080H         SYMBOL        IDATALEN
  C:0803H         SYMBOL        IDATALOOP
  N:0000H         SYMBOL        PBPSTACK
  N:0100H         SYMBOL        PBPSTACKTOP
  N:0000H         SYMBOL        PDATALEN
  N:0000H         SYMBOL        PDATASTART
  N:0000H         SYMBOL        PPAGE
  N:0000H         SYMBOL        PPAGEENABLE
  D:00A0H         SYMBOL        PPAGE_SFR
  D:0081H         SYMBOL        SP
  C:0800H         SYMBOL        STARTUP1
  N:0000H         SYMBOL        XBPSTACK
  N:0000H         SYMBOL        XBPSTACKTOP
  N:0000H         SYMBOL        XDATALEN
  N:0000H         SYMBOL        XDATASTART
  C:0000H         LINE#         126
  C:0800H         LINE#         133
  C:0802H         LINE#         134
  C:0803H         LINE#         135
  C:0804H         LINE#         136
  C:0806H         LINE#         185
  C:0809H         LINE#         196
  -------         ENDMOD        ?C_STARTUP

  -------         MODULE        TASKA
  C:0000H         SYMBOL        _ICE_DUMMY_
  D:00B0H         PUBLIC        P3
  D:00A8H         PUBLIC        IE
  C:080CH         PUBLIC        main
  D:0089H         PUBLIC        TMOD
  C:081FH         PUBLIC        start_timer
  B:00B0H.0       PUBLIC        pin
  B:0088H.5       PUBLIC        TF0
  D:008CH         PUBLIC        TH0
  D:008AH         PUBLIC        TL0
  C:0818H         PUBLIC        timer0
  B:0088H.4       PUBLIC        TR0
  C:0826H         PUBLIC        start_timer0
  -------         PROC          START_TIMER0
  C:0826H         LINE#         6
  C:0826H         LINE#         7
  C:0828H         LINE#         8
  -------         ENDPROC       START_TIMER0
  -------         PROC          TIMER0
  C:0818H         LINE#         10
  C:0818H         LINE#         11
  C:081BH         LINE#         12
  C:081EH         LINE#         13
  -------         ENDPROC       TIMER0
  -------         PROC          START_TIMER
  C:081FH         LINE#         15
BL51 BANKED LINKER/LOCATER V6.22.4.0                                                  04/29/2024  22:22:45  PAGE 3


  C:081FH         LINE#         16
  C:0822H         LINE#         17
  C:0825H         LINE#         18
  -------         ENDPROC       START_TIMER
  -------         PROC          MAIN
  C:080CH         LINE#         20
  C:080CH         LINE#         23
  C:080EH         LINE#         24
  C:0811H         LINE#         26
  C:0811H         LINE#         28
  C:0814H         LINE#         29
  C:0816H         LINE#         31
  -------         ENDPROC       MAIN
  -------         ENDMOD        TASKA

*** WARNING L16: UNCALLED SEGMENT, IGNORED FOR OVERLAY PROCESS
    SEGMENT: ?PR?START_TIMER0?TASKA

******************************************************************************
* RESTRICTED VERSION WITH 0800H BYTE CODE SIZE LIMIT; USED: 002FH BYTE ( 2%) *
******************************************************************************

Program Size: data=9.0 xdata=0 code=47
LINK/LOCATE RUN COMPLETE.  1 WARNING(S),  0 ERROR(S)
