C51 COMPILER V9.60.7.0   TASK3                                                             03/25/2024 14:13:18 PAGE 1   


C51 COMPILER V9.60.7.0, COMPILATION OF MODULE TASK3
OBJECT MODULE PLACED IN .\Objects\task3.obj
COMPILER INVOKED BY: D:\Program Files (x86)\Keil_v5\C51\BIN\C51.EXE task3.c OPTIMIZE(8,SPEED) BROWSE DEBUG OBJECTEXTEND 
                    -PRINT(.\Listings\task3.lst) TABS(2) OBJECT(.\Objects\task3.obj)

line level    source

   1          #include<reg51.h>
   2          #include<stdio.h>
   3          
   4          sbit pin = P3^0;
   5          int count;
   6          
   7          void start_timer0(){
   8   1        TR0 = 1;
   9   1      }
  10          
  11          void timer0() interrupt 1{
  12   1        //TH0 = 0xC5;
  13   1        //TL0 = 0x67;//15 ms
  14   1        if(count == 4){ 
  15   2          pin = ~pin; 
  16   2          count = 0;
  17   2        }
  18   1        
  19   1          TH0 = 0x3C;
  20   1          TL0 = 0xAF;
  21   1      }
  22          
  23          void start_timer(){
  24   1        TMOD = 0x01;
  25   1        IE = 0x82;
  26   1      }
  27          
  28          void main(void){
  29   1      
  30   1            //start_timer0();
  31   1            TR0 = 1;  
  32   1            start_timer();
  33   1            
  34   1            while(1){
  35   2              
  36   2              while(TF0 == 0);
  37   2              count++;
  38   2            }
  39   1      }


MODULE INFORMATION:   STATIC OVERLAYABLE
   CODE SIZE        =     53    ----
   CONSTANT SIZE    =   ----    ----
   XDATA SIZE       =   ----    ----
   PDATA SIZE       =   ----    ----
   DATA SIZE        =      2    ----
   IDATA SIZE       =   ----    ----
   BIT SIZE         =   ----    ----
END OF MODULE INFORMATION.


C51 COMPILATION COMPLETE.  0 WARNING(S),  0 ERROR(S)
