C51 COMPILER V9.60.7.0   TASK2                                                             03/29/2024 18:18:40 PAGE 1   


C51 COMPILER V9.60.7.0, COMPILATION OF MODULE TASK2
OBJECT MODULE PLACED IN .\Objects\task2.obj
COMPILER INVOKED BY: D:\Program Files (x86)\Keil_v5\C51\BIN\C51.EXE task2.c OPTIMIZE(8,SPEED) BROWSE DEBUG OBJECTEXTEND 
                    -PRINT(.\Listings\task2.lst) TABS(2) OBJECT(.\Objects\task2.obj)

line level    source

   1          #include<reg51.h>
   2          #include<stdio.h>
   3          sbit pin = P3^0;
   4          
   5          void start_timer0(){
   6   1        TR0 = 1;
   7   1      }
   8          
   9          void timer0() interrupt 1{
  10   1        TH0 = 0x3C; //50ms delay
  11   1        TL0 = 0xAF;
  12   1      }
  13          
  14          void start_timer(){
  15   1        TMOD = 0x01;
  16   1        IE = 0x82;
  17   1      }
  18          
  19          void main(void){
  20   1      
  21   1            TR0 = 1;  
  22   1            start_timer();
  23   1            
  24   1            while(1){
  25   2              
  26   2              while(TF0 == 0);
  27   2              pin = ~pin;
  28   2            
  29   2            }
  30   1      }


MODULE INFORMATION:   STATIC OVERLAYABLE
   CODE SIZE        =     29    ----
   CONSTANT SIZE    =   ----    ----
   XDATA SIZE       =   ----    ----
   PDATA SIZE       =   ----    ----
   DATA SIZE        =   ----    ----
   IDATA SIZE       =   ----    ----
   BIT SIZE         =   ----    ----
END OF MODULE INFORMATION.


C51 COMPILATION COMPLETE.  0 WARNING(S),  0 ERROR(S)
