BL51 BANKED LINKER/LOCATER V6.22.4.0                                                    03/29/2024  18:21:29  PAGE 1


BL51 BANKED LINKER/LOCATER V6.22.4.0, INVOKED BY:
D:\PROGRAM FILES (X86)\KEIL_V5\C51\BIN\BL51.EXE .\Objects\task4.obj TO .\Objects\Task2 PRINT (.\Listings\Task2.m51)


MEMORY MODEL: SMALL


INPUT MODULES INCLUDED:
  .\Objects\task4.obj (TASK4)
  D:\PROGRAM FILES (X86)\KEIL_V5\C51\LIB\C51S.LIB (?C_STARTUP)


LINK MAP OF MODULE:  .\Objects\Task2 (TASK4)


            TYPE    BASE      LENGTH    RELOCATION   SEGMENT NAME
            -----------------------------------------------------

            * * * * * * *   D A T A   M E M O R Y   * * * * * * *
            REG     0000H     0008H     ABSOLUTE     "REG BANK 0"
            IDATA   0008H     0001H     UNIT         ?STACK

            * * * * * * *   C O D E   M E M O R Y   * * * * * * *
            CODE    0000H     0003H     ABSOLUTE     
                    0003H     0008H                  *** GAP ***
            CODE    000BH     0003H     ABSOLUTE     
                    000EH     07F2H                  *** GAP ***
            CODE    0800H     000CH     UNIT         ?PR?MAIN?TASK4
            CODE    080CH     000CH     UNIT         ?C_C51STARTUP
            CODE    0818H     0007H     UNIT         ?PR?TIMER0?TASK4
            CODE    081FH     0007H     UNIT         ?PR?START_TIMER?TASK4



OVERLAY MAP OF MODULE:   .\Objects\Task2 (TASK4)


SEGMENT
  +--> CALLED SEGMENT
---------------------
?C_C51STARTUP
  +--> ?PR?MAIN?TASK4

?PR?MAIN?TASK4
  +--> ?PR?START_TIMER?TASK4



SYMBOL TABLE OF MODULE:  .\Objects\Task2 (TASK4)

  VALUE           TYPE          NAME
  ----------------------------------

  -------         MODULE        TASK4
  C:0000H         SYMBOL        _ICE_DUMMY_
  D:00B0H         PUBLIC        P3
  D:00A8H         PUBLIC        IE
  C:0800H         PUBLIC        main
BL51 BANKED LINKER/LOCATER V6.22.4.0                                                  03/29/2024  18:21:29  PAGE 2


  D:0089H         PUBLIC        TMOD
  C:081FH         PUBLIC        start_timer
  B:00B0H.0       PUBLIC        pin
  B:0088H.5       PUBLIC        TF0
  D:008CH         PUBLIC        TH0
  D:008AH         PUBLIC        TL0
  C:0818H         PUBLIC        timer0
  B:0088H.4       PUBLIC        TR0
  -------         PROC          TIMER0
  C:0818H         LINE#         5
  C:0818H         LINE#         6
  C:081BH         LINE#         7
  C:081EH         LINE#         8
  -------         ENDPROC       TIMER0
  -------         PROC          START_TIMER
  C:081FH         LINE#         10
  C:081FH         LINE#         11
  C:0822H         LINE#         12
  C:0825H         LINE#         13
  -------         ENDPROC       START_TIMER
  -------         PROC          MAIN
  C:0800H         LINE#         15
  C:0800H         LINE#         16
  C:0802H         LINE#         17
  C:0805H         LINE#         19
  C:0805H         LINE#         20
  C:0808H         LINE#         21
  C:080AH         LINE#         22
  -------         ENDPROC       MAIN
  -------         ENDMOD        TASK4

******************************************************************************
* RESTRICTED VERSION WITH 0800H BYTE CODE SIZE LIMIT; USED: 001DH BYTE ( 1%) *
******************************************************************************

Program Size: data=9.0 xdata=0 code=44
LINK/LOCATE RUN COMPLETE.  0 WARNING(S),  0 ERROR(S)
