C51 COMPILER V9.60.7.0   LAB_TASK                                                          05/11/2024 18:14:39 PAGE 1   


C51 COMPILER V9.60.7.0, COMPILATION OF MODULE LAB_TASK
OBJECT MODULE PLACED IN .\Objects\lab_task.obj
COMPILER INVOKED BY: D:\Keil_v5\C51\BIN\C51.EXE lab_task.c OPTIMIZE(8,SPEED) BROWSE DEBUG OBJECTEXTEND PRINT(.\Listings\
                    -lab_task.lst) TABS(2) OBJECT(.\Objects\lab_task.obj)

line level    source

   1          #include<reg51.h>
   2          
   3          sbit R1 = P2^0;
   4          sbit R2 = P2^1;
   5          sbit R3 = P2^2;
   6          sbit R4 = P2^3;
   7          
   8          sbit C1 = P2^4;
   9          sbit C2 = P2^5;
  10          sbit C3 = P2^6;
  11          
  12          sbit LED0 = P1^0;
  13          sbit LED1 = P1^1;
  14          sbit LED2 = P1^2;
  15          sbit LED3 = P1^3;
  16          sbit LED4 = P1^4;
  17          sbit LED5 = P1^5;
  18          sbit LED6 = P1^6;
  19          sbit LED7 = P1^7;
  20          
  21          void seg(int n);
  22          
  23          void main(void){
  24   1        P1 = 0x00;
  25   1        
  26   1        R1 = 0;
  27   1        R2 = R3 = R4 = 1;
  28   1      
  29   1        if(C1 == 0 && C2 == 1 && C3 == 1){//1 Pressed
  30   2          LED0 = 1;
  31   2          seg(1);
  32   2        }
  33   1        
  34   1        if(C1 == 1 && C2 == 0 && C3 == 1){//2 Pressed
  35   2          LED1 = 1;
  36   2          seg(2);
  37   2        }
  38   1        
  39   1        if(C1 == 1 && C2 == 1 && C3 == 0){//3 Pressed
  40   2          LED2 = 1;
  41   2          seg(3);
  42   2        }
  43   1      
  44   1          
  45   1        R2 = 0;
  46   1        R1 = R3 = R4 = 1;
  47   1        if(C1 == 0 && C2 == 1 && C3 == 1){//4 Pressed
  48   2          LED3 = 1;
  49   2          seg(4);
  50   2        }
  51   1        
  52   1        if(C1 == 1 && C2 == 0 && C3 == 1){//5 Pressed
  53   2          LED4 = 1;
  54   2          seg(5);
C51 COMPILER V9.60.7.0   LAB_TASK                                                          05/11/2024 18:14:39 PAGE 2   

  55   2        }
  56   1        
  57   1        if(C1 == 1 && C2 == 1 && C3 == 0){//6 Pressed
  58   2          LED5 = 1;
  59   2          seg(6);
  60   2        }
  61   1        
  62   1            
  63   1        R3 = 0;
  64   1        R1 = R2 = R4 = 1;
  65   1        
  66   1        if(C1 == 0 && C2 == 1 && C3 == 1){//7 Pressed
  67   2          LED6 = 1;
  68   2          seg(7);
  69   2        }
  70   1        
  71   1        if(C1 == 1 && C2 == 0 && C3 == 1){//8 Pressed
  72   2          LED7 = 1;
  73   2          seg(8);
  74   2        }
  75   1        
  76   1        if(C1 == 1 && C2 == 1 && C3 == 0){//9 Pressed
  77   2          
  78   2          seg(9);
  79   2        }
  80   1        
  81   1        R4 = 0;
  82   1        R1 = R2 = R3 = 1;
  83   1        
  84   1      //  if(C1 == 0 && C2 == 1 && C3 == 1){//* Pressed
  85   1      //    seg(10);
  86   1      //  }
  87   1        
  88   1        if(C1 == 1 && C2 == 0 && C3 == 1){//0 Pressed
  89   2          seg(0);
  90   2        }
  91   1        
  92   1      //  if(C1 == 1 && C2 == 1 && C3 == 0){//# Pressed
  93   1      //    seg(11);
  94   1      //  }
  95   1      }
  96          
  97          
  98          void seg(int n){
  99   1          
 100   1          if(n == 0)
 101   1            P3 = 0x40; //0
 102   1          
 103   1          else if(n == 1)
 104   1            P3 = 0x79; //1
 105   1          
 106   1          else if(n == 2)
 107   1            P3 = 0x24; //2
 108   1            
 109   1          else if(n == 3)
 110   1            P3 = 0x30; //3
 111   1            
 112   1          else if(n == 4)
 113   1            P3 = 0x19; //4
 114   1            
 115   1          else if(n == 5)
 116   1            P3 = 0x12; //5
C51 COMPILER V9.60.7.0   LAB_TASK                                                          05/11/2024 18:14:39 PAGE 3   

 117   1            
 118   1          else if(n == 6)
 119   1            P3 = 0x02; //6
 120   1            
 121   1          else if(n == 7)
 122   1            P3 = 0x78; //7
 123   1          
 124   1          else if(n == 8)
 125   1            P3 = 0x00; //8
 126   1          
 127   1          else if(n == 9)
 128   1            P3 = 0x18; //9
 129   1      }


MODULE INFORMATION:   STATIC OVERLAYABLE
   CODE SIZE        =    307    ----
   CONSTANT SIZE    =   ----    ----
   XDATA SIZE       =   ----    ----
   PDATA SIZE       =   ----    ----
   DATA SIZE        =   ----    ----
   IDATA SIZE       =   ----    ----
   BIT SIZE         =   ----    ----
END OF MODULE INFORMATION.


C51 COMPILATION COMPLETE.  0 WARNING(S),  0 ERROR(S)
