BL51 BANKED LINKER/LOCATER V6.22.4.0                                                    05/11/2024  18:14:44  PAGE 1


BL51 BANKED LINKER/LOCATER V6.22.4.0, INVOKED BY:
D:\KEIL_V5\C51\BIN\BL51.EXE .\Objects\STARTUP.obj, .\Objects\lab_task.obj TO .\Objects\Lab_Task PRINT (.\Listings\Lab_Ta
>> sk.m51)


MEMORY MODEL: SMALL


INPUT MODULES INCLUDED:
  .\Objects\STARTUP.obj (?C_STARTUP)
  .\Objects\lab_task.obj (LAB_TASK)


LINK MAP OF MODULE:  .\Objects\Lab_Task (?C_STARTUP)


            TYPE    BASE      LENGTH    RELOCATION   SEGMENT NAME
            -----------------------------------------------------

            * * * * * * *   D A T A   M E M O R Y   * * * * * * *
            REG     0000H     0008H     ABSOLUTE     "REG BANK 0"
            IDATA   0008H     0001H     UNIT         ?STACK

            * * * * * * *   C O D E   M E M O R Y   * * * * * * *
            CODE    0000H     0003H     ABSOLUTE     
                    0003H     07FDH                  *** GAP ***
            CODE    0800H     00D2H     UNIT         ?PR?MAIN?LAB_TASK
            CODE    08D2H     0061H     UNIT         ?PR?_SEG?LAB_TASK
            CODE    0933H     000CH     UNIT         ?C_C51STARTUP



OVERLAY MAP OF MODULE:   .\Objects\Lab_Task (?C_STARTUP)


SEGMENT
  +--> CALLED SEGMENT
---------------------
?C_C51STARTUP
  +--> ?PR?MAIN?LAB_TASK

?PR?MAIN?LAB_TASK
  +--> ?PR?_SEG?LAB_TASK



SYMBOL TABLE OF MODULE:  .\Objects\Lab_Task (?C_STARTUP)

  VALUE           TYPE          NAME
  ----------------------------------

  -------         MODULE        ?C_STARTUP
  C:0933H         SEGMENT       ?C_C51STARTUP
  I:0008H         SEGMENT       ?STACK
  C:0000H         PUBLIC        ?C_STARTUP
  D:00E0H         SYMBOL        ACC
  D:00F0H         SYMBOL        B
  D:0083H         SYMBOL        DPH
BL51 BANKED LINKER/LOCATER V6.22.4.0                                                  05/11/2024  18:14:44  PAGE 2


  D:0082H         SYMBOL        DPL
  N:0000H         SYMBOL        IBPSTACK
  N:0100H         SYMBOL        IBPSTACKTOP
  N:0080H         SYMBOL        IDATALEN
  C:0936H         SYMBOL        IDATALOOP
  N:0000H         SYMBOL        PBPSTACK
  N:0100H         SYMBOL        PBPSTACKTOP
  N:0000H         SYMBOL        PDATALEN
  N:0000H         SYMBOL        PDATASTART
  N:0000H         SYMBOL        PPAGE
  N:0000H         SYMBOL        PPAGEENABLE
  D:00A0H         SYMBOL        PPAGE_SFR
  D:0081H         SYMBOL        SP
  C:0933H         SYMBOL        STARTUP1
  N:0000H         SYMBOL        XBPSTACK
  N:0000H         SYMBOL        XBPSTACKTOP
  N:0000H         SYMBOL        XDATALEN
  N:0000H         SYMBOL        XDATASTART
  C:0000H         LINE#         126
  C:0933H         LINE#         133
  C:0935H         LINE#         134
  C:0936H         LINE#         135
  C:0937H         LINE#         136
  C:0939H         LINE#         185
  C:093CH         LINE#         196
  -------         ENDMOD        ?C_STARTUP

  -------         MODULE        LAB_TASK
  C:0000H         SYMBOL        _ICE_DUMMY_
  D:0090H         PUBLIC        P1
  D:00A0H         PUBLIC        P2
  B:00A0H.0       PUBLIC        R1
  D:00B0H         PUBLIC        P3
  B:00A0H.1       PUBLIC        R2
  B:00A0H.2       PUBLIC        R3
  B:0090H.0       PUBLIC        LED0
  B:00A0H.3       PUBLIC        R4
  B:0090H.1       PUBLIC        LED1
  B:0090H.2       PUBLIC        LED2
  B:0090H.3       PUBLIC        LED3
  B:0090H.4       PUBLIC        LED4
  B:0090H.5       PUBLIC        LED5
  B:0090H.6       PUBLIC        LED6
  B:0090H.7       PUBLIC        LED7
  C:0800H         PUBLIC        main
  C:08D2H         PUBLIC        _seg
  B:00A0H.4       PUBLIC        C1
  B:00A0H.5       PUBLIC        C2
  B:00A0H.6       PUBLIC        C3
  -------         PROC          MAIN
  C:0800H         LINE#         23
  C:0800H         LINE#         24
  C:0803H         LINE#         26
  C:0805H         LINE#         27
  C:080BH         LINE#         29
  C:0814H         LINE#         30
  C:0816H         LINE#         31
BL51 BANKED LINKER/LOCATER V6.22.4.0                                                  05/11/2024  18:14:44  PAGE 3


  C:081CH         LINE#         32
  C:081CH         LINE#         34
  C:0825H         LINE#         35
  C:0827H         LINE#         36
  C:082EH         LINE#         37
  C:082EH         LINE#         39
  C:0837H         LINE#         40
  C:0839H         LINE#         41
  C:0840H         LINE#         42
  C:0840H         LINE#         45
  C:0842H         LINE#         46
  C:0848H         LINE#         47
  C:0851H         LINE#         48
  C:0853H         LINE#         49
  C:085AH         LINE#         50
  C:085AH         LINE#         52
  C:0863H         LINE#         53
  C:0865H         LINE#         54
  C:086CH         LINE#         55
  C:086CH         LINE#         57
  C:0875H         LINE#         58
  C:0877H         LINE#         59
  C:087EH         LINE#         60
  C:087EH         LINE#         63
  C:0880H         LINE#         64
  C:0886H         LINE#         66
  C:088FH         LINE#         67
  C:0891H         LINE#         68
  C:0898H         LINE#         69
  C:0898H         LINE#         71
  C:08A1H         LINE#         72
  C:08A3H         LINE#         73
  C:08AAH         LINE#         74
  C:08AAH         LINE#         76
  C:08B3H         LINE#         78
  C:08BAH         LINE#         79
  C:08BAH         LINE#         81
  C:08BCH         LINE#         82
  C:08C2H         LINE#         88
  C:08CBH         LINE#         89
  C:08D1H         LINE#         90
  C:08D1H         LINE#         95
  -------         ENDPROC       MAIN
  -------         PROC          _SEG
  D:0006H         SYMBOL        n
  C:08D2H         LINE#         98
  C:08D2H         LINE#         100
  C:08D6H         LINE#         101
  C:08DAH         LINE#         103
  C:08E0H         LINE#         104
  C:08E4H         LINE#         106
  C:08EAH         LINE#         107
  C:08EEH         LINE#         109
  C:08F4H         LINE#         110
  C:08F8H         LINE#         112
  C:08FEH         LINE#         113
  C:0902H         LINE#         115
BL51 BANKED LINKER/LOCATER V6.22.4.0                                                  05/11/2024  18:14:44  PAGE 4


  C:0908H         LINE#         116
  C:090CH         LINE#         118
  C:0912H         LINE#         119
  C:0916H         LINE#         121
  C:091CH         LINE#         122
  C:0920H         LINE#         124
  C:0926H         LINE#         125
  C:0929H         LINE#         127
  C:092FH         LINE#         128
  C:0932H         LINE#         129
  -------         ENDPROC       _SEG
  -------         ENDMOD        LAB_TASK

******************************************************************************
* RESTRICTED VERSION WITH 0800H BYTE CODE SIZE LIMIT; USED: 0142H BYTE (15%) *
******************************************************************************

Program Size: data=9.0 xdata=0 code=322
LINK/LOCATE RUN COMPLETE.  0 WARNING(S),  0 ERROR(S)
