#
# A fatal error has been detected by the Java Runtime Environment:
#
#  EXCEPTION_UNCAUGHT_CXX_EXCEPTION (0xe06d7363) at pc=0x00007ffd5a3acf19, pid=6256, tid=4916
#
# JRE version: 7.0_17-b02
# Java VM: Java HotSpot(TM) 64-Bit Server VM (23.7-b01 mixed mode windows-amd64 compressed oops)
# Problematic frame:
# C  [KERNELBASE.dll+0x2cf19]  RaiseException+0x69
#
# Failed to write core dump. Minidumps are not enabled by default on client versions of Windows
#
# If you would like to submit a bug report, please visit:
#   http://bugreport.sun.com/bugreport/crash.jsp
# The crash happened outside the Java Virtual Machine in native code.
# See problematic frame for where to report the bug.
#

---------------  T H R E A D  ---------------

Current thread (0x000000001c06b000):  JavaThread "main" [_thread_in_native, id=4916, stack(0x000000001d340000,0x000000001d440000)]

siginfo: ExceptionCode=0xe06d7363, ExceptionInformation=0x0000000019930520 0x000000001d43e348 0x0000000001281910 0x00000000011e0000 

Registers:
RAX=0x000000005d0a22ae, RBX=0x000000001d43d970, RCX=0x0000000000000000, RDX=0x000000001d180230
RSP=0x000000001d43bbc0, RBP=0x000000001d43c290, RSI=0x000000001d43e1c0, RDI=0x000000001d43ca30
R8 =0x0000000000000000, R9 =0xfe1456db00000000, R10=0x24ecc179081611ae, R11=0x69a4e03635024081
R12=0x000000001d43e560, R13=0x000000001d43d038, R14=0x0000000000000000, R15=0x000000001d43bd18
RIP=0x00007ffd5a3acf19, EFLAGS=0x0000000000000206

Top of Stack: (sp=0x000000001d43bbc0)
0x000000001d43bbc0:   000000001d1be680 000000001d43d970
0x000000001d43bbd0:   000000001d43e1c0 00007ffd5a3d0fbb
0x000000001d43bbe0:   00000001e06d7363 0000000000000000
0x000000001d43bbf0:   00007ffd5a3acf19 0000000000000004
0x000000001d43bc00:   0000000019930520 000000001d43e348
0x000000001d43bc10:   0000000001281910 00000000011e0000
0x000000001d43bc20:   00001bc494dd42e1 0000000001258110
0x000000001d43bc30:   000000001d43d970 000000005d83334a
0x000000001d43bc40:   0000000000000000 000000001c06fd20
0x000000001d43bc50:   0000000000000000 000000001d43ca30
0x000000001d43bc60:   000000001d43ca30 000000005d83336b
0x000000001d43bc70:   000000001d43d970 000000001d43e560
0x000000001d43bc80:   000037cdb44616b0 000000001d180230
0x000000001d43bc90:   000000001d43d970 000000005d873bb8
0x000000001d43bca0:   00000000012580e0 000000001d43d038
0x000000001d43bcb0:   0000000000000100 0000000000000000 

Instructions: (pc=0x00007ffd5a3acf19)
0x00007ffd5a3acef9:   8b d1 44 0f 47 c0 44 89 44 24 38 49 c1 e0 03 e8
0x00007ffd5a3acf09:   6a 97 08 00 48 8d 4c 24 20 48 ff 15 ff 81 1b 00
0x00007ffd5a3acf19:   0f 1f 44 00 00 48 8b 8c 24 c0 00 00 00 48 33 cc
0x00007ffd5a3acf29:   e8 f2 88 06 00 48 81 c4 d8 00 00 00 c3 cc 83 64 


Register to memory mapping:

RAX=0x000000005d0a22ae is an unknown value
RBX=0x000000001d43d970 is pointing into the stack for thread: 0x000000001c06b000
RCX=0x0000000000000000 is an unknown value
RDX=0x000000001d180230 is an unknown value
RSP=0x000000001d43bbc0 is pointing into the stack for thread: 0x000000001c06b000
RBP=0x000000001d43c290 is pointing into the stack for thread: 0x000000001c06b000
RSI=0x000000001d43e1c0 is pointing into the stack for thread: 0x000000001c06b000
RDI=0x000000001d43ca30 is pointing into the stack for thread: 0x000000001c06b000
R8 =0x0000000000000000 is an unknown value
R9 =0xfe1456db00000000 is an unknown value
R10=0x24ecc179081611ae is an unknown value
R11=0x69a4e03635024081 is an unknown value
R12=0x000000001d43e560 is pointing into the stack for thread: 0x000000001c06b000
R13=0x000000001d43d038 is pointing into the stack for thread: 0x000000001c06b000
R14=0x0000000000000000 is an unknown value
R15=0x000000001d43bd18 is pointing into the stack for thread: 0x000000001c06b000


Stack: [0x000000001d340000,0x000000001d440000],  sp=0x000000001d43bbc0,  free space=1006k
Native frames: (J=compiled Java code, j=interpreted, Vv=VM code, C=native code)
C  [KERNELBASE.dll+0x2cf19]  RaiseException+0x69
C  0x000000001d43c8f0

Java frames: (J=compiled Java code, j=interpreted, Vv=VM code)
j  ui.data.common.parami.ParamMgr_getValueAsBool(JLjava/lang/String;)Z+0
j  ui.data.common.F.jw(Ljava/lang/String;)Z+5
j  ui.data.common.F.aWC()Z+5
j  ui.h.I.aWC()Z+6
j  ui.aL.aGY()Ljava/lang/String;+0
j  ui.PlanAhead.<clinit>()V+316
v  ~StubRoutines::call_stub

---------------  P R O C E S S  ---------------

Java Threads: ( => current thread )
  0x000000001d261000 JavaThread "Service Thread" daemon [_thread_blocked, id=3208, stack(0x000000002a320000,0x000000002a620000)]
  0x0000000024361800 JavaThread "C1 CompilerThread2" daemon [_thread_blocked, id=7500, stack(0x000000002a220000,0x000000002a320000)]
  0x0000000024351800 JavaThread "C2 CompilerThread1" daemon [_thread_blocked, id=7420, stack(0x000000002a120000,0x000000002a220000)]
  0x00000000242b1000 JavaThread "C2 CompilerThread0" daemon [_thread_blocked, id=5688, stack(0x000000002a020000,0x000000002a120000)]
  0x0000000024331800 JavaThread "Attach Listener" daemon [_thread_blocked, id=8060, stack(0x0000000029d20000,0x000000002a020000)]
  0x0000000029622000 JavaThread "Signal Dispatcher" daemon [_thread_blocked, id=11232, stack(0x0000000029a20000,0x0000000029d20000)]
  0x0000000029624000 JavaThread "Surrogate Locker Thread (Concurrent GC)" daemon [_thread_blocked, id=6004, stack(0x0000000029720000,0x0000000029a20000)]
  0x00000000242d5800 JavaThread "Finalizer" daemon [_thread_blocked, id=8600, stack(0x0000000029320000,0x0000000029620000)]
  0x00000000242d7000 JavaThread "Reference Handler" daemon [_thread_blocked, id=10904, stack(0x0000000029020000,0x0000000029320000)]
=>0x000000001c06b000 JavaThread "main" [_thread_in_native, id=4916, stack(0x000000001d340000,0x000000001d440000)]

Other Threads:
  0x0000000024282000 VMThread [stack: 0x0000000028f20000,0x0000000029020000] [id=10584]
  0x000000001d2d1000 WatcherThread [stack: 0x000000002a620000,0x000000002a720000] [id=10048]

VM state:not at safepoint (normal execution)

VM Mutex/Monitor currently owned by a thread: None

Heap
 par new generation   total 55296K, used 4042K [0x0000000778000000, 0x000000077bc00000, 0x000000077bc00000)
  eden space 49152K,   8% used [0x0000000778000000, 0x00000007783f2b98, 0x000000077b000000)
  from space 6144K,   0% used [0x000000077b000000, 0x000000077b000000, 0x000000077b600000)
  to   space 6144K,   0% used [0x000000077b600000, 0x000000077b600000, 0x000000077bc00000)
 concurrent mark-sweep generation total 69632K, used 0K [0x000000077bc00000, 0x0000000780000000, 0x00000007f8000000)
 concurrent-mark-sweep perm gen total 131072K, used 5131K [0x00000007f8000000, 0x0000000800000000, 0x0000000800000000)

Card table byte_map: [0x00000000239e0000,0x0000000023e30000] byte_map_base: 0x000000001fe20000

Polling page: 0x000000001d440000

Code Cache  [0x000000001d460000, 0x000000001d6d0000, 0x0000000023460000)
 total_blobs=393 nmethods=108 adapters=203 free_code_cache=97045Kb largest_free_block=99373184

Compilation events (10 events):
Event: 0.293 Thread 0x0000000024361800  104       3       java.lang.String::lastIndexOf (13 bytes)
Event: 0.293 Thread 0x0000000024361800 nmethod 104 0x000000001d597ed0 code [0x000000001d598040, 0x000000001d598288]
Event: 0.295 Thread 0x0000000024361800  105       3       java.util.HashMap$FrontCache::get (32 bytes)
Event: 0.295 Thread 0x0000000024361800 nmethod 105 0x000000001d598dd0 code [0x000000001d598f60, 0x000000001d5994d0]
Event: 0.297 Thread 0x0000000024361800  106       3       java.io.BufferedInputStream::getBufIfOpen (21 bytes)
Event: 0.297 Thread 0x0000000024361800 nmethod 106 0x000000001d599650 code [0x000000001d5997c0, 0x000000001d599a28]
Event: 0.297 Thread 0x0000000024361800  107  s    3       java.io.BufferedInputStream::read (49 bytes)
Event: 0.298 Thread 0x0000000024361800 nmethod 107 0x000000001d599ad0 code [0x000000001d599c60, 0x000000001d59a1d8]
Event: 0.298 Thread 0x0000000024361800  108       3       java.io.DataInputStream::readInt (72 bytes)
Event: 0.298 Thread 0x0000000024361800 nmethod 108 0x000000001d59a390 code [0x000000001d59a560, 0x000000001d59ab48]

GC Heap History (0 events):
No events

Deoptimization events (0 events):
No events

Internal exceptions (10 events):
Event: 0.271 Thread 0x000000001c06b000 Threw 0x00000007782cd6b8 at C:\jdk7u2_64p\jdk7u17\hotspot\src\share\vm\prims\jvm.cpp:1166
Event: 0.271 Thread 0x000000001c06b000 Threw 0x00000007782cf460 at C:\jdk7u2_64p\jdk7u17\hotspot\src\share\vm\prims\jvm.cpp:1166
Event: 0.277 Thread 0x000000001c06b000 Threw 0x00000007782d9708 at C:\jdk7u2_64p\jdk7u17\hotspot\src\share\vm\prims\jni.cpp:716
Event: 0.289 Thread 0x000000001c06b000 Threw 0x00000007782f2908 at C:\jdk7u2_64p\jdk7u17\hotspot\src\share\vm\prims\jvm.cpp:1166
Event: 0.289 Thread 0x000000001c06b000 Threw 0x00000007782fc118 at C:\jdk7u2_64p\jdk7u17\hotspot\src\share\vm\prims\jvm.cpp:1166
Event: 0.290 Thread 0x000000001c06b000 Threw 0x00000007782fffd0 at C:\jdk7u2_64p\jdk7u17\hotspot\src\share\vm\prims\jvm.cpp:1166
Event: 0.291 Thread 0x000000001c06b000 Threw 0x0000000778303608 at C:\jdk7u2_64p\jdk7u17\hotspot\src\share\vm\prims\jvm.cpp:1166
Event: 0.292 Thread 0x000000001c06b000 Threw 0x0000000778309368 at C:\jdk7u2_64p\jdk7u17\hotspot\src\share\vm\prims\jvm.cpp:1166
Event: 0.293 Thread 0x000000001c06b000 Threw 0x000000077831ae90 at C:\jdk7u2_64p\jdk7u17\hotspot\src\share\vm\prims\jvm.cpp:1166
Event: 0.303 Thread 0x000000001c06b000 Threw 0x000000077833a968 at C:\jdk7u2_64p\jdk7u17\hotspot\src\share\vm\prims\jvm.cpp:1166

Events (10 events):
Event: 0.301 loading class 0x0000000028f13320
Event: 0.301 loading class 0x0000000028f13320 done
Event: 0.301 loading class 0x000000001d184ee0
Event: 0.301 loading class 0x000000001d184ee0 done
Event: 0.301 loading class 0x000000002b8b2ab0
Event: 0.301 loading class 0x000000002b8b2ab0 done
Event: 0.301 loading class 0x000000002b8b2ba0
Event: 0.302 loading class 0x000000002b8b2ba0 done
Event: 0.303 loading class 0x0000000029637ce0
Event: 0.303 loading class 0x0000000029637ce0 done


Dynamic libraries:
0x0000000140000000 - 0x000000014000e000 	D:\Xilinx\14.7\ISE_DS\PlanAhead\bin\unwrapped\win64.o\planAhead.exe
0x00007ffd5c970000 - 0x00007ffd5cb68000 	C:\WINDOWS\SYSTEM32\ntdll.dll
0x00007ffd5b3d0000 - 0x00007ffd5b48d000 	C:\WINDOWS\System32\KERNEL32.DLL
0x00007ffd5a380000 - 0x00007ffd5a676000 	C:\WINDOWS\System32\KERNELBASE.dll
0x0000000180000000 - 0x0000000180016000 	D:\Xilinx\14.7\ISE_DS\PlanAhead\lib\win64.o\librdi_commonmain.dll
0x000000000a900000 - 0x000000000a945000 	D:\Xilinx\14.7\ISE_DS\PlanAhead\lib\win64.o\SHSMP64.dll
0x000000005d830000 - 0x000000005d8d3000 	C:\WINDOWS\WinSxS\amd64_microsoft.vc90.crt_1fc8b3b9a1e18e3b_9.0.30729.9625_none_08e1c10da83fbc83\MSVCR90.dll
0x00007ffd5c140000 - 0x00007ffd5c2de000 	C:\WINDOWS\System32\USER32.dll
0x00007ffd5a810000 - 0x00007ffd5a832000 	C:\WINDOWS\System32\win32u.dll
0x00007ffd5a9b0000 - 0x00007ffd5a9db000 	C:\WINDOWS\System32\GDI32.dll
0x00007ffd5a0c0000 - 0x00007ffd5a1d7000 	C:\WINDOWS\System32\gdi32full.dll
0x00007ffd5a2e0000 - 0x00007ffd5a37d000 	C:\WINDOWS\System32\msvcp_win.dll
0x00007ffd5a8b0000 - 0x00007ffd5a9b0000 	C:\WINDOWS\System32\ucrtbase.dll
0x00007ffd5c3e0000 - 0x00007ffd5c493000 	C:\WINDOWS\System32\ADVAPI32.dll
0x00007ffd5bde0000 - 0x00007ffd5be7e000 	C:\WINDOWS\System32\msvcrt.dll
0x0000000010000000 - 0x000000001012a000 	D:\Xilinx\14.7\ISE_DS\PlanAhead\lib\win64.o\tcl85t.dll
0x00007ffd5c2e0000 - 0x00007ffd5c37f000 	C:\WINDOWS\System32\sechost.dll
0x00007ffd5b1f0000 - 0x00007ffd5b316000 	C:\WINDOWS\System32\RPCRT4.dll
0x00007ffd5bee0000 - 0x00007ffd5bf4b000 	C:\WINDOWS\System32\WS2_32.dll
0x00007ffd5a680000 - 0x00007ffd5a6a7000 	C:\WINDOWS\System32\bcrypt.dll
0x00007ffd515a0000 - 0x00007ffd515aa000 	C:\WINDOWS\SYSTEM32\VERSION.dll
0x0000000000950000 - 0x00000000011d1000 	D:\Xilinx\14.7\ISE_DS\PlanAhead\lib\win64.o\librdi_common.dll
0x00000000004d0000 - 0x00000000004e3000 	D:\Xilinx\14.7\ISE_DS\PlanAhead\lib\win64.o\libboost_signals.dll
0x00000000004f0000 - 0x0000000000517000 	D:\Xilinx\14.7\ISE_DS\PlanAhead\lib\win64.o\libboost_filesystem.dll
0x00000000011e0000 - 0x00000000012ce000 	D:\Xilinx\14.7\ISE_DS\PlanAhead\lib\win64.o\stlport.5.2.dll
0x00007ffd5b1c0000 - 0x00007ffd5b1c8000 	C:\WINDOWS\System32\PSAPI.DLL
0x00007ffd5a9e0000 - 0x00007ffd5b125000 	C:\WINDOWS\System32\SHELL32.dll
0x000000005d030000 - 0x000000005d74f000 	D:\Xilinx\14.7\ISE_DS\PlanAhead\tps\win64\jre\bin\server\jvm.dll
0x00007ffd44a50000 - 0x00007ffd44f26000 	C:\WINDOWS\SYSTEM32\WININET.dll
0x00007ffd4b010000 - 0x00007ffd4b11a000 	C:\WINDOWS\SYSTEM32\WINHTTP.dll
0x0000000012000000 - 0x0000000012282000 	D:\Xilinx\14.7\ISE_DS\PlanAhead\lib\win64.o\xerces-c_3_1.dll
0x00007ffd4c5e0000 - 0x00007ffd4c7cc000 	C:\WINDOWS\SYSTEM32\urlmon.dll
0x00007ffd47c80000 - 0x00007ffd47c89000 	C:\WINDOWS\SYSTEM32\WSOCK32.dll
0x000000005d750000 - 0x000000005d823000 	C:\WINDOWS\WinSxS\amd64_microsoft.vc90.crt_1fc8b3b9a1e18e3b_9.0.30729.9625_none_08e1c10da83fbc83\MSVCP90.dll
0x00007ffd47980000 - 0x00007ffd479a7000 	C:\WINDOWS\SYSTEM32\WINMM.dll
0x000000005cf50000 - 0x000000005d022000 	C:\WINDOWS\SYSTEM32\MSVCR100.dll
0x00007ffd515b0000 - 0x00007ffd5186c000 	C:\WINDOWS\SYSTEM32\iertutil.dll
0x00007ffd4c5b0000 - 0x00007ffd4c5d8000 	C:\WINDOWS\SYSTEM32\srvcli.dll
0x00007ffd594f0000 - 0x00007ffd594fc000 	C:\WINDOWS\SYSTEM32\netutils.dll
0x00007ffd5ba00000 - 0x00007ffd5bd54000 	C:\WINDOWS\System32\combase.dll
0x00007ffd5b320000 - 0x00007ffd5b3cd000 	C:\WINDOWS\System32\shcore.dll
0x00000000012e0000 - 0x000000000151a000 	D:\Xilinx\14.7\ISE_DS\PlanAhead\lib\win64.o\libSecurity.dll
0x00007ffd5b4a0000 - 0x00007ffd5b57a000 	C:\WINDOWS\System32\COMDLG32.dll
0x0000000001530000 - 0x0000000001819000 	D:\Xilinx\14.7\ISE_DS\PlanAhead\lib\win64.o\libCOIN-all.dll
0x00007ffd5c5d0000 - 0x00007ffd5c625000 	C:\WINDOWS\System32\SHLWAPI.dll
0x0000000001820000 - 0x000000000182f000 	D:\Xilinx\14.7\ISE_DS\PlanAhead\lib\win64.o\libboost_date_time.dll
0x00007ffd5c7b0000 - 0x00007ffd5c87d000 	C:\WINDOWS\System32\OLEAUT32.dll
0x0000000001830000 - 0x00000000018a1000 	D:\Xilinx\14.7\ISE_DS\PlanAhead\lib\win64.o\libboost_program_options.dll
0x00007ffd5c4a0000 - 0x00007ffd5c5cb000 	C:\WINDOWS\System32\ole32.dll
0x00000000018e0000 - 0x000000000198f000 	D:\Xilinx\14.7\ISE_DS\PlanAhead\lib\win64.o\libboost_regex.dll
0x0000000001990000 - 0x0000000001999000 	D:\Xilinx\14.7\ISE_DS\PlanAhead\lib\win64.o\libboost_system.dll
0x00007ffd5a840000 - 0x00007ffd5a8a7000 	C:\WINDOWS\System32\WINTRUST.dll
0x00007ffd5a6b0000 - 0x00007ffd5a80d000 	C:\WINDOWS\System32\CRYPT32.dll
0x00000000019a0000 - 0x00000000019b6000 	D:\Xilinx\14.7\ISE_DS\PlanAhead\lib\win64.o\libboost_thread.dll
0x00000000019e0000 - 0x0000000001a23000 	D:\Xilinx\14.7\ISE_DS\PlanAhead\lib\win64.o\libcurl.dll
0x0000000001a30000 - 0x0000000001ab3000 	D:\Xilinx\14.7\ISE_DS\PlanAhead\lib\win64.o\libhdlpsolve.dll
0x0000000001ad0000 - 0x0000000001b87000 	D:\Xilinx\14.7\ISE_DS\PlanAhead\lib\win64.o\libhdxml.dll
0x00007ffd5c380000 - 0x00007ffd5c3de000 	C:\WINDOWS\System32\WLDAP32.dll
0x0000000001b90000 - 0x00000000020d30d3 	D:\Xilinx\14.7\ISE_DS\PlanAhead\lib\win64.o\libisl_iostreams.dll
0x00000000020f0000 - 0x0000000002119000 	D:\Xilinx\14.7\ISE_DS\PlanAhead\lib\win64.o\libisl_sysinfo.dll
0x0000000002130000 - 0x0000000002146000 	D:\Xilinx\14.7\ISE_DS\PlanAhead\lib\win64.o\librdiconfig.dll
0x0000000002160000 - 0x0000000002172000 	D:\Xilinx\14.7\ISE_DS\PlanAhead\lib\win64.o\pthreadVC.dll
0x0000000002190000 - 0x00000000021ae000 	D:\Xilinx\14.7\ISE_DS\PlanAhead\lib\win64.o\librdizlib.dll
0x00007ffd466a0000 - 0x00007ffd466b9000 	C:\WINDOWS\SYSTEM32\NETAPI32.dll
0x00007ffd36480000 - 0x00007ffd36530000 	C:\WINDOWS\WinSxS\amd64_microsoft.windows.common-controls_6595b64144ccf1df_5.82.19041.3636_none_7931fb75243f97c8\COMCTL32.dll
0x00000000021d0000 - 0x00000000021dc000 	D:\Xilinx\14.7\ISE_DS\PlanAhead\lib\win64.o\libboost_chrono.dll
0x00000000021e0000 - 0x00000000021f9000 	D:\Xilinx\14.7\ISE_DS\PlanAhead\lib\win64.o\libboost_iostreams.dll
0x00007ffd5c100000 - 0x00007ffd5c132000 	C:\WINDOWS\System32\IMM32.DLL
0x00007ffd59b80000 - 0x00007ffd59b92000 	C:\WINDOWS\SYSTEM32\MSASN1.dll
0x0000000005630000 - 0x0000000005923000 	D:\Xilinx\14.7\ISE_DS\PlanAhead\lib\win64.o\librdi_commontasks.dll
0x00007ffd580e0000 - 0x00007ffd5887c000 	C:\WINDOWS\SYSTEM32\windows.storage.dll
0x00007ffd59990000 - 0x00007ffd599be000 	C:\WINDOWS\SYSTEM32\Wldp.dll
0x0000000008de0000 - 0x0000000009420000 	D:\Xilinx\14.7\ISE_DS\PlanAhead\lib\win64.o\librdi_coretasks.dll
0x0000000009420000 - 0x000000000a6ec000 	D:\Xilinx\14.7\ISE_DS\PlanAhead\lib\win64.o\librdi_coregen.dll
0x000000000a950000 - 0x000000000b970000 	D:\Xilinx\14.7\ISE_DS\PlanAhead\lib\win64.o\librdi_constraints.dll
0x000000000b970000 - 0x000000000efc1000 	D:\Xilinx\14.7\ISE_DS\PlanAhead\lib\win64.o\librdi_designutils.dll
0x000000000a6f0000 - 0x000000000a8b7000 	D:\Xilinx\14.7\ISE_DS\PlanAhead\lib\win64.o\librdi_chipscope.dll
0x000000000efd0000 - 0x000000000f2e4000 	D:\Xilinx\14.7\ISE_DS\PlanAhead\lib\win64.o\librdi_drc.dll
0x000000000f2f0000 - 0x000000000f6c6000 	D:\Xilinx\14.7\ISE_DS\PlanAhead\lib\win64.o\librdi_netlist.dll
0x0000000010130000 - 0x0000000010d0a000 	D:\Xilinx\14.7\ISE_DS\PlanAhead\lib\win64.o\librdi_device.dll
0x000000000f6d0000 - 0x000000000f95e000 	D:\Xilinx\14.7\ISE_DS\PlanAhead\lib\win64.o\librdi_filemgmt.dll
0x0000000010d10000 - 0x0000000011e33000 	D:\Xilinx\14.7\ISE_DS\PlanAhead\lib\win64.o\librdi_place.dll
0x000000000f960000 - 0x000000000fefd000 	D:\Xilinx\14.7\ISE_DS\PlanAhead\lib\win64.o\librdi_rsb.dll
0x0000000012290000 - 0x00000000127b2000 	D:\Xilinx\14.7\ISE_DS\PlanAhead\lib\win64.o\librdi_power.dll
0x00000000127c0000 - 0x0000000012b73000 	D:\Xilinx\14.7\ISE_DS\PlanAhead\lib\win64.o\librdi_project.dll
0x0000000012b80000 - 0x0000000012f78000 	D:\Xilinx\14.7\ISE_DS\PlanAhead\lib\win64.o\librdi_runs.dll
0x0000000012f80000 - 0x0000000013a58000 	D:\Xilinx\14.7\ISE_DS\PlanAhead\lib\win64.o\librdi_timing.dll
0x000000005cf30000 - 0x000000005cf41000 	C:\WINDOWS\WinSxS\amd64_microsoft.vc90.openmp_1fc8b3b9a1e18e3b_9.0.30729.6161_none_390d35aa0a1f21f9\VCOMP90.DLL
0x000000000ff00000 - 0x000000000ff6e000 	D:\Xilinx\14.7\ISE_DS\PlanAhead\lib\win64.o\liblmx6.0.dll
0x0000000013a60000 - 0x000000001422f000 	D:\Xilinx\14.7\ISE_DS\PlanAhead\lib\win64.o\librdi_coregenipxact.dll
0x0000000014230000 - 0x00000000149d0000 	D:\Xilinx\14.7\ISE_DS\PlanAhead\lib\win64.o\libverific.dll
0x000000000ff70000 - 0x000000000ffed000 	D:\Xilinx\14.7\ISE_DS\PlanAhead\lib\win64.o\libboost_serialization.dll
0x000000000a8e0000 - 0x000000000a8e8000 	D:\Xilinx\14.7\ISE_DS\PlanAhead\lib\win64.o\libpsta_dllwrapper.dll
0x00000000149d0000 - 0x0000000014f14000 	D:\Xilinx\14.7\ISE_DS\PlanAhead\lib\win64.o\librdi_xdm.dll
0x0000000014f20000 - 0x000000001550e000 	D:\Xilinx\14.7\ISE_DS\PlanAhead\lib\win64.o\librdi_route.dll
0x0000000015510000 - 0x000000001573a000 	D:\Xilinx\14.7\ISE_DS\PlanAhead\lib\win64.o\librdi_labtools.dll
0x0000000015740000 - 0x0000000015c7b000 	D:\Xilinx\14.7\ISE_DS\PlanAhead\lib\win64.o\librdi_memdata.dll
0x0000000015c80000 - 0x00000000173af000 	D:\Xilinx\14.7\ISE_DS\PlanAhead\lib\win64.o\librdi_synth.dll
0x00000000173b0000 - 0x00000000177ee000 	D:\Xilinx\14.7\ISE_DS\PlanAhead\lib\win64.o\librdi_ip.dll
0x0000000011e80000 - 0x0000000011f10000 	D:\Xilinx\14.7\ISE_DS\PlanAhead\lib\win64.o\libise.dll
0x00000000177f0000 - 0x0000000017dcc000 	D:\Xilinx\14.7\ISE_DS\PlanAhead\lib\win64.o\librdi_abc_nomp.dll
0x0000000017dd0000 - 0x0000000017ef8000 	D:\Xilinx\14.7\ISE_DS\PlanAhead\lib\win64.o\librdi_dlyest.dll
0x0000000011f50000 - 0x0000000011f6a000 	D:\Xilinx\14.7\ISE_DS\PlanAhead\lib\win64.o\librdi_hmetis.dll
0x0000000011fa0000 - 0x0000000011fdd000 	D:\Xilinx\14.7\ISE_DS\PlanAhead\lib\win64.o\librdi_simbridge_kernel.dll
0x0000000017f00000 - 0x0000000018376000 	D:\Xilinx\14.7\ISE_DS\PlanAhead\lib\win64.o\librdi_wavedata.dll
0x0000000019780000 - 0x000000001b838000 	D:\Xilinx\14.7\ISE_DS\PlanAhead\lib\win64.o\librdi_tcltasks.dll
0x000000001b850000 - 0x000000001b8be000 	D:\Xilinx\14.7\ISE_DS\PlanAhead\lib\win64.o\librdi_edk.dll
0x000000001b8d0000 - 0x000000001b9a4000 	D:\Xilinx\14.7\ISE_DS\PlanAhead\lib\win64.o\librdi_dsp.dll
0x000000001b9b0000 - 0x000000001bc24000 	D:\Xilinx\14.7\ISE_DS\PlanAhead\lib\win64.o\librdi_bitstream.dll
0x000000001bc50000 - 0x000000001be5e000 	D:\Xilinx\14.7\ISE_DS\PlanAhead\lib\win64.o\librdi_simdata.dll
0x000000001c170000 - 0x000000001c2c6000 	D:\Xilinx\14.7\ISE_DS\PlanAhead\lib\win64.o\librdi_planaheadtasks.dll
0x000000001c2e0000 - 0x000000001d128000 	D:\Xilinx\14.7\ISE_DS\PlanAhead\lib\win64.o\librdi_ipservicestasks.dll
0x000000005cf20000 - 0x000000005cf2f000 	D:\Xilinx\14.7\ISE_DS\PlanAhead\tps\win64\jre\bin\verify.dll
0x000000005cef0000 - 0x000000005cf18000 	D:\Xilinx\14.7\ISE_DS\PlanAhead\tps\win64\jre\bin\java.dll
0x000000005ced0000 - 0x000000005cee5000 	D:\Xilinx\14.7\ISE_DS\PlanAhead\tps\win64\jre\bin\zip.dll
0x000000005ceb0000 - 0x000000005cec9000 	D:\Xilinx\14.7\ISE_DS\PlanAhead\tps\win64\jre\bin\net.dll
0x00007ffd596f0000 - 0x00007ffd5975a000 	C:\WINDOWS\system32\mswsock.dll
0x000000005ce90000 - 0x000000005cea1000 	D:\Xilinx\14.7\ISE_DS\PlanAhead\tps\win64\jre\bin\nio.dll
0x000000002a920000 - 0x000000002ac06000 	D:\Xilinx\14.7\ISE_DS\PlanAhead\lib\win64.o\librdi_fed.dll
0x000000002ac20000 - 0x000000002ae81000 	D:\Xilinx\14.7\ISE_DS\PlanAhead\lib\win64.o\librdi_guitools.dll
0x000000002aea0000 - 0x000000002aea7000 	D:\Xilinx\14.7\ISE_DS\PlanAhead\lib\win64.o\librdi_commonx11.dll
0x000000002aec0000 - 0x000000002b2ae000 	D:\Xilinx\14.7\ISE_DS\PlanAhead\lib\win64.o\librdi_rsbtasks.dll
0x000000002b3c0000 - 0x000000002b609000 	D:\Xilinx\14.7\ISE_DS\PlanAhead\lib\win64.o\librdi_labtoolstasks.dll
0x000000002b620000 - 0x000000002b7d8000 	D:\Xilinx\14.7\ISE_DS\PlanAhead\lib\win64.o\librdi_simtcltasks.dll
0x000000005ccf0000 - 0x000000005ce83000 	D:\Xilinx\14.7\ISE_DS\PlanAhead\tps\win64\jre\bin\awt.dll
0x00007ffd57750000 - 0x00007ffd577e0000 	C:\WINDOWS\SYSTEM32\apphelp.dll
0x00007ffd52260000 - 0x00007ffd52444000 	C:\WINDOWS\SYSTEM32\dbghelp.dll
0x00007ffd5a030000 - 0x00007ffd5a0b2000 	C:\WINDOWS\System32\bcryptPrimitives.dll

VM Arguments:
jvm_args: -Dsun.java2d.pmoffscreen=false -Xverify:none -Dswing.aatext=true -XX:-UsePerfData -Djdk.map.althashing.threshold=512 -XX:PermSize=128m -XX:MaxPermSize=128m -XX:NewSize=60m -XX:MaxNewSize=60m -XX:+UseConcMarkSweepGC -XX:+UseParNewGC -XX:+CMSParallelRemarkEnabled -XX:+CMSScavengeBeforeRemark -XX:+UseNUMA -XX:+AggressiveOpts -XX:+UseFastAccessorMethods -XX:+UseFastEmptyMethods -XX:+UseBiasedLocking -XX:+TieredCompilation -Xms128m -Xmx2048m -Xss3m 
java_command: <unknown>
Launcher Type: generic

Environment Variables:
JAVA_HOME=C:\Program Files\Java\jre-1.8
PATH=D:/Xilinx/14.7/ISE_DS/PlanAhead/bin;D:/Xilinx/14.7/ISE_DS/PlanAhead/lib/win64.o;D:/Xilinx/14.7/ISE_DS/PlanAhead/tps/win64/jre/bin/server;D:/Xilinx/14.7/ISE_DS/PlanAhead/tps/win64/jre/bin;D:/Xilinx/14.7/ISE_DS/EDK/bin/nt64;D:/Xilinx/14.7/ISE_DS/EDK/lib/nt64;D:/Xilinx/14.7/ISE_DS/ISE/bin/nt64;D:/Xilinx/14.7/ISE_DS/ISE/lib/nt64;D:/Xilinx/14.7/ISE_DS/common/bin/nt64;D:/Xilinx/14.7/ISE_DS/common/lib/nt64;D:\Xilinx\14.7\ISE_DS\ISE\\lib\nt64;D:\Xilinx\14.7\ISE_DS\ISE\\bin\nt64;D:\Xilinx\14.7\ISE_DS\ISE\bin\nt64;D:\Xilinx\14.7\ISE_DS\ISE\lib\nt64;D:\Xilinx\14.7\ISE_DS\ISE\..\..\..\DocNav;D:\Xilinx\14.7\ISE_DS\PlanAhead\bin;D:\Xilinx\14.7\ISE_DS\EDK\bin\nt64;D:\Xilinx\14.7\ISE_DS\EDK\lib\nt64;D:\Xilinx\14.7\ISE_DS\EDK\gnu\microblaze\nt\bin;D:\Xilinx\14.7\ISE_DS\EDK\gnu\powerpc-eabi\nt\bin;D:\Xilinx\14.7\ISE_DS\EDK\gnuwin\bin;D:\Xilinx\14.7\ISE_DS\EDK\gnu\arm\nt\bin;D:\Xilinx\14.7\ISE_DS\EDK\gnu\microblaze\linux_toolchain\nt64_be\bin;D:\Xilinx\14.7\ISE_DS\EDK\gnu\microblaze\linux_toolchain\nt64_le\bin;D:\Xilinx\14.7\ISE_DS\common\bin\nt64;D:\Xilinx\14.7\ISE_DS\common\lib\nt64;C:\WINDOWS\system32;C:\WINDOWS;C:\WINDOWS\System32\Wbem;C:\WINDOWS\System32\WindowsPowerShell\v1.0\;C:\WINDOWS\System32\OpenSSH\;D:\Program Files\MATLAB\R2016a\runtime\win64;D:\Program Files\MATLAB\R2016a\bin;C:\Program Files\dotnet\;D:\Program Files\MATLAB\R2016a\polyspace\bin;C:\Program Files\Microsoft SQL Server\Client SDK\ODBC\170\Tools\Binn\;C:\Program Files\Microsoft SQL Server\150\Tools\Binn\;C:\Users\aalia\AppData\Local\Microsoft\WindowsApps;C:\Gradle\gradle-8.3\bin;C:\Users\aalia\AppData\Local\Programs\Microsoft VS Code\bin;C:\Users\aalia\.dotnet\tools;D:\modeltech64_10.6d\win64;C:\intelFPGA\18.1\modelsim_ase\win32aloem;C:\Users\aalia\Downloads\gcc-13.2.0-no-debug\bin
USERNAME=aalia
OS=Windows_NT
PROCESSOR_IDENTIFIER=Intel64 Family 6 Model 78 Stepping 3, GenuineIntel



---------------  S Y S T E M  ---------------

OS: Windows 8 , 64 bit Build 9200 

CPU:total 4 (2 cores per cpu, 2 threads per core) family 6 model 78 stepping 3, cmov, cx8, fxsr, mmx, sse, sse2, sse3, ssse3, sse4.1, sse4.2, popcnt, avx, avx2, ht, tsc, tscinvbit

Memory: 4k page, physical 8256832k(3917732k free), swap 9567552k(4758608k free)

vm_info: Java HotSpot(TM) 64-Bit Server VM (23.7-b01) for windows-amd64 JRE (1.7.0_17-b02), built on Mar  1 2013 03:38:30 by "java_re" with unknown MS VC++:1600

time: Fri Mar 08 21:22:09 2024
elapsed time: 0 seconds

