#
# A fatal error has been detected by the Java Runtime Environment:
#
#  EXCEPTION_UNCAUGHT_CXX_EXCEPTION (0xe06d7363) at pc=0x00007ffd5a3acf19, pid=1344, tid=1424
#
# JRE version: 7.0_17-b02
# Java VM: Java HotSpot(TM) 64-Bit Server VM (23.7-b01 mixed mode windows-amd64 compressed oops)
# Problematic frame:
# C  [KERNELBASE.dll+0x2cf19]  RaiseException+0x69
#
# Failed to write core dump. Minidumps are not enabled by default on client versions of Windows
#
# If you would like to submit a bug report, please visit:
#   http://bugreport.sun.com/bugreport/crash.jsp
# The crash happened outside the Java Virtual Machine in native code.
# See problematic frame for where to report the bug.
#

---------------  T H R E A D  ---------------

Current thread (0x000000001ba6b000):  JavaThread "main" [_thread_in_native, id=1424, stack(0x000000001ca50000,0x000000001cb50000)]

siginfo: ExceptionCode=0xe06d7363, ExceptionInformation=0x0000000019930520 0x000000001cb4e348 0x0000000000a11910 0x0000000000970000 

Registers:
RAX=0x000000005d0a22ae, RBX=0x000000001cb4d970, RCX=0x0000000000000000, RDX=0x000000001bab0230
RSP=0x000000001cb4bbc0, RBP=0x000000001cb4c290, RSI=0x000000001cb4e1c0, RDI=0x000000001cb4ca30
R8 =0x0000000000000000, R9 =0xfe1456db00000000, R10=0x24ecc179081611ae, R11=0x69a4e03635024081
R12=0x000000001cb4e560, R13=0x000000001cb4d038, R14=0x0000000000000000, R15=0x000000001cb4bd18
RIP=0x00007ffd5a3acf19, EFLAGS=0x0000000000000206

Top of Stack: (sp=0x000000001cb4bbc0)
0x000000001cb4bbc0:   000000001baee680 000000001cb4d970
0x000000001cb4bbd0:   000000001cb4e1c0 00007ffd5a3d0fbb
0x000000001cb4bbe0:   00000001e06d7363 0000000000000000
0x000000001cb4bbf0:   00007ffd5a3acf19 0000000000000004
0x000000001cb4bc00:   0000000019930520 000000001cb4e348
0x000000001cb4bc10:   0000000000a11910 0000000000970000
0x000000001cb4bc20:   00000d83736de0d9 00000000009e8110
0x000000001cb4bc30:   000000001cb4d970 000000005d83334a
0x000000001cb4bc40:   0000000000000000 000000001ba6fd20
0x000000001cb4bc50:   0000000000000000 000000001cb4ca30
0x000000001cb4bc60:   000000001cb4ca30 000000005d83336b
0x000000001cb4bc70:   000000001cb4d970 000000001cb4e560
0x000000001cb4bc80:   0000c05ea5e56729 000000001bab0230
0x000000001cb4bc90:   000000001cb4d970 000000005d873bb8
0x000000001cb4bca0:   00000000009e80e0 000000001cb4d038
0x000000001cb4bcb0:   0000000000000100 0000000000000000 

Instructions: (pc=0x00007ffd5a3acf19)
0x00007ffd5a3acef9:   8b d1 44 0f 47 c0 44 89 44 24 38 49 c1 e0 03 e8
0x00007ffd5a3acf09:   6a 97 08 00 48 8d 4c 24 20 48 ff 15 ff 81 1b 00
0x00007ffd5a3acf19:   0f 1f 44 00 00 48 8b 8c 24 c0 00 00 00 48 33 cc
0x00007ffd5a3acf29:   e8 f2 88 06 00 48 81 c4 d8 00 00 00 c3 cc 83 64 


Register to memory mapping:

RAX=0x000000005d0a22ae is an unknown value
RBX=0x000000001cb4d970 is pointing into the stack for thread: 0x000000001ba6b000
RCX=0x0000000000000000 is an unknown value
RDX=0x000000001bab0230 is an unknown value
RSP=0x000000001cb4bbc0 is pointing into the stack for thread: 0x000000001ba6b000
RBP=0x000000001cb4c290 is pointing into the stack for thread: 0x000000001ba6b000
RSI=0x000000001cb4e1c0 is pointing into the stack for thread: 0x000000001ba6b000
RDI=0x000000001cb4ca30 is pointing into the stack for thread: 0x000000001ba6b000
R8 =0x0000000000000000 is an unknown value
R9 =0xfe1456db00000000 is an unknown value
R10=0x24ecc179081611ae is an unknown value
R11=0x69a4e03635024081 is an unknown value
R12=0x000000001cb4e560 is pointing into the stack for thread: 0x000000001ba6b000
R13=0x000000001cb4d038 is pointing into the stack for thread: 0x000000001ba6b000
R14=0x0000000000000000 is an unknown value
R15=0x000000001cb4bd18 is pointing into the stack for thread: 0x000000001ba6b000


Stack: [0x000000001ca50000,0x000000001cb50000],  sp=0x000000001cb4bbc0,  free space=1006k
Native frames: (J=compiled Java code, j=interpreted, Vv=VM code, C=native code)
C  [KERNELBASE.dll+0x2cf19]  RaiseException+0x69
C  0x000000001cb4c8f0

Java frames: (J=compiled Java code, j=interpreted, Vv=VM code)
j  ui.data.common.parami.ParamMgr_getValueAsBool(JLjava/lang/String;)Z+0
j  ui.data.common.F.jw(Ljava/lang/String;)Z+5
j  ui.data.common.F.aWC()Z+5
j  ui.h.I.aWC()Z+6
j  ui.aL.aGY()Ljava/lang/String;+0
j  ui.PlanAhead.<clinit>()V+316
v  ~StubRoutines::call_stub

---------------  P R O C E S S  ---------------

Java Threads: ( => current thread )
  0x0000000023931800 JavaThread "Service Thread" daemon [_thread_blocked, id=5612, stack(0x0000000029a30000,0x0000000029d30000)]
  0x00000000285f1800 JavaThread "C1 CompilerThread2" daemon [_thread_blocked, id=1176, stack(0x0000000029930000,0x0000000029a30000)]
  0x00000000285e1800 JavaThread "C2 CompilerThread1" daemon [_thread_blocked, id=2304, stack(0x0000000029830000,0x0000000029930000)]
  0x00000000239f1000 JavaThread "C2 CompilerThread0" daemon [_thread_blocked, id=8920, stack(0x0000000029730000,0x0000000029830000)]
  0x0000000023a21800 JavaThread "Attach Listener" daemon [_thread_blocked, id=8424, stack(0x0000000029430000,0x0000000029730000)]
  0x00000000287b2000 JavaThread "Signal Dispatcher" daemon [_thread_blocked, id=3132, stack(0x0000000029130000,0x0000000029430000)]
  0x00000000287b4000 JavaThread "Surrogate Locker Thread (Concurrent GC)" daemon [_thread_blocked, id=11160, stack(0x0000000028e30000,0x0000000029130000)]
  0x0000000023a15800 JavaThread "Finalizer" daemon [_thread_blocked, id=1200, stack(0x0000000028b30000,0x0000000028e30000)]
  0x0000000023a17000 JavaThread "Reference Handler" daemon [_thread_blocked, id=3188, stack(0x0000000028830000,0x0000000028b30000)]
=>0x000000001ba6b000 JavaThread "main" [_thread_in_native, id=1424, stack(0x000000001ca50000,0x000000001cb50000)]

Other Threads:
  0x00000000239c2000 VMThread [stack: 0x0000000028630000,0x0000000028730000] [id=3384]
  0x00000000287e7800 WatcherThread [stack: 0x0000000029d30000,0x0000000029e30000] [id=1140]

VM state:not at safepoint (normal execution)

VM Mutex/Monitor currently owned by a thread: None

Heap
 par new generation   total 55296K, used 4043K [0x0000000778000000, 0x000000077bc00000, 0x000000077bc00000)
  eden space 49152K,   8% used [0x0000000778000000, 0x00000007783f2c98, 0x000000077b000000)
  from space 6144K,   0% used [0x000000077b000000, 0x000000077b000000, 0x000000077b600000)
  to   space 6144K,   0% used [0x000000077b600000, 0x000000077b600000, 0x000000077bc00000)
 concurrent mark-sweep generation total 69632K, used 0K [0x000000077bc00000, 0x0000000780000000, 0x00000007f8000000)
 concurrent-mark-sweep perm gen total 131072K, used 5139K [0x00000007f8000000, 0x0000000800000000, 0x0000000800000000)

Card table byte_map: [0x00000000230f0000,0x0000000023540000] byte_map_base: 0x000000001f530000

Polling page: 0x000000001cb50000

Code Cache  [0x000000001cb70000, 0x000000001cde0000, 0x0000000022b70000)
 total_blobs=393 nmethods=108 adapters=203 free_code_cache=97032Kb largest_free_block=99360256

Compilation events (10 events):
Event: 0.921 Thread 0x00000000285f1800  104       3       java.lang.String::lastIndexOf (13 bytes)
Event: 0.922 Thread 0x00000000285f1800 nmethod 104 0x000000001ccab150 code [0x000000001ccab2c0, 0x000000001ccab508]
Event: 0.927 Thread 0x00000000285f1800  105       3       java.util.HashMap$FrontCache::get (32 bytes)
Event: 0.927 Thread 0x00000000285f1800 nmethod 105 0x000000001ccac050 code [0x000000001ccac1e0, 0x000000001ccac750]
Event: 0.934 Thread 0x00000000285f1800  106       3       java.io.BufferedInputStream::getBufIfOpen (21 bytes)
Event: 0.934 Thread 0x00000000285f1800 nmethod 106 0x000000001ccac8d0 code [0x000000001ccaca40, 0x000000001ccacca8]
Event: 0.934 Thread 0x00000000285f1800  107  s    3       java.io.BufferedInputStream::read (49 bytes)
Event: 0.935 Thread 0x00000000285f1800 nmethod 107 0x000000001ccacd50 code [0x000000001ccacee0, 0x000000001ccad458]
Event: 0.935 Thread 0x00000000285f1800  108       3       java.io.DataInputStream::readInt (72 bytes)
Event: 0.935 Thread 0x00000000285f1800 nmethod 108 0x000000001ccad610 code [0x000000001ccad7e0, 0x000000001ccaddc8]

GC Heap History (0 events):
No events

Deoptimization events (0 events):
No events

Internal exceptions (10 events):
Event: 0.854 Thread 0x000000001ba6b000 Threw 0x00000007782cd998 at C:\jdk7u2_64p\jdk7u17\hotspot\src\share\vm\prims\jvm.cpp:1166
Event: 0.854 Thread 0x000000001ba6b000 Threw 0x00000007782cf740 at C:\jdk7u2_64p\jdk7u17\hotspot\src\share\vm\prims\jvm.cpp:1166
Event: 0.878 Thread 0x000000001ba6b000 Threw 0x00000007782d98a8 at C:\jdk7u2_64p\jdk7u17\hotspot\src\share\vm\prims\jni.cpp:716
Event: 0.910 Thread 0x000000001ba6b000 Threw 0x00000007782f2a48 at C:\jdk7u2_64p\jdk7u17\hotspot\src\share\vm\prims\jvm.cpp:1166
Event: 0.912 Thread 0x000000001ba6b000 Threw 0x00000007782fc298 at C:\jdk7u2_64p\jdk7u17\hotspot\src\share\vm\prims\jvm.cpp:1166
Event: 0.913 Thread 0x000000001ba6b000 Threw 0x00000007783001a0 at C:\jdk7u2_64p\jdk7u17\hotspot\src\share\vm\prims\jvm.cpp:1166
Event: 0.916 Thread 0x000000001ba6b000 Threw 0x0000000778303818 at C:\jdk7u2_64p\jdk7u17\hotspot\src\share\vm\prims\jvm.cpp:1166
Event: 0.918 Thread 0x000000001ba6b000 Threw 0x0000000778309508 at C:\jdk7u2_64p\jdk7u17\hotspot\src\share\vm\prims\jvm.cpp:1166
Event: 0.920 Thread 0x000000001ba6b000 Threw 0x000000077831b030 at C:\jdk7u2_64p\jdk7u17\hotspot\src\share\vm\prims\jvm.cpp:1166
Event: 0.945 Thread 0x000000001ba6b000 Threw 0x000000077833ad28 at C:\jdk7u2_64p\jdk7u17\hotspot\src\share\vm\prims\jvm.cpp:1166

Events (10 events):
Event: 0.942 loading class 0x00000000287a3320
Event: 0.942 loading class 0x00000000287a3320 done
Event: 0.942 loading class 0x000000001bab4ee0
Event: 0.942 loading class 0x000000001bab4ee0 done
Event: 0.942 loading class 0x000000002b142ab0
Event: 0.942 loading class 0x000000002b142ab0 done
Event: 0.942 loading class 0x000000002b142ba0
Event: 0.943 loading class 0x000000002b142ba0 done
Event: 0.945 loading class 0x00000000287c7ce0
Event: 0.945 loading class 0x00000000287c7ce0 done


Dynamic libraries:
0x0000000140000000 - 0x000000014000e000 	D:\Xilinx\14.7\ISE_DS\PlanAhead\bin\unwrapped\win64.o\planAhead.exe
0x00007ffd5c970000 - 0x00007ffd5cb68000 	C:\WINDOWS\SYSTEM32\ntdll.dll
0x00007ffd5b3d0000 - 0x00007ffd5b48d000 	C:\WINDOWS\System32\KERNEL32.DLL
0x00007ffd5a380000 - 0x00007ffd5a676000 	C:\WINDOWS\System32\KERNELBASE.dll
0x0000000180000000 - 0x0000000180881000 	D:\Xilinx\14.7\ISE_DS\PlanAhead\lib\win64.o\librdi_common.dll
0x000000000a900000 - 0x000000000a945000 	D:\Xilinx\14.7\ISE_DS\PlanAhead\lib\win64.o\SHSMP64.dll
0x000000005d830000 - 0x000000005d8d3000 	C:\WINDOWS\WinSxS\amd64_microsoft.vc90.crt_1fc8b3b9a1e18e3b_9.0.30729.9625_none_08e1c10da83fbc83\MSVCR90.dll
0x00007ffd5c140000 - 0x00007ffd5c2de000 	C:\WINDOWS\System32\USER32.dll
0x00007ffd5a810000 - 0x00007ffd5a832000 	C:\WINDOWS\System32\win32u.dll
0x00007ffd5a9b0000 - 0x00007ffd5a9db000 	C:\WINDOWS\System32\GDI32.dll
0x00007ffd5a0c0000 - 0x00007ffd5a1d7000 	C:\WINDOWS\System32\gdi32full.dll
0x00007ffd5a2e0000 - 0x00007ffd5a37d000 	C:\WINDOWS\System32\msvcp_win.dll
0x00007ffd5a8b0000 - 0x00007ffd5a9b0000 	C:\WINDOWS\System32\ucrtbase.dll
0x00007ffd5c3e0000 - 0x00007ffd5c493000 	C:\WINDOWS\System32\ADVAPI32.dll
0x00007ffd5bde0000 - 0x00007ffd5be7e000 	C:\WINDOWS\System32\msvcrt.dll
0x00007ffd5c2e0000 - 0x00007ffd5c37f000 	C:\WINDOWS\System32\sechost.dll
0x00007ffd5b1f0000 - 0x00007ffd5b316000 	C:\WINDOWS\System32\RPCRT4.dll
0x00007ffd5a680000 - 0x00007ffd5a6a7000 	C:\WINDOWS\System32\bcrypt.dll
0x00007ffd515a0000 - 0x00007ffd515aa000 	C:\WINDOWS\SYSTEM32\VERSION.dll
0x00007ffd5b1c0000 - 0x00007ffd5b1c8000 	C:\WINDOWS\System32\PSAPI.DLL
0x00007ffd5a9e0000 - 0x00007ffd5b125000 	C:\WINDOWS\System32\SHELL32.dll
0x0000000010000000 - 0x000000001012a000 	D:\Xilinx\14.7\ISE_DS\PlanAhead\lib\win64.o\tcl85t.dll
0x0000000012000000 - 0x0000000012282000 	D:\Xilinx\14.7\ISE_DS\PlanAhead\lib\win64.o\xerces-c_3_1.dll
0x000000005d030000 - 0x000000005d74f000 	D:\Xilinx\14.7\ISE_DS\PlanAhead\tps\win64\jre\bin\server\jvm.dll
0x00007ffd44a50000 - 0x00007ffd44f26000 	C:\WINDOWS\SYSTEM32\WININET.dll
0x00007ffd5bee0000 - 0x00007ffd5bf4b000 	C:\WINDOWS\System32\WS2_32.dll
0x00007ffd4b010000 - 0x00007ffd4b11a000 	C:\WINDOWS\SYSTEM32\WINHTTP.dll
0x00007ffd4c5e0000 - 0x00007ffd4c7cc000 	C:\WINDOWS\SYSTEM32\urlmon.dll
0x000000005d750000 - 0x000000005d823000 	C:\WINDOWS\WinSxS\amd64_microsoft.vc90.crt_1fc8b3b9a1e18e3b_9.0.30729.9625_none_08e1c10da83fbc83\MSVCP90.dll
0x00007ffd47c80000 - 0x00007ffd47c89000 	C:\WINDOWS\SYSTEM32\WSOCK32.dll
0x00007ffd47980000 - 0x00007ffd479a7000 	C:\WINDOWS\SYSTEM32\WINMM.dll
0x00007ffd515b0000 - 0x00007ffd5186c000 	C:\WINDOWS\SYSTEM32\iertutil.dll
0x000000005cf50000 - 0x000000005d022000 	C:\WINDOWS\SYSTEM32\MSVCR100.dll
0x00007ffd5ba00000 - 0x00007ffd5bd54000 	C:\WINDOWS\System32\combase.dll
0x00007ffd4c5b0000 - 0x00007ffd4c5d8000 	C:\WINDOWS\SYSTEM32\srvcli.dll
0x00007ffd5b320000 - 0x00007ffd5b3cd000 	C:\WINDOWS\System32\shcore.dll
0x00007ffd594f0000 - 0x00007ffd594fc000 	C:\WINDOWS\SYSTEM32\netutils.dll
0x00000000004d0000 - 0x00000000004e6000 	D:\Xilinx\14.7\ISE_DS\PlanAhead\lib\win64.o\librdi_commonmain.dll
0x0000000000500000 - 0x0000000000513000 	D:\Xilinx\14.7\ISE_DS\PlanAhead\lib\win64.o\libboost_signals.dll
0x0000000000970000 - 0x0000000000a5e000 	D:\Xilinx\14.7\ISE_DS\PlanAhead\lib\win64.o\stlport.5.2.dll
0x0000000000a60000 - 0x0000000000c9a000 	D:\Xilinx\14.7\ISE_DS\PlanAhead\lib\win64.o\libSecurity.dll
0x0000000000ca0000 - 0x0000000000f89000 	D:\Xilinx\14.7\ISE_DS\PlanAhead\lib\win64.o\libCOIN-all.dll
0x0000000000530000 - 0x0000000000557000 	D:\Xilinx\14.7\ISE_DS\PlanAhead\lib\win64.o\libboost_filesystem.dll
0x0000000000f90000 - 0x0000000000f9f000 	D:\Xilinx\14.7\ISE_DS\PlanAhead\lib\win64.o\libboost_date_time.dll
0x00007ffd5b4a0000 - 0x00007ffd5b57a000 	C:\WINDOWS\System32\COMDLG32.dll
0x0000000000fe0000 - 0x0000000001051000 	D:\Xilinx\14.7\ISE_DS\PlanAhead\lib\win64.o\libboost_program_options.dll
0x0000000001060000 - 0x000000000110f000 	D:\Xilinx\14.7\ISE_DS\PlanAhead\lib\win64.o\libboost_regex.dll
0x00007ffd5c5d0000 - 0x00007ffd5c625000 	C:\WINDOWS\System32\SHLWAPI.dll
0x0000000001110000 - 0x0000000001119000 	D:\Xilinx\14.7\ISE_DS\PlanAhead\lib\win64.o\libboost_system.dll
0x00007ffd5c7b0000 - 0x00007ffd5c87d000 	C:\WINDOWS\System32\OLEAUT32.dll
0x00007ffd5c4a0000 - 0x00007ffd5c5cb000 	C:\WINDOWS\System32\ole32.dll
0x00007ffd5a840000 - 0x00007ffd5a8a7000 	C:\WINDOWS\System32\WINTRUST.dll
0x00007ffd5a6b0000 - 0x00007ffd5a80d000 	C:\WINDOWS\System32\CRYPT32.dll
0x0000000001120000 - 0x0000000001136000 	D:\Xilinx\14.7\ISE_DS\PlanAhead\lib\win64.o\libboost_thread.dll
0x0000000001180000 - 0x00000000011c3000 	D:\Xilinx\14.7\ISE_DS\PlanAhead\lib\win64.o\libcurl.dll
0x00000000011d0000 - 0x0000000001253000 	D:\Xilinx\14.7\ISE_DS\PlanAhead\lib\win64.o\libhdlpsolve.dll
0x0000000001260000 - 0x0000000001317000 	D:\Xilinx\14.7\ISE_DS\PlanAhead\lib\win64.o\libhdxml.dll
0x0000000001320000 - 0x00000000018630d3 	D:\Xilinx\14.7\ISE_DS\PlanAhead\lib\win64.o\libisl_iostreams.dll
0x00007ffd5c380000 - 0x00007ffd5c3de000 	C:\WINDOWS\System32\WLDAP32.dll
0x0000000001870000 - 0x0000000001899000 	D:\Xilinx\14.7\ISE_DS\PlanAhead\lib\win64.o\libisl_sysinfo.dll
0x00000000018b0000 - 0x00000000018c2000 	D:\Xilinx\14.7\ISE_DS\PlanAhead\lib\win64.o\pthreadVC.dll
0x00000000018e0000 - 0x00000000018f6000 	D:\Xilinx\14.7\ISE_DS\PlanAhead\lib\win64.o\librdiconfig.dll
0x0000000001900000 - 0x000000000191e000 	D:\Xilinx\14.7\ISE_DS\PlanAhead\lib\win64.o\librdizlib.dll
0x00007ffd466a0000 - 0x00007ffd466b9000 	C:\WINDOWS\SYSTEM32\NETAPI32.dll
0x00007ffd36480000 - 0x00007ffd36530000 	C:\WINDOWS\WinSxS\amd64_microsoft.windows.common-controls_6595b64144ccf1df_5.82.19041.3636_none_7931fb75243f97c8\COMCTL32.dll
0x0000000001960000 - 0x000000000196c000 	D:\Xilinx\14.7\ISE_DS\PlanAhead\lib\win64.o\libboost_chrono.dll
0x0000000001970000 - 0x0000000001989000 	D:\Xilinx\14.7\ISE_DS\PlanAhead\lib\win64.o\libboost_iostreams.dll
0x00007ffd5c100000 - 0x00007ffd5c132000 	C:\WINDOWS\System32\IMM32.DLL
0x00007ffd59b80000 - 0x00007ffd59b92000 	C:\WINDOWS\SYSTEM32\MSASN1.dll
0x0000000004e60000 - 0x0000000005153000 	D:\Xilinx\14.7\ISE_DS\PlanAhead\lib\win64.o\librdi_commontasks.dll
0x00007ffd580e0000 - 0x00007ffd5887c000 	C:\WINDOWS\SYSTEM32\windows.storage.dll
0x00007ffd59990000 - 0x00007ffd599be000 	C:\WINDOWS\SYSTEM32\Wldp.dll
0x0000000008520000 - 0x0000000008b60000 	D:\Xilinx\14.7\ISE_DS\PlanAhead\lib\win64.o\librdi_coretasks.dll
0x0000000008b60000 - 0x0000000008d27000 	D:\Xilinx\14.7\ISE_DS\PlanAhead\lib\win64.o\librdi_chipscope.dll
0x0000000008d30000 - 0x0000000009ffc000 	D:\Xilinx\14.7\ISE_DS\PlanAhead\lib\win64.o\librdi_coregen.dll
0x000000000a950000 - 0x000000000b970000 	D:\Xilinx\14.7\ISE_DS\PlanAhead\lib\win64.o\librdi_constraints.dll
0x000000000b970000 - 0x000000000c54a000 	D:\Xilinx\14.7\ISE_DS\PlanAhead\lib\win64.o\librdi_device.dll
0x000000000a000000 - 0x000000000a314000 	D:\Xilinx\14.7\ISE_DS\PlanAhead\lib\win64.o\librdi_drc.dll
0x000000000c550000 - 0x000000000fba1000 	D:\Xilinx\14.7\ISE_DS\PlanAhead\lib\win64.o\librdi_designutils.dll
0x000000000a320000 - 0x000000000a6f6000 	D:\Xilinx\14.7\ISE_DS\PlanAhead\lib\win64.o\librdi_netlist.dll
0x0000000010130000 - 0x0000000011253000 	D:\Xilinx\14.7\ISE_DS\PlanAhead\lib\win64.o\librdi_place.dll
0x0000000011260000 - 0x0000000011782000 	D:\Xilinx\14.7\ISE_DS\PlanAhead\lib\win64.o\librdi_power.dll
0x000000000fbb0000 - 0x000000000ff63000 	D:\Xilinx\14.7\ISE_DS\PlanAhead\lib\win64.o\librdi_project.dll
0x0000000011790000 - 0x0000000011d2d000 	D:\Xilinx\14.7\ISE_DS\PlanAhead\lib\win64.o\librdi_rsb.dll
0x0000000011d30000 - 0x0000000011fbe000 	D:\Xilinx\14.7\ISE_DS\PlanAhead\lib\win64.o\librdi_filemgmt.dll
0x0000000012290000 - 0x0000000012688000 	D:\Xilinx\14.7\ISE_DS\PlanAhead\lib\win64.o\librdi_runs.dll
0x0000000012690000 - 0x0000000013168000 	D:\Xilinx\14.7\ISE_DS\PlanAhead\lib\win64.o\librdi_timing.dll
0x000000005cf30000 - 0x000000005cf41000 	C:\WINDOWS\WinSxS\amd64_microsoft.vc90.openmp_1fc8b3b9a1e18e3b_9.0.30729.6161_none_390d35aa0a1f21f9\VCOMP90.DLL
0x000000000a700000 - 0x000000000a76e000 	D:\Xilinx\14.7\ISE_DS\PlanAhead\lib\win64.o\liblmx6.0.dll
0x0000000013170000 - 0x000000001393f000 	D:\Xilinx\14.7\ISE_DS\PlanAhead\lib\win64.o\librdi_coregenipxact.dll
0x0000000013940000 - 0x00000000140e0000 	D:\Xilinx\14.7\ISE_DS\PlanAhead\lib\win64.o\libverific.dll
0x000000000a770000 - 0x000000000a7ed000 	D:\Xilinx\14.7\ISE_DS\PlanAhead\lib\win64.o\libboost_serialization.dll
0x00000000035b0000 - 0x00000000035b8000 	D:\Xilinx\14.7\ISE_DS\PlanAhead\lib\win64.o\libpsta_dllwrapper.dll
0x00000000140e0000 - 0x000000001461b000 	D:\Xilinx\14.7\ISE_DS\PlanAhead\lib\win64.o\librdi_memdata.dll
0x0000000014620000 - 0x000000001484a000 	D:\Xilinx\14.7\ISE_DS\PlanAhead\lib\win64.o\librdi_labtools.dll
0x0000000014850000 - 0x0000000014d94000 	D:\Xilinx\14.7\ISE_DS\PlanAhead\lib\win64.o\librdi_xdm.dll
0x0000000014da0000 - 0x00000000164cf000 	D:\Xilinx\14.7\ISE_DS\PlanAhead\lib\win64.o\librdi_synth.dll
0x00000000164d0000 - 0x0000000016abe000 	D:\Xilinx\14.7\ISE_DS\PlanAhead\lib\win64.o\librdi_route.dll
0x0000000016ac0000 - 0x0000000016efe000 	D:\Xilinx\14.7\ISE_DS\PlanAhead\lib\win64.o\librdi_ip.dll
0x000000000ff70000 - 0x0000000010000000 	D:\Xilinx\14.7\ISE_DS\PlanAhead\lib\win64.o\libise.dll
0x0000000016f00000 - 0x00000000174dc000 	D:\Xilinx\14.7\ISE_DS\PlanAhead\lib\win64.o\librdi_abc_nomp.dll
0x00000000174e0000 - 0x0000000017608000 	D:\Xilinx\14.7\ISE_DS\PlanAhead\lib\win64.o\librdi_dlyest.dll
0x0000000011fd0000 - 0x0000000011fea000 	D:\Xilinx\14.7\ISE_DS\PlanAhead\lib\win64.o\librdi_hmetis.dll
0x000000000a810000 - 0x000000000a84d000 	D:\Xilinx\14.7\ISE_DS\PlanAhead\lib\win64.o\librdi_simbridge_kernel.dll
0x0000000017610000 - 0x0000000017a86000 	D:\Xilinx\14.7\ISE_DS\PlanAhead\lib\win64.o\librdi_wavedata.dll
0x0000000018f90000 - 0x000000001b048000 	D:\Xilinx\14.7\ISE_DS\PlanAhead\lib\win64.o\librdi_tcltasks.dll
0x000000001b060000 - 0x000000001b2d4000 	D:\Xilinx\14.7\ISE_DS\PlanAhead\lib\win64.o\librdi_bitstream.dll
0x000000001b2f0000 - 0x000000001b35e000 	D:\Xilinx\14.7\ISE_DS\PlanAhead\lib\win64.o\librdi_edk.dll
0x000000001b360000 - 0x000000001b434000 	D:\Xilinx\14.7\ISE_DS\PlanAhead\lib\win64.o\librdi_dsp.dll
0x000000001b460000 - 0x000000001b66e000 	D:\Xilinx\14.7\ISE_DS\PlanAhead\lib\win64.o\librdi_simdata.dll
0x000000001b880000 - 0x000000001b9d6000 	D:\Xilinx\14.7\ISE_DS\PlanAhead\lib\win64.o\librdi_planaheadtasks.dll
0x000000001baf0000 - 0x000000001c938000 	D:\Xilinx\14.7\ISE_DS\PlanAhead\lib\win64.o\librdi_ipservicestasks.dll
0x000000005cf20000 - 0x000000005cf2f000 	D:\Xilinx\14.7\ISE_DS\PlanAhead\tps\win64\jre\bin\verify.dll
0x000000005cef0000 - 0x000000005cf18000 	D:\Xilinx\14.7\ISE_DS\PlanAhead\tps\win64\jre\bin\java.dll
0x000000005ced0000 - 0x000000005cee5000 	D:\Xilinx\14.7\ISE_DS\PlanAhead\tps\win64\jre\bin\zip.dll
0x000000005ceb0000 - 0x000000005cec9000 	D:\Xilinx\14.7\ISE_DS\PlanAhead\tps\win64\jre\bin\net.dll
0x00007ffd596f0000 - 0x00007ffd5975a000 	C:\WINDOWS\system32\mswsock.dll
0x000000005ce90000 - 0x000000005cea1000 	D:\Xilinx\14.7\ISE_DS\PlanAhead\tps\win64\jre\bin\nio.dll
0x000000002a130000 - 0x000000002a416000 	D:\Xilinx\14.7\ISE_DS\PlanAhead\lib\win64.o\librdi_fed.dll
0x000000002a430000 - 0x000000002a691000 	D:\Xilinx\14.7\ISE_DS\PlanAhead\lib\win64.o\librdi_guitools.dll
0x000000002a6b0000 - 0x000000002a6b7000 	D:\Xilinx\14.7\ISE_DS\PlanAhead\lib\win64.o\librdi_commonx11.dll
0x000000002a6d0000 - 0x000000002aabe000 	D:\Xilinx\14.7\ISE_DS\PlanAhead\lib\win64.o\librdi_rsbtasks.dll
0x000000002aad0000 - 0x000000002ad19000 	D:\Xilinx\14.7\ISE_DS\PlanAhead\lib\win64.o\librdi_labtoolstasks.dll
0x000000002ae30000 - 0x000000002afe8000 	D:\Xilinx\14.7\ISE_DS\PlanAhead\lib\win64.o\librdi_simtcltasks.dll
0x000000005ccf0000 - 0x000000005ce83000 	D:\Xilinx\14.7\ISE_DS\PlanAhead\tps\win64\jre\bin\awt.dll
0x00007ffd57750000 - 0x00007ffd577e0000 	C:\WINDOWS\SYSTEM32\apphelp.dll
0x00007ffd52260000 - 0x00007ffd52444000 	C:\WINDOWS\SYSTEM32\dbghelp.dll
0x00007ffd5a030000 - 0x00007ffd5a0b2000 	C:\WINDOWS\System32\bcryptPrimitives.dll

VM Arguments:
jvm_args: -Dsun.java2d.pmoffscreen=false -Xverify:none -Dswing.aatext=true -XX:-UsePerfData -Djdk.map.althashing.threshold=512 -XX:PermSize=128m -XX:MaxPermSize=128m -XX:NewSize=60m -XX:MaxNewSize=60m -XX:+UseConcMarkSweepGC -XX:+UseParNewGC -XX:+CMSParallelRemarkEnabled -XX:+CMSScavengeBeforeRemark -XX:+UseNUMA -XX:+AggressiveOpts -XX:+UseFastAccessorMethods -XX:+UseFastEmptyMethods -XX:+UseBiasedLocking -XX:+TieredCompilation -Xms128m -Xmx2048m -Xss3m 
java_command: <unknown>
Launcher Type: generic

Environment Variables:
JAVA_HOME=C:\Program Files\Java\jre-1.8
PATH=D:/Xilinx/14.7/ISE_DS/PlanAhead/bin;D:/Xilinx/14.7/ISE_DS/PlanAhead/lib/win64.o;D:/Xilinx/14.7/ISE_DS/PlanAhead/tps/win64/jre/bin/server;D:/Xilinx/14.7/ISE_DS/PlanAhead/tps/win64/jre/bin;D:/Xilinx/14.7/ISE_DS/EDK/bin/nt64;D:/Xilinx/14.7/ISE_DS/EDK/lib/nt64;D:/Xilinx/14.7/ISE_DS/ISE/bin/nt64;D:/Xilinx/14.7/ISE_DS/ISE/lib/nt64;D:/Xilinx/14.7/ISE_DS/common/bin/nt64;D:/Xilinx/14.7/ISE_DS/common/lib/nt64;D:\Xilinx\14.7\ISE_DS\ISE\\lib\nt64;D:\Xilinx\14.7\ISE_DS\ISE\\bin\nt64;D:\Xilinx\14.7\ISE_DS\ISE\bin\nt64;D:\Xilinx\14.7\ISE_DS\ISE\lib\nt64;D:\Xilinx\14.7\ISE_DS\ISE\..\..\..\DocNav;D:\Xilinx\14.7\ISE_DS\PlanAhead\bin;D:\Xilinx\14.7\ISE_DS\EDK\bin\nt64;D:\Xilinx\14.7\ISE_DS\EDK\lib\nt64;D:\Xilinx\14.7\ISE_DS\EDK\gnu\microblaze\nt\bin;D:\Xilinx\14.7\ISE_DS\EDK\gnu\powerpc-eabi\nt\bin;D:\Xilinx\14.7\ISE_DS\EDK\gnuwin\bin;D:\Xilinx\14.7\ISE_DS\EDK\gnu\arm\nt\bin;D:\Xilinx\14.7\ISE_DS\EDK\gnu\microblaze\linux_toolchain\nt64_be\bin;D:\Xilinx\14.7\ISE_DS\EDK\gnu\microblaze\linux_toolchain\nt64_le\bin;D:\Xilinx\14.7\ISE_DS\common\bin\nt64;D:\Xilinx\14.7\ISE_DS\common\lib\nt64;C:\WINDOWS\system32;C:\WINDOWS;C:\WINDOWS\System32\Wbem;C:\WINDOWS\System32\WindowsPowerShell\v1.0\;C:\WINDOWS\System32\OpenSSH\;D:\Program Files\MATLAB\R2016a\runtime\win64;D:\Program Files\MATLAB\R2016a\bin;C:\Program Files\dotnet\;D:\Program Files\MATLAB\R2016a\polyspace\bin;C:\Program Files\Microsoft SQL Server\Client SDK\ODBC\170\Tools\Binn\;C:\Program Files\Microsoft SQL Server\150\Tools\Binn\;C:\Users\aalia\AppData\Local\Microsoft\WindowsApps;C:\Gradle\gradle-8.3\bin;C:\Users\aalia\AppData\Local\Programs\Microsoft VS Code\bin;C:\Users\aalia\.dotnet\tools;D:\modeltech64_10.6d\win64;C:\intelFPGA\18.1\modelsim_ase\win32aloem;C:\Users\aalia\Downloads\gcc-13.2.0-no-debug\bin
USERNAME=aalia
OS=Windows_NT
PROCESSOR_IDENTIFIER=Intel64 Family 6 Model 78 Stepping 3, GenuineIntel



---------------  S Y S T E M  ---------------

OS: Windows 8 , 64 bit Build 9200 

CPU:total 4 (2 cores per cpu, 2 threads per core) family 6 model 78 stepping 3, cmov, cx8, fxsr, mmx, sse, sse2, sse3, ssse3, sse4.1, sse4.2, popcnt, avx, avx2, ht, tsc, tscinvbit

Memory: 4k page, physical 8256832k(3922648k free), swap 9567552k(4761172k free)

vm_info: Java HotSpot(TM) 64-Bit Server VM (23.7-b01) for windows-amd64 JRE (1.7.0_17-b02), built on Mar  1 2013 03:38:30 by "java_re" with unknown MS VC++:1600

time: Fri Mar 08 21:21:43 2024
elapsed time: 1 seconds

