#
# A fatal error has been detected by the Java Runtime Environment:
#
#  EXCEPTION_UNCAUGHT_CXX_EXCEPTION (0xe06d7363) at pc=0x00007ffe0b3aab89, pid=13672, tid=14708
#
# JRE version: 7.0_17-b02
# Java VM: Java HotSpot(TM) 64-Bit Server VM (23.7-b01 mixed mode windows-amd64 compressed oops)
# Problematic frame:
# C  [KERNELBASE.dll+0x2ab89]  RaiseException+0x69
#
# Failed to write core dump. Minidumps are not enabled by default on client versions of Windows
#
# If you would like to submit a bug report, please visit:
#   http://bugreport.sun.com/bugreport/crash.jsp
# The crash happened outside the Java Virtual Machine in native code.
# See problematic frame for where to report the bug.
#

---------------  T H R E A D  ---------------

Current thread (0x000000001c06b000):  JavaThread "main" [_thread_in_native, id=14708, stack(0x000000001d340000,0x000000001d440000)]

siginfo: ExceptionCode=0xe06d7363, ExceptionInformation=0x0000000019930520 0x000000001d43e348 0x0000000000a31910 0x0000000000990000 

Registers:
RAX=0x00000000588922ae, RBX=0x000000001d43d970, RCX=0x0000000000000000, RDX=0x000000001d180230
RSP=0x000000001d43bbc0, RBP=0x000000001d43c290, RSI=0x000000001d43e1c0, RDI=0x000000001d43ca30
R8 =0x0000000000000000, R9 =0xfe1456db00000000, R10=0x24ecc179081611ae, R11=0x69a4e03635024081
R12=0x000000001d43e560, R13=0x000000001d43d038, R14=0x0000000000000000, R15=0x000000001d43bd18
RIP=0x00007ffe0b3aab89, EFLAGS=0x0000000000000206

Top of Stack: (sp=0x000000001d43bbc0)
0x000000001d43bbc0:   000000001d1be680 000000001d43d970
0x000000001d43bbd0:   000000001d43e1c0 00007ffe0b3daa5b
0x000000001d43bbe0:   00000001e06d7363 0000000000000000
0x000000001d43bbf0:   00007ffe0b3aab89 0000000000000004
0x000000001d43bc00:   0000000019930520 000000001d43e348
0x000000001d43bc10:   0000000000a31910 0000000000990000
0x000000001d43bc20:   00005da844dd53df 0000000000a08110
0x000000001d43bc30:   000000001d43d970 000000005902334a
0x000000001d43bc40:   0000000000000000 000000001c06fd20
0x000000001d43bc50:   0000000000000000 000000001d43ca30
0x000000001d43bc60:   000000001d43ca30 000000005902336b
0x000000001d43bc70:   000000001d43d970 000000001d43e560
0x000000001d43bc80:   00007ba86177703e 000000001d180230
0x000000001d43bc90:   000000001d43d970 0000000059063bb8
0x000000001d43bca0:   0000000000a080e0 000000001d43d038
0x000000001d43bcb0:   0000000000000100 0000000000000000 

Instructions: (pc=0x00007ffe0b3aab89)
0x00007ffe0b3aab69:   8b d1 44 0f 47 c0 44 89 44 24 38 49 c1 e0 03 e8
0x00007ffe0b3aab79:   ba bf 08 00 48 8d 4c 24 20 48 ff 15 bf a5 1b 00
0x00007ffe0b3aab89:   0f 1f 44 00 00 48 8b 8c 24 c0 00 00 00 48 33 cc
0x00007ffe0b3aab99:   e8 32 aa 06 00 48 81 c4 d8 00 00 00 c3 cc 83 64 


Register to memory mapping:

RAX=0x00000000588922ae is an unknown value
RBX=0x000000001d43d970 is pointing into the stack for thread: 0x000000001c06b000
RCX=0x0000000000000000 is an unknown value
RDX=0x000000001d180230 is an unknown value
RSP=0x000000001d43bbc0 is pointing into the stack for thread: 0x000000001c06b000
RBP=0x000000001d43c290 is pointing into the stack for thread: 0x000000001c06b000
RSI=0x000000001d43e1c0 is pointing into the stack for thread: 0x000000001c06b000
RDI=0x000000001d43ca30 is pointing into the stack for thread: 0x000000001c06b000
R8 =0x0000000000000000 is an unknown value
R9 =0xfe1456db00000000 is an unknown value
R10=0x24ecc179081611ae is an unknown value
R11=0x69a4e03635024081 is an unknown value
R12=0x000000001d43e560 is pointing into the stack for thread: 0x000000001c06b000
R13=0x000000001d43d038 is pointing into the stack for thread: 0x000000001c06b000
R14=0x0000000000000000 is an unknown value
R15=0x000000001d43bd18 is pointing into the stack for thread: 0x000000001c06b000


Stack: [0x000000001d340000,0x000000001d440000],  sp=0x000000001d43bbc0,  free space=1006k
Native frames: (J=compiled Java code, j=interpreted, Vv=VM code, C=native code)
C  [KERNELBASE.dll+0x2ab89]  RaiseException+0x69
C  0x000000001d43c8f0

Java frames: (J=compiled Java code, j=interpreted, Vv=VM code)
j  ui.data.common.parami.ParamMgr_getValueAsBool(JLjava/lang/String;)Z+0
j  ui.data.common.F.jw(Ljava/lang/String;)Z+5
j  ui.data.common.F.aWC()Z+5
j  ui.h.I.aWC()Z+6
j  ui.aL.aGY()Ljava/lang/String;+0
j  ui.PlanAhead.<clinit>()V+316
v  ~StubRoutines::call_stub

---------------  P R O C E S S  ---------------

Java Threads: ( => current thread )
  0x0000000024360800 JavaThread "Service Thread" daemon [_thread_blocked, id=3204, stack(0x000000002a320000,0x000000002a620000)]
  0x0000000024351000 JavaThread "C1 CompilerThread2" daemon [_thread_blocked, id=10052, stack(0x000000002a220000,0x000000002a320000)]
  0x0000000024340800 JavaThread "C2 CompilerThread1" daemon [_thread_blocked, id=2040, stack(0x000000002a120000,0x000000002a220000)]
  0x00000000242d1000 JavaThread "C2 CompilerThread0" daemon [_thread_blocked, id=10000, stack(0x000000002a020000,0x000000002a120000)]
  0x0000000024331800 JavaThread "Attach Listener" daemon [_thread_blocked, id=16196, stack(0x0000000029d20000,0x000000002a020000)]
  0x0000000029622000 JavaThread "Signal Dispatcher" daemon [_thread_blocked, id=14960, stack(0x0000000029a20000,0x0000000029d20000)]
  0x0000000029624000 JavaThread "Surrogate Locker Thread (Concurrent GC)" daemon [_thread_blocked, id=14816, stack(0x0000000029720000,0x0000000029a20000)]
  0x00000000242f5800 JavaThread "Finalizer" daemon [_thread_blocked, id=784, stack(0x0000000029320000,0x0000000029620000)]
  0x00000000242f7000 JavaThread "Reference Handler" daemon [_thread_blocked, id=5456, stack(0x0000000029020000,0x0000000029320000)]
=>0x000000001c06b000 JavaThread "main" [_thread_in_native, id=14708, stack(0x000000001d340000,0x000000001d440000)]

Other Threads:
  0x0000000024282000 VMThread [stack: 0x0000000028f20000,0x0000000029020000] [id=7656]
  0x000000001d2c0800 WatcherThread [stack: 0x000000002a620000,0x000000002a720000] [id=2140]

VM state:not at safepoint (normal execution)

VM Mutex/Monitor currently owned by a thread: None

Heap
 par new generation   total 55296K, used 4042K [0x0000000778000000, 0x000000077bc00000, 0x000000077bc00000)
  eden space 49152K,   8% used [0x0000000778000000, 0x00000007783f28c8, 0x000000077b000000)
  from space 6144K,   0% used [0x000000077b000000, 0x000000077b000000, 0x000000077b600000)
  to   space 6144K,   0% used [0x000000077b600000, 0x000000077b600000, 0x000000077bc00000)
 concurrent mark-sweep generation total 69632K, used 0K [0x000000077bc00000, 0x0000000780000000, 0x00000007f8000000)
 concurrent-mark-sweep perm gen total 131072K, used 5139K [0x00000007f8000000, 0x0000000800000000, 0x0000000800000000)

Card table byte_map: [0x00000000239e0000,0x0000000023e30000] byte_map_base: 0x000000001fe20000

Polling page: 0x000000001d440000

Code Cache  [0x000000001d460000, 0x000000001d6d0000, 0x0000000023460000)
 total_blobs=394 nmethods=109 adapters=203 free_code_cache=97031Kb largest_free_block=99359040

Compilation events (10 events):
Event: 1.265 Thread 0x0000000024351000  105       3       java.lang.String::lastIndexOf (13 bytes)
Event: 1.266 Thread 0x0000000024351000 nmethod 105 0x000000001d59b610 code [0x000000001d59b780, 0x000000001d59b9c8]
Event: 1.268 Thread 0x0000000024351000  106       3       java.util.HashMap$FrontCache::get (32 bytes)
Event: 1.269 Thread 0x0000000024351000 nmethod 106 0x000000001d59c510 code [0x000000001d59c6a0, 0x000000001d59cc10]
Event: 1.278 Thread 0x0000000024351000  107       3       java.io.BufferedInputStream::getBufIfOpen (21 bytes)
Event: 1.278 Thread 0x0000000024351000 nmethod 107 0x000000001d59cd90 code [0x000000001d59cf00, 0x000000001d59d168]
Event: 1.278 Thread 0x0000000024351000  108  s    3       java.io.BufferedInputStream::read (49 bytes)
Event: 1.279 Thread 0x0000000024351000 nmethod 108 0x000000001d59d210 code [0x000000001d59d3a0, 0x000000001d59d918]
Event: 1.279 Thread 0x0000000024351000  109       3       java.io.DataInputStream::readInt (72 bytes)
Event: 1.279 Thread 0x0000000024351000 nmethod 109 0x000000001d59dad0 code [0x000000001d59dca0, 0x000000001d59e288]

GC Heap History (0 events):
No events

Deoptimization events (0 events):
No events

Internal exceptions (10 events):
Event: 1.177 Thread 0x000000001c06b000 Threw 0x00000007782cd100 at C:\jdk7u2_64p\jdk7u17\hotspot\src\share\vm\prims\jvm.cpp:1166
Event: 1.177 Thread 0x000000001c06b000 Threw 0x00000007782ceea8 at C:\jdk7u2_64p\jdk7u17\hotspot\src\share\vm\prims\jvm.cpp:1166
Event: 1.233 Thread 0x000000001c06b000 Threw 0x00000007782d9000 at C:\jdk7u2_64p\jdk7u17\hotspot\src\share\vm\prims\jni.cpp:716
Event: 1.260 Thread 0x000000001c06b000 Threw 0x00000007782f21a0 at C:\jdk7u2_64p\jdk7u17\hotspot\src\share\vm\prims\jvm.cpp:1166
Event: 1.261 Thread 0x000000001c06b000 Threw 0x00000007782fb970 at C:\jdk7u2_64p\jdk7u17\hotspot\src\share\vm\prims\jvm.cpp:1166
Event: 1.262 Thread 0x000000001c06b000 Threw 0x00000007782ff770 at C:\jdk7u2_64p\jdk7u17\hotspot\src\share\vm\prims\jvm.cpp:1166
Event: 1.262 Thread 0x000000001c06b000 Threw 0x0000000778302da8 at C:\jdk7u2_64p\jdk7u17\hotspot\src\share\vm\prims\jvm.cpp:1166
Event: 1.263 Thread 0x000000001c06b000 Threw 0x0000000778308b58 at C:\jdk7u2_64p\jdk7u17\hotspot\src\share\vm\prims\jvm.cpp:1166
Event: 1.265 Thread 0x000000001c06b000 Threw 0x000000077831a680 at C:\jdk7u2_64p\jdk7u17\hotspot\src\share\vm\prims\jvm.cpp:1166
Event: 1.286 Thread 0x000000001c06b000 Threw 0x000000077833a3d8 at C:\jdk7u2_64p\jdk7u17\hotspot\src\share\vm\prims\jvm.cpp:1166

Events (10 events):
Event: 1.284 loading class 0x0000000028f13320
Event: 1.284 loading class 0x0000000028f13320 done
Event: 1.284 loading class 0x000000001d184ee0
Event: 1.284 loading class 0x000000001d184ee0 done
Event: 1.284 loading class 0x000000002b882ab0
Event: 1.284 loading class 0x000000002b882ab0 done
Event: 1.285 loading class 0x000000002b882ba0
Event: 1.285 loading class 0x000000002b882ba0 done
Event: 1.286 loading class 0x0000000029637ce0
Event: 1.286 loading class 0x0000000029637ce0 done


Dynamic libraries:
0x0000000140000000 - 0x000000014000e000 	D:\Xilinx\14.7\ISE_DS\PlanAhead\bin\unwrapped\win64.o\planAhead.exe
0x00007ffe0db70000 - 0x00007ffe0dd68000 	C:\WINDOWS\SYSTEM32\ntdll.dll
0x00007ffe0bda0000 - 0x00007ffe0be5d000 	C:\WINDOWS\System32\KERNEL32.DLL
0x00007ffe0b380000 - 0x00007ffe0b676000 	C:\WINDOWS\System32\KERNELBASE.dll
0x0000000180000000 - 0x0000000180013000 	D:\Xilinx\14.7\ISE_DS\PlanAhead\lib\win64.o\libboost_signals.dll
0x0000000059020000 - 0x00000000590c3000 	C:\WINDOWS\WinSxS\amd64_microsoft.vc90.crt_1fc8b3b9a1e18e3b_9.0.30729.9625_none_08e1c10da83fbc83\MSVCR90.dll
0x000000000a900000 - 0x000000000a945000 	D:\Xilinx\14.7\ISE_DS\PlanAhead\lib\win64.o\SHSMP64.dll
0x00007ffe0d870000 - 0x00007ffe0da0f000 	C:\WINDOWS\System32\USER32.dll
0x00007ffe0b970000 - 0x00007ffe0b992000 	C:\WINDOWS\System32\win32u.dll
0x00007ffe0bc80000 - 0x00007ffe0bcab000 	C:\WINDOWS\System32\GDI32.dll
0x00007ffe0ba50000 - 0x00007ffe0bb67000 	C:\WINDOWS\System32\gdi32full.dll
0x00007ffe0b220000 - 0x00007ffe0b2bd000 	C:\WINDOWS\System32\msvcp_win.dll
0x00007ffe0b870000 - 0x00007ffe0b970000 	C:\WINDOWS\System32\ucrtbase.dll
0x00007ffe0bcf0000 - 0x00007ffe0bda0000 	C:\WINDOWS\System32\ADVAPI32.dll
0x00007ffe0c840000 - 0x00007ffe0c8de000 	C:\WINDOWS\System32\msvcrt.dll
0x00007ffe0cca0000 - 0x00007ffe0cd40000 	C:\WINDOWS\System32\sechost.dll
0x00007ffe0cf40000 - 0x00007ffe0d063000 	C:\WINDOWS\System32\RPCRT4.dll
0x00007ffe0bb70000 - 0x00007ffe0bb97000 	C:\WINDOWS\System32\bcrypt.dll
0x00007ffe04000000 - 0x00007ffe0400a000 	C:\WINDOWS\SYSTEM32\VERSION.dll
0x00000000001d0000 - 0x00000000001e6000 	D:\Xilinx\14.7\ISE_DS\PlanAhead\lib\win64.o\librdi_commonmain.dll
0x0000000000990000 - 0x0000000000a7e000 	D:\Xilinx\14.7\ISE_DS\PlanAhead\lib\win64.o\stlport.5.2.dll
0x0000000000a80000 - 0x0000000001301000 	D:\Xilinx\14.7\ISE_DS\PlanAhead\lib\win64.o\librdi_common.dll
0x00007ffe0cf30000 - 0x00007ffe0cf38000 	C:\WINDOWS\System32\PSAPI.DLL
0x0000000058f40000 - 0x0000000059013000 	C:\WINDOWS\WinSxS\amd64_microsoft.vc90.crt_1fc8b3b9a1e18e3b_9.0.30729.9625_none_08e1c10da83fbc83\MSVCP90.dll
0x00007ffe0d100000 - 0x00007ffe0d86b000 	C:\WINDOWS\System32\SHELL32.dll
0x0000000010000000 - 0x000000001012a000 	D:\Xilinx\14.7\ISE_DS\PlanAhead\lib\win64.o\tcl85t.dll
0x00007ffe0cd40000 - 0x00007ffe0cdab000 	C:\WINDOWS\System32\WS2_32.dll
0x00007ffdec770000 - 0x00007ffdecc46000 	C:\WINDOWS\SYSTEM32\WININET.dll
0x00007ffdfc400000 - 0x00007ffdfc50a000 	C:\WINDOWS\SYSTEM32\WINHTTP.dll
0x0000000058820000 - 0x0000000058f3f000 	D:\Xilinx\14.7\ISE_DS\PlanAhead\tps\win64\jre\bin\server\jvm.dll
0x00007ffdfaad0000 - 0x00007ffdfacbc000 	C:\WINDOWS\SYSTEM32\urlmon.dll
0x00007ffdf5ec0000 - 0x00007ffdf5ec9000 	C:\WINDOWS\SYSTEM32\WSOCK32.dll
0x00007ffdfb080000 - 0x00007ffdfb33c000 	C:\WINDOWS\SYSTEM32\iertutil.dll
0x00007ffe0c940000 - 0x00007ffe0cc93000 	C:\WINDOWS\System32\combase.dll
0x00007ffe0c640000 - 0x00007ffe0c6ed000 	C:\WINDOWS\System32\shcore.dll
0x00007ffdfaaa0000 - 0x00007ffdfaac8000 	C:\WINDOWS\SYSTEM32\srvcli.dll
0x00007ffe0a6d0000 - 0x00007ffe0a6dc000 	C:\WINDOWS\SYSTEM32\netutils.dll
0x00007ffdf7860000 - 0x00007ffdf7887000 	C:\WINDOWS\SYSTEM32\WINMM.dll
0x0000000058740000 - 0x0000000058812000 	C:\WINDOWS\SYSTEM32\MSVCR100.dll
0x0000000012000000 - 0x0000000012282000 	D:\Xilinx\14.7\ISE_DS\PlanAhead\lib\win64.o\xerces-c_3_1.dll
0x0000000000520000 - 0x0000000000547000 	D:\Xilinx\14.7\ISE_DS\PlanAhead\lib\win64.o\libboost_filesystem.dll
0x0000000001310000 - 0x00000000015f9000 	D:\Xilinx\14.7\ISE_DS\PlanAhead\lib\win64.o\libCOIN-all.dll
0x0000000000560000 - 0x000000000056f000 	D:\Xilinx\14.7\ISE_DS\PlanAhead\lib\win64.o\libboost_date_time.dll
0x0000000001600000 - 0x000000000183a000 	D:\Xilinx\14.7\ISE_DS\PlanAhead\lib\win64.o\libSecurity.dll
0x0000000001840000 - 0x00000000018b1000 	D:\Xilinx\14.7\ISE_DS\PlanAhead\lib\win64.o\libboost_program_options.dll
0x00000000018c0000 - 0x000000000196f000 	D:\Xilinx\14.7\ISE_DS\PlanAhead\lib\win64.o\libboost_regex.dll
0x0000000001980000 - 0x0000000001996000 	D:\Xilinx\14.7\ISE_DS\PlanAhead\lib\win64.o\libboost_thread.dll
0x00000000019b0000 - 0x00000000019b9000 	D:\Xilinx\14.7\ISE_DS\PlanAhead\lib\win64.o\libboost_system.dll
0x00007ffe0bba0000 - 0x00007ffe0bc7a000 	C:\WINDOWS\System32\COMDLG32.dll
0x00007ffe0c8e0000 - 0x00007ffe0c935000 	C:\WINDOWS\System32\SHLWAPI.dll
0x00007ffe0c010000 - 0x00007ffe0c0dd000 	C:\WINDOWS\System32\OLEAUT32.dll
0x00007ffe0c6f0000 - 0x00007ffe0c81b000 	C:\WINDOWS\System32\ole32.dll
0x00007ffe0b310000 - 0x00007ffe0b377000 	C:\WINDOWS\System32\WINTRUST.dll
0x00007ffe0b710000 - 0x00007ffe0b86e000 	C:\WINDOWS\System32\CRYPT32.dll
0x00000000019d0000 - 0x0000000001a53000 	D:\Xilinx\14.7\ISE_DS\PlanAhead\lib\win64.o\libhdlpsolve.dll
0x0000000001a80000 - 0x0000000001ac3000 	D:\Xilinx\14.7\ISE_DS\PlanAhead\lib\win64.o\libcurl.dll
0x00007ffe0c5e0000 - 0x00007ffe0c63e000 	C:\WINDOWS\System32\WLDAP32.dll
0x0000000001ad0000 - 0x0000000001b87000 	D:\Xilinx\14.7\ISE_DS\PlanAhead\lib\win64.o\libhdxml.dll
0x0000000001b90000 - 0x0000000001bb9000 	D:\Xilinx\14.7\ISE_DS\PlanAhead\lib\win64.o\libisl_sysinfo.dll
0x0000000001bc0000 - 0x0000000001bd2000 	D:\Xilinx\14.7\ISE_DS\PlanAhead\lib\win64.o\pthreadVC.dll
0x0000000001be0000 - 0x0000000001bf6000 	D:\Xilinx\14.7\ISE_DS\PlanAhead\lib\win64.o\librdiconfig.dll
0x0000000001c50000 - 0x00000000021930d3 	D:\Xilinx\14.7\ISE_DS\PlanAhead\lib\win64.o\libisl_iostreams.dll
0x0000000001c10000 - 0x0000000001c2e000 	D:\Xilinx\14.7\ISE_DS\PlanAhead\lib\win64.o\librdizlib.dll
0x00007ffdf5cd0000 - 0x00007ffdf5ce9000 	C:\WINDOWS\SYSTEM32\NETAPI32.dll
0x00007ffde7630000 - 0x00007ffde76e0000 	C:\WINDOWS\WinSxS\amd64_microsoft.windows.common-controls_6595b64144ccf1df_5.82.19041.3636_none_7931fb75243f97c8\COMCTL32.dll
0x00000000021d0000 - 0x00000000021dc000 	D:\Xilinx\14.7\ISE_DS\PlanAhead\lib\win64.o\libboost_chrono.dll
0x00000000021e0000 - 0x00000000021f9000 	D:\Xilinx\14.7\ISE_DS\PlanAhead\lib\win64.o\libboost_iostreams.dll
0x00007ffe0bcb0000 - 0x00007ffe0bce2000 	C:\WINDOWS\System32\IMM32.DLL
0x00007ffe0ad70000 - 0x00007ffe0ad82000 	C:\WINDOWS\SYSTEM32\MSASN1.dll
0x0000000005580000 - 0x0000000005873000 	D:\Xilinx\14.7\ISE_DS\PlanAhead\lib\win64.o\librdi_commontasks.dll
0x00007ffe08ee0000 - 0x00007ffe0967e000 	C:\WINDOWS\SYSTEM32\windows.storage.dll
0x00007ffe0abe0000 - 0x00007ffe0ac0e000 	C:\WINDOWS\SYSTEM32\Wldp.dll
0x0000000008d80000 - 0x00000000093c0000 	D:\Xilinx\14.7\ISE_DS\PlanAhead\lib\win64.o\librdi_coretasks.dll
0x00000000093c0000 - 0x0000000009587000 	D:\Xilinx\14.7\ISE_DS\PlanAhead\lib\win64.o\librdi_chipscope.dll
0x0000000009590000 - 0x000000000a5b0000 	D:\Xilinx\14.7\ISE_DS\PlanAhead\lib\win64.o\librdi_constraints.dll
0x000000000a950000 - 0x000000000dfa1000 	D:\Xilinx\14.7\ISE_DS\PlanAhead\lib\win64.o\librdi_designutils.dll
0x000000000a5b0000 - 0x000000000a8c4000 	D:\Xilinx\14.7\ISE_DS\PlanAhead\lib\win64.o\librdi_drc.dll
0x000000000dfb0000 - 0x000000000f27c000 	D:\Xilinx\14.7\ISE_DS\PlanAhead\lib\win64.o\librdi_coregen.dll
0x000000000f280000 - 0x000000000f50e000 	D:\Xilinx\14.7\ISE_DS\PlanAhead\lib\win64.o\librdi_filemgmt.dll
0x0000000010130000 - 0x0000000010d0a000 	D:\Xilinx\14.7\ISE_DS\PlanAhead\lib\win64.o\librdi_device.dll
0x000000000f510000 - 0x000000000f8e6000 	D:\Xilinx\14.7\ISE_DS\PlanAhead\lib\win64.o\librdi_netlist.dll
0x000000000f8f0000 - 0x000000000fe12000 	D:\Xilinx\14.7\ISE_DS\PlanAhead\lib\win64.o\librdi_power.dll
0x0000000010d10000 - 0x0000000011e33000 	D:\Xilinx\14.7\ISE_DS\PlanAhead\lib\win64.o\librdi_place.dll
0x0000000012290000 - 0x0000000012643000 	D:\Xilinx\14.7\ISE_DS\PlanAhead\lib\win64.o\librdi_project.dll
0x0000000012650000 - 0x0000000012a48000 	D:\Xilinx\14.7\ISE_DS\PlanAhead\lib\win64.o\librdi_runs.dll
0x0000000012a50000 - 0x0000000012fed000 	D:\Xilinx\14.7\ISE_DS\PlanAhead\lib\win64.o\librdi_rsb.dll
0x0000000012ff0000 - 0x0000000013ac8000 	D:\Xilinx\14.7\ISE_DS\PlanAhead\lib\win64.o\librdi_timing.dll
0x0000000058720000 - 0x0000000058731000 	C:\WINDOWS\WinSxS\amd64_microsoft.vc90.openmp_1fc8b3b9a1e18e3b_9.0.30729.7523_none_390908480a22ee4a\VCOMP90.DLL
0x000000000fe70000 - 0x000000000fede000 	D:\Xilinx\14.7\ISE_DS\PlanAhead\lib\win64.o\liblmx6.0.dll
0x000000000fef0000 - 0x000000000ff6d000 	D:\Xilinx\14.7\ISE_DS\PlanAhead\lib\win64.o\libboost_serialization.dll
0x0000000013ad0000 - 0x0000000014014000 	D:\Xilinx\14.7\ISE_DS\PlanAhead\lib\win64.o\librdi_xdm.dll
0x0000000014020000 - 0x00000000147c0000 	D:\Xilinx\14.7\ISE_DS\PlanAhead\lib\win64.o\libverific.dll
0x000000000ffa0000 - 0x000000000ffa8000 	D:\Xilinx\14.7\ISE_DS\PlanAhead\lib\win64.o\libpsta_dllwrapper.dll
0x0000000014f60000 - 0x000000001572f000 	D:\Xilinx\14.7\ISE_DS\PlanAhead\lib\win64.o\librdi_coregenipxact.dll
0x0000000015730000 - 0x0000000015d1e000 	D:\Xilinx\14.7\ISE_DS\PlanAhead\lib\win64.o\librdi_route.dll
0x0000000015d20000 - 0x0000000015f4a000 	D:\Xilinx\14.7\ISE_DS\PlanAhead\lib\win64.o\librdi_labtools.dll
0x0000000015f50000 - 0x000000001648b000 	D:\Xilinx\14.7\ISE_DS\PlanAhead\lib\win64.o\librdi_memdata.dll
0x00000000169d0000 - 0x00000000180ff000 	D:\Xilinx\14.7\ISE_DS\PlanAhead\lib\win64.o\librdi_synth.dll
0x0000000011e40000 - 0x0000000011f68000 	D:\Xilinx\14.7\ISE_DS\PlanAhead\lib\win64.o\librdi_dlyest.dll
0x0000000011f70000 - 0x0000000012000000 	D:\Xilinx\14.7\ISE_DS\PlanAhead\lib\win64.o\libise.dll
0x0000000018110000 - 0x000000001854e000 	D:\Xilinx\14.7\ISE_DS\PlanAhead\lib\win64.o\librdi_ip.dll
0x0000000018550000 - 0x0000000018b2c000 	D:\Xilinx\14.7\ISE_DS\PlanAhead\lib\win64.o\librdi_abc_nomp.dll
0x0000000018b40000 - 0x0000000018b5a000 	D:\Xilinx\14.7\ISE_DS\PlanAhead\lib\win64.o\librdi_hmetis.dll
0x00000000147e0000 - 0x000000001481d000 	D:\Xilinx\14.7\ISE_DS\PlanAhead\lib\win64.o\librdi_simbridge_kernel.dll
0x0000000014830000 - 0x0000000014ca6000 	D:\Xilinx\14.7\ISE_DS\PlanAhead\lib\win64.o\librdi_wavedata.dll
0x0000000019780000 - 0x000000001b838000 	D:\Xilinx\14.7\ISE_DS\PlanAhead\lib\win64.o\librdi_tcltasks.dll
0x000000001b850000 - 0x000000001b8be000 	D:\Xilinx\14.7\ISE_DS\PlanAhead\lib\win64.o\librdi_edk.dll
0x000000001b8d0000 - 0x000000001bade000 	D:\Xilinx\14.7\ISE_DS\PlanAhead\lib\win64.o\librdi_simdata.dll
0x000000001bae0000 - 0x000000001bd54000 	D:\Xilinx\14.7\ISE_DS\PlanAhead\lib\win64.o\librdi_bitstream.dll
0x000000001bd70000 - 0x000000001be44000 	D:\Xilinx\14.7\ISE_DS\PlanAhead\lib\win64.o\librdi_dsp.dll
0x000000001c170000 - 0x000000001c2c6000 	D:\Xilinx\14.7\ISE_DS\PlanAhead\lib\win64.o\librdi_planaheadtasks.dll
0x000000001c2e0000 - 0x000000001d128000 	D:\Xilinx\14.7\ISE_DS\PlanAhead\lib\win64.o\librdi_ipservicestasks.dll
0x0000000058710000 - 0x000000005871f000 	D:\Xilinx\14.7\ISE_DS\PlanAhead\tps\win64\jre\bin\verify.dll
0x00000000586e0000 - 0x0000000058708000 	D:\Xilinx\14.7\ISE_DS\PlanAhead\tps\win64\jre\bin\java.dll
0x00000000586c0000 - 0x00000000586d5000 	D:\Xilinx\14.7\ISE_DS\PlanAhead\tps\win64\jre\bin\zip.dll
0x00000000586a0000 - 0x00000000586b9000 	D:\Xilinx\14.7\ISE_DS\PlanAhead\tps\win64\jre\bin\net.dll
0x00007ffe0a8e0000 - 0x00007ffe0a94a000 	C:\WINDOWS\system32\mswsock.dll
0x0000000058680000 - 0x0000000058691000 	D:\Xilinx\14.7\ISE_DS\PlanAhead\tps\win64\jre\bin\nio.dll
0x000000002a920000 - 0x000000002ac06000 	D:\Xilinx\14.7\ISE_DS\PlanAhead\lib\win64.o\librdi_fed.dll
0x000000002ac20000 - 0x000000002ae81000 	D:\Xilinx\14.7\ISE_DS\PlanAhead\lib\win64.o\librdi_guitools.dll
0x000000002aea0000 - 0x000000002aea7000 	D:\Xilinx\14.7\ISE_DS\PlanAhead\lib\win64.o\librdi_commonx11.dll
0x000000002afc0000 - 0x000000002b3ae000 	D:\Xilinx\14.7\ISE_DS\PlanAhead\lib\win64.o\librdi_rsbtasks.dll
0x000000002b3c0000 - 0x000000002b609000 	D:\Xilinx\14.7\ISE_DS\PlanAhead\lib\win64.o\librdi_labtoolstasks.dll
0x000000002b620000 - 0x000000002b7d8000 	D:\Xilinx\14.7\ISE_DS\PlanAhead\lib\win64.o\librdi_simtcltasks.dll
0x00000000584e0000 - 0x0000000058673000 	D:\Xilinx\14.7\ISE_DS\PlanAhead\tps\win64\jre\bin\awt.dll
0x00007ffe08570000 - 0x00007ffe08600000 	C:\WINDOWS\SYSTEM32\apphelp.dll
0x00007ffe09750000 - 0x00007ffe09934000 	C:\WINDOWS\SYSTEM32\dbghelp.dll
0x00007ffe0b680000 - 0x00007ffe0b702000 	C:\WINDOWS\System32\bcryptPrimitives.dll

VM Arguments:
jvm_args: -Dsun.java2d.pmoffscreen=false -Xverify:none -Dswing.aatext=true -XX:-UsePerfData -Djdk.map.althashing.threshold=512 -XX:PermSize=128m -XX:MaxPermSize=128m -XX:NewSize=60m -XX:MaxNewSize=60m -XX:+UseConcMarkSweepGC -XX:+UseParNewGC -XX:+CMSParallelRemarkEnabled -XX:+CMSScavengeBeforeRemark -XX:+UseNUMA -XX:+AggressiveOpts -XX:+UseFastAccessorMethods -XX:+UseFastEmptyMethods -XX:+UseBiasedLocking -XX:+TieredCompilation -Xms128m -Xmx2048m -Xss3m 
java_command: <unknown>
Launcher Type: generic

Environment Variables:
PATH=D:/Xilinx/14.7/ISE_DS/PlanAhead/bin;D:/Xilinx/14.7/ISE_DS/PlanAhead/lib/win64.o;D:/Xilinx/14.7/ISE_DS/PlanAhead/tps/win64/jre/bin/server;D:/Xilinx/14.7/ISE_DS/PlanAhead/tps/win64/jre/bin;D:/Xilinx/14.7/ISE_DS/EDK/bin/nt64;D:/Xilinx/14.7/ISE_DS/EDK/lib/nt64;D:/Xilinx/14.7/ISE_DS/ISE/bin/nt64;D:/Xilinx/14.7/ISE_DS/ISE/lib/nt64;D:/Xilinx/14.7/ISE_DS/common/bin/nt64;D:/Xilinx/14.7/ISE_DS/common/lib/nt64;D:\Xilinx\14.7\ISE_DS\ISE\\lib\nt64;D:\Xilinx\14.7\ISE_DS\ISE\\bin\nt64;D:\Xilinx\14.7\ISE_DS\ISE\bin\nt64;D:\Xilinx\14.7\ISE_DS\ISE\lib\nt64;D:\Xilinx\14.7\ISE_DS\ISE\..\..\..\DocNav;D:\Xilinx\14.7\ISE_DS\PlanAhead\bin;D:\Xilinx\14.7\ISE_DS\EDK\bin\nt64;D:\Xilinx\14.7\ISE_DS\EDK\lib\nt64;D:\Xilinx\14.7\ISE_DS\EDK\gnu\microblaze\nt\bin;D:\Xilinx\14.7\ISE_DS\EDK\gnu\powerpc-eabi\nt\bin;D:\Xilinx\14.7\ISE_DS\EDK\gnuwin\bin;D:\Xilinx\14.7\ISE_DS\EDK\gnu\arm\nt\bin;D:\Xilinx\14.7\ISE_DS\EDK\gnu\microblaze\linux_toolchain\nt64_be\bin;D:\Xilinx\14.7\ISE_DS\EDK\gnu\microblaze\linux_toolchain\nt64_le\bin;D:\Xilinx\14.7\ISE_DS\common\bin\nt64;D:\Xilinx\14.7\ISE_DS\common\lib\nt64;C:\WINDOWS\system32;C:\WINDOWS;C:\WINDOWS\System32\Wbem;C:\WINDOWS\System32\WindowsPowerShell\v1.0\;C:\WINDOWS\System32\OpenSSH\;C:\Program Files\Microsoft SQL Server\130\Tools\Binn\;C:\Program Files\Microsoft SQL Server\Client SDK\ODBC\170\Tools\Binn\;C:\Program Files\dotnet\;C:\Users\aalia\AppData\Local\Microsoft\WindowsApps;D:\intelFPGA\18.1\modelsim_ase\win32aloem;C:\Users\aalia\AppData\Local\Programs\Microsoft VS Code\bin;C:\Users\aalia\.dotnet\tools
USERNAME=aalia
OS=Windows_NT
PROCESSOR_IDENTIFIER=Intel64 Family 6 Model 78 Stepping 3, GenuineIntel



---------------  S Y S T E M  ---------------

OS: Windows 8 , 64 bit Build 9200 

CPU:total 4 (2 cores per cpu, 2 threads per core) family 6 model 78 stepping 3, cmov, cx8, fxsr, mmx, sse, sse2, sse3, ssse3, sse4.1, sse4.2, popcnt, avx, avx2, ht, tsc, tscinvbit

Memory: 4k page, physical 8256832k(4389588k free), swap 11926848k(5691828k free)

vm_info: Java HotSpot(TM) 64-Bit Server VM (23.7-b01) for windows-amd64 JRE (1.7.0_17-b02), built on Mar  1 2013 03:38:30 by "java_re" with unknown MS VC++:1600

time: Mon Apr 22 12:34:50 2024
elapsed time: 1 seconds

