--------------------------------------------------------------------------------
Release 14.7 Trace  (nt64)
Copyright (c) 1995-2013 Xilinx, Inc.  All rights reserved.

D:\Xilinx\14.7\ISE_DS\ISE\bin\nt64\unwrapped\trce.exe -intstyle ise -v 3 -s 2
-n 3 -fastpaths -xml top.twx top.ncd -o top.twr top.pcf -ucf Top.ucf

Design file:              top.ncd
Physical constraint file: top.pcf
Device,package,speed:     xc6slx9,csg324,C,-2 (PRODUCTION 1.23 2013-10-13)
Report level:             verbose report

Environment Variable      Effect 
--------------------      ------ 
NONE                      No environment variables were set
--------------------------------------------------------------------------------

INFO:Timing:3412 - To improve timing, see the Timing Closure User Guide (UG612).
INFO:Timing:2752 - To get complete path coverage, use the unconstrained paths 
   option. All paths that are not constrained will be reported in the 
   unconstrained paths section(s) of the report.
INFO:Timing:3339 - The clock-to-out numbers in this timing report are based on 
   a 50 Ohm transmission line loading model.  For the details of this model, 
   and for more information on accounting for different loading conditions, 
   please see the device datasheet.

================================================================================
Timing constraint: NET "CLK_IN_BUFGP/IBUFG" PERIOD = 10 ns HIGH 50%;
For more information, see Period Analysis in the Timing Closure User Guide (UG612).

 1588 paths analyzed, 57 endpoints analyzed, 0 failing endpoints
 0 timing errors detected. (0 setup errors, 0 hold errors, 0 component switching limit errors)
 Minimum period is   3.961ns.
--------------------------------------------------------------------------------

Paths for end point divider/counter_5 (SLICE_X15Y26.B1), 41 paths
--------------------------------------------------------------------------------
Slack (setup path):     6.039ns (requirement - (data path - clock path skew + uncertainty))
  Source:               divider/counter_27 (FF)
  Destination:          divider/counter_5 (FF)
  Requirement:          10.000ns
  Data Path Delay:      3.907ns (Levels of Logic = 2)
  Clock Path Skew:      -0.019ns (0.188 - 0.207)
  Source Clock:         CLK_IN_BUFGP rising at 0.000ns
  Destination Clock:    CLK_IN_BUFGP rising at 10.000ns
  Clock Uncertainty:    0.035ns

  Clock Uncertainty:          0.035ns  ((TSJ^2 + TIJ^2)^1/2 + DJ) / 2 + PE
    Total System Jitter (TSJ):  0.070ns
    Total Input Jitter (TIJ):   0.000ns
    Discrete Jitter (DJ):       0.000ns
    Phase Error (PE):           0.000ns

  Maximum Data Path at Slow Process Corner: divider/counter_27 to divider/counter_5
    Location             Delay type         Delay(ns)  Physical Resource
                                                       Logical Resource(s)
    -------------------------------------------------  -------------------
    SLICE_X15Y31.CQ      Tcko                  0.430   divider/counter<27>
                                                       divider/counter_27
    SLICE_X16Y27.B2      net (fanout=4)        1.370   divider/counter<27>
    SLICE_X16Y27.BMUX    Topbb                 0.561   divider/Mcompar_n0001_cy<5>
                                                       divider/Mcompar_n0001_lut<5>
                                                       divider/Mcompar_n0001_cy<5>
    SLICE_X15Y26.B1      net (fanout=28)       1.173   divider/Mcompar_n0001_cy<5>
    SLICE_X15Y26.CLK     Tas                   0.373   divider/counter<7>
                                                       divider/counter_5_rstpot
                                                       divider/counter_5
    -------------------------------------------------  ---------------------------
    Total                                      3.907ns (1.364ns logic, 2.543ns route)
                                                       (34.9% logic, 65.1% route)

--------------------------------------------------------------------------------
Slack (setup path):     6.062ns (requirement - (data path - clock path skew + uncertainty))
  Source:               divider/counter_27 (FF)
  Destination:          divider/counter_5 (FF)
  Requirement:          10.000ns
  Data Path Delay:      3.884ns (Levels of Logic = 2)
  Clock Path Skew:      -0.019ns (0.188 - 0.207)
  Source Clock:         CLK_IN_BUFGP rising at 0.000ns
  Destination Clock:    CLK_IN_BUFGP rising at 10.000ns
  Clock Uncertainty:    0.035ns

  Clock Uncertainty:          0.035ns  ((TSJ^2 + TIJ^2)^1/2 + DJ) / 2 + PE
    Total System Jitter (TSJ):  0.070ns
    Total Input Jitter (TIJ):   0.000ns
    Discrete Jitter (DJ):       0.000ns
    Phase Error (PE):           0.000ns

  Maximum Data Path at Slow Process Corner: divider/counter_27 to divider/counter_5
    Location             Delay type         Delay(ns)  Physical Resource
                                                       Logical Resource(s)
    -------------------------------------------------  -------------------
    SLICE_X15Y31.CQ      Tcko                  0.430   divider/counter<27>
                                                       divider/counter_27
    SLICE_X16Y27.B2      net (fanout=4)        1.370   divider/counter<27>
    SLICE_X16Y27.BMUX    Topbb                 0.538   divider/Mcompar_n0001_cy<5>
                                                       divider/Mcompar_n0001_lutdi3
                                                       divider/Mcompar_n0001_cy<5>
    SLICE_X15Y26.B1      net (fanout=28)       1.173   divider/Mcompar_n0001_cy<5>
    SLICE_X15Y26.CLK     Tas                   0.373   divider/counter<7>
                                                       divider/counter_5_rstpot
                                                       divider/counter_5
    -------------------------------------------------  ---------------------------
    Total                                      3.884ns (1.341ns logic, 2.543ns route)
                                                       (34.5% logic, 65.5% route)

--------------------------------------------------------------------------------
Slack (setup path):     6.162ns (requirement - (data path - clock path skew + uncertainty))
  Source:               divider/counter_21 (FF)
  Destination:          divider/counter_5 (FF)
  Requirement:          10.000ns
  Data Path Delay:      3.784ns (Levels of Logic = 2)
  Clock Path Skew:      -0.019ns (0.188 - 0.207)
  Source Clock:         CLK_IN_BUFGP rising at 0.000ns
  Destination Clock:    CLK_IN_BUFGP rising at 10.000ns
  Clock Uncertainty:    0.035ns

  Clock Uncertainty:          0.035ns  ((TSJ^2 + TIJ^2)^1/2 + DJ) / 2 + PE
    Total System Jitter (TSJ):  0.070ns
    Total Input Jitter (TIJ):   0.000ns
    Discrete Jitter (DJ):       0.000ns
    Phase Error (PE):           0.000ns

  Maximum Data Path at Slow Process Corner: divider/counter_21 to divider/counter_5
    Location             Delay type         Delay(ns)  Physical Resource
                                                       Logical Resource(s)
    -------------------------------------------------  -------------------
    SLICE_X15Y30.AQ      Tcko                  0.430   divider/counter<24>
                                                       divider/counter_21
    SLICE_X16Y27.A1      net (fanout=3)        1.218   divider/counter<21>
    SLICE_X16Y27.BMUX    Topab                 0.590   divider/Mcompar_n0001_cy<5>
                                                       divider/Mcompar_n0001_lut<4>
                                                       divider/Mcompar_n0001_cy<5>
    SLICE_X15Y26.B1      net (fanout=28)       1.173   divider/Mcompar_n0001_cy<5>
    SLICE_X15Y26.CLK     Tas                   0.373   divider/counter<7>
                                                       divider/counter_5_rstpot
                                                       divider/counter_5
    -------------------------------------------------  ---------------------------
    Total                                      3.784ns (1.393ns logic, 2.391ns route)
                                                       (36.8% logic, 63.2% route)

--------------------------------------------------------------------------------

Paths for end point divider/counter_25 (SLICE_X15Y31.A4), 41 paths
--------------------------------------------------------------------------------
Slack (setup path):     6.151ns (requirement - (data path - clock path skew + uncertainty))
  Source:               divider/counter_27 (FF)
  Destination:          divider/counter_25 (FF)
  Requirement:          10.000ns
  Data Path Delay:      3.814ns (Levels of Logic = 2)
  Clock Path Skew:      0.000ns
  Source Clock:         CLK_IN_BUFGP rising at 0.000ns
  Destination Clock:    CLK_IN_BUFGP rising at 10.000ns
  Clock Uncertainty:    0.035ns

  Clock Uncertainty:          0.035ns  ((TSJ^2 + TIJ^2)^1/2 + DJ) / 2 + PE
    Total System Jitter (TSJ):  0.070ns
    Total Input Jitter (TIJ):   0.000ns
    Discrete Jitter (DJ):       0.000ns
    Phase Error (PE):           0.000ns

  Maximum Data Path at Slow Process Corner: divider/counter_27 to divider/counter_25
    Location             Delay type         Delay(ns)  Physical Resource
                                                       Logical Resource(s)
    -------------------------------------------------  -------------------
    SLICE_X15Y31.CQ      Tcko                  0.430   divider/counter<27>
                                                       divider/counter_27
    SLICE_X16Y27.B2      net (fanout=4)        1.370   divider/counter<27>
    SLICE_X16Y27.BMUX    Topbb                 0.561   divider/Mcompar_n0001_cy<5>
                                                       divider/Mcompar_n0001_lut<5>
                                                       divider/Mcompar_n0001_cy<5>
    SLICE_X15Y31.A4      net (fanout=28)       1.080   divider/Mcompar_n0001_cy<5>
    SLICE_X15Y31.CLK     Tas                   0.373   divider/counter<27>
                                                       divider/counter_25_rstpot
                                                       divider/counter_25
    -------------------------------------------------  ---------------------------
    Total                                      3.814ns (1.364ns logic, 2.450ns route)
                                                       (35.8% logic, 64.2% route)

--------------------------------------------------------------------------------
Slack (setup path):     6.174ns (requirement - (data path - clock path skew + uncertainty))
  Source:               divider/counter_27 (FF)
  Destination:          divider/counter_25 (FF)
  Requirement:          10.000ns
  Data Path Delay:      3.791ns (Levels of Logic = 2)
  Clock Path Skew:      0.000ns
  Source Clock:         CLK_IN_BUFGP rising at 0.000ns
  Destination Clock:    CLK_IN_BUFGP rising at 10.000ns
  Clock Uncertainty:    0.035ns

  Clock Uncertainty:          0.035ns  ((TSJ^2 + TIJ^2)^1/2 + DJ) / 2 + PE
    Total System Jitter (TSJ):  0.070ns
    Total Input Jitter (TIJ):   0.000ns
    Discrete Jitter (DJ):       0.000ns
    Phase Error (PE):           0.000ns

  Maximum Data Path at Slow Process Corner: divider/counter_27 to divider/counter_25
    Location             Delay type         Delay(ns)  Physical Resource
                                                       Logical Resource(s)
    -------------------------------------------------  -------------------
    SLICE_X15Y31.CQ      Tcko                  0.430   divider/counter<27>
                                                       divider/counter_27
    SLICE_X16Y27.B2      net (fanout=4)        1.370   divider/counter<27>
    SLICE_X16Y27.BMUX    Topbb                 0.538   divider/Mcompar_n0001_cy<5>
                                                       divider/Mcompar_n0001_lutdi3
                                                       divider/Mcompar_n0001_cy<5>
    SLICE_X15Y31.A4      net (fanout=28)       1.080   divider/Mcompar_n0001_cy<5>
    SLICE_X15Y31.CLK     Tas                   0.373   divider/counter<27>
                                                       divider/counter_25_rstpot
                                                       divider/counter_25
    -------------------------------------------------  ---------------------------
    Total                                      3.791ns (1.341ns logic, 2.450ns route)
                                                       (35.4% logic, 64.6% route)

--------------------------------------------------------------------------------
Slack (setup path):     6.263ns (requirement - (data path - clock path skew + uncertainty))
  Source:               divider/counter_21 (FF)
  Destination:          divider/counter_25 (FF)
  Requirement:          10.000ns
  Data Path Delay:      3.691ns (Levels of Logic = 2)
  Clock Path Skew:      -0.011ns (0.196 - 0.207)
  Source Clock:         CLK_IN_BUFGP rising at 0.000ns
  Destination Clock:    CLK_IN_BUFGP rising at 10.000ns
  Clock Uncertainty:    0.035ns

  Clock Uncertainty:          0.035ns  ((TSJ^2 + TIJ^2)^1/2 + DJ) / 2 + PE
    Total System Jitter (TSJ):  0.070ns
    Total Input Jitter (TIJ):   0.000ns
    Discrete Jitter (DJ):       0.000ns
    Phase Error (PE):           0.000ns

  Maximum Data Path at Slow Process Corner: divider/counter_21 to divider/counter_25
    Location             Delay type         Delay(ns)  Physical Resource
                                                       Logical Resource(s)
    -------------------------------------------------  -------------------
    SLICE_X15Y30.AQ      Tcko                  0.430   divider/counter<24>
                                                       divider/counter_21
    SLICE_X16Y27.A1      net (fanout=3)        1.218   divider/counter<21>
    SLICE_X16Y27.BMUX    Topab                 0.590   divider/Mcompar_n0001_cy<5>
                                                       divider/Mcompar_n0001_lut<4>
                                                       divider/Mcompar_n0001_cy<5>
    SLICE_X15Y31.A4      net (fanout=28)       1.080   divider/Mcompar_n0001_cy<5>
    SLICE_X15Y31.CLK     Tas                   0.373   divider/counter<27>
                                                       divider/counter_25_rstpot
                                                       divider/counter_25
    -------------------------------------------------  ---------------------------
    Total                                      3.691ns (1.393ns logic, 2.298ns route)
                                                       (37.7% logic, 62.3% route)

--------------------------------------------------------------------------------

Paths for end point divider/counter_26 (SLICE_X15Y31.B5), 41 paths
--------------------------------------------------------------------------------
Slack (setup path):     6.214ns (requirement - (data path - clock path skew + uncertainty))
  Source:               divider/counter_27 (FF)
  Destination:          divider/counter_26 (FF)
  Requirement:          10.000ns
  Data Path Delay:      3.751ns (Levels of Logic = 2)
  Clock Path Skew:      0.000ns
  Source Clock:         CLK_IN_BUFGP rising at 0.000ns
  Destination Clock:    CLK_IN_BUFGP rising at 10.000ns
  Clock Uncertainty:    0.035ns

  Clock Uncertainty:          0.035ns  ((TSJ^2 + TIJ^2)^1/2 + DJ) / 2 + PE
    Total System Jitter (TSJ):  0.070ns
    Total Input Jitter (TIJ):   0.000ns
    Discrete Jitter (DJ):       0.000ns
    Phase Error (PE):           0.000ns

  Maximum Data Path at Slow Process Corner: divider/counter_27 to divider/counter_26
    Location             Delay type         Delay(ns)  Physical Resource
                                                       Logical Resource(s)
    -------------------------------------------------  -------------------
    SLICE_X15Y31.CQ      Tcko                  0.430   divider/counter<27>
                                                       divider/counter_27
    SLICE_X16Y27.B2      net (fanout=4)        1.370   divider/counter<27>
    SLICE_X16Y27.BMUX    Topbb                 0.561   divider/Mcompar_n0001_cy<5>
                                                       divider/Mcompar_n0001_lut<5>
                                                       divider/Mcompar_n0001_cy<5>
    SLICE_X15Y31.B5      net (fanout=28)       1.017   divider/Mcompar_n0001_cy<5>
    SLICE_X15Y31.CLK     Tas                   0.373   divider/counter<27>
                                                       divider/counter_26_rstpot
                                                       divider/counter_26
    -------------------------------------------------  ---------------------------
    Total                                      3.751ns (1.364ns logic, 2.387ns route)
                                                       (36.4% logic, 63.6% route)

--------------------------------------------------------------------------------
Slack (setup path):     6.237ns (requirement - (data path - clock path skew + uncertainty))
  Source:               divider/counter_27 (FF)
  Destination:          divider/counter_26 (FF)
  Requirement:          10.000ns
  Data Path Delay:      3.728ns (Levels of Logic = 2)
  Clock Path Skew:      0.000ns
  Source Clock:         CLK_IN_BUFGP rising at 0.000ns
  Destination Clock:    CLK_IN_BUFGP rising at 10.000ns
  Clock Uncertainty:    0.035ns

  Clock Uncertainty:          0.035ns  ((TSJ^2 + TIJ^2)^1/2 + DJ) / 2 + PE
    Total System Jitter (TSJ):  0.070ns
    Total Input Jitter (TIJ):   0.000ns
    Discrete Jitter (DJ):       0.000ns
    Phase Error (PE):           0.000ns

  Maximum Data Path at Slow Process Corner: divider/counter_27 to divider/counter_26
    Location             Delay type         Delay(ns)  Physical Resource
                                                       Logical Resource(s)
    -------------------------------------------------  -------------------
    SLICE_X15Y31.CQ      Tcko                  0.430   divider/counter<27>
                                                       divider/counter_27
    SLICE_X16Y27.B2      net (fanout=4)        1.370   divider/counter<27>
    SLICE_X16Y27.BMUX    Topbb                 0.538   divider/Mcompar_n0001_cy<5>
                                                       divider/Mcompar_n0001_lutdi3
                                                       divider/Mcompar_n0001_cy<5>
    SLICE_X15Y31.B5      net (fanout=28)       1.017   divider/Mcompar_n0001_cy<5>
    SLICE_X15Y31.CLK     Tas                   0.373   divider/counter<27>
                                                       divider/counter_26_rstpot
                                                       divider/counter_26
    -------------------------------------------------  ---------------------------
    Total                                      3.728ns (1.341ns logic, 2.387ns route)
                                                       (36.0% logic, 64.0% route)

--------------------------------------------------------------------------------
Slack (setup path):     6.326ns (requirement - (data path - clock path skew + uncertainty))
  Source:               divider/counter_21 (FF)
  Destination:          divider/counter_26 (FF)
  Requirement:          10.000ns
  Data Path Delay:      3.628ns (Levels of Logic = 2)
  Clock Path Skew:      -0.011ns (0.196 - 0.207)
  Source Clock:         CLK_IN_BUFGP rising at 0.000ns
  Destination Clock:    CLK_IN_BUFGP rising at 10.000ns
  Clock Uncertainty:    0.035ns

  Clock Uncertainty:          0.035ns  ((TSJ^2 + TIJ^2)^1/2 + DJ) / 2 + PE
    Total System Jitter (TSJ):  0.070ns
    Total Input Jitter (TIJ):   0.000ns
    Discrete Jitter (DJ):       0.000ns
    Phase Error (PE):           0.000ns

  Maximum Data Path at Slow Process Corner: divider/counter_21 to divider/counter_26
    Location             Delay type         Delay(ns)  Physical Resource
                                                       Logical Resource(s)
    -------------------------------------------------  -------------------
    SLICE_X15Y30.AQ      Tcko                  0.430   divider/counter<24>
                                                       divider/counter_21
    SLICE_X16Y27.A1      net (fanout=3)        1.218   divider/counter<21>
    SLICE_X16Y27.BMUX    Topab                 0.590   divider/Mcompar_n0001_cy<5>
                                                       divider/Mcompar_n0001_lut<4>
                                                       divider/Mcompar_n0001_cy<5>
    SLICE_X15Y31.B5      net (fanout=28)       1.017   divider/Mcompar_n0001_cy<5>
    SLICE_X15Y31.CLK     Tas                   0.373   divider/counter<27>
                                                       divider/counter_26_rstpot
                                                       divider/counter_26
    -------------------------------------------------  ---------------------------
    Total                                      3.628ns (1.393ns logic, 2.235ns route)
                                                       (38.4% logic, 61.6% route)

--------------------------------------------------------------------------------

Hold Paths: NET "CLK_IN_BUFGP/IBUFG" PERIOD = 10 ns HIGH 50%;
--------------------------------------------------------------------------------

Paths for end point divider/counter_24 (SLICE_X15Y30.D5), 25 paths
--------------------------------------------------------------------------------
Slack (hold path):      0.951ns (requirement - (clock path skew + uncertainty - data path))
  Source:               divider/counter_23 (FF)
  Destination:          divider/counter_24 (FF)
  Requirement:          0.000ns
  Data Path Delay:      0.951ns (Levels of Logic = 3)
  Clock Path Skew:      0.000ns
  Source Clock:         CLK_IN_BUFGP rising at 10.000ns
  Destination Clock:    CLK_IN_BUFGP rising at 10.000ns
  Clock Uncertainty:    0.000ns

  Minimum Data Path at Fast Process Corner: divider/counter_23 to divider/counter_24
    Location             Delay type         Delay(ns)  Physical Resource
                                                       Logical Resource(s)
    -------------------------------------------------  -------------------
    SLICE_X15Y30.CQ      Tcko                  0.198   divider/counter<24>
                                                       divider/counter_23
    SLICE_X14Y30.D5      net (fanout=3)        0.071   divider/counter<23>
    SLICE_X14Y30.COUT    Topcyd                0.181   divider/Mcount_counter_cy<23>
                                                       divider/counter<23>_rt
                                                       divider/Mcount_counter_cy<23>
    SLICE_X14Y31.CIN     net (fanout=1)        0.001   divider/Mcount_counter_cy<23>
    SLICE_X14Y31.AMUX    Tcina                 0.127   Result<27>
                                                       divider/Mcount_counter_xor<27>
    SLICE_X15Y30.D5      net (fanout=1)        0.158   Result<24>
    SLICE_X15Y30.CLK     Tah         (-Th)    -0.215   divider/counter<24>
                                                       divider/counter_24_rstpot
                                                       divider/counter_24
    -------------------------------------------------  ---------------------------
    Total                                      0.951ns (0.721ns logic, 0.230ns route)
                                                       (75.8% logic, 24.2% route)

--------------------------------------------------------------------------------
Slack (hold path):      1.015ns (requirement - (clock path skew + uncertainty - data path))
  Source:               divider/counter_22 (FF)
  Destination:          divider/counter_24 (FF)
  Requirement:          0.000ns
  Data Path Delay:      1.015ns (Levels of Logic = 3)
  Clock Path Skew:      0.000ns
  Source Clock:         CLK_IN_BUFGP rising at 10.000ns
  Destination Clock:    CLK_IN_BUFGP rising at 10.000ns
  Clock Uncertainty:    0.000ns

  Minimum Data Path at Fast Process Corner: divider/counter_22 to divider/counter_24
    Location             Delay type         Delay(ns)  Physical Resource
                                                       Logical Resource(s)
    -------------------------------------------------  -------------------
    SLICE_X15Y30.BQ      Tcko                  0.198   divider/counter<24>
                                                       divider/counter_22
    SLICE_X14Y30.C4      net (fanout=3)        0.121   divider/counter<22>
    SLICE_X14Y30.COUT    Topcyc                0.195   divider/Mcount_counter_cy<23>
                                                       divider/counter<22>_rt
                                                       divider/Mcount_counter_cy<23>
    SLICE_X14Y31.CIN     net (fanout=1)        0.001   divider/Mcount_counter_cy<23>
    SLICE_X14Y31.AMUX    Tcina                 0.127   Result<27>
                                                       divider/Mcount_counter_xor<27>
    SLICE_X15Y30.D5      net (fanout=1)        0.158   Result<24>
    SLICE_X15Y30.CLK     Tah         (-Th)    -0.215   divider/counter<24>
                                                       divider/counter_24_rstpot
                                                       divider/counter_24
    -------------------------------------------------  ---------------------------
    Total                                      1.015ns (0.735ns logic, 0.280ns route)
                                                       (72.4% logic, 27.6% route)

--------------------------------------------------------------------------------
Slack (hold path):      1.066ns (requirement - (clock path skew + uncertainty - data path))
  Source:               divider/counter_24 (FF)
  Destination:          divider/counter_24 (FF)
  Requirement:          0.000ns
  Data Path Delay:      1.066ns (Levels of Logic = 2)
  Clock Path Skew:      0.000ns
  Source Clock:         CLK_IN_BUFGP rising at 10.000ns
  Destination Clock:    CLK_IN_BUFGP rising at 10.000ns
  Clock Uncertainty:    0.000ns

  Minimum Data Path at Fast Process Corner: divider/counter_24 to divider/counter_24
    Location             Delay type         Delay(ns)  Physical Resource
                                                       Logical Resource(s)
    -------------------------------------------------  -------------------
    SLICE_X15Y30.DQ      Tcko                  0.198   divider/counter<24>
                                                       divider/counter_24
    SLICE_X14Y31.A3      net (fanout=3)        0.251   divider/counter<24>
    SLICE_X14Y31.AMUX    Topaa                 0.244   Result<27>
                                                       divider/counter<24>_rt
                                                       divider/Mcount_counter_xor<27>
    SLICE_X15Y30.D5      net (fanout=1)        0.158   Result<24>
    SLICE_X15Y30.CLK     Tah         (-Th)    -0.215   divider/counter<24>
                                                       divider/counter_24_rstpot
                                                       divider/counter_24
    -------------------------------------------------  ---------------------------
    Total                                      1.066ns (0.657ns logic, 0.409ns route)
                                                       (61.6% logic, 38.4% route)

--------------------------------------------------------------------------------

Paths for end point divider/counter_11 (SLICE_X17Y27.D6), 41 paths
--------------------------------------------------------------------------------
Slack (hold path):      0.952ns (requirement - (clock path skew + uncertainty - data path))
  Source:               divider/counter_19 (FF)
  Destination:          divider/counter_11 (FF)
  Requirement:          0.000ns
  Data Path Delay:      0.956ns (Levels of Logic = 3)
  Clock Path Skew:      0.004ns (0.038 - 0.034)
  Source Clock:         CLK_IN_BUFGP rising at 10.000ns
  Destination Clock:    CLK_IN_BUFGP rising at 10.000ns
  Clock Uncertainty:    0.000ns

  Minimum Data Path at Fast Process Corner: divider/counter_19 to divider/counter_11
    Location             Delay type         Delay(ns)  Physical Resource
                                                       Logical Resource(s)
    -------------------------------------------------  -------------------
    SLICE_X17Y26.DMUX    Tshcko                0.244   dut/_n0091
                                                       divider/counter_19
    SLICE_X16Y26.D4      net (fanout=3)        0.124   divider/counter<19>
    SLICE_X16Y26.COUT    Topcyd                0.187   divider/Mcompar_n0001_cy<3>
                                                       divider/Mcompar_n0001_lut<3>
                                                       divider/Mcompar_n0001_cy<3>
    SLICE_X16Y27.CIN     net (fanout=1)        0.001   divider/Mcompar_n0001_cy<3>
    SLICE_X16Y27.BMUX    Tcinb                 0.122   divider/Mcompar_n0001_cy<5>
                                                       divider/Mcompar_n0001_cy<5>
    SLICE_X17Y27.D6      net (fanout=28)       0.063   divider/Mcompar_n0001_cy<5>
    SLICE_X17Y27.CLK     Tah         (-Th)    -0.215   divider/counter<11>
                                                       divider/counter_11_rstpot
                                                       divider/counter_11
    -------------------------------------------------  ---------------------------
    Total                                      0.956ns (0.768ns logic, 0.188ns route)
                                                       (80.3% logic, 19.7% route)

--------------------------------------------------------------------------------
Slack (hold path):      0.964ns (requirement - (clock path skew + uncertainty - data path))
  Source:               divider/counter_19 (FF)
  Destination:          divider/counter_11 (FF)
  Requirement:          0.000ns
  Data Path Delay:      0.968ns (Levels of Logic = 3)
  Clock Path Skew:      0.004ns (0.038 - 0.034)
  Source Clock:         CLK_IN_BUFGP rising at 10.000ns
  Destination Clock:    CLK_IN_BUFGP rising at 10.000ns
  Clock Uncertainty:    0.000ns

  Minimum Data Path at Fast Process Corner: divider/counter_19 to divider/counter_11
    Location             Delay type         Delay(ns)  Physical Resource
                                                       Logical Resource(s)
    -------------------------------------------------  -------------------
    SLICE_X17Y26.DMUX    Tshcko                0.244   dut/_n0091
                                                       divider/counter_19
    SLICE_X16Y26.D4      net (fanout=3)        0.124   divider/counter<19>
    SLICE_X16Y26.COUT    Topcyd                0.199   divider/Mcompar_n0001_cy<3>
                                                       divider/Mcompar_n0001_lutdi2
                                                       divider/Mcompar_n0001_cy<3>
    SLICE_X16Y27.CIN     net (fanout=1)        0.001   divider/Mcompar_n0001_cy<3>
    SLICE_X16Y27.BMUX    Tcinb                 0.122   divider/Mcompar_n0001_cy<5>
                                                       divider/Mcompar_n0001_cy<5>
    SLICE_X17Y27.D6      net (fanout=28)       0.063   divider/Mcompar_n0001_cy<5>
    SLICE_X17Y27.CLK     Tah         (-Th)    -0.215   divider/counter<11>
                                                       divider/counter_11_rstpot
                                                       divider/counter_11
    -------------------------------------------------  ---------------------------
    Total                                      0.968ns (0.780ns logic, 0.188ns route)
                                                       (80.6% logic, 19.4% route)

--------------------------------------------------------------------------------
Slack (hold path):      0.966ns (requirement - (clock path skew + uncertainty - data path))
  Source:               divider/counter_10 (FF)
  Destination:          divider/counter_11 (FF)
  Requirement:          0.000ns
  Data Path Delay:      0.966ns (Levels of Logic = 3)
  Clock Path Skew:      0.000ns
  Source Clock:         CLK_IN_BUFGP rising at 10.000ns
  Destination Clock:    CLK_IN_BUFGP rising at 10.000ns
  Clock Uncertainty:    0.000ns

  Minimum Data Path at Fast Process Corner: divider/counter_10 to divider/counter_11
    Location             Delay type         Delay(ns)  Physical Resource
                                                       Logical Resource(s)
    -------------------------------------------------  -------------------
    SLICE_X17Y27.CQ      Tcko                  0.198   divider/counter<11>
                                                       divider/counter_10
    SLICE_X16Y26.C5      net (fanout=3)        0.170   divider/counter<10>
    SLICE_X16Y26.COUT    Topcyc                0.197   divider/Mcompar_n0001_cy<3>
                                                       divider/Mcompar_n0001_lutdi1
                                                       divider/Mcompar_n0001_cy<3>
    SLICE_X16Y27.CIN     net (fanout=1)        0.001   divider/Mcompar_n0001_cy<3>
    SLICE_X16Y27.BMUX    Tcinb                 0.122   divider/Mcompar_n0001_cy<5>
                                                       divider/Mcompar_n0001_cy<5>
    SLICE_X17Y27.D6      net (fanout=28)       0.063   divider/Mcompar_n0001_cy<5>
    SLICE_X17Y27.CLK     Tah         (-Th)    -0.215   divider/counter<11>
                                                       divider/counter_11_rstpot
                                                       divider/counter_11
    -------------------------------------------------  ---------------------------
    Total                                      0.966ns (0.732ns logic, 0.234ns route)
                                                       (75.8% logic, 24.2% route)

--------------------------------------------------------------------------------

Paths for end point divider/counter_20 (SLICE_X15Y29.D6), 21 paths
--------------------------------------------------------------------------------
Slack (hold path):      1.029ns (requirement - (clock path skew + uncertainty - data path))
  Source:               divider/counter_20 (FF)
  Destination:          divider/counter_20 (FF)
  Requirement:          0.000ns
  Data Path Delay:      1.029ns (Levels of Logic = 2)
  Clock Path Skew:      0.000ns
  Source Clock:         CLK_IN_BUFGP rising at 10.000ns
  Destination Clock:    CLK_IN_BUFGP rising at 10.000ns
  Clock Uncertainty:    0.000ns

  Minimum Data Path at Fast Process Corner: divider/counter_20 to divider/counter_20
    Location             Delay type         Delay(ns)  Physical Resource
                                                       Logical Resource(s)
    -------------------------------------------------  -------------------
    SLICE_X15Y29.DQ      Tcko                  0.198   divider/counter<20>
                                                       divider/counter_20
    SLICE_X14Y30.A3      net (fanout=3)        0.253   divider/counter<20>
    SLICE_X14Y30.AMUX    Topaa                 0.244   divider/Mcount_counter_cy<23>
                                                       divider/counter<20>_rt
                                                       divider/Mcount_counter_cy<23>
    SLICE_X15Y29.D6      net (fanout=1)        0.119   Result<20>
    SLICE_X15Y29.CLK     Tah         (-Th)    -0.215   divider/counter<20>
                                                       divider/counter_20_rstpot
                                                       divider/counter_20
    -------------------------------------------------  ---------------------------
    Total                                      1.029ns (0.657ns logic, 0.372ns route)
                                                       (63.8% logic, 36.2% route)

--------------------------------------------------------------------------------
Slack (hold path):      1.159ns (requirement - (clock path skew + uncertainty - data path))
  Source:               divider/counter_11 (FF)
  Destination:          divider/counter_20 (FF)
  Requirement:          0.000ns
  Data Path Delay:      1.167ns (Levels of Logic = 5)
  Clock Path Skew:      0.008ns (0.076 - 0.068)
  Source Clock:         CLK_IN_BUFGP rising at 10.000ns
  Destination Clock:    CLK_IN_BUFGP rising at 10.000ns
  Clock Uncertainty:    0.000ns

  Minimum Data Path at Fast Process Corner: divider/counter_11 to divider/counter_20
    Location             Delay type         Delay(ns)  Physical Resource
                                                       Logical Resource(s)
    -------------------------------------------------  -------------------
    SLICE_X17Y27.DQ      Tcko                  0.198   divider/counter<11>
                                                       divider/counter_11
    SLICE_X14Y27.D3      net (fanout=3)        0.260   divider/counter<11>
    SLICE_X14Y27.COUT    Topcyd                0.181   divider/Mcount_counter_cy<11>
                                                       divider/counter<11>_rt
                                                       divider/Mcount_counter_cy<11>
    SLICE_X14Y28.CIN     net (fanout=1)        0.001   divider/Mcount_counter_cy<11>
    SLICE_X14Y28.COUT    Tbyp                  0.032   divider/Mcount_counter_cy<15>
                                                       divider/Mcount_counter_cy<15>
    SLICE_X14Y29.CIN     net (fanout=1)        0.001   divider/Mcount_counter_cy<15>
    SLICE_X14Y29.COUT    Tbyp                  0.032   divider/Mcount_counter_cy<19>
                                                       divider/Mcount_counter_cy<19>
    SLICE_X14Y30.CIN     net (fanout=1)        0.001   divider/Mcount_counter_cy<19>
    SLICE_X14Y30.AMUX    Tcina                 0.127   divider/Mcount_counter_cy<23>
                                                       divider/Mcount_counter_cy<23>
    SLICE_X15Y29.D6      net (fanout=1)        0.119   Result<20>
    SLICE_X15Y29.CLK     Tah         (-Th)    -0.215   divider/counter<20>
                                                       divider/counter_20_rstpot
                                                       divider/counter_20
    -------------------------------------------------  ---------------------------
    Total                                      1.167ns (0.785ns logic, 0.382ns route)
                                                       (67.3% logic, 32.7% route)

--------------------------------------------------------------------------------
Slack (hold path):      1.201ns (requirement - (clock path skew + uncertainty - data path))
  Source:               divider/counter_18 (FF)
  Destination:          divider/counter_20 (FF)
  Requirement:          0.000ns
  Data Path Delay:      1.201ns (Levels of Logic = 3)
  Clock Path Skew:      0.000ns
  Source Clock:         CLK_IN_BUFGP rising at 10.000ns
  Destination Clock:    CLK_IN_BUFGP rising at 10.000ns
  Clock Uncertainty:    0.000ns

  Minimum Data Path at Fast Process Corner: divider/counter_18 to divider/counter_20
    Location             Delay type         Delay(ns)  Physical Resource
                                                       Logical Resource(s)
    -------------------------------------------------  -------------------
    SLICE_X15Y29.CQ      Tcko                  0.198   divider/counter<20>
                                                       divider/counter_18
    SLICE_X14Y29.C1      net (fanout=3)        0.346   divider/counter<18>
    SLICE_X14Y29.COUT    Topcyc                0.195   divider/Mcount_counter_cy<19>
                                                       divider/counter<18>_rt
                                                       divider/Mcount_counter_cy<19>
    SLICE_X14Y30.CIN     net (fanout=1)        0.001   divider/Mcount_counter_cy<19>
    SLICE_X14Y30.AMUX    Tcina                 0.127   divider/Mcount_counter_cy<23>
                                                       divider/Mcount_counter_cy<23>
    SLICE_X15Y29.D6      net (fanout=1)        0.119   Result<20>
    SLICE_X15Y29.CLK     Tah         (-Th)    -0.215   divider/counter<20>
                                                       divider/counter_20_rstpot
                                                       divider/counter_20
    -------------------------------------------------  ---------------------------
    Total                                      1.201ns (0.735ns logic, 0.466ns route)
                                                       (61.2% logic, 38.8% route)

--------------------------------------------------------------------------------

Component Switching Limit Checks: NET "CLK_IN_BUFGP/IBUFG" PERIOD = 10 ns HIGH 50%;
--------------------------------------------------------------------------------
Slack: 7.334ns (period - min period limit)
  Period: 10.000ns
  Min period limit: 2.666ns (375.094MHz) (Tbcper_I)
  Physical resource: CLK_IN_BUFGP/BUFG/I0
  Logical resource: CLK_IN_BUFGP/BUFG/I0
  Location pin: BUFGMUX_X3Y13.I0
  Clock network: CLK_IN_BUFGP/IBUFG
--------------------------------------------------------------------------------
Slack: 9.530ns (period - min period limit)
  Period: 10.000ns
  Min period limit: 0.470ns (2127.660MHz) (Tcp)
  Physical resource: divider/clk_out/CLK
  Logical resource: divider/clk_out/CK
  Location pin: SLICE_X13Y36.CLK
  Clock network: CLK_IN_BUFGP
--------------------------------------------------------------------------------
Slack: 9.530ns (period - min period limit)
  Period: 10.000ns
  Min period limit: 0.470ns (2127.660MHz) (Tcp)
  Physical resource: divider/counter<3>/CLK
  Logical resource: divider/counter_0/CK
  Location pin: SLICE_X15Y25.CLK
  Clock network: CLK_IN_BUFGP
--------------------------------------------------------------------------------


All constraints were met.


Data Sheet report:
-----------------
All values displayed in nanoseconds (ns)

Clock to Setup on destination clock CLK_IN
---------------+---------+---------+---------+---------+
               | Src:Rise| Src:Fall| Src:Rise| Src:Fall|
Source Clock   |Dest:Rise|Dest:Rise|Dest:Fall|Dest:Fall|
---------------+---------+---------+---------+---------+
CLK_IN         |    3.961|         |         |         |
---------------+---------+---------+---------+---------+


Timing summary:
---------------

Timing errors: 0  Score: 0  (Setup/Max: 0, Hold: 0)

Constraints cover 1588 paths, 0 nets, and 154 connections

Design statistics:
   Minimum period:   3.961ns{1}   (Maximum frequency: 252.462MHz)


------------------------------------Footnotes-----------------------------------
1)  The minimum period statistic assumes all single cycle delays.

Analysis completed Mon May 27 13:43:41 2024 
--------------------------------------------------------------------------------

Trace Settings:
-------------------------
Trace Settings 

Peak Memory Usage: 4572 MB



