#-----------------------------------------------------------
# Vivado v2018.2 (64-bit)
# SW Build 2258646 on Thu Jun 14 20:03:12 MDT 2018
# IP Build 2256618 on Thu Jun 14 22:10:49 MDT 2018
# Start of session at: Fri May 24 22:41:47 2024
# Process ID: 12704
# Current directory: D:/Uni/DSD - Lab/Lab12/xilinx/Task2
# Command line: vivado.exe -gui_launcher_event rodinguilauncherevent11500 D:\Uni\DSD - Lab\Lab12\xilinx\Task2\testbench_isim_beh.wdb
# Log file: D:/Uni/DSD - Lab/Lab12/xilinx/Task2/vivado.log
# Journal file: D:/Uni/DSD - Lab/Lab12/xilinx/Task2\vivado.jou
#-----------------------------------------------------------
start_gui
open_wave_database {D:\Uni\DSD - Lab\Lab12\xilinx\Task2\testbench_isim_beh.wdb}
INFO: [IP_Flow 19-234] Refreshing IP repositories
INFO: [IP_Flow 19-1704] No user IP repositories specified
INFO: [IP_Flow 19-2313] Loaded Vivado IP repository 'D:/Xilinx/Vivado/2018.2/data/ip'.
current_fileset: Time (s): cpu = 00:00:11 ; elapsed = 00:00:10 . Memory (MB): peak = 806.504 ; gain = 75.258
ERROR: [Wavedata 42-25] The waveform database 'D:\Uni\DSD - Lab\Lab12\xilinx\Task2\testbench_isim_beh.wdb' could not be opened for the following reason: The file may be corrupt or of an unsupported older format.  As of version 2014.3 Vivado includes a new, enhanced waveform database. Because the new database is incompatible with the old database, the current version of Vivado cannot open WDB files created in versions prior to 2014.3.
exit
INFO: [Common 17-206] Exiting Vivado at Fri May 24 22:42:39 2024...
