C51 COMPILER V9.60.7.0   EXAMPLE4                                                          03/03/2024 15:41:06 PAGE 1   


C51 COMPILER V9.60.7.0, COMPILATION OF MODULE EXAMPLE4
OBJECT MODULE PLACED IN .\Objects\Example4.obj
COMPILER INVOKED BY: D:\Program Files (x86)\Keil_v5\C51\BIN\C51.EXE Example4.c OPTIMIZE(8,SPEED) BROWSE DEBUG OBJECTEXTE
                    -ND PRINT(.\Listings\Example4.lst) TABS(2) OBJECT(.\Objects\Example4.obj)

line level    source

   1          #include<reg51.h>
   2          #include<stdio.h>
   3          
   4          sbit led1 = P1^0;
   5          sbit led2 = P1^1;
   6          sbit led3 = P1^2;
   7          sbit led4 = P1^3;
   8          
   9          sbit switch1 = P2^1;
  10          sbit switch2 = P2^2;
  11          
  12          void main(void){
  13   1      
  14   1        while(1){
  15   2        
  16   2          if(switch1 == 1 & switch2 == 1){
  17   3            led1 = 1;
  18   3            led2 = 0;
  19   3            led3 = 0;
  20   3            led4 = 0;
  21   3          }
  22   2          
  23   2          else if(switch1 == 1 & switch2 == 0){
  24   3            led1 = 0;
  25   3            led2 = 1;
  26   3            led3 = 0;
  27   3            led4 = 0;
  28   3          }
  29   2          
  30   2          else if(switch1 == 0 & switch2 == 1){
  31   3            led1 = 0;
  32   3            led2 = 0;
  33   3            led3 = 1;
  34   3            led4 = 0;
  35   3          }
  36   2          
  37   2          else {
  38   3            led1 = 0;
  39   3            led2 = 0;
  40   3            led3 = 0;
  41   3            led4 = 1;
  42   3          }
  43   2        }
  44   1      }


MODULE INFORMATION:   STATIC OVERLAYABLE
   CODE SIZE        =    102    ----
   CONSTANT SIZE    =   ----    ----
   XDATA SIZE       =   ----    ----
   PDATA SIZE       =   ----    ----
   DATA SIZE        =   ----    ----
   IDATA SIZE       =   ----    ----
   BIT SIZE         =   ----    ----
C51 COMPILER V9.60.7.0   EXAMPLE4                                                          03/03/2024 15:41:06 PAGE 2   

END OF MODULE INFORMATION.


C51 COMPILATION COMPLETE.  0 WARNING(S),  0 ERROR(S)
