C51 COMPILER V9.60.7.0   EXAMPL1                                                           03/03/2024 14:42:22 PAGE 1   


C51 COMPILER V9.60.7.0, COMPILATION OF MODULE EXAMPL1
OBJECT MODULE PLACED IN .\Objects\Exampl1.obj
COMPILER INVOKED BY: D:\Program Files (x86)\Keil_v5\C51\BIN\C51.EXE Exampl1.c OPTIMIZE(8,SPEED) BROWSE DEBUG OBJECTEXTEN
                    -D PRINT(.\Listings\Exampl1.lst) TABS(2) OBJECT(.\Objects\Exampl1.obj)

line level    source

   1          #include<reg51.h>
   2          #include<stdio.h>
   3          
   4          sbit MyBit = P1^0;
   5          
   6          void main(void){
   7   1      
   8   1        unsigned int i;
   9   1        
  10   1        for(i = 0; i<=5; i++){
  11   2          MyBit = 0;
  12   2          MyBit = 1;
  13   2        }
  14   1      }


MODULE INFORMATION:   STATIC OVERLAYABLE
   CODE SIZE        =     19    ----
   CONSTANT SIZE    =   ----    ----
   XDATA SIZE       =   ----    ----
   PDATA SIZE       =   ----    ----
   DATA SIZE        =   ----    ----
   IDATA SIZE       =   ----    ----
   BIT SIZE         =   ----    ----
END OF MODULE INFORMATION.


C51 COMPILATION COMPLETE.  0 WARNING(S),  0 ERROR(S)
