C51 COMPILER V9.60.7.0   EXAMPLE3                                                          03/06/2024 11:42:17 PAGE 1   


C51 COMPILER V9.60.7.0, COMPILATION OF MODULE EXAMPLE3
OBJECT MODULE PLACED IN .\Objects\Example3.obj
COMPILER INVOKED BY: D:\Program Files (x86)\Keil_v5\C51\BIN\C51.EXE Example3.c OPTIMIZE(8,SPEED) BROWSE DEBUG OBJECTEXTE
                    -ND PRINT(.\Listings\Example3.lst) TABS(2) OBJECT(.\Objects\Example3.obj)

line level    source

   1          #include<reg51.h>
   2          #include<stdio.h>
   3          
   4          sbit led1 = P1^0;
   5          sbit switch11 = P1^1;
   6          
   7          void main(void){
   8   1      
   9   1        while(1){
  10   2        
  11   2          if(switch1 == 0){
*** ERROR C202 IN LINE 11 OF Example3.c: 'switch1': undefined identifier
  12   3            led1 = 1;
  13   3          }
  14   2          
  15   2          else{
  16   3            led1 = 0;
  17   3          }
  18   2        }
  19   1      }

C51 COMPILATION COMPLETE.  0 WARNING(S),  1 ERROR(S)
