C51 COMPILER V9.60.7.0   TASK                                                              03/05/2024 21:45:38 PAGE 1   


C51 COMPILER V9.60.7.0, COMPILATION OF MODULE TASK
OBJECT MODULE PLACED IN .\Objects\Task.obj
COMPILER INVOKED BY: D:\Program Files (x86)\Keil_v5\C51\BIN\C51.EXE Task.c OPTIMIZE(8,SPEED) BROWSE DEBUG OBJECTEXTEND P
                    -RINT(.\Listings\Task.lst) TABS(2) OBJECT(.\Objects\Task.obj)

line level    source

   1          #include<reg51.h>
   2          #include<stdio.h>
   3          
   4          sbit switch1 = P2^1;
   5          sbit switch2 = P2^2;
   6          sbit switch3 = P2^3;
   7          
   8          void main(void){
   9   1      
  10   1        while(1){
  11   2        
  12   2          if(switch1 == 1 & switch2 == 1 & switch3 == 1){
  13   3            P1 = 0x01;
  14   3          }
  15   2          else if(switch1 == 1 & switch2 == 1 & switch3 == 0){
  16   3            P1 = 0x02;
  17   3          } 
  18   2          
  19   2          else if(switch1 == 1 & switch2 == 0 & switch3 == 1){
  20   3            P1 = 0x04;
  21   3          }
  22   2          
  23   2          else if(switch1 == 1 & switch2 == 0 & switch3 == 0){
  24   3            P1 = 0x08;
  25   3          }
  26   2          
  27   2          else if(switch1 == 0 & switch2 == 1 & switch3 == 1){
  28   3            P1 = 0x10;
  29   3          }
  30   2          
  31   2          else if(switch1 == 0 & switch2 == 1 & switch3 == 0){
  32   3            P1 = 0x20;
  33   3          }
  34   2          
  35   2          else if(switch1 == 0 & switch2 == 0 & switch3 == 1){
  36   3            P1 = 0x40;
  37   3          }
  38   2          
  39   2          else {
  40   3            P1 = 0x80;
  41   3          }
  42   2        }
  43   1      }


MODULE INFORMATION:   STATIC OVERLAYABLE
   CODE SIZE        =    283    ----
   CONSTANT SIZE    =   ----    ----
   XDATA SIZE       =   ----    ----
   PDATA SIZE       =   ----    ----
   DATA SIZE        =   ----    ----
   IDATA SIZE       =   ----    ----
   BIT SIZE         =   ----    ----
END OF MODULE INFORMATION.

C51 COMPILER V9.60.7.0   TASK                                                              03/05/2024 21:45:38 PAGE 2   


C51 COMPILATION COMPLETE.  0 WARNING(S),  0 ERROR(S)
