BL51 BANKED LINKER/LOCATER V6.22.4.0                                                    03/05/2024  21:45:38  PAGE 1


BL51 BANKED LINKER/LOCATER V6.22.4.0, INVOKED BY:
D:\PROGRAM FILES (X86)\KEIL_V5\C51\BIN\BL51.EXE .\Objects\STARTUP.obj, .\Objects\Task.obj TO .\Objects\Task PRINT (.\Lis
>> tings\Task.m51)


MEMORY MODEL: SMALL


INPUT MODULES INCLUDED:
  .\Objects\STARTUP.obj (?C_STARTUP)
  .\Objects\Task.obj (TASK)


LINK MAP OF MODULE:  .\Objects\Task (?C_STARTUP)


            TYPE    BASE      LENGTH    RELOCATION   SEGMENT NAME
            -----------------------------------------------------

            * * * * * * *   D A T A   M E M O R Y   * * * * * * *
            REG     0000H     0008H     ABSOLUTE     "REG BANK 0"
            IDATA   0008H     0001H     UNIT         ?STACK

            * * * * * * *   C O D E   M E M O R Y   * * * * * * *
            CODE    0000H     0003H     ABSOLUTE     
                    0003H     07FDH                  *** GAP ***
            CODE    0800H     011BH     UNIT         ?PR?MAIN?TASK
            CODE    091BH     000CH     UNIT         ?C_C51STARTUP



OVERLAY MAP OF MODULE:   .\Objects\Task (?C_STARTUP)


SEGMENT
  +--> CALLED SEGMENT
---------------------
?C_C51STARTUP
  +--> ?PR?MAIN?TASK



SYMBOL TABLE OF MODULE:  .\Objects\Task (?C_STARTUP)

  VALUE           TYPE          NAME
  ----------------------------------

  -------         MODULE        ?C_STARTUP
  C:091BH         SEGMENT       ?C_C51STARTUP
  I:0008H         SEGMENT       ?STACK
  C:0000H         PUBLIC        ?C_STARTUP
  D:00E0H         SYMBOL        ACC
  D:00F0H         SYMBOL        B
  D:0083H         SYMBOL        DPH
  D:0082H         SYMBOL        DPL
  N:0000H         SYMBOL        IBPSTACK
  N:0100H         SYMBOL        IBPSTACKTOP
  N:0080H         SYMBOL        IDATALEN
BL51 BANKED LINKER/LOCATER V6.22.4.0                                                  03/05/2024  21:45:38  PAGE 2


  C:091EH         SYMBOL        IDATALOOP
  N:0000H         SYMBOL        PBPSTACK
  N:0100H         SYMBOL        PBPSTACKTOP
  N:0000H         SYMBOL        PDATALEN
  N:0000H         SYMBOL        PDATASTART
  N:0000H         SYMBOL        PPAGE
  N:0000H         SYMBOL        PPAGEENABLE
  D:00A0H         SYMBOL        PPAGE_SFR
  D:0081H         SYMBOL        SP
  C:091BH         SYMBOL        STARTUP1
  N:0000H         SYMBOL        XBPSTACK
  N:0000H         SYMBOL        XBPSTACKTOP
  N:0000H         SYMBOL        XDATALEN
  N:0000H         SYMBOL        XDATASTART
  C:0000H         LINE#         126
  C:091BH         LINE#         133
  C:091DH         LINE#         134
  C:091EH         LINE#         135
  C:091FH         LINE#         136
  C:0921H         LINE#         185
  C:0924H         LINE#         196
  -------         ENDMOD        ?C_STARTUP

  -------         MODULE        TASK
  C:0000H         SYMBOL        _ICE_DUMMY_
  D:0090H         PUBLIC        P1
  D:00A0H         PUBLIC        P2
  C:0800H         PUBLIC        main
  B:00A0H.1       PUBLIC        switch1
  B:00A0H.2       PUBLIC        switch2
  B:00A0H.3       PUBLIC        switch3
  -------         PROC          MAIN
  C:0800H         LINE#         8
  C:0800H         LINE#         10
  C:0800H         LINE#         12
  C:0822H         LINE#         13
  C:0825H         LINE#         14
  C:0827H         LINE#         15
  C:0849H         LINE#         16
  C:084CH         LINE#         17
  C:084EH         LINE#         19
  C:0870H         LINE#         20
  C:0873H         LINE#         21
  C:0875H         LINE#         23
  C:0897H         LINE#         24
  C:089AH         LINE#         25
  C:089DH         LINE#         27
  C:08BFH         LINE#         28
  C:08C2H         LINE#         29
  C:08C5H         LINE#         31
  C:08E7H         LINE#         32
  C:08EAH         LINE#         33
  C:08EDH         LINE#         35
  C:090FH         LINE#         36
  C:0912H         LINE#         37
  C:0915H         LINE#         39
  C:0915H         LINE#         40
BL51 BANKED LINKER/LOCATER V6.22.4.0                                                  03/05/2024  21:45:38  PAGE 3


  C:0918H         LINE#         41
  C:0918H         LINE#         42
  -------         ENDPROC       MAIN
  -------         ENDMOD        TASK

******************************************************************************
* RESTRICTED VERSION WITH 0800H BYTE CODE SIZE LIMIT; USED: 012AH BYTE (14%) *
******************************************************************************

Program Size: data=9.0 xdata=0 code=298
LINK/LOCATE RUN COMPLETE.  0 WARNING(S),  0 ERROR(S)
