A51 MACRO ASSEMBLER  LAB1                                                                 03/28/2024 10:16:03 PAGE     1


MACRO ASSEMBLER A51 V8.2.7.0
OBJECT MODULE PLACED IN .\Objects\lab1.obj
ASSEMBLER INVOKED BY: D:\Program Files (x86)\Keil_v5\C51\BIN\A51.EXE lab1.a51 SET(SMALL) DEBUG PRINT(.\Listings\lab1.lst
                      ) OBJECT(.\Objects\lab1.obj) EP

LOC  OBJ            LINE     SOURCE

0000                   1     ORG 00H
                       2             
0000 7401              3             MOV A, #01H
0002                   4             HERE:
0002 F580              5             MOV P0, A
0004 1109              6             ACALL DELAY
0006 23                7             RL A
                       8             ;ACALL DELAY
                       9             ;MOV P0, #02H
                      10             ;ACALL DELAY
                      11             ;MOV P0, #04H
                      12             ;ACALL DELAY
                      13             ;MOV P0, #08H
                      14             ;ACALL DELAY
                      15             ;MOV P0, #10H
                      16             ;ACALL DELAY
                      17             ;MOV P0, #20H
                      18             ;ACALL DELAY
                      19             ;MOV P0, #40H
                      20             ;ACALL DELAY
                      21             ;MOV P0, #80H
                      22                     
                      23             ;MOV P0, #40H
                      24             ;ACALL DELAY
                      25             ;MOV P0, #20H
                      26             ;ACALL DELAY
                      27             ;MOV P0, #10H
                      28             ;ACALL DELAY
                      29             ;MOV P0, #08H
                      30             ;ACALL DELAY
                      31             ;MOV P0, #04H
                      32             ;ACALL DELAY
                      33             ;MOV P0, #02H
                      34     
0007 80F9             35             SJMP HERE       
                      36     
0009                  37     DELAY:
0009 78FF             38             MOV R0, #255
000B 79FF             39             MOV R1, #255
                      40             
000D                  41             LOOP1:
000D                  42                     LOOP2:
000D D8FE             43                             DJNZ R0, LOOP2
000F D9FC             44             DJNZ R1, LOOP1
                      45             
0011 22               46             RET
                      47     END
A51 MACRO ASSEMBLER  LAB1                                                                 03/28/2024 10:16:03 PAGE     2

SYMBOL TABLE LISTING
------ ----- -------


N A M E             T Y P E  V A L U E   ATTRIBUTES

DELAY. . . . . . .  C ADDR   0009H   A   
HERE . . . . . . .  C ADDR   0002H   A   
LOOP1. . . . . . .  C ADDR   000DH   A   
LOOP2. . . . . . .  C ADDR   000DH   A   
P0 . . . . . . . .  D ADDR   0080H   A   


REGISTER BANK(S) USED: 0 


ASSEMBLY COMPLETE.  0 WARNING(S), 0 ERROR(S)
