BL51 BANKED LINKER/LOCATER V6.22.4.0                                                    03/28/2024  10:16:03  PAGE 1


BL51 BANKED LINKER/LOCATER V6.22.4.0, INVOKED BY:
D:\PROGRAM FILES (X86)\KEIL_V5\C51\BIN\BL51.EXE .\Objects\STARTUP.obj, .\Objects\lab1.obj, .\Objects\labtask.obj TO .\Ob
>> jects\lab2 PRINT (.\Listings\lab2.m51)


MEMORY MODEL: SMALL


INPUT MODULES INCLUDED:
  .\Objects\STARTUP.obj (?C_STARTUP)
  .\Objects\lab1.obj (LAB1)
  .\Objects\labtask.obj (LABTASK)


LINK MAP OF MODULE:  .\Objects\lab2 (?C_STARTUP)


            TYPE    BASE      LENGTH    RELOCATION   SEGMENT NAME
            -----------------------------------------------------

            * * * * * * *   D A T A   M E M O R Y   * * * * * * *
            REG     0000H     0008H     ABSOLUTE     "REG BANK 0"
            DATA    0008H     0006H     UNIT         ?DT?LABTASK
            IDATA   000EH     0001H     UNIT         ?STACK

            * * * * * * *   C O D E   M E M O R Y   * * * * * * *
            CODE    0000H     0003H     ABSOLUTE     
* OVERLAP * CODE    0000H     0012H     ABSOLUTE     
                    0012H     07EEH                  *** GAP ***
            CODE    0800H     008AH     UNIT         ?PR?MAIN?LABTASK
            CODE    088AH     0034H     UNIT         ?PR?DELAY?LABTASK
            CODE    08BEH     000CH     UNIT         ?C_C51STARTUP



OVERLAY MAP OF MODULE:   .\Objects\lab2 (?C_STARTUP)


SEGMENT
  +--> CALLED SEGMENT
---------------------
?C_C51STARTUP
  +--> ?PR?MAIN?LABTASK

?PR?MAIN?LABTASK
  +--> ?PR?DELAY?LABTASK



SYMBOL TABLE OF MODULE:  .\Objects\lab2 (?C_STARTUP)

  VALUE           TYPE          NAME
  ----------------------------------

  -------         MODULE        ?C_STARTUP
  C:08BEH         SEGMENT       ?C_C51STARTUP
  I:000EH         SEGMENT       ?STACK
  C:0000H         PUBLIC        ?C_STARTUP
BL51 BANKED LINKER/LOCATER V6.22.4.0                                                  03/28/2024  10:16:03  PAGE 2


  D:00E0H         SYMBOL        ACC
  D:00F0H         SYMBOL        B
  D:0083H         SYMBOL        DPH
  D:0082H         SYMBOL        DPL
  N:0000H         SYMBOL        IBPSTACK
  N:0100H         SYMBOL        IBPSTACKTOP
  N:0080H         SYMBOL        IDATALEN
  C:08C1H         SYMBOL        IDATALOOP
  N:0000H         SYMBOL        PBPSTACK
  N:0100H         SYMBOL        PBPSTACKTOP
  N:0000H         SYMBOL        PDATALEN
  N:0000H         SYMBOL        PDATASTART
  N:0000H         SYMBOL        PPAGE
  N:0000H         SYMBOL        PPAGEENABLE
  D:00A0H         SYMBOL        PPAGE_SFR
  D:0081H         SYMBOL        SP
  C:08BEH         SYMBOL        STARTUP1
  N:0000H         SYMBOL        XBPSTACK
  N:0000H         SYMBOL        XBPSTACKTOP
  N:0000H         SYMBOL        XDATALEN
  N:0000H         SYMBOL        XDATASTART
  C:0000H         LINE#         126
  C:08BEH         LINE#         133
  C:08C0H         LINE#         134
  C:08C1H         LINE#         135
  C:08C2H         LINE#         136
  C:08C4H         LINE#         185
  C:08C7H         LINE#         196
  -------         ENDMOD        ?C_STARTUP

  -------         MODULE        LAB1
  C:0009H         SYMBOL        DELAY
  C:0002H         SYMBOL        HERE
  C:000DH         SYMBOL        LOOP1
  C:000DH         SYMBOL        LOOP2
  D:0080H         SYMBOL        P0
  C:0000H         LINE#         3
  C:0002H         LINE#         5
  C:0004H         LINE#         6
  C:0006H         LINE#         7
  C:0007H         LINE#         35
  C:0009H         LINE#         38
  C:000BH         LINE#         39
  C:000DH         LINE#         43
  C:000FH         LINE#         44
  C:0011H         LINE#         46
  -------         ENDMOD        LAB1

  -------         MODULE        LABTASK
  C:0000H         SYMBOL        _ICE_DUMMY_
  D:0080H         PUBLIC        P0
  C:0899H         PUBLIC        delay
  C:0800H         PUBLIC        main
  D:0008H         PUBLIC        a
  D:000AH         PUBLIC        i
  D:000CH         PUBLIC        j
  -------         PROC          L?0013
BL51 BANKED LINKER/LOCATER V6.22.4.0                                                  03/28/2024  10:16:03  PAGE 3


  -------         ENDPROC       L?0013
  -------         PROC          DELAY
  C:0899H         LINE#         5
  C:0899H         LINE#         7
  C:089EH         LINE#         8
  C:08A3H         LINE#         9
  C:08B0H         LINE#         10
  C:08BDH         LINE#         11
  -------         ENDPROC       DELAY
  -------         PROC          MAIN
  C:0800H         LINE#         12
  C:0800H         LINE#         14
  C:0800H         LINE#         15
  C:0806H         LINE#         16
  C:0806H         LINE#         17
  C:0806H         LINE#         19
  C:0806H         LINE#         20
  C:0806H         LINE#         21
  C:0809H         LINE#         23
  C:080FH         LINE#         24
  C:0812H         LINE#         25
  C:0815H         LINE#         27
  C:081BH         LINE#         28
  C:081EH         LINE#         31
  C:0824H         LINE#         32
  C:0827H         LINE#         33
  C:082AH         LINE#         35
  C:0830H         LINE#         36
  C:0833H         LINE#         37
  C:0836H         LINE#         39
  C:083CH         LINE#         40
  C:083FH         LINE#         41
  C:0842H         LINE#         43
  C:0848H         LINE#         44
  C:084BH         LINE#         45
  C:084EH         LINE#         47
  C:0854H         LINE#         48
  C:0857H         LINE#         49
  C:085AH         LINE#         51
  C:0860H         LINE#         52
  C:0863H         LINE#         53
  C:0866H         LINE#         55
  C:086CH         LINE#         56
  C:086FH         LINE#         57
  C:0872H         LINE#         59
  C:0878H         LINE#         60
  C:087BH         LINE#         61
  C:087EH         LINE#         63
  C:0884H         LINE#         64
  C:0884H         LINE#         65
  C:0884H         LINE#         67
  C:0884H         LINE#         68
  C:0884H         LINE#         69
  C:0887H         LINE#         72
  -------         ENDPROC       MAIN
  -------         ENDMOD        LABTASK

BL51 BANKED LINKER/LOCATER V6.22.4.0                                                  03/28/2024  10:16:03  PAGE 4


*** WARNING L5: CODE SPACE MEMORY OVERLAP
    FROM:    0000H
    TO:      0002H

******************************************************************************
* RESTRICTED VERSION WITH 0800H BYTE CODE SIZE LIMIT; USED: 00DFH BYTE (10%) *
******************************************************************************

Program Size: data=15.0 xdata=0 code=223
LINK/LOCATE RUN COMPLETE.  1 WARNING(S),  0 ERROR(S)
