BL51 BANKED LINKER/LOCATER V6.22.4.0                                                    05/01/2024  21:49:06  PAGE 1


BL51 BANKED LINKER/LOCATER V6.22.4.0, INVOKED BY:
D:\KEIL_V5\C51\BIN\BL51.EXE .\Objects\STARTUP.obj, .\Objects\task3.obj TO .\Objects\task3 PRINT (.\Listings\task3.m51)


MEMORY MODEL: SMALL


INPUT MODULES INCLUDED:
  .\Objects\STARTUP.obj (?C_STARTUP)
  .\Objects\task3.obj (TASK3)


LINK MAP OF MODULE:  .\Objects\task3 (?C_STARTUP)


            TYPE    BASE      LENGTH    RELOCATION   SEGMENT NAME
            -----------------------------------------------------

            * * * * * * *   D A T A   M E M O R Y   * * * * * * *
            REG     0000H     0008H     ABSOLUTE     "REG BANK 0"
            DATA    0008H     0006H     UNIT         ?DT?TASK3
            IDATA   000EH     0001H     UNIT         ?STACK

            * * * * * * *   C O D E   M E M O R Y   * * * * * * *
            CODE    0000H     0003H     ABSOLUTE     
                    0003H     07FDH                  *** GAP ***
            CODE    0800H     0025H     UNIT         ?PR?DELAY?TASK3
            CODE    0825H     000CH     UNIT         ?C_C51STARTUP
            CODE    0831H     000BH     UNIT         ?PR?MAIN?TASK3



OVERLAY MAP OF MODULE:   .\Objects\task3 (?C_STARTUP)


SEGMENT
  +--> CALLED SEGMENT
---------------------
?C_C51STARTUP
  +--> ?PR?MAIN?TASK3

?PR?MAIN?TASK3
  +--> ?PR?DELAY?TASK3



SYMBOL TABLE OF MODULE:  .\Objects\task3 (?C_STARTUP)

  VALUE           TYPE          NAME
  ----------------------------------

  -------         MODULE        ?C_STARTUP
  C:0825H         SEGMENT       ?C_C51STARTUP
  I:000EH         SEGMENT       ?STACK
  C:0000H         PUBLIC        ?C_STARTUP
  D:00E0H         SYMBOL        ACC
  D:00F0H         SYMBOL        B
  D:0083H         SYMBOL        DPH
BL51 BANKED LINKER/LOCATER V6.22.4.0                                                  05/01/2024  21:49:06  PAGE 2


  D:0082H         SYMBOL        DPL
  N:0000H         SYMBOL        IBPSTACK
  N:0100H         SYMBOL        IBPSTACKTOP
  N:0080H         SYMBOL        IDATALEN
  C:0828H         SYMBOL        IDATALOOP
  N:0000H         SYMBOL        PBPSTACK
  N:0100H         SYMBOL        PBPSTACKTOP
  N:0000H         SYMBOL        PDATALEN
  N:0000H         SYMBOL        PDATASTART
  N:0000H         SYMBOL        PPAGE
  N:0000H         SYMBOL        PPAGEENABLE
  D:00A0H         SYMBOL        PPAGE_SFR
  D:0081H         SYMBOL        SP
  C:0825H         SYMBOL        STARTUP1
  N:0000H         SYMBOL        XBPSTACK
  N:0000H         SYMBOL        XBPSTACKTOP
  N:0000H         SYMBOL        XDATALEN
  N:0000H         SYMBOL        XDATASTART
  C:0000H         LINE#         126
  C:0825H         LINE#         133
  C:0827H         LINE#         134
  C:0828H         LINE#         135
  C:0829H         LINE#         136
  C:082BH         LINE#         185
  C:082EH         LINE#         196
  -------         ENDMOD        ?C_STARTUP

  -------         MODULE        TASK3
  C:0000H         SYMBOL        _ICE_DUMMY_
  D:0080H         PUBLIC        P0
  C:0800H         PUBLIC        delay
  C:0831H         PUBLIC        main
  D:0008H         PUBLIC        a
  D:000AH         PUBLIC        i
  D:000CH         PUBLIC        j
  -------         PROC          DELAY
  C:0800H         LINE#         5
  C:0800H         LINE#         7
  C:0805H         LINE#         8
  C:080AH         LINE#         9
  C:0817H         LINE#         10
  C:0824H         LINE#         11
  -------         ENDPROC       DELAY
  -------         PROC          MAIN
  C:0831H         LINE#         12
  C:0831H         LINE#         14
  C:0831H         LINE#         15
  C:0837H         LINE#         16
  C:083AH         LINE#         56
  -------         ENDPROC       MAIN
  -------         ENDMOD        TASK3

******************************************************************************
* RESTRICTED VERSION WITH 0800H BYTE CODE SIZE LIMIT; USED: 003FH BYTE ( 3%) *
******************************************************************************

Program Size: data=15.0 xdata=0 code=63
BL51 BANKED LINKER/LOCATER V6.22.4.0                                                  05/01/2024  21:49:06  PAGE 3


LINK/LOCATE RUN COMPLETE.  0 WARNING(S),  0 ERROR(S)
