A51 MACRO ASSEMBLER  TASK1                                                                02/25/2024 20:38:37 PAGE     1


MACRO ASSEMBLER A51 V8.2.7.0
OBJECT MODULE PLACED IN .\Objects\task1.obj
ASSEMBLER INVOKED BY: D:\Program Files (x86)\Keil_v5\C51\BIN\A51.EXE task1.a51 SET(SMALL) DEBUG PRINT(.\Listings\task1.l
                      st) OBJECT(.\Objects\task1.obj) EP

LOC  OBJ            LINE     SOURCE

                       1     
0000 7400              2             MOV A,#0
0002 7A0A              3             MOV R2, #10
                       4     
0004                   5     AGAIN: 
0004 2403              6             ADD A,#03
0006 DAFC              7             DJNZ R2,AGAIN
0008 FD                8             MOV R5,A
                       9     
                      10     END
A51 MACRO ASSEMBLER  TASK1                                                                02/25/2024 20:38:37 PAGE     2

SYMBOL TABLE LISTING
------ ----- -------


N A M E             T Y P E  V A L U E   ATTRIBUTES

AGAIN. . . . . . .  C ADDR   0004H   A   


REGISTER BANK(S) USED: 0 


ASSEMBLY COMPLETE.  0 WARNING(S), 0 ERROR(S)
