C51 COMPILER V9.60.7.0   TASK3                                                             05/01/2024 21:49:06 PAGE 1   


C51 COMPILER V9.60.7.0, COMPILATION OF MODULE TASK3
OBJECT MODULE PLACED IN .\Objects\task3.obj
COMPILER INVOKED BY: D:\Keil_v5\C51\BIN\C51.EXE task3.c OPTIMIZE(8,SPEED) BROWSE DEBUG OBJECTEXTEND PRINT(.\Listings\tas
                    -k3.lst) TABS(2) OBJECT(.\Objects\task3.obj)

line level    source

   1          #include<reg51.h>
   2          
   3          int a, i ,j;
   4          
   5          void delay(){
   6   1      
   7   1        for(i = 0; i<255; i++){
   8   2            for(j = 0; j<255; j++){
   9   3            }
  10   2        }
  11   1      }
  12          void main(){
  13   1          
  14   1          while(1){
  15   2            P0 = P0<<1;
  16   2            delay();
  17   2            
  18   2            //P0 = 0x02;
  19   2            //delay();
  20   2            
  21   2            //P0 = 0x04;
  22   2            //delay();
  23   2            
  24   2            //P0 = 0x08;
  25   2            //delay();
  26   2            
  27   2            //P0 = 0x10;
  28   2            //delay();
  29   2            
  30   2            //P0 = 0x20;
  31   2            //delay();
  32   2            
  33   2            //P0 = 0x40;
  34   2            //delay();
  35   2            
  36   2            //P0 = 0x80;
  37   2            //delay();
  38   2            
  39   2            //P0 = 0x40;
  40   2            //delay();
  41   2            
  42   2            //P0 = 0x20;
  43   2            //delay();
  44   2            
  45   2            //P0 = 0x10;
  46   2            //delay();
  47   2            
  48   2            //P0 = 0x08;
  49   2            //delay();
  50   2            
  51   2            //P0 = 0x04;
  52   2            //delay();
  53   2        
  54   2            //P0 = 0x02;
C51 COMPILER V9.60.7.0   TASK3                                                             05/01/2024 21:49:06 PAGE 2   

  55   2            //delay();      
  56   2          }
  57   1      }
  58          


MODULE INFORMATION:   STATIC OVERLAYABLE
   CODE SIZE        =     48    ----
   CONSTANT SIZE    =   ----    ----
   XDATA SIZE       =   ----    ----
   PDATA SIZE       =   ----    ----
   DATA SIZE        =      6    ----
   IDATA SIZE       =   ----    ----
   BIT SIZE         =   ----    ----
END OF MODULE INFORMATION.


C51 COMPILATION COMPLETE.  0 WARNING(S),  0 ERROR(S)
