--------------------------------------------------------------------------------
Release 14.7 Trace  (nt64)
Copyright (c) 1995-2013 Xilinx, Inc.  All rights reserved.

D:\Xilinx\14.7\ISE_DS\ISE\bin\nt64\unwrapped\trce.exe -intstyle ise -v 3 -s 2
-n 3 -fastpaths -xml Top.twx Top.ncd -o Top.twr Top.pcf -ucf Top.ucf

Design file:              Top.ncd
Physical constraint file: Top.pcf
Device,package,speed:     xc6slx9,csg324,C,-2 (PRODUCTION 1.23 2013-10-13)
Report level:             verbose report

Environment Variable      Effect 
--------------------      ------ 
NONE                      No environment variables were set
--------------------------------------------------------------------------------

INFO:Timing:3412 - To improve timing, see the Timing Closure User Guide (UG612).
INFO:Timing:2752 - To get complete path coverage, use the unconstrained paths 
   option. All paths that are not constrained will be reported in the 
   unconstrained paths section(s) of the report.
INFO:Timing:3339 - The clock-to-out numbers in this timing report are based on 
   a 50 Ohm transmission line loading model.  For the details of this model, 
   and for more information on accounting for different loading conditions, 
   please see the device datasheet.

================================================================================
Timing constraint: NET "CLK_BUFGP/IBUFG" PERIOD = 10 ns HIGH 50%;
For more information, see Period Analysis in the Timing Closure User Guide (UG612).

 1847 paths analyzed, 57 endpoints analyzed, 0 failing endpoints
 0 timing errors detected. (0 setup errors, 0 hold errors, 0 component switching limit errors)
 Minimum period is   3.773ns.
--------------------------------------------------------------------------------

Paths for end point divider/counter_2 (SLICE_X13Y29.C1), 50 paths
--------------------------------------------------------------------------------
Slack (setup path):     6.227ns (requirement - (data path - clock path skew + uncertainty))
  Source:               divider/counter_3 (FF)
  Destination:          divider/counter_2 (FF)
  Requirement:          10.000ns
  Data Path Delay:      3.738ns (Levels of Logic = 3)
  Clock Path Skew:      0.000ns
  Source Clock:         CLK_BUFGP rising at 0.000ns
  Destination Clock:    CLK_BUFGP rising at 10.000ns
  Clock Uncertainty:    0.035ns

  Clock Uncertainty:          0.035ns  ((TSJ^2 + TIJ^2)^1/2 + DJ) / 2 + PE
    Total System Jitter (TSJ):  0.070ns
    Total Input Jitter (TIJ):   0.000ns
    Discrete Jitter (DJ):       0.000ns
    Phase Error (PE):           0.000ns

  Maximum Data Path at Slow Process Corner: divider/counter_3 to divider/counter_2
    Location             Delay type         Delay(ns)  Physical Resource
                                                       Logical Resource(s)
    -------------------------------------------------  -------------------
    SLICE_X13Y29.DQ      Tcko                  0.430   divider/counter<3>
                                                       divider/counter_3
    SLICE_X14Y31.A1      net (fanout=2)        0.961   divider/counter<3>
    SLICE_X14Y31.COUT    Topcya                0.472   divider/Mcompar_n0001_cy<3>
                                                       divider/Mcompar_n0001_lut<0>
                                                       divider/Mcompar_n0001_cy<3>
    SLICE_X14Y32.CIN     net (fanout=1)        0.135   divider/Mcompar_n0001_cy<3>
    SLICE_X14Y32.BMUX    Tcinb                 0.239   divider/Mcompar_n0001_cy<5>
                                                       divider/Mcompar_n0001_cy<5>
    SLICE_X13Y29.C1      net (fanout=28)       1.128   divider/Mcompar_n0001_cy<5>
    SLICE_X13Y29.CLK     Tas                   0.373   divider/counter<3>
                                                       divider/counter_2_rstpot
                                                       divider/counter_2
    -------------------------------------------------  ---------------------------
    Total                                      3.738ns (1.514ns logic, 2.224ns route)
                                                       (40.5% logic, 59.5% route)

--------------------------------------------------------------------------------
Slack (setup path):     6.263ns (requirement - (data path - clock path skew + uncertainty))
  Source:               divider/counter_2 (FF)
  Destination:          divider/counter_2 (FF)
  Requirement:          10.000ns
  Data Path Delay:      3.702ns (Levels of Logic = 3)
  Clock Path Skew:      0.000ns
  Source Clock:         CLK_BUFGP rising at 0.000ns
  Destination Clock:    CLK_BUFGP rising at 10.000ns
  Clock Uncertainty:    0.035ns

  Clock Uncertainty:          0.035ns  ((TSJ^2 + TIJ^2)^1/2 + DJ) / 2 + PE
    Total System Jitter (TSJ):  0.070ns
    Total Input Jitter (TIJ):   0.000ns
    Discrete Jitter (DJ):       0.000ns
    Phase Error (PE):           0.000ns

  Maximum Data Path at Slow Process Corner: divider/counter_2 to divider/counter_2
    Location             Delay type         Delay(ns)  Physical Resource
                                                       Logical Resource(s)
    -------------------------------------------------  -------------------
    SLICE_X13Y29.CQ      Tcko                  0.430   divider/counter<3>
                                                       divider/counter_2
    SLICE_X14Y31.A2      net (fanout=2)        0.925   divider/counter<2>
    SLICE_X14Y31.COUT    Topcya                0.472   divider/Mcompar_n0001_cy<3>
                                                       divider/Mcompar_n0001_lut<0>
                                                       divider/Mcompar_n0001_cy<3>
    SLICE_X14Y32.CIN     net (fanout=1)        0.135   divider/Mcompar_n0001_cy<3>
    SLICE_X14Y32.BMUX    Tcinb                 0.239   divider/Mcompar_n0001_cy<5>
                                                       divider/Mcompar_n0001_cy<5>
    SLICE_X13Y29.C1      net (fanout=28)       1.128   divider/Mcompar_n0001_cy<5>
    SLICE_X13Y29.CLK     Tas                   0.373   divider/counter<3>
                                                       divider/counter_2_rstpot
                                                       divider/counter_2
    -------------------------------------------------  ---------------------------
    Total                                      3.702ns (1.514ns logic, 2.188ns route)
                                                       (40.9% logic, 59.1% route)

--------------------------------------------------------------------------------
Slack (setup path):     6.287ns (requirement - (data path - clock path skew + uncertainty))
  Source:               divider/counter_16 (FF)
  Destination:          divider/counter_2 (FF)
  Requirement:          10.000ns
  Data Path Delay:      3.648ns (Levels of Logic = 3)
  Clock Path Skew:      -0.030ns (0.686 - 0.716)
  Source Clock:         CLK_BUFGP rising at 0.000ns
  Destination Clock:    CLK_BUFGP rising at 10.000ns
  Clock Uncertainty:    0.035ns

  Clock Uncertainty:          0.035ns  ((TSJ^2 + TIJ^2)^1/2 + DJ) / 2 + PE
    Total System Jitter (TSJ):  0.070ns
    Total Input Jitter (TIJ):   0.000ns
    Discrete Jitter (DJ):       0.000ns
    Phase Error (PE):           0.000ns

  Maximum Data Path at Slow Process Corner: divider/counter_16 to divider/counter_2
    Location             Delay type         Delay(ns)  Physical Resource
                                                       Logical Resource(s)
    -------------------------------------------------  -------------------
    SLICE_X13Y33.AQ      Tcko                  0.430   divider/counter<19>
                                                       divider/counter_16
    SLICE_X14Y31.D1      net (fanout=3)        1.008   divider/counter<16>
    SLICE_X14Y31.COUT    Topcyd                0.335   divider/Mcompar_n0001_cy<3>
                                                       divider/Mcompar_n0001_lutdi2
                                                       divider/Mcompar_n0001_cy<3>
    SLICE_X14Y32.CIN     net (fanout=1)        0.135   divider/Mcompar_n0001_cy<3>
    SLICE_X14Y32.BMUX    Tcinb                 0.239   divider/Mcompar_n0001_cy<5>
                                                       divider/Mcompar_n0001_cy<5>
    SLICE_X13Y29.C1      net (fanout=28)       1.128   divider/Mcompar_n0001_cy<5>
    SLICE_X13Y29.CLK     Tas                   0.373   divider/counter<3>
                                                       divider/counter_2_rstpot
                                                       divider/counter_2
    -------------------------------------------------  ---------------------------
    Total                                      3.648ns (1.377ns logic, 2.271ns route)
                                                       (37.7% logic, 62.3% route)

--------------------------------------------------------------------------------

Paths for end point divider/counter_7 (SLICE_X13Y30.D3), 50 paths
--------------------------------------------------------------------------------
Slack (setup path):     6.375ns (requirement - (data path - clock path skew + uncertainty))
  Source:               divider/counter_3 (FF)
  Destination:          divider/counter_7 (FF)
  Requirement:          10.000ns
  Data Path Delay:      3.580ns (Levels of Logic = 3)
  Clock Path Skew:      -0.010ns (0.195 - 0.205)
  Source Clock:         CLK_BUFGP rising at 0.000ns
  Destination Clock:    CLK_BUFGP rising at 10.000ns
  Clock Uncertainty:    0.035ns

  Clock Uncertainty:          0.035ns  ((TSJ^2 + TIJ^2)^1/2 + DJ) / 2 + PE
    Total System Jitter (TSJ):  0.070ns
    Total Input Jitter (TIJ):   0.000ns
    Discrete Jitter (DJ):       0.000ns
    Phase Error (PE):           0.000ns

  Maximum Data Path at Slow Process Corner: divider/counter_3 to divider/counter_7
    Location             Delay type         Delay(ns)  Physical Resource
                                                       Logical Resource(s)
    -------------------------------------------------  -------------------
    SLICE_X13Y29.DQ      Tcko                  0.430   divider/counter<3>
                                                       divider/counter_3
    SLICE_X14Y31.A1      net (fanout=2)        0.961   divider/counter<3>
    SLICE_X14Y31.COUT    Topcya                0.472   divider/Mcompar_n0001_cy<3>
                                                       divider/Mcompar_n0001_lut<0>
                                                       divider/Mcompar_n0001_cy<3>
    SLICE_X14Y32.CIN     net (fanout=1)        0.135   divider/Mcompar_n0001_cy<3>
    SLICE_X14Y32.BMUX    Tcinb                 0.239   divider/Mcompar_n0001_cy<5>
                                                       divider/Mcompar_n0001_cy<5>
    SLICE_X13Y30.D3      net (fanout=28)       0.970   divider/Mcompar_n0001_cy<5>
    SLICE_X13Y30.CLK     Tas                   0.373   divider/counter<7>
                                                       divider/counter_7_rstpot
                                                       divider/counter_7
    -------------------------------------------------  ---------------------------
    Total                                      3.580ns (1.514ns logic, 2.066ns route)
                                                       (42.3% logic, 57.7% route)

--------------------------------------------------------------------------------
Slack (setup path):     6.411ns (requirement - (data path - clock path skew + uncertainty))
  Source:               divider/counter_2 (FF)
  Destination:          divider/counter_7 (FF)
  Requirement:          10.000ns
  Data Path Delay:      3.544ns (Levels of Logic = 3)
  Clock Path Skew:      -0.010ns (0.195 - 0.205)
  Source Clock:         CLK_BUFGP rising at 0.000ns
  Destination Clock:    CLK_BUFGP rising at 10.000ns
  Clock Uncertainty:    0.035ns

  Clock Uncertainty:          0.035ns  ((TSJ^2 + TIJ^2)^1/2 + DJ) / 2 + PE
    Total System Jitter (TSJ):  0.070ns
    Total Input Jitter (TIJ):   0.000ns
    Discrete Jitter (DJ):       0.000ns
    Phase Error (PE):           0.000ns

  Maximum Data Path at Slow Process Corner: divider/counter_2 to divider/counter_7
    Location             Delay type         Delay(ns)  Physical Resource
                                                       Logical Resource(s)
    -------------------------------------------------  -------------------
    SLICE_X13Y29.CQ      Tcko                  0.430   divider/counter<3>
                                                       divider/counter_2
    SLICE_X14Y31.A2      net (fanout=2)        0.925   divider/counter<2>
    SLICE_X14Y31.COUT    Topcya                0.472   divider/Mcompar_n0001_cy<3>
                                                       divider/Mcompar_n0001_lut<0>
                                                       divider/Mcompar_n0001_cy<3>
    SLICE_X14Y32.CIN     net (fanout=1)        0.135   divider/Mcompar_n0001_cy<3>
    SLICE_X14Y32.BMUX    Tcinb                 0.239   divider/Mcompar_n0001_cy<5>
                                                       divider/Mcompar_n0001_cy<5>
    SLICE_X13Y30.D3      net (fanout=28)       0.970   divider/Mcompar_n0001_cy<5>
    SLICE_X13Y30.CLK     Tas                   0.373   divider/counter<7>
                                                       divider/counter_7_rstpot
                                                       divider/counter_7
    -------------------------------------------------  ---------------------------
    Total                                      3.544ns (1.514ns logic, 2.030ns route)
                                                       (42.7% logic, 57.3% route)

--------------------------------------------------------------------------------
Slack (setup path):     6.446ns (requirement - (data path - clock path skew + uncertainty))
  Source:               divider/counter_16 (FF)
  Destination:          divider/counter_7 (FF)
  Requirement:          10.000ns
  Data Path Delay:      3.490ns (Levels of Logic = 3)
  Clock Path Skew:      -0.029ns (0.687 - 0.716)
  Source Clock:         CLK_BUFGP rising at 0.000ns
  Destination Clock:    CLK_BUFGP rising at 10.000ns
  Clock Uncertainty:    0.035ns

  Clock Uncertainty:          0.035ns  ((TSJ^2 + TIJ^2)^1/2 + DJ) / 2 + PE
    Total System Jitter (TSJ):  0.070ns
    Total Input Jitter (TIJ):   0.000ns
    Discrete Jitter (DJ):       0.000ns
    Phase Error (PE):           0.000ns

  Maximum Data Path at Slow Process Corner: divider/counter_16 to divider/counter_7
    Location             Delay type         Delay(ns)  Physical Resource
                                                       Logical Resource(s)
    -------------------------------------------------  -------------------
    SLICE_X13Y33.AQ      Tcko                  0.430   divider/counter<19>
                                                       divider/counter_16
    SLICE_X14Y31.D1      net (fanout=3)        1.008   divider/counter<16>
    SLICE_X14Y31.COUT    Topcyd                0.335   divider/Mcompar_n0001_cy<3>
                                                       divider/Mcompar_n0001_lutdi2
                                                       divider/Mcompar_n0001_cy<3>
    SLICE_X14Y32.CIN     net (fanout=1)        0.135   divider/Mcompar_n0001_cy<3>
    SLICE_X14Y32.BMUX    Tcinb                 0.239   divider/Mcompar_n0001_cy<5>
                                                       divider/Mcompar_n0001_cy<5>
    SLICE_X13Y30.D3      net (fanout=28)       0.970   divider/Mcompar_n0001_cy<5>
    SLICE_X13Y30.CLK     Tas                   0.373   divider/counter<7>
                                                       divider/counter_7_rstpot
                                                       divider/counter_7
    -------------------------------------------------  ---------------------------
    Total                                      3.490ns (1.377ns logic, 2.113ns route)
                                                       (39.5% logic, 60.5% route)

--------------------------------------------------------------------------------

Paths for end point divider/counter_1 (SLICE_X13Y29.B3), 50 paths
--------------------------------------------------------------------------------
Slack (setup path):     6.377ns (requirement - (data path - clock path skew + uncertainty))
  Source:               divider/counter_3 (FF)
  Destination:          divider/counter_1 (FF)
  Requirement:          10.000ns
  Data Path Delay:      3.588ns (Levels of Logic = 3)
  Clock Path Skew:      0.000ns
  Source Clock:         CLK_BUFGP rising at 0.000ns
  Destination Clock:    CLK_BUFGP rising at 10.000ns
  Clock Uncertainty:    0.035ns

  Clock Uncertainty:          0.035ns  ((TSJ^2 + TIJ^2)^1/2 + DJ) / 2 + PE
    Total System Jitter (TSJ):  0.070ns
    Total Input Jitter (TIJ):   0.000ns
    Discrete Jitter (DJ):       0.000ns
    Phase Error (PE):           0.000ns

  Maximum Data Path at Slow Process Corner: divider/counter_3 to divider/counter_1
    Location             Delay type         Delay(ns)  Physical Resource
                                                       Logical Resource(s)
    -------------------------------------------------  -------------------
    SLICE_X13Y29.DQ      Tcko                  0.430   divider/counter<3>
                                                       divider/counter_3
    SLICE_X14Y31.A1      net (fanout=2)        0.961   divider/counter<3>
    SLICE_X14Y31.COUT    Topcya                0.472   divider/Mcompar_n0001_cy<3>
                                                       divider/Mcompar_n0001_lut<0>
                                                       divider/Mcompar_n0001_cy<3>
    SLICE_X14Y32.CIN     net (fanout=1)        0.135   divider/Mcompar_n0001_cy<3>
    SLICE_X14Y32.BMUX    Tcinb                 0.239   divider/Mcompar_n0001_cy<5>
                                                       divider/Mcompar_n0001_cy<5>
    SLICE_X13Y29.B3      net (fanout=28)       0.978   divider/Mcompar_n0001_cy<5>
    SLICE_X13Y29.CLK     Tas                   0.373   divider/counter<3>
                                                       divider/counter_1_rstpot
                                                       divider/counter_1
    -------------------------------------------------  ---------------------------
    Total                                      3.588ns (1.514ns logic, 2.074ns route)
                                                       (42.2% logic, 57.8% route)

--------------------------------------------------------------------------------
Slack (setup path):     6.413ns (requirement - (data path - clock path skew + uncertainty))
  Source:               divider/counter_2 (FF)
  Destination:          divider/counter_1 (FF)
  Requirement:          10.000ns
  Data Path Delay:      3.552ns (Levels of Logic = 3)
  Clock Path Skew:      0.000ns
  Source Clock:         CLK_BUFGP rising at 0.000ns
  Destination Clock:    CLK_BUFGP rising at 10.000ns
  Clock Uncertainty:    0.035ns

  Clock Uncertainty:          0.035ns  ((TSJ^2 + TIJ^2)^1/2 + DJ) / 2 + PE
    Total System Jitter (TSJ):  0.070ns
    Total Input Jitter (TIJ):   0.000ns
    Discrete Jitter (DJ):       0.000ns
    Phase Error (PE):           0.000ns

  Maximum Data Path at Slow Process Corner: divider/counter_2 to divider/counter_1
    Location             Delay type         Delay(ns)  Physical Resource
                                                       Logical Resource(s)
    -------------------------------------------------  -------------------
    SLICE_X13Y29.CQ      Tcko                  0.430   divider/counter<3>
                                                       divider/counter_2
    SLICE_X14Y31.A2      net (fanout=2)        0.925   divider/counter<2>
    SLICE_X14Y31.COUT    Topcya                0.472   divider/Mcompar_n0001_cy<3>
                                                       divider/Mcompar_n0001_lut<0>
                                                       divider/Mcompar_n0001_cy<3>
    SLICE_X14Y32.CIN     net (fanout=1)        0.135   divider/Mcompar_n0001_cy<3>
    SLICE_X14Y32.BMUX    Tcinb                 0.239   divider/Mcompar_n0001_cy<5>
                                                       divider/Mcompar_n0001_cy<5>
    SLICE_X13Y29.B3      net (fanout=28)       0.978   divider/Mcompar_n0001_cy<5>
    SLICE_X13Y29.CLK     Tas                   0.373   divider/counter<3>
                                                       divider/counter_1_rstpot
                                                       divider/counter_1
    -------------------------------------------------  ---------------------------
    Total                                      3.552ns (1.514ns logic, 2.038ns route)
                                                       (42.6% logic, 57.4% route)

--------------------------------------------------------------------------------
Slack (setup path):     6.437ns (requirement - (data path - clock path skew + uncertainty))
  Source:               divider/counter_16 (FF)
  Destination:          divider/counter_1 (FF)
  Requirement:          10.000ns
  Data Path Delay:      3.498ns (Levels of Logic = 3)
  Clock Path Skew:      -0.030ns (0.686 - 0.716)
  Source Clock:         CLK_BUFGP rising at 0.000ns
  Destination Clock:    CLK_BUFGP rising at 10.000ns
  Clock Uncertainty:    0.035ns

  Clock Uncertainty:          0.035ns  ((TSJ^2 + TIJ^2)^1/2 + DJ) / 2 + PE
    Total System Jitter (TSJ):  0.070ns
    Total Input Jitter (TIJ):   0.000ns
    Discrete Jitter (DJ):       0.000ns
    Phase Error (PE):           0.000ns

  Maximum Data Path at Slow Process Corner: divider/counter_16 to divider/counter_1
    Location             Delay type         Delay(ns)  Physical Resource
                                                       Logical Resource(s)
    -------------------------------------------------  -------------------
    SLICE_X13Y33.AQ      Tcko                  0.430   divider/counter<19>
                                                       divider/counter_16
    SLICE_X14Y31.D1      net (fanout=3)        1.008   divider/counter<16>
    SLICE_X14Y31.COUT    Topcyd                0.335   divider/Mcompar_n0001_cy<3>
                                                       divider/Mcompar_n0001_lutdi2
                                                       divider/Mcompar_n0001_cy<3>
    SLICE_X14Y32.CIN     net (fanout=1)        0.135   divider/Mcompar_n0001_cy<3>
    SLICE_X14Y32.BMUX    Tcinb                 0.239   divider/Mcompar_n0001_cy<5>
                                                       divider/Mcompar_n0001_cy<5>
    SLICE_X13Y29.B3      net (fanout=28)       0.978   divider/Mcompar_n0001_cy<5>
    SLICE_X13Y29.CLK     Tas                   0.373   divider/counter<3>
                                                       divider/counter_1_rstpot
                                                       divider/counter_1
    -------------------------------------------------  ---------------------------
    Total                                      3.498ns (1.377ns logic, 2.121ns route)
                                                       (39.4% logic, 60.6% route)

--------------------------------------------------------------------------------

Hold Paths: NET "CLK_BUFGP/IBUFG" PERIOD = 10 ns HIGH 50%;
--------------------------------------------------------------------------------

Paths for end point divider/counter_13 (SLICE_X15Y32.B5), 14 paths
--------------------------------------------------------------------------------
Slack (hold path):      1.070ns (requirement - (clock path skew + uncertainty - data path))
  Source:               divider/counter_13 (FF)
  Destination:          divider/counter_13 (FF)
  Requirement:          0.000ns
  Data Path Delay:      1.070ns (Levels of Logic = 2)
  Clock Path Skew:      0.000ns
  Source Clock:         CLK_BUFGP rising at 10.000ns
  Destination Clock:    CLK_BUFGP rising at 10.000ns
  Clock Uncertainty:    0.000ns

  Minimum Data Path at Fast Process Corner: divider/counter_13 to divider/counter_13
    Location             Delay type         Delay(ns)  Physical Resource
                                                       Logical Resource(s)
    -------------------------------------------------  -------------------
    SLICE_X15Y32.BQ      Tcko                  0.198   divider/counter<15>
                                                       divider/counter_13
    SLICE_X12Y32.B4      net (fanout=3)        0.234   divider/counter<13>
    SLICE_X12Y32.BMUX    Topbb                 0.244   divider/Mcount_counter_cy<15>
                                                       divider/counter<13>_rt
                                                       divider/Mcount_counter_cy<15>
    SLICE_X15Y32.B5      net (fanout=1)        0.179   Result<13>
    SLICE_X15Y32.CLK     Tah         (-Th)    -0.215   divider/counter<15>
                                                       divider/counter_13_rstpot
                                                       divider/counter_13
    -------------------------------------------------  ---------------------------
    Total                                      1.070ns (0.657ns logic, 0.413ns route)
                                                       (61.4% logic, 38.6% route)

--------------------------------------------------------------------------------
Slack (hold path):      1.227ns (requirement - (clock path skew + uncertainty - data path))
  Source:               divider/counter_12 (FF)
  Destination:          divider/counter_13 (FF)
  Requirement:          0.000ns
  Data Path Delay:      1.227ns (Levels of Logic = 2)
  Clock Path Skew:      0.000ns
  Source Clock:         CLK_BUFGP rising at 10.000ns
  Destination Clock:    CLK_BUFGP rising at 10.000ns
  Clock Uncertainty:    0.000ns

  Minimum Data Path at Fast Process Corner: divider/counter_12 to divider/counter_13
    Location             Delay type         Delay(ns)  Physical Resource
                                                       Logical Resource(s)
    -------------------------------------------------  -------------------
    SLICE_X15Y32.AQ      Tcko                  0.198   divider/counter<15>
                                                       divider/counter_12
    SLICE_X12Y32.A2      net (fanout=3)        0.363   divider/counter<12>
    SLICE_X12Y32.BMUX    Topab                 0.272   divider/Mcount_counter_cy<15>
                                                       divider/counter<12>_rt
                                                       divider/Mcount_counter_cy<15>
    SLICE_X15Y32.B5      net (fanout=1)        0.179   Result<13>
    SLICE_X15Y32.CLK     Tah         (-Th)    -0.215   divider/counter<15>
                                                       divider/counter_13_rstpot
                                                       divider/counter_13
    -------------------------------------------------  ---------------------------
    Total                                      1.227ns (0.685ns logic, 0.542ns route)
                                                       (55.8% logic, 44.2% route)

--------------------------------------------------------------------------------
Slack (hold path):      1.435ns (requirement - (clock path skew + uncertainty - data path))
  Source:               divider/counter_10 (FF)
  Destination:          divider/counter_13 (FF)
  Requirement:          0.000ns
  Data Path Delay:      1.443ns (Levels of Logic = 3)
  Clock Path Skew:      0.008ns (0.329 - 0.321)
  Source Clock:         CLK_BUFGP rising at 10.000ns
  Destination Clock:    CLK_BUFGP rising at 10.000ns
  Clock Uncertainty:    0.000ns

  Minimum Data Path at Fast Process Corner: divider/counter_10 to divider/counter_13
    Location             Delay type         Delay(ns)  Physical Resource
                                                       Logical Resource(s)
    -------------------------------------------------  -------------------
    SLICE_X13Y31.CQ      Tcko                  0.198   divider/counter<11>
                                                       divider/counter_10
    SLICE_X12Y31.C1      net (fanout=3)        0.362   divider/counter<10>
    SLICE_X12Y31.COUT    Topcyc                0.203   divider/Mcount_counter_cy<11>
                                                       divider/counter<10>_rt
                                                       divider/Mcount_counter_cy<11>
    SLICE_X12Y32.CIN     net (fanout=1)        0.133   divider/Mcount_counter_cy<11>
    SLICE_X12Y32.BMUX    Tcinb                 0.153   divider/Mcount_counter_cy<15>
                                                       divider/Mcount_counter_cy<15>
    SLICE_X15Y32.B5      net (fanout=1)        0.179   Result<13>
    SLICE_X15Y32.CLK     Tah         (-Th)    -0.215   divider/counter<15>
                                                       divider/counter_13_rstpot
                                                       divider/counter_13
    -------------------------------------------------  ---------------------------
    Total                                      1.443ns (0.769ns logic, 0.674ns route)
                                                       (53.3% logic, 46.7% route)

--------------------------------------------------------------------------------

Paths for end point divider/counter_15 (SLICE_X15Y32.D6), 50 paths
--------------------------------------------------------------------------------
Slack (hold path):      1.082ns (requirement - (clock path skew + uncertainty - data path))
  Source:               divider/counter_25 (FF)
  Destination:          divider/counter_15 (FF)
  Requirement:          0.000ns
  Data Path Delay:      1.089ns (Levels of Logic = 2)
  Clock Path Skew:      0.007ns (0.077 - 0.070)
  Source Clock:         CLK_BUFGP rising at 10.000ns
  Destination Clock:    CLK_BUFGP rising at 10.000ns
  Clock Uncertainty:    0.000ns

  Minimum Data Path at Fast Process Corner: divider/counter_25 to divider/counter_15
    Location             Delay type         Delay(ns)  Physical Resource
                                                       Logical Resource(s)
    -------------------------------------------------  -------------------
    SLICE_X13Y35.BQ      Tcko                  0.198   divider/counter<27>
                                                       divider/counter_25
    SLICE_X14Y32.B5      net (fanout=3)        0.334   divider/counter<25>
    SLICE_X14Y32.BMUX    Topbb                 0.279   divider/Mcompar_n0001_cy<5>
                                                       divider/Mcompar_n0001_lutdi4
                                                       divider/Mcompar_n0001_cy<5>
    SLICE_X15Y32.D6      net (fanout=28)       0.063   divider/Mcompar_n0001_cy<5>
    SLICE_X15Y32.CLK     Tah         (-Th)    -0.215   divider/counter<15>
                                                       divider/counter_15_rstpot
                                                       divider/counter_15
    -------------------------------------------------  ---------------------------
    Total                                      1.089ns (0.692ns logic, 0.397ns route)
                                                       (63.5% logic, 36.5% route)

--------------------------------------------------------------------------------
Slack (hold path):      1.090ns (requirement - (clock path skew + uncertainty - data path))
  Source:               divider/counter_21 (FF)
  Destination:          divider/counter_15 (FF)
  Requirement:          0.000ns
  Data Path Delay:      1.096ns (Levels of Logic = 2)
  Clock Path Skew:      0.006ns (0.077 - 0.071)
  Source Clock:         CLK_BUFGP rising at 10.000ns
  Destination Clock:    CLK_BUFGP rising at 10.000ns
  Clock Uncertainty:    0.000ns

  Minimum Data Path at Fast Process Corner: divider/counter_21 to divider/counter_15
    Location             Delay type         Delay(ns)  Physical Resource
                                                       Logical Resource(s)
    -------------------------------------------------  -------------------
    SLICE_X13Y34.BQ      Tcko                  0.198   divider/counter<23>
                                                       divider/counter_21
    SLICE_X14Y32.A5      net (fanout=3)        0.304   divider/counter<21>
    SLICE_X14Y32.BMUX    Topab                 0.316   divider/Mcompar_n0001_cy<5>
                                                       divider/Mcompar_n0001_lutdi3
                                                       divider/Mcompar_n0001_cy<5>
    SLICE_X15Y32.D6      net (fanout=28)       0.063   divider/Mcompar_n0001_cy<5>
    SLICE_X15Y32.CLK     Tah         (-Th)    -0.215   divider/counter<15>
                                                       divider/counter_15_rstpot
                                                       divider/counter_15
    -------------------------------------------------  ---------------------------
    Total                                      1.096ns (0.729ns logic, 0.367ns route)
                                                       (66.5% logic, 33.5% route)

--------------------------------------------------------------------------------
Slack (hold path):      1.094ns (requirement - (clock path skew + uncertainty - data path))
  Source:               divider/counter_21 (FF)
  Destination:          divider/counter_15 (FF)
  Requirement:          0.000ns
  Data Path Delay:      1.100ns (Levels of Logic = 2)
  Clock Path Skew:      0.006ns (0.077 - 0.071)
  Source Clock:         CLK_BUFGP rising at 10.000ns
  Destination Clock:    CLK_BUFGP rising at 10.000ns
  Clock Uncertainty:    0.000ns

  Minimum Data Path at Fast Process Corner: divider/counter_21 to divider/counter_15
    Location             Delay type         Delay(ns)  Physical Resource
                                                       Logical Resource(s)
    -------------------------------------------------  -------------------
    SLICE_X13Y34.BQ      Tcko                  0.198   divider/counter<23>
                                                       divider/counter_21
    SLICE_X14Y32.A5      net (fanout=3)        0.304   divider/counter<21>
    SLICE_X14Y32.BMUX    Topab                 0.320   divider/Mcompar_n0001_cy<5>
                                                       divider/Mcompar_n0001_lut<4>
                                                       divider/Mcompar_n0001_cy<5>
    SLICE_X15Y32.D6      net (fanout=28)       0.063   divider/Mcompar_n0001_cy<5>
    SLICE_X15Y32.CLK     Tah         (-Th)    -0.215   divider/counter<15>
                                                       divider/counter_15_rstpot
                                                       divider/counter_15
    -------------------------------------------------  ---------------------------
    Total                                      1.100ns (0.733ns logic, 0.367ns route)
                                                       (66.6% logic, 33.4% route)

--------------------------------------------------------------------------------

Paths for end point divider/counter_14 (SLICE_X15Y32.C6), 15 paths
--------------------------------------------------------------------------------
Slack (hold path):      1.100ns (requirement - (clock path skew + uncertainty - data path))
  Source:               divider/counter_13 (FF)
  Destination:          divider/counter_14 (FF)
  Requirement:          0.000ns
  Data Path Delay:      1.100ns (Levels of Logic = 2)
  Clock Path Skew:      0.000ns
  Source Clock:         CLK_BUFGP rising at 10.000ns
  Destination Clock:    CLK_BUFGP rising at 10.000ns
  Clock Uncertainty:    0.000ns

  Minimum Data Path at Fast Process Corner: divider/counter_13 to divider/counter_14
    Location             Delay type         Delay(ns)  Physical Resource
                                                       Logical Resource(s)
    -------------------------------------------------  -------------------
    SLICE_X15Y32.BQ      Tcko                  0.198   divider/counter<15>
                                                       divider/counter_13
    SLICE_X12Y32.B4      net (fanout=3)        0.234   divider/counter<13>
    SLICE_X12Y32.CMUX    Topbc                 0.324   divider/Mcount_counter_cy<15>
                                                       divider/counter<13>_rt
                                                       divider/Mcount_counter_cy<15>
    SLICE_X15Y32.C6      net (fanout=1)        0.129   Result<14>
    SLICE_X15Y32.CLK     Tah         (-Th)    -0.215   divider/counter<15>
                                                       divider/counter_14_rstpot
                                                       divider/counter_14
    -------------------------------------------------  ---------------------------
    Total                                      1.100ns (0.737ns logic, 0.363ns route)
                                                       (67.0% logic, 33.0% route)

--------------------------------------------------------------------------------
Slack (hold path):      1.187ns (requirement - (clock path skew + uncertainty - data path))
  Source:               divider/counter_14 (FF)
  Destination:          divider/counter_14 (FF)
  Requirement:          0.000ns
  Data Path Delay:      1.187ns (Levels of Logic = 2)
  Clock Path Skew:      0.000ns
  Source Clock:         CLK_BUFGP rising at 10.000ns
  Destination Clock:    CLK_BUFGP rising at 10.000ns
  Clock Uncertainty:    0.000ns

  Minimum Data Path at Fast Process Corner: divider/counter_14 to divider/counter_14
    Location             Delay type         Delay(ns)  Physical Resource
                                                       Logical Resource(s)
    -------------------------------------------------  -------------------
    SLICE_X15Y32.CQ      Tcko                  0.198   divider/counter<15>
                                                       divider/counter_14
    SLICE_X12Y32.C2      net (fanout=3)        0.363   divider/counter<14>
    SLICE_X12Y32.CMUX    Topcc                 0.282   divider/Mcount_counter_cy<15>
                                                       divider/counter<14>_rt
                                                       divider/Mcount_counter_cy<15>
    SLICE_X15Y32.C6      net (fanout=1)        0.129   Result<14>
    SLICE_X15Y32.CLK     Tah         (-Th)    -0.215   divider/counter<15>
                                                       divider/counter_14_rstpot
                                                       divider/counter_14
    -------------------------------------------------  ---------------------------
    Total                                      1.187ns (0.695ns logic, 0.492ns route)
                                                       (58.6% logic, 41.4% route)

--------------------------------------------------------------------------------
Slack (hold path):      1.235ns (requirement - (clock path skew + uncertainty - data path))
  Source:               divider/counter_12 (FF)
  Destination:          divider/counter_14 (FF)
  Requirement:          0.000ns
  Data Path Delay:      1.235ns (Levels of Logic = 2)
  Clock Path Skew:      0.000ns
  Source Clock:         CLK_BUFGP rising at 10.000ns
  Destination Clock:    CLK_BUFGP rising at 10.000ns
  Clock Uncertainty:    0.000ns

  Minimum Data Path at Fast Process Corner: divider/counter_12 to divider/counter_14
    Location             Delay type         Delay(ns)  Physical Resource
                                                       Logical Resource(s)
    -------------------------------------------------  -------------------
    SLICE_X15Y32.AQ      Tcko                  0.198   divider/counter<15>
                                                       divider/counter_12
    SLICE_X12Y32.A2      net (fanout=3)        0.363   divider/counter<12>
    SLICE_X12Y32.CMUX    Topac                 0.330   divider/Mcount_counter_cy<15>
                                                       divider/counter<12>_rt
                                                       divider/Mcount_counter_cy<15>
    SLICE_X15Y32.C6      net (fanout=1)        0.129   Result<14>
    SLICE_X15Y32.CLK     Tah         (-Th)    -0.215   divider/counter<15>
                                                       divider/counter_14_rstpot
                                                       divider/counter_14
    -------------------------------------------------  ---------------------------
    Total                                      1.235ns (0.743ns logic, 0.492ns route)
                                                       (60.2% logic, 39.8% route)

--------------------------------------------------------------------------------

Component Switching Limit Checks: NET "CLK_BUFGP/IBUFG" PERIOD = 10 ns HIGH 50%;
--------------------------------------------------------------------------------
Slack: 7.334ns (period - min period limit)
  Period: 10.000ns
  Min period limit: 2.666ns (375.094MHz) (Tbcper_I)
  Physical resource: CLK_BUFGP/BUFG/I0
  Logical resource: CLK_BUFGP/BUFG/I0
  Location pin: BUFGMUX_X3Y13.I0
  Clock network: CLK_BUFGP/IBUFG
--------------------------------------------------------------------------------
Slack: 9.520ns (period - min period limit)
  Period: 10.000ns
  Min period limit: 0.480ns (2083.333MHz) (Tcp)
  Physical resource: divider/clk_out/CLK
  Logical resource: divider/clk_out/CK
  Location pin: SLICE_X20Y35.CLK
  Clock network: CLK_BUFGP
--------------------------------------------------------------------------------
Slack: 9.530ns (period - min period limit)
  Period: 10.000ns
  Min period limit: 0.470ns (2127.660MHz) (Tcp)
  Physical resource: divider/counter<3>/CLK
  Logical resource: divider/counter_0/CK
  Location pin: SLICE_X13Y29.CLK
  Clock network: CLK_BUFGP
--------------------------------------------------------------------------------


All constraints were met.


Data Sheet report:
-----------------
All values displayed in nanoseconds (ns)

Clock to Setup on destination clock CLK
---------------+---------+---------+---------+---------+
               | Src:Rise| Src:Fall| Src:Rise| Src:Fall|
Source Clock   |Dest:Rise|Dest:Rise|Dest:Fall|Dest:Fall|
---------------+---------+---------+---------+---------+
CLK            |    3.773|         |         |         |
---------------+---------+---------+---------+---------+


Timing summary:
---------------

Timing errors: 0  Score: 0  (Setup/Max: 0, Hold: 0)

Constraints cover 1847 paths, 0 nets, and 154 connections

Design statistics:
   Minimum period:   3.773ns{1}   (Maximum frequency: 265.041MHz)


------------------------------------Footnotes-----------------------------------
1)  The minimum period statistic assumes all single cycle delays.

Analysis completed Mon May 06 13:13:34 2024 
--------------------------------------------------------------------------------

Trace Settings:
-------------------------
Trace Settings 

Peak Memory Usage: 4572 MB



