Release 14.7 - xst P.20131013 (nt64)
Copyright (c) 1995-2013 Xilinx, Inc.  All rights reserved.
--> Parameter TMPDIR set to xst/projnav.tmp


Total REAL time to Xst completion: 0.00 secs
Total CPU time to Xst completion: 0.14 secs
 
--> Parameter xsthdpdir set to xst


Total REAL time to Xst completion: 0.00 secs
Total CPU time to Xst completion: 0.14 secs
 
--> Reading design: Top.prj

TABLE OF CONTENTS
  1) Synthesis Options Summary
  2) HDL Parsing
  3) HDL Elaboration
  4) HDL Synthesis
       4.1) HDL Synthesis Report
  5) Advanced HDL Synthesis
       5.1) Advanced HDL Synthesis Report
  6) Low Level Synthesis
  7) Partition Report
  8) Design Summary
       8.1) Primitive and Black Box Usage
       8.2) Device utilization summary
       8.3) Partition Resource Summary
       8.4) Timing Report
            8.4.1) Clock Information
            8.4.2) Asynchronous Control Signals Information
            8.4.3) Timing Summary
            8.4.4) Timing Details
            8.4.5) Cross Clock Domains Report


=========================================================================
*                      Synthesis Options Summary                        *
=========================================================================
---- Source Parameters
Input File Name                    : "Top.prj"
Ignore Synthesis Constraint File   : NO

---- Target Parameters
Output File Name                   : "Top"
Output Format                      : NGC
Target Device                      : xc6slx9-2-csg324

---- Source Options
Top Module Name                    : Top
Automatic FSM Extraction           : YES
FSM Encoding Algorithm             : Auto
Safe Implementation                : No
FSM Style                          : LUT
RAM Extraction                     : Yes
RAM Style                          : Auto
ROM Extraction                     : Yes
Shift Register Extraction          : YES
ROM Style                          : Auto
Resource Sharing                   : YES
Asynchronous To Synchronous        : NO
Shift Register Minimum Size        : 2
Use DSP Block                      : Auto
Automatic Register Balancing       : No

---- Target Options
LUT Combining                      : Auto
Reduce Control Sets                : Auto
Add IO Buffers                     : YES
Global Maximum Fanout              : 100000
Add Generic Clock Buffer(BUFG)     : 16
Register Duplication               : YES
Optimize Instantiated Primitives   : NO
Use Clock Enable                   : Auto
Use Synchronous Set                : Auto
Use Synchronous Reset              : Auto
Pack IO Registers into IOBs        : Auto
Equivalent register Removal        : YES

---- General Options
Optimization Goal                  : Speed
Optimization Effort                : 1
Power Reduction                    : NO
Keep Hierarchy                     : No
Netlist Hierarchy                  : As_Optimized
RTL Output                         : Yes
Global Optimization                : AllClockNets
Read Cores                         : YES
Write Timing Constraints           : NO
Cross Clock Analysis               : NO
Hierarchy Separator                : /
Bus Delimiter                      : <>
Case Specifier                     : Maintain
Slice Utilization Ratio            : 100
BRAM Utilization Ratio             : 100
DSP48 Utilization Ratio            : 100
Auto BRAM Packing                  : NO
Slice Utilization Ratio Delta      : 5

=========================================================================


=========================================================================
*                          HDL Parsing                                  *
=========================================================================
Analyzing Verilog file "D:\Uni\DSD\Codes\8-RippleCounter(i)\D_FF.v" into library work
Parsing module <D_FF>.
Analyzing Verilog file "D:\Uni\DSD - Lab\Lab9\xilinx\Task1\synchronizer.v" into library work
Parsing module <synchronizer>.
Analyzing Verilog file "D:\Uni\DSD - Lab\Lab9\xilinx\Task1\sw_btn_fsm.v" into library work
Parsing module <sw_btn_fsm>.
Analyzing Verilog file "D:\Uni\DSD - Lab\Lab9\xilinx\Task1\level_to_pulse.v" into library work
Parsing module <level_to_pulse>.
Analyzing Verilog file "D:\Uni\DSD - Lab\Lab9\xilinx\Task1\clock_divider.v" into library work
Parsing module <clock_divider>.
Analyzing Verilog file "D:\Uni\DSD - Lab\Lab9\xilinx\Task1\Top.v" into library work
Parsing module <Top>.

=========================================================================
*                            HDL Elaboration                            *
=========================================================================

Elaborating module <Top>.

Elaborating module <clock_divider>.

Elaborating module <sw_btn_fsm>.

Elaborating module <synchronizer>.

Elaborating module <D_FF>.

Elaborating module <level_to_pulse>.

=========================================================================
*                           HDL Synthesis                               *
=========================================================================

Synthesizing Unit <Top>.
    Related source file is "D:\Uni\DSD - Lab\Lab9\xilinx\Task1\Top.v".
    Summary:
	no macro.
Unit <Top> synthesized.

Synthesizing Unit <clock_divider>.
    Related source file is "D:\Uni\DSD - Lab\Lab9\xilinx\Task1\clock_divider.v".
        divisor = 28'b0000000011110100001001000000
    Found 1-bit register for signal <clk_out>.
    Found 28-bit register for signal <counter>.
    Found 28-bit adder for signal <counter[27]_GND_2_o_add_1_OUT> created at line 9.
    Found 28-bit comparator greater for signal <n0001> created at line 11
    Found 28-bit comparator greater for signal <counter[27]_GND_2_o_LessThan_5_o> created at line 14
    Summary:
	inferred   1 Adder/Subtractor(s).
	inferred  29 D-type flip-flop(s).
	inferred   2 Comparator(s).
Unit <clock_divider> synthesized.

Synthesizing Unit <sw_btn_fsm>.
    Related source file is "D:\Uni\DSD - Lab\Lab9\xilinx\Task1\sw_btn_fsm.v".
        s0 = 1'b0
        s1 = 1'b1
    Found 1-bit register for signal <state>.
    Summary:
	inferred   1 D-type flip-flop(s).
	inferred   1 Multiplexer(s).
Unit <sw_btn_fsm> synthesized.

Synthesizing Unit <synchronizer>.
    Related source file is "D:\Uni\DSD - Lab\Lab9\xilinx\Task1\synchronizer.v".
    Summary:
	no macro.
Unit <synchronizer> synthesized.

Synthesizing Unit <D_FF>.
    Related source file is "D:\Uni\DSD\Codes\8-RippleCounter(i)\D_FF.v".
    Found 1-bit register for signal <q>.
    Summary:
	inferred   1 D-type flip-flop(s).
Unit <D_FF> synthesized.

Synthesizing Unit <level_to_pulse>.
    Related source file is "D:\Uni\DSD - Lab\Lab9\xilinx\Task1\level_to_pulse.v".
    Summary:
	no macro.
Unit <level_to_pulse> synthesized.

=========================================================================
HDL Synthesis Report

Macro Statistics
# Adders/Subtractors                                   : 1
 28-bit adder                                          : 1
# Registers                                            : 6
 1-bit register                                        : 5
 28-bit register                                       : 1
# Comparators                                          : 2
 28-bit comparator greater                             : 2
# Multiplexers                                         : 1
 1-bit 2-to-1 multiplexer                              : 1

=========================================================================

=========================================================================
*                       Advanced HDL Synthesis                          *
=========================================================================


Synthesizing (advanced) Unit <clock_divider>.
The following registers are absorbed into counter <counter>: 1 register on signal <counter>.
Unit <clock_divider> synthesized (advanced).

=========================================================================
Advanced HDL Synthesis Report

Macro Statistics
# Counters                                             : 1
 28-bit up counter                                     : 1
# Registers                                            : 5
 Flip-Flops                                            : 5
# Comparators                                          : 2
 28-bit comparator greater                             : 2

=========================================================================

=========================================================================
*                         Low Level Synthesis                           *
=========================================================================

Optimizing unit <Top> ...

Mapping all equations...
Building and optimizing final netlist ...
Found area constraint ratio of 100 (+ 5) on block Top, actual ratio is 1.

Final Macro Processing ...

=========================================================================
Final Register Report

Macro Statistics
# Registers                                            : 33
 Flip-Flops                                            : 33

=========================================================================

=========================================================================
*                           Partition Report                            *
=========================================================================

Partition Implementation Status
-------------------------------

  No Partitions were found in this design.

-------------------------------

=========================================================================
*                            Design Summary                             *
=========================================================================

Top Level Output File Name         : Top.ngc

Primitive and Black Box Usage:
------------------------------
# BELS                             : 146
#      GND                         : 1
#      INV                         : 2
#      LUT1                        : 27
#      LUT2                        : 28
#      LUT3                        : 5
#      LUT4                        : 2
#      LUT5                        : 14
#      MUXCY                       : 38
#      VCC                         : 1
#      XORCY                       : 28
# FlipFlops/Latches                : 33
#      FD                          : 29
#      FDC_1                       : 3
#      FDR                         : 1
# Clock Buffers                    : 1
#      BUFGP                       : 1
# IO Buffers                       : 3
#      IBUF                        : 2
#      OBUF                        : 1

Device utilization summary:
---------------------------

Selected Device : 6slx9csg324-2 


Slice Logic Utilization: 
 Number of Slice Registers:              33  out of  11440     0%  
 Number of Slice LUTs:                   78  out of   5720     1%  
    Number used as Logic:                78  out of   5720     1%  

Slice Logic Distribution: 
 Number of LUT Flip Flop pairs used:     81
   Number with an unused Flip Flop:      48  out of     81    59%  
   Number with an unused LUT:             3  out of     81     3%  
   Number of fully used LUT-FF pairs:    30  out of     81    37%  
   Number of unique control sets:         3

IO Utilization: 
 Number of IOs:                           4
 Number of bonded IOBs:                   4  out of    200     2%  

Specific Feature Utilization:
 Number of BUFG/BUFGCTRLs:                1  out of     16     6%  

---------------------------
Partition Resource Summary:
---------------------------

  No Partitions were found in this design.

---------------------------


=========================================================================
Timing Report

NOTE: THESE TIMING NUMBERS ARE ONLY A SYNTHESIS ESTIMATE.
      FOR ACCURATE TIMING INFORMATION PLEASE REFER TO THE TRACE REPORT
      GENERATED AFTER PLACE-and-ROUTE.

Clock Information:
------------------
-----------------------------------+------------------------+-------+
Clock Signal                       | Clock buffer(FF name)  | Load  |
-----------------------------------+------------------------+-------+
CLK                                | BUFGP                  | 29    |
divider/clk_out                    | NONE(my_fsm/state)     | 4     |
-----------------------------------+------------------------+-------+
INFO:Xst:2169 - HDL ADVISOR - Some clock signals were not automatically buffered by XST with BUFG/BUFR resources. Please use the buffer_type constraint in order to insert these buffers to the clock signals to help prevent skew problems.

Asynchronous Control Signals Information:
----------------------------------------
No asynchronous control signals found in this design

Timing Summary:
---------------
Speed Grade: -2

   Minimum period: 4.351ns (Maximum Frequency: 229.824MHz)
   Minimum input arrival time before clock: 2.590ns
   Maximum output required time after clock: 4.162ns
   Maximum combinational path delay: No path found

Timing Details:
---------------
All values displayed in nanoseconds (ns)

=========================================================================
Timing constraint: Default period analysis for Clock 'CLK'
  Clock period: 4.351ns (frequency: 229.824MHz)
  Total number of paths / destination ports: 1847 / 29
-------------------------------------------------------------------------
Delay:               4.351ns (Levels of Logic = 7)
  Source:            divider/counter_6 (FF)
  Destination:       divider/counter_0 (FF)
  Source Clock:      CLK rising
  Destination Clock: CLK rising

  Data Path: divider/counter_6 to divider/counter_0
                                Gate     Net
    Cell:in->out      fanout   Delay   Delay  Logical Name (Net Name)
    ----------------------------------------  ------------
     FD:C->Q               5   0.525   1.271  divider/counter_6 (divider/counter_6)
     LUT5:I0->O            1   0.254   0.000  divider/Mcompar_n0001_lut<1> (divider/Mcompar_n0001_lut<1>)
     MUXCY:S->O            1   0.215   0.000  divider/Mcompar_n0001_cy<1> (divider/Mcompar_n0001_cy<1>)
     MUXCY:CI->O           1   0.023   0.000  divider/Mcompar_n0001_cy<2> (divider/Mcompar_n0001_cy<2>)
     MUXCY:CI->O           1   0.023   0.000  divider/Mcompar_n0001_cy<3> (divider/Mcompar_n0001_cy<3>)
     MUXCY:CI->O           1   0.023   0.000  divider/Mcompar_n0001_cy<4> (divider/Mcompar_n0001_cy<4>)
     MUXCY:CI->O          28   0.235   1.453  divider/Mcompar_n0001_cy<5> (divider/Mcompar_n0001_cy<5>)
     LUT2:I1->O            1   0.254   0.000  divider/counter_0_rstpot (divider/counter_0_rstpot)
     FD:D                      0.074          divider/counter_0
    ----------------------------------------
    Total                      4.351ns (1.627ns logic, 2.724ns route)
                                       (37.4% logic, 62.6% route)

=========================================================================
Timing constraint: Default period analysis for Clock 'divider/clk_out'
  Clock period: 3.278ns (frequency: 305.064MHz)
  Total number of paths / destination ports: 5 / 3
-------------------------------------------------------------------------
Delay:               1.639ns (Levels of Logic = 1)
  Source:            lp/df/q (FF)
  Destination:       my_fsm/state (FF)
  Source Clock:      divider/clk_out falling
  Destination Clock: divider/clk_out rising

  Data Path: lp/df/q to my_fsm/state
                                Gate     Net
    Cell:in->out      fanout   Delay   Delay  Logical Name (Net Name)
    ----------------------------------------  ------------
     FDC_1:C->Q            1   0.525   0.790  lp/df/q (lp/df/q)
     LUT3:I1->O            1   0.250   0.000  my_fsm/Mmux_btn_btn_MUX_57_o11 (my_fsm/btn_btn_MUX_57_o)
     FDR:D                     0.074          my_fsm/state
    ----------------------------------------
    Total                      1.639ns (0.849ns logic, 0.790ns route)
                                       (51.8% logic, 48.2% route)

=========================================================================
Timing constraint: Default OFFSET IN BEFORE for Clock 'divider/clk_out'
  Total number of paths / destination ports: 5 / 5
-------------------------------------------------------------------------
Offset:              2.590ns (Levels of Logic = 1)
  Source:            RST (PAD)
  Destination:       my_fsm/state (FF)
  Destination Clock: divider/clk_out rising

  Data Path: RST to my_fsm/state
                                Gate     Net
    Cell:in->out      fanout   Delay   Delay  Logical Name (Net Name)
    ----------------------------------------  ------------
     IBUF:I->O             4   1.328   0.803  RST_IBUF (RST_IBUF)
     FDR:R                     0.459          my_fsm/state
    ----------------------------------------
    Total                      2.590ns (1.787ns logic, 0.803ns route)
                                       (69.0% logic, 31.0% route)

=========================================================================
Timing constraint: Default OFFSET OUT AFTER for Clock 'divider/clk_out'
  Total number of paths / destination ports: 1 / 1
-------------------------------------------------------------------------
Offset:              4.162ns (Levels of Logic = 1)
  Source:            my_fsm/state (FF)
  Destination:       LED (PAD)
  Source Clock:      divider/clk_out rising

  Data Path: my_fsm/state to LED
                                Gate     Net
    Cell:in->out      fanout   Delay   Delay  Logical Name (Net Name)
    ----------------------------------------  ------------
     FDR:C->Q              2   0.525   0.725  my_fsm/state (my_fsm/state)
     OBUF:I->O                 2.912          LED_OBUF (LED)
    ----------------------------------------
    Total                      4.162ns (3.437ns logic, 0.725ns route)
                                       (82.6% logic, 17.4% route)

=========================================================================

Cross Clock Domains Report:
--------------------------

Clock to Setup on destination clock CLK
---------------+---------+---------+---------+---------+
               | Src:Rise| Src:Fall| Src:Rise| Src:Fall|
Source Clock   |Dest:Rise|Dest:Rise|Dest:Fall|Dest:Fall|
---------------+---------+---------+---------+---------+
CLK            |    4.351|         |         |         |
---------------+---------+---------+---------+---------+

Clock to Setup on destination clock divider/clk_out
---------------+---------+---------+---------+---------+
               | Src:Rise| Src:Fall| Src:Rise| Src:Fall|
Source Clock   |Dest:Rise|Dest:Rise|Dest:Fall|Dest:Fall|
---------------+---------+---------+---------+---------+
divider/clk_out|    1.788|    1.639|    1.324|         |
---------------+---------+---------+---------+---------+

=========================================================================


Total REAL time to Xst completion: 6.00 secs
Total CPU time to Xst completion: 6.16 secs
 
--> 

Total memory usage is 4486372 kilobytes

Number of errors   :    0 (   0 filtered)
Number of warnings :    0 (   0 filtered)
Number of infos    :    1 (   0 filtered)

