#
# A fatal error has been detected by the Java Runtime Environment:
#
#  EXCEPTION_UNCAUGHT_CXX_EXCEPTION (0xe06d7363) at pc=0x00007ffabdeacf19, pid=4268, tid=8324
#
# JRE version: 7.0_17-b02
# Java VM: Java HotSpot(TM) 64-Bit Server VM (23.7-b01 mixed mode windows-amd64 compressed oops)
# Problematic frame:
# C  [KERNELBASE.dll+0x2cf19]  RaiseException+0x69
#
# Failed to write core dump. Minidumps are not enabled by default on client versions of Windows
#
# If you would like to submit a bug report, please visit:
#   http://bugreport.sun.com/bugreport/crash.jsp
# The crash happened outside the Java Virtual Machine in native code.
# See problematic frame for where to report the bug.
#

---------------  T H R E A D  ---------------

Current thread (0x000000001c06b000):  JavaThread "main" [_thread_in_native, id=8324, stack(0x000000001d280000,0x000000001d380000)]

siginfo: ExceptionCode=0xe06d7363, ExceptionInformation=0x0000000019930520 0x000000001d37e348 0x0000000001221910 0x0000000001180000 

Registers:
RAX=0x00000000762422ae, RBX=0x000000001d37d970, RCX=0x000000002b870020, RDX=0x000000000000ffe0
RSP=0x000000001d37bbc0, RBP=0x000000001d37c290, RSI=0x000000001d37e1c0, RDI=0x000000001d37ca30
R8 =0x0000000000000000, R9 =0xfe1456db00000000, R10=0x24ecc179081611ae, R11=0x69a4e03635024081
R12=0x000000001d37e560, R13=0x000000001d37d038, R14=0x0000000000000000, R15=0x000000001d37bd18
RIP=0x00007ffabdeacf19, EFLAGS=0x0000000000000206

Top of Stack: (sp=0x000000001d37bbc0)
0x000000001d37bbc0:   000000001d1be680 000000001d37d970
0x000000001d37bbd0:   000000001d37e1c0 00007ffabded0fbb
0x000000001d37bbe0:   00000001e06d7363 0000000000000000
0x000000001d37bbf0:   00007ffabdeacf19 0000000000000004
0x000000001d37bc00:   0000000019930520 000000001d37e348
0x000000001d37bc10:   0000000001221910 0000000001180000
0x000000001d37bc20:   0000c87dc331a758 00000000011f8110
0x000000001d37bc30:   000000001d37d970 00000000769d334a
0x000000001d37bc40:   0000000000000000 000000001c06fd20
0x000000001d37bc50:   0000000000000000 000000001d37ca30
0x000000001d37bc60:   000000001d37ca30 00000000769d336b
0x000000001d37bc70:   000000001d37d970 000000001d37e560
0x000000001d37bc80:   00001344f023bb8b 000000001d180230
0x000000001d37bc90:   000000001d37d970 0000000076a13bb8
0x000000001d37bca0:   00000000011f80e0 000000001d37d038
0x000000001d37bcb0:   0000000000000100 0000000000000000 

Instructions: (pc=0x00007ffabdeacf19)
0x00007ffabdeacef9:   8b d1 44 0f 47 c0 44 89 44 24 38 49 c1 e0 03 e8
0x00007ffabdeacf09:   6a 97 08 00 48 8d 4c 24 20 48 ff 15 ff 81 1b 00
0x00007ffabdeacf19:   0f 1f 44 00 00 48 8b 8c 24 c0 00 00 00 48 33 cc
0x00007ffabdeacf29:   e8 f2 88 06 00 48 81 c4 d8 00 00 00 c3 cc 83 64 


Register to memory mapping:

RAX=0x00000000762422ae is an unknown value
RBX=0x000000001d37d970 is pointing into the stack for thread: 0x000000001c06b000
RCX=0x000000002b870020 is an unknown value
RDX=0x000000000000ffe0 is an unknown value
RSP=0x000000001d37bbc0 is pointing into the stack for thread: 0x000000001c06b000
RBP=0x000000001d37c290 is pointing into the stack for thread: 0x000000001c06b000
RSI=0x000000001d37e1c0 is pointing into the stack for thread: 0x000000001c06b000
RDI=0x000000001d37ca30 is pointing into the stack for thread: 0x000000001c06b000
R8 =0x0000000000000000 is an unknown value
R9 =0xfe1456db00000000 is an unknown value
R10=0x24ecc179081611ae is an unknown value
R11=0x69a4e03635024081 is an unknown value
R12=0x000000001d37e560 is pointing into the stack for thread: 0x000000001c06b000
R13=0x000000001d37d038 is pointing into the stack for thread: 0x000000001c06b000
R14=0x0000000000000000 is an unknown value
R15=0x000000001d37bd18 is pointing into the stack for thread: 0x000000001c06b000


Stack: [0x000000001d280000,0x000000001d380000],  sp=0x000000001d37bbc0,  free space=1006k
Native frames: (J=compiled Java code, j=interpreted, Vv=VM code, C=native code)
C  [KERNELBASE.dll+0x2cf19]  RaiseException+0x69
C  0x000000001d37c8f0

Java frames: (J=compiled Java code, j=interpreted, Vv=VM code)
j  ui.data.common.parami.ParamMgr_getValueAsBool(JLjava/lang/String;)Z+0
j  ui.data.common.F.jw(Ljava/lang/String;)Z+5
j  ui.data.common.F.aWC()Z+5
j  ui.h.I.aWC()Z+6
j  ui.aL.aGY()Ljava/lang/String;+0
j  ui.PlanAhead.<clinit>()V+316
v  ~StubRoutines::call_stub

---------------  P R O C E S S  ---------------

Java Threads: ( => current thread )
  0x000000001d261000 JavaThread "Service Thread" daemon [_thread_blocked, id=4696, stack(0x000000002a260000,0x000000002a560000)]
  0x0000000028e61800 JavaThread "C1 CompilerThread2" daemon [_thread_blocked, id=2500, stack(0x000000002a160000,0x000000002a260000)]
  0x0000000028e51800 JavaThread "C2 CompilerThread1" daemon [_thread_blocked, id=260, stack(0x000000002a060000,0x000000002a160000)]
  0x0000000028d61000 JavaThread "C2 CompilerThread0" daemon [_thread_blocked, id=7784, stack(0x0000000029f60000,0x000000002a060000)]
  0x0000000028dc1800 JavaThread "Attach Listener" daemon [_thread_blocked, id=1712, stack(0x0000000029c60000,0x0000000029f60000)]
  0x0000000028f22000 JavaThread "Signal Dispatcher" daemon [_thread_blocked, id=11420, stack(0x0000000029960000,0x0000000029c60000)]
  0x0000000028f24000 JavaThread "Surrogate Locker Thread (Concurrent GC)" daemon [_thread_blocked, id=9864, stack(0x0000000029660000,0x0000000029960000)]
  0x0000000028d85800 JavaThread "Finalizer" daemon [_thread_blocked, id=4580, stack(0x0000000029360000,0x0000000029660000)]
  0x0000000028d87000 JavaThread "Reference Handler" daemon [_thread_blocked, id=8576, stack(0x0000000029060000,0x0000000029360000)]
=>0x000000001c06b000 JavaThread "main" [_thread_in_native, id=8324, stack(0x000000001d280000,0x000000001d380000)]

Other Threads:
  0x0000000023e42000 VMThread [stack: 0x0000000028f60000,0x0000000029060000] [id=1868]
  0x0000000023dc1000 WatcherThread [stack: 0x000000002a560000,0x000000002a660000] [id=4116]

VM state:not at safepoint (normal execution)

VM Mutex/Monitor currently owned by a thread: None

Heap
 par new generation   total 55296K, used 4043K [0x0000000778000000, 0x000000077bc00000, 0x000000077bc00000)
  eden space 49152K,   8% used [0x0000000778000000, 0x00000007783f2ed8, 0x000000077b000000)
  from space 6144K,   0% used [0x000000077b000000, 0x000000077b000000, 0x000000077b600000)
  to   space 6144K,   0% used [0x000000077b600000, 0x000000077b600000, 0x000000077bc00000)
 concurrent mark-sweep generation total 69632K, used 0K [0x000000077bc00000, 0x0000000780000000, 0x00000007f8000000)
 concurrent-mark-sweep perm gen total 131072K, used 5139K [0x00000007f8000000, 0x0000000800000000, 0x0000000800000000)

Card table byte_map: [0x0000000023920000,0x0000000023d70000] byte_map_base: 0x000000001fd60000

Polling page: 0x000000001d380000

Code Cache  [0x000000001d3a0000, 0x000000001d610000, 0x00000000233a0000)
 total_blobs=393 nmethods=108 adapters=203 free_code_cache=97041Kb largest_free_block=99369856

Compilation events (10 events):
Event: 0.237 Thread 0x0000000028e61800  104       3       java.util.HashMap$FrontCache::get (32 bytes)
Event: 0.237 Thread 0x0000000028e61800 nmethod 104 0x000000001d4d9190 code [0x000000001d4d9320, 0x000000001d4d9890]
Event: 0.238 Thread 0x0000000028e61800  105       3       java.io.BufferedInputStream::getBufIfOpen (21 bytes)
Event: 0.238 Thread 0x0000000028e61800 nmethod 105 0x000000001d4d9a10 code [0x000000001d4d9b80, 0x000000001d4d9de8]
Event: 0.238 Thread 0x0000000028e61800  106  s    3       java.io.BufferedInputStream::read (49 bytes)
Event: 0.239 Thread 0x0000000028e61800 nmethod 106 0x000000001d4d9e90 code [0x000000001d4da020, 0x000000001d4da598]
Event: 0.239 Thread 0x0000000028e61800  107       3       java.io.DataInputStream::readInt (72 bytes)
Event: 0.239 Thread 0x0000000028e61800 nmethod 107 0x000000001d4da750 code [0x000000001d4da920, 0x000000001d4daf08]
Event: 0.242 Thread 0x0000000028e61800  108       3       java.util.HashMap::addEntry (59 bytes)
Event: 0.242 Thread 0x0000000028e61800 nmethod 108 0x000000001d4db350 code [0x000000001d4db4e0, 0x000000001d4db9e8]

GC Heap History (0 events):
No events

Deoptimization events (0 events):
No events

Internal exceptions (10 events):
Event: 0.217 Thread 0x000000001c06b000 Threw 0x00000007782cda70 at C:\jdk7u2_64p\jdk7u17\hotspot\src\share\vm\prims\jvm.cpp:1166
Event: 0.217 Thread 0x000000001c06b000 Threw 0x00000007782cf818 at C:\jdk7u2_64p\jdk7u17\hotspot\src\share\vm\prims\jvm.cpp:1166
Event: 0.222 Thread 0x000000001c06b000 Threw 0x00000007782d9a18 at C:\jdk7u2_64p\jdk7u17\hotspot\src\share\vm\prims\jni.cpp:716
Event: 0.232 Thread 0x000000001c06b000 Threw 0x00000007782f2bb8 at C:\jdk7u2_64p\jdk7u17\hotspot\src\share\vm\prims\jvm.cpp:1166
Event: 0.232 Thread 0x000000001c06b000 Threw 0x00000007782fc388 at C:\jdk7u2_64p\jdk7u17\hotspot\src\share\vm\prims\jvm.cpp:1166
Event: 0.233 Thread 0x000000001c06b000 Threw 0x0000000778300190 at C:\jdk7u2_64p\jdk7u17\hotspot\src\share\vm\prims\jvm.cpp:1166
Event: 0.233 Thread 0x000000001c06b000 Threw 0x0000000778303828 at C:\jdk7u2_64p\jdk7u17\hotspot\src\share\vm\prims\jvm.cpp:1166
Event: 0.234 Thread 0x000000001c06b000 Threw 0x00000007783094f8 at C:\jdk7u2_64p\jdk7u17\hotspot\src\share\vm\prims\jvm.cpp:1166
Event: 0.235 Thread 0x000000001c06b000 Threw 0x000000077831b020 at C:\jdk7u2_64p\jdk7u17\hotspot\src\share\vm\prims\jvm.cpp:1166
Event: 0.242 Thread 0x000000001c06b000 Threw 0x000000077833ad08 at C:\jdk7u2_64p\jdk7u17\hotspot\src\share\vm\prims\jvm.cpp:1166

Events (10 events):
Event: 0.241 loading class 0x0000000028f13320
Event: 0.241 loading class 0x0000000028f13320 done
Event: 0.241 loading class 0x000000001d184ee0
Event: 0.241 loading class 0x000000001d184ee0 done
Event: 0.241 loading class 0x000000002b862ab0
Event: 0.241 loading class 0x000000002b862ab0 done
Event: 0.241 loading class 0x000000002b862ba0
Event: 0.241 loading class 0x000000002b862ba0 done
Event: 0.242 loading class 0x0000000028f37ce0
Event: 0.242 loading class 0x0000000028f37ce0 done


Dynamic libraries:
0x0000000140000000 - 0x000000014000e000 	D:\Xilinx\14.7\ISE_DS\PlanAhead\bin\unwrapped\win64.o\planAhead.exe
0x00007ffac03f0000 - 0x00007ffac05e8000 	C:\WINDOWS\SYSTEM32\ntdll.dll
0x00007ffabf8f0000 - 0x00007ffabf9ad000 	C:\WINDOWS\System32\KERNEL32.DLL
0x00007ffabde80000 - 0x00007ffabe176000 	C:\WINDOWS\System32\KERNELBASE.dll
0x0000000180000000 - 0x0000000180016000 	D:\Xilinx\14.7\ISE_DS\PlanAhead\lib\win64.o\librdi_commonmain.dll
0x00000000769d0000 - 0x0000000076a73000 	C:\WINDOWS\WinSxS\amd64_microsoft.vc90.crt_1fc8b3b9a1e18e3b_9.0.30729.9625_none_08e1c10da83fbc83\MSVCR90.dll
0x000000000a900000 - 0x000000000a945000 	D:\Xilinx\14.7\ISE_DS\PlanAhead\lib\win64.o\SHSMP64.dll
0x00007ffabe5a0000 - 0x00007ffabe73e000 	C:\WINDOWS\System32\USER32.dll
0x00007ffabde50000 - 0x00007ffabde72000 	C:\WINDOWS\System32\win32u.dll
0x00007ffac0110000 - 0x00007ffac013b000 	C:\WINDOWS\System32\GDI32.dll
0x00007ffabe2e0000 - 0x00007ffabe3f7000 	C:\WINDOWS\System32\gdi32full.dll
0x00007ffabdcb0000 - 0x00007ffabdd4d000 	C:\WINDOWS\System32\msvcp_win.dll
0x00007ffabdab0000 - 0x00007ffabdbb0000 	C:\WINDOWS\System32\ucrtbase.dll
0x00007ffabe8e0000 - 0x00007ffabe993000 	C:\WINDOWS\System32\ADVAPI32.dll
0x00007ffabf670000 - 0x00007ffabf70e000 	C:\WINDOWS\System32\msvcrt.dll
0x00007ffac0310000 - 0x00007ffac03af000 	C:\WINDOWS\System32\sechost.dll
0x0000000010000000 - 0x000000001012a000 	D:\Xilinx\14.7\ISE_DS\PlanAhead\lib\win64.o\tcl85t.dll
0x00007ffabe430000 - 0x00007ffabe556000 	C:\WINDOWS\System32\RPCRT4.dll
0x00007ffabe400000 - 0x00007ffabe427000 	C:\WINDOWS\System32\bcrypt.dll
0x00007ffac02a0000 - 0x00007ffac030b000 	C:\WINDOWS\System32\WS2_32.dll
0x00007ffab72c0000 - 0x00007ffab72ca000 	C:\WINDOWS\SYSTEM32\VERSION.dll
0x00000000001e0000 - 0x00000000001f3000 	D:\Xilinx\14.7\ISE_DS\PlanAhead\lib\win64.o\libboost_signals.dll
0x00000000008f0000 - 0x0000000001171000 	D:\Xilinx\14.7\ISE_DS\PlanAhead\lib\win64.o\librdi_common.dll
0x0000000001180000 - 0x000000000126e000 	D:\Xilinx\14.7\ISE_DS\PlanAhead\lib\win64.o\stlport.5.2.dll
0x0000000001270000 - 0x0000000001297000 	D:\Xilinx\14.7\ISE_DS\PlanAhead\lib\win64.o\libboost_filesystem.dll
0x00000000768f0000 - 0x00000000769c3000 	C:\WINDOWS\WinSxS\amd64_microsoft.vc90.crt_1fc8b3b9a1e18e3b_9.0.30729.9625_none_08e1c10da83fbc83\MSVCP90.dll
0x00007ffabe8d0000 - 0x00007ffabe8d8000 	C:\WINDOWS\System32\PSAPI.DLL
0x00007ffabee70000 - 0x00007ffabf5b5000 	C:\WINDOWS\System32\SHELL32.dll
0x0000000012000000 - 0x0000000012282000 	D:\Xilinx\14.7\ISE_DS\PlanAhead\lib\win64.o\xerces-c_3_1.dll
0x00007ffaa7830000 - 0x00007ffaa7d06000 	C:\WINDOWS\SYSTEM32\WININET.dll
0x00000000761d0000 - 0x00000000768ef000 	D:\Xilinx\14.7\ISE_DS\PlanAhead\tps\win64\jre\bin\server\jvm.dll
0x00007ffab1de0000 - 0x00007ffab1eea000 	C:\WINDOWS\SYSTEM32\WINHTTP.dll
0x00007ffaafc10000 - 0x00007ffaafdfc000 	C:\WINDOWS\SYSTEM32\urlmon.dll
0x00007ffaaaa80000 - 0x00007ffaaaa89000 	C:\WINDOWS\SYSTEM32\WSOCK32.dll
0x00007ffaaaa50000 - 0x00007ffaaaa77000 	C:\WINDOWS\SYSTEM32\WINMM.dll
0x00007ffaaf920000 - 0x00007ffaafbdc000 	C:\WINDOWS\SYSTEM32\iertutil.dll
0x00007ffaafbe0000 - 0x00007ffaafc08000 	C:\WINDOWS\SYSTEM32\srvcli.dll
0x00007ffabcf70000 - 0x00007ffabcf7c000 	C:\WINDOWS\SYSTEM32\netutils.dll
0x00007ffabfd50000 - 0x00007ffac00a4000 	C:\WINDOWS\System32\combase.dll
0x00007ffabf5c0000 - 0x00007ffabf66d000 	C:\WINDOWS\System32\shcore.dll
0x00000000760f0000 - 0x00000000761c2000 	C:\WINDOWS\SYSTEM32\MSVCR100.dll
0x00000000012e0000 - 0x00000000012e9000 	D:\Xilinx\14.7\ISE_DS\PlanAhead\lib\win64.o\libboost_system.dll
0x00000000012f0000 - 0x00000000015d9000 	D:\Xilinx\14.7\ISE_DS\PlanAhead\lib\win64.o\libCOIN-all.dll
0x00000000015f0000 - 0x000000000182a000 	D:\Xilinx\14.7\ISE_DS\PlanAhead\lib\win64.o\libSecurity.dll
0x0000000001840000 - 0x000000000184f000 	D:\Xilinx\14.7\ISE_DS\PlanAhead\lib\win64.o\libboost_date_time.dll
0x00007ffabfc50000 - 0x00007ffabfd2a000 	C:\WINDOWS\System32\COMDLG32.dll
0x00007ffabf9b0000 - 0x00007ffabfa05000 	C:\WINDOWS\System32\SHLWAPI.dll
0x0000000001870000 - 0x000000000191f000 	D:\Xilinx\14.7\ISE_DS\PlanAhead\lib\win64.o\libboost_regex.dll
0x00007ffac0140000 - 0x00007ffac020d000 	C:\WINDOWS\System32\OLEAUT32.dll
0x0000000001920000 - 0x0000000001991000 	D:\Xilinx\14.7\ISE_DS\PlanAhead\lib\win64.o\libboost_program_options.dll
0x00007ffabe7a0000 - 0x00007ffabe8cb000 	C:\WINDOWS\System32\ole32.dll
0x00007ffabdbb0000 - 0x00007ffabdc17000 	C:\WINDOWS\System32\WINTRUST.dll
0x00000000019c0000 - 0x0000000001a03000 	D:\Xilinx\14.7\ISE_DS\PlanAhead\lib\win64.o\libcurl.dll
0x0000000001a10000 - 0x0000000001a93000 	D:\Xilinx\14.7\ISE_DS\PlanAhead\lib\win64.o\libhdlpsolve.dll
0x00007ffabe180000 - 0x00007ffabe2dd000 	C:\WINDOWS\System32\CRYPT32.dll
0x00007ffac00b0000 - 0x00007ffac010e000 	C:\WINDOWS\System32\WLDAP32.dll
0x0000000001ab0000 - 0x0000000001b67000 	D:\Xilinx\14.7\ISE_DS\PlanAhead\lib\win64.o\libhdxml.dll
0x0000000001b70000 - 0x00000000020b30d3 	D:\Xilinx\14.7\ISE_DS\PlanAhead\lib\win64.o\libisl_iostreams.dll
0x00000000020c0000 - 0x00000000020e9000 	D:\Xilinx\14.7\ISE_DS\PlanAhead\lib\win64.o\libisl_sysinfo.dll
0x0000000002110000 - 0x0000000002122000 	D:\Xilinx\14.7\ISE_DS\PlanAhead\lib\win64.o\pthreadVC.dll
0x0000000002130000 - 0x000000000214e000 	D:\Xilinx\14.7\ISE_DS\PlanAhead\lib\win64.o\librdizlib.dll
0x0000000002150000 - 0x0000000002166000 	D:\Xilinx\14.7\ISE_DS\PlanAhead\lib\win64.o\librdiconfig.dll
0x0000000002190000 - 0x00000000021a6000 	D:\Xilinx\14.7\ISE_DS\PlanAhead\lib\win64.o\libboost_thread.dll
0x00007ffaaebb0000 - 0x00007ffaaebc9000 	C:\WINDOWS\SYSTEM32\NETAPI32.dll
0x00007ffa96a50000 - 0x00007ffa96b00000 	C:\WINDOWS\WinSxS\amd64_microsoft.windows.common-controls_6595b64144ccf1df_5.82.19041.3636_none_7931fb75243f97c8\COMCTL32.dll
0x00000000021d0000 - 0x00000000021e9000 	D:\Xilinx\14.7\ISE_DS\PlanAhead\lib\win64.o\libboost_iostreams.dll
0x00000000021f0000 - 0x00000000021fc000 	D:\Xilinx\14.7\ISE_DS\PlanAhead\lib\win64.o\libboost_chrono.dll
0x00007ffabe560000 - 0x00007ffabe592000 	C:\WINDOWS\System32\IMM32.DLL
0x00007ffabd600000 - 0x00007ffabd612000 	C:\WINDOWS\SYSTEM32\MSASN1.dll
0x0000000005600000 - 0x00000000058f3000 	D:\Xilinx\14.7\ISE_DS\PlanAhead\lib\win64.o\librdi_commontasks.dll
0x00007ffabbb60000 - 0x00007ffabc2fc000 	C:\WINDOWS\SYSTEM32\windows.storage.dll
0x00007ffabd470000 - 0x00007ffabd49e000 	C:\WINDOWS\SYSTEM32\Wldp.dll
0x0000000008d50000 - 0x0000000009390000 	D:\Xilinx\14.7\ISE_DS\PlanAhead\lib\win64.o\librdi_coretasks.dll
0x0000000009390000 - 0x000000000a65c000 	D:\Xilinx\14.7\ISE_DS\PlanAhead\lib\win64.o\librdi_coregen.dll
0x000000000a660000 - 0x000000000a827000 	D:\Xilinx\14.7\ISE_DS\PlanAhead\lib\win64.o\librdi_chipscope.dll
0x000000000a950000 - 0x000000000b970000 	D:\Xilinx\14.7\ISE_DS\PlanAhead\lib\win64.o\librdi_constraints.dll
0x000000000b970000 - 0x000000000c54a000 	D:\Xilinx\14.7\ISE_DS\PlanAhead\lib\win64.o\librdi_device.dll
0x000000000c550000 - 0x000000000c7de000 	D:\Xilinx\14.7\ISE_DS\PlanAhead\lib\win64.o\librdi_filemgmt.dll
0x000000000c7e0000 - 0x000000000caf4000 	D:\Xilinx\14.7\ISE_DS\PlanAhead\lib\win64.o\librdi_drc.dll
0x000000000cb00000 - 0x000000000ced6000 	D:\Xilinx\14.7\ISE_DS\PlanAhead\lib\win64.o\librdi_netlist.dll
0x000000000cee0000 - 0x000000000e003000 	D:\Xilinx\14.7\ISE_DS\PlanAhead\lib\win64.o\librdi_place.dll
0x000000000e010000 - 0x000000000e532000 	D:\Xilinx\14.7\ISE_DS\PlanAhead\lib\win64.o\librdi_power.dll
0x000000000e540000 - 0x000000000e8f3000 	D:\Xilinx\14.7\ISE_DS\PlanAhead\lib\win64.o\librdi_project.dll
0x0000000012290000 - 0x00000000158e1000 	D:\Xilinx\14.7\ISE_DS\PlanAhead\lib\win64.o\librdi_designutils.dll
0x000000000e900000 - 0x000000000ee9d000 	D:\Xilinx\14.7\ISE_DS\PlanAhead\lib\win64.o\librdi_rsb.dll
0x000000000eea0000 - 0x000000000f298000 	D:\Xilinx\14.7\ISE_DS\PlanAhead\lib\win64.o\librdi_runs.dll
0x000000000f2a0000 - 0x000000000fd78000 	D:\Xilinx\14.7\ISE_DS\PlanAhead\lib\win64.o\librdi_timing.dll
0x00000000760d0000 - 0x00000000760e1000 	C:\WINDOWS\WinSxS\amd64_microsoft.vc90.openmp_1fc8b3b9a1e18e3b_9.0.30729.6161_none_390d35aa0a1f21f9\VCOMP90.DLL
0x000000000fd80000 - 0x000000000fdee000 	D:\Xilinx\14.7\ISE_DS\PlanAhead\lib\win64.o\liblmx6.0.dll
0x0000000010130000 - 0x00000000108ff000 	D:\Xilinx\14.7\ISE_DS\PlanAhead\lib\win64.o\librdi_coregenipxact.dll
0x0000000010900000 - 0x00000000110a0000 	D:\Xilinx\14.7\ISE_DS\PlanAhead\lib\win64.o\libverific.dll
0x000000000fe20000 - 0x000000000fe9d000 	D:\Xilinx\14.7\ISE_DS\PlanAhead\lib\win64.o\libboost_serialization.dll
0x000000000fea0000 - 0x000000000fea8000 	D:\Xilinx\14.7\ISE_DS\PlanAhead\lib\win64.o\libpsta_dllwrapper.dll
0x00000000110a0000 - 0x000000001168e000 	D:\Xilinx\14.7\ISE_DS\PlanAhead\lib\win64.o\librdi_route.dll
0x0000000011690000 - 0x00000000118ba000 	D:\Xilinx\14.7\ISE_DS\PlanAhead\lib\win64.o\librdi_labtools.dll
0x00000000118c0000 - 0x0000000011dfb000 	D:\Xilinx\14.7\ISE_DS\PlanAhead\lib\win64.o\librdi_memdata.dll
0x00000000158f0000 - 0x0000000015e34000 	D:\Xilinx\14.7\ISE_DS\PlanAhead\lib\win64.o\librdi_xdm.dll
0x000000000fef0000 - 0x000000000ff80000 	D:\Xilinx\14.7\ISE_DS\PlanAhead\lib\win64.o\libise.dll
0x0000000015e40000 - 0x000000001756f000 	D:\Xilinx\14.7\ISE_DS\PlanAhead\lib\win64.o\librdi_synth.dll
0x0000000017570000 - 0x0000000017b4c000 	D:\Xilinx\14.7\ISE_DS\PlanAhead\lib\win64.o\librdi_abc_nomp.dll
0x0000000011e00000 - 0x0000000011f28000 	D:\Xilinx\14.7\ISE_DS\PlanAhead\lib\win64.o\librdi_dlyest.dll
0x000000000ffc0000 - 0x000000000ffda000 	D:\Xilinx\14.7\ISE_DS\PlanAhead\lib\win64.o\librdi_hmetis.dll
0x0000000017b50000 - 0x0000000017f8e000 	D:\Xilinx\14.7\ISE_DS\PlanAhead\lib\win64.o\librdi_ip.dll
0x0000000011f50000 - 0x0000000011f8d000 	D:\Xilinx\14.7\ISE_DS\PlanAhead\lib\win64.o\librdi_simbridge_kernel.dll
0x0000000017f90000 - 0x0000000018406000 	D:\Xilinx\14.7\ISE_DS\PlanAhead\lib\win64.o\librdi_wavedata.dll
0x0000000019810000 - 0x000000001b8c8000 	D:\Xilinx\14.7\ISE_DS\PlanAhead\lib\win64.o\librdi_tcltasks.dll
0x000000001b8d0000 - 0x000000001b9a4000 	D:\Xilinx\14.7\ISE_DS\PlanAhead\lib\win64.o\librdi_dsp.dll
0x000000001b9b0000 - 0x000000001ba1e000 	D:\Xilinx\14.7\ISE_DS\PlanAhead\lib\win64.o\librdi_edk.dll
0x000000001ba20000 - 0x000000001bc94000 	D:\Xilinx\14.7\ISE_DS\PlanAhead\lib\win64.o\librdi_bitstream.dll
0x000000001bca0000 - 0x000000001beae000 	D:\Xilinx\14.7\ISE_DS\PlanAhead\lib\win64.o\librdi_simdata.dll
0x000000001c1b0000 - 0x000000001c306000 	D:\Xilinx\14.7\ISE_DS\PlanAhead\lib\win64.o\librdi_planaheadtasks.dll
0x000000001c320000 - 0x000000001d168000 	D:\Xilinx\14.7\ISE_DS\PlanAhead\lib\win64.o\librdi_ipservicestasks.dll
0x00000000760c0000 - 0x00000000760cf000 	D:\Xilinx\14.7\ISE_DS\PlanAhead\tps\win64\jre\bin\verify.dll
0x0000000076090000 - 0x00000000760b8000 	D:\Xilinx\14.7\ISE_DS\PlanAhead\tps\win64\jre\bin\java.dll
0x0000000076070000 - 0x0000000076085000 	D:\Xilinx\14.7\ISE_DS\PlanAhead\tps\win64\jre\bin\zip.dll
0x0000000076050000 - 0x0000000076069000 	D:\Xilinx\14.7\ISE_DS\PlanAhead\tps\win64\jre\bin\net.dll
0x00007ffabd170000 - 0x00007ffabd1da000 	C:\WINDOWS\system32\mswsock.dll
0x0000000076030000 - 0x0000000076041000 	D:\Xilinx\14.7\ISE_DS\PlanAhead\tps\win64\jre\bin\nio.dll
0x000000002a960000 - 0x000000002ac46000 	D:\Xilinx\14.7\ISE_DS\PlanAhead\lib\win64.o\librdi_fed.dll
0x000000002ac60000 - 0x000000002aec1000 	D:\Xilinx\14.7\ISE_DS\PlanAhead\lib\win64.o\librdi_guitools.dll
0x000000002aee0000 - 0x000000002aee7000 	D:\Xilinx\14.7\ISE_DS\PlanAhead\lib\win64.o\librdi_commonx11.dll
0x000000002af00000 - 0x000000002b2ee000 	D:\Xilinx\14.7\ISE_DS\PlanAhead\lib\win64.o\librdi_rsbtasks.dll
0x000000002b400000 - 0x000000002b649000 	D:\Xilinx\14.7\ISE_DS\PlanAhead\lib\win64.o\librdi_labtoolstasks.dll
0x000000002b660000 - 0x000000002b818000 	D:\Xilinx\14.7\ISE_DS\PlanAhead\lib\win64.o\librdi_simtcltasks.dll
0x0000000075e90000 - 0x0000000076023000 	D:\Xilinx\14.7\ISE_DS\PlanAhead\tps\win64\jre\bin\awt.dll
0x00007ffabb2f0000 - 0x00007ffabb380000 	C:\WINDOWS\SYSTEM32\apphelp.dll
0x00007ffab68f0000 - 0x00007ffab6ad4000 	C:\WINDOWS\SYSTEM32\dbghelp.dll
0x00007ffabdc20000 - 0x00007ffabdca2000 	C:\WINDOWS\System32\bcryptPrimitives.dll

VM Arguments:
jvm_args: -Dsun.java2d.pmoffscreen=false -Xverify:none -Dswing.aatext=true -XX:-UsePerfData -Djdk.map.althashing.threshold=512 -XX:PermSize=128m -XX:MaxPermSize=128m -XX:NewSize=60m -XX:MaxNewSize=60m -XX:+UseConcMarkSweepGC -XX:+UseParNewGC -XX:+CMSParallelRemarkEnabled -XX:+CMSScavengeBeforeRemark -XX:+UseNUMA -XX:+AggressiveOpts -XX:+UseFastAccessorMethods -XX:+UseFastEmptyMethods -XX:+UseBiasedLocking -XX:+TieredCompilation -Xms128m -Xmx2048m -Xss3m 
java_command: <unknown>
Launcher Type: generic

Environment Variables:
JAVA_HOME=C:\Program Files\Java\jre-1.8
PATH=D:/Xilinx/14.7/ISE_DS/PlanAhead/bin;D:/Xilinx/14.7/ISE_DS/PlanAhead/lib/win64.o;D:/Xilinx/14.7/ISE_DS/PlanAhead/tps/win64/jre/bin/server;D:/Xilinx/14.7/ISE_DS/PlanAhead/tps/win64/jre/bin;D:/Xilinx/14.7/ISE_DS/EDK/bin/nt64;D:/Xilinx/14.7/ISE_DS/EDK/lib/nt64;D:/Xilinx/14.7/ISE_DS/ISE/bin/nt64;D:/Xilinx/14.7/ISE_DS/ISE/lib/nt64;D:/Xilinx/14.7/ISE_DS/common/bin/nt64;D:/Xilinx/14.7/ISE_DS/common/lib/nt64;D:\Xilinx\14.7\ISE_DS\ISE\\lib\nt64;D:\Xilinx\14.7\ISE_DS\ISE\\bin\nt64;D:\Xilinx\14.7\ISE_DS\ISE\bin\nt64;D:\Xilinx\14.7\ISE_DS\ISE\lib\nt64;D:\Xilinx\14.7\ISE_DS\ISE\..\..\..\DocNav;D:\Xilinx\14.7\ISE_DS\PlanAhead\bin;D:\Xilinx\14.7\ISE_DS\EDK\bin\nt64;D:\Xilinx\14.7\ISE_DS\EDK\lib\nt64;D:\Xilinx\14.7\ISE_DS\EDK\gnu\microblaze\nt\bin;D:\Xilinx\14.7\ISE_DS\EDK\gnu\powerpc-eabi\nt\bin;D:\Xilinx\14.7\ISE_DS\EDK\gnuwin\bin;D:\Xilinx\14.7\ISE_DS\EDK\gnu\arm\nt\bin;D:\Xilinx\14.7\ISE_DS\EDK\gnu\microblaze\linux_toolchain\nt64_be\bin;D:\Xilinx\14.7\ISE_DS\EDK\gnu\microblaze\linux_toolchain\nt64_le\bin;D:\Xilinx\14.7\ISE_DS\common\bin\nt64;D:\Xilinx\14.7\ISE_DS\common\lib\nt64;C:\WINDOWS\system32;C:\WINDOWS;C:\WINDOWS\System32\Wbem;C:\WINDOWS\System32\WindowsPowerShell\v1.0\;C:\WINDOWS\System32\OpenSSH\;D:\Program Files\MATLAB\R2016a\runtime\win64;D:\Program Files\MATLAB\R2016a\bin;C:\Program Files\dotnet\;D:\Program Files\MATLAB\R2016a\polyspace\bin;C:\Program Files\Microsoft SQL Server\Client SDK\ODBC\170\Tools\Binn\;C:\Program Files\Microsoft SQL Server\150\Tools\Binn\;C:\Users\aalia\AppData\Local\Microsoft\WindowsApps;C:\Gradle\gradle-8.3\bin;C:\Users\aalia\AppData\Local\Programs\Microsoft VS Code\bin;C:\Users\aalia\.dotnet\tools;D:\modeltech64_10.6d\win64;C:\intelFPGA\18.1\modelsim_ase\win32aloem;C:\Users\aalia\Downloads\gcc-13.2.0-no-debug\bin
USERNAME=aalia
OS=Windows_NT
PROCESSOR_IDENTIFIER=Intel64 Family 6 Model 78 Stepping 3, GenuineIntel



---------------  S Y S T E M  ---------------

OS: Windows 8 , 64 bit Build 9200 

CPU:total 4 (2 cores per cpu, 2 threads per core) family 6 model 78 stepping 3, cmov, cx8, fxsr, mmx, sse, sse2, sse3, ssse3, sse4.1, sse4.2, popcnt, avx, avx2, ht, tsc, tscinvbit

Memory: 4k page, physical 8256832k(4410528k free), swap 9764160k(5083716k free)

vm_info: Java HotSpot(TM) 64-Bit Server VM (23.7-b01) for windows-amd64 JRE (1.7.0_17-b02), built on Mar  1 2013 03:38:30 by "java_re" with unknown MS VC++:1600

time: Mon Mar 04 12:52:05 2024
elapsed time: 0 seconds

