--------------------------------------------------------------------------------
Release 14.7 Trace  (nt64)
Copyright (c) 1995-2013 Xilinx, Inc.  All rights reserved.

D:\Xilinx\14.7\ISE_DS\ISE\bin\nt64\unwrapped\trce.exe -intstyle ise -v 3 -s 3
-n 3 -fastpaths -xml DATAFLOW_CIRCUIT.twx DATAFLOW_CIRCUIT.ncd -o
DATAFLOW_CIRCUIT.twr DATAFLOW_CIRCUIT.pcf

Design file:              DATAFLOW_CIRCUIT.ncd
Physical constraint file: DATAFLOW_CIRCUIT.pcf
Device,package,speed:     xc6slx4,tqg144,C,-3 (PRODUCTION 1.23 2013-10-13)
Report level:             verbose report

Environment Variable      Effect 
--------------------      ------ 
NONE                      No environment variables were set
--------------------------------------------------------------------------------

INFO:Timing:2698 - No timing constraints found, doing default enumeration.
INFO:Timing:3412 - To improve timing, see the Timing Closure User Guide (UG612).
INFO:Timing:2752 - To get complete path coverage, use the unconstrained paths 
   option. All paths that are not constrained will be reported in the 
   unconstrained paths section(s) of the report.
INFO:Timing:3339 - The clock-to-out numbers in this timing report are based on 
   a 50 Ohm transmission line loading model.  For the details of this model, 
   and for more information on accounting for different loading conditions, 
   please see the device datasheet.



Data Sheet report:
-----------------
All values displayed in nanoseconds (ns)

Pad to Pad
---------------+---------------+---------+
Source Pad     |Destination Pad|  Delay  |
---------------+---------------+---------+
a              |d<0>           |    6.389|
a              |d<1>           |    6.335|
a              |d<2>           |    6.890|
a              |d<3>           |    7.024|
a              |d<4>           |    6.617|
a              |d<5>           |    6.909|
a              |d<6>           |    6.805|
a              |d<7>           |    6.741|
b              |d<0>           |    6.487|
b              |d<1>           |    6.433|
b              |d<2>           |    6.742|
b              |d<3>           |    6.876|
b              |d<4>           |    6.733|
b              |d<5>           |    7.025|
b              |d<6>           |    6.727|
b              |d<7>           |    6.663|
c              |d<0>           |    6.593|
c              |d<1>           |    6.539|
c              |d<2>           |    6.919|
c              |d<3>           |    7.053|
c              |d<4>           |    6.809|
c              |d<5>           |    7.101|
c              |d<6>           |    7.237|
c              |d<7>           |    7.173|
en             |d<0>           |    6.642|
en             |d<1>           |    6.588|
en             |d<2>           |    6.965|
en             |d<3>           |    7.099|
en             |d<4>           |    6.818|
en             |d<5>           |    7.110|
en             |d<6>           |    7.245|
en             |d<7>           |    7.181|
---------------+---------------+---------+


Analysis completed Sat Apr 06 10:39:58 2024 
--------------------------------------------------------------------------------

Trace Settings:
-------------------------
Trace Settings 

Peak Memory Usage: 4553 MB



