--------------------------------------------------------------------------------
Release 14.7 Trace  (nt64)
Copyright (c) 1995-2013 Xilinx, Inc.  All rights reserved.

D:\Xilinx\14.7\ISE_DS\ISE\bin\nt64\unwrapped\trce.exe -intstyle ise -v 3 -s 3
-n 3 -fastpaths -xml STRUCT_CIRCUIT.twx STRUCT_CIRCUIT.ncd -o
STRUCT_CIRCUIT.twr STRUCT_CIRCUIT.pcf

Design file:              STRUCT_CIRCUIT.ncd
Physical constraint file: STRUCT_CIRCUIT.pcf
Device,package,speed:     xc6slx4,tqg144,C,-3 (PRODUCTION 1.23 2013-10-13)
Report level:             verbose report

Environment Variable      Effect 
--------------------      ------ 
NONE                      No environment variables were set
--------------------------------------------------------------------------------

INFO:Timing:2698 - No timing constraints found, doing default enumeration.
INFO:Timing:3412 - To improve timing, see the Timing Closure User Guide (UG612).
INFO:Timing:2752 - To get complete path coverage, use the unconstrained paths 
   option. All paths that are not constrained will be reported in the 
   unconstrained paths section(s) of the report.
INFO:Timing:3339 - The clock-to-out numbers in this timing report are based on 
   a 50 Ohm transmission line loading model.  For the details of this model, 
   and for more information on accounting for different loading conditions, 
   please see the device datasheet.



Data Sheet report:
-----------------
All values displayed in nanoseconds (ns)

Pad to Pad
---------------+---------------+---------+
Source Pad     |Destination Pad|  Delay  |
---------------+---------------+---------+
a              |d<0>           |    6.502|
a              |d<1>           |    6.540|
a              |d<2>           |    6.880|
a              |d<3>           |    7.024|
a              |d<4>           |    6.950|
a              |d<5>           |    7.053|
a              |d<6>           |    6.699|
a              |d<7>           |    6.859|
b              |d<0>           |    6.600|
b              |d<1>           |    6.392|
b              |d<2>           |    6.996|
b              |d<3>           |    6.876|
b              |d<4>           |    6.872|
b              |d<5>           |    7.151|
b              |d<6>           |    6.621|
b              |d<7>           |    6.975|
c              |d<0>           |    6.706|
c              |d<1>           |    6.569|
c              |d<2>           |    7.072|
c              |d<3>           |    7.053|
c              |d<4>           |    7.382|
c              |d<5>           |    7.257|
c              |d<6>           |    7.131|
c              |d<7>           |    7.051|
en             |d<0>           |    6.755|
en             |d<1>           |    6.615|
en             |d<2>           |    7.081|
en             |d<3>           |    7.099|
en             |d<4>           |    7.390|
en             |d<5>           |    7.306|
en             |d<6>           |    7.139|
en             |d<7>           |    7.060|
---------------+---------------+---------+


Analysis completed Sat Apr 06 10:35:43 2024 
--------------------------------------------------------------------------------

Trace Settings:
-------------------------
Trace Settings 

Peak Memory Usage: 4553 MB



