Release 14.7 - xst P.20131013 (nt64)
Copyright (c) 1995-2013 Xilinx, Inc.  All rights reserved.
--> Parameter TMPDIR set to xst/projnav.tmp


Total REAL time to Xst completion: 0.00 secs
Total CPU time to Xst completion: 0.14 secs
 
--> Parameter xsthdpdir set to xst


Total REAL time to Xst completion: 0.00 secs
Total CPU time to Xst completion: 0.14 secs
 
--> Reading design: TOP.prj

TABLE OF CONTENTS
  1) Synthesis Options Summary
  2) HDL Parsing
  3) HDL Elaboration
  4) HDL Synthesis
       4.1) HDL Synthesis Report
  5) Advanced HDL Synthesis
       5.1) Advanced HDL Synthesis Report
  6) Low Level Synthesis
  7) Partition Report
  8) Design Summary
       8.1) Primitive and Black Box Usage
       8.2) Device utilization summary
       8.3) Partition Resource Summary
       8.4) Timing Report
            8.4.1) Clock Information
            8.4.2) Asynchronous Control Signals Information
            8.4.3) Timing Summary
            8.4.4) Timing Details
            8.4.5) Cross Clock Domains Report


=========================================================================
*                      Synthesis Options Summary                        *
=========================================================================
---- Source Parameters
Input File Name                    : "TOP.prj"
Ignore Synthesis Constraint File   : NO

---- Target Parameters
Output File Name                   : "TOP"
Output Format                      : NGC
Target Device                      : xc6slx4-3-tqg144

---- Source Options
Top Module Name                    : TOP
Automatic FSM Extraction           : YES
FSM Encoding Algorithm             : Auto
Safe Implementation                : No
FSM Style                          : LUT
RAM Extraction                     : Yes
RAM Style                          : Auto
ROM Extraction                     : Yes
Shift Register Extraction          : YES
ROM Style                          : Auto
Resource Sharing                   : YES
Asynchronous To Synchronous        : NO
Shift Register Minimum Size        : 2
Use DSP Block                      : Auto
Automatic Register Balancing       : No

---- Target Options
LUT Combining                      : Auto
Reduce Control Sets                : Auto
Add IO Buffers                     : YES
Global Maximum Fanout              : 100000
Add Generic Clock Buffer(BUFG)     : 16
Register Duplication               : YES
Optimize Instantiated Primitives   : NO
Use Clock Enable                   : Auto
Use Synchronous Set                : Auto
Use Synchronous Reset              : Auto
Pack IO Registers into IOBs        : Auto
Equivalent register Removal        : YES

---- General Options
Optimization Goal                  : Speed
Optimization Effort                : 1
Power Reduction                    : NO
Keep Hierarchy                     : No
Netlist Hierarchy                  : As_Optimized
RTL Output                         : Yes
Global Optimization                : AllClockNets
Read Cores                         : YES
Write Timing Constraints           : NO
Cross Clock Analysis               : NO
Hierarchy Separator                : /
Bus Delimiter                      : <>
Case Specifier                     : Maintain
Slice Utilization Ratio            : 100
BRAM Utilization Ratio             : 100
DSP48 Utilization Ratio            : 100
Auto BRAM Packing                  : NO
Slice Utilization Ratio Delta      : 5

=========================================================================


=========================================================================
*                          HDL Parsing                                  *
=========================================================================
Analyzing Verilog file "D:\Uni\DSD\Codes\Midterm_24\Xilinx\MidQs\MUX81.v" into library work
Parsing module <MUX81>.
Analyzing Verilog file "D:\Uni\DSD\Codes\Midterm_24\Xilinx\MidQs\COUNTER.v" into library work
Parsing module <COUNTER>.
Analyzing Verilog file "D:\Uni\DSD\Codes\Midterm_24\Xilinx\MidQs\TOP.v" into library work
Parsing module <TOP>.

=========================================================================
*                            HDL Elaboration                            *
=========================================================================

Elaborating module <TOP>.

Elaborating module <COUNTER>.

Elaborating module <MUX81>.

=========================================================================
*                           HDL Synthesis                               *
=========================================================================

Synthesizing Unit <TOP>.
    Related source file is "D:\Uni\DSD\Codes\Midterm_24\Xilinx\MidQs\TOP.v".
    Summary:
	no macro.
Unit <TOP> synthesized.

Synthesizing Unit <COUNTER>.
    Related source file is "D:\Uni\DSD\Codes\Midterm_24\Xilinx\MidQs\COUNTER.v".
    Found 3-bit register for signal <COUNT>.
    Found 3-bit subtractor for signal <COUNT[2]_GND_2_o_sub_3_OUT> created at line 18.
    Found 3-bit adder for signal <COUNT[2]_GND_2_o_add_1_OUT> created at line 15.
    Summary:
	inferred   1 Adder/Subtractor(s).
	inferred   3 D-type flip-flop(s).
Unit <COUNTER> synthesized.

Synthesizing Unit <MUX81>.
    Related source file is "D:\Uni\DSD\Codes\Midterm_24\Xilinx\MidQs\MUX81.v".
    Found 8-bit 8-to-1 multiplexer for signal <OUT> created at line 11.
    Summary:
	inferred   1 Multiplexer(s).
Unit <MUX81> synthesized.

=========================================================================
HDL Synthesis Report

Macro Statistics
# Adders/Subtractors                                   : 1
 3-bit addsub                                          : 1
# Registers                                            : 1
 3-bit register                                        : 1
# Multiplexers                                         : 1
 8-bit 8-to-1 multiplexer                              : 1

=========================================================================

=========================================================================
*                       Advanced HDL Synthesis                          *
=========================================================================


Synthesizing (advanced) Unit <COUNTER>.
The following registers are absorbed into counter <COUNT>: 1 register on signal <COUNT>.
Unit <COUNTER> synthesized (advanced).

=========================================================================
Advanced HDL Synthesis Report

Macro Statistics
# Counters                                             : 1
 3-bit updown counter                                  : 1
# Multiplexers                                         : 1
 8-bit 8-to-1 multiplexer                              : 1

=========================================================================

=========================================================================
*                         Low Level Synthesis                           *
=========================================================================

Optimizing unit <TOP> ...

Mapping all equations...
Building and optimizing final netlist ...
Found area constraint ratio of 100 (+ 5) on block TOP, actual ratio is 1.

Final Macro Processing ...

=========================================================================
Final Register Report

Macro Statistics
# Registers                                            : 3
 Flip-Flops                                            : 3

=========================================================================

=========================================================================
*                           Partition Report                            *
=========================================================================

Partition Implementation Status
-------------------------------

  No Partitions were found in this design.

-------------------------------

=========================================================================
*                            Design Summary                             *
=========================================================================

Top Level Output File Name         : TOP.ngc

Primitive and Black Box Usage:
------------------------------
# BELS                             : 28
#      INV                         : 2
#      LUT3                        : 1
#      LUT4                        : 1
#      LUT6                        : 16
#      MUXF7                       : 8
# FlipFlops/Latches                : 3
#      FDR                         : 3
# Clock Buffers                    : 1
#      BUFGP                       : 1
# IO Buffers                       : 74
#      IBUF                        : 66
#      OBUF                        : 8

Device utilization summary:
---------------------------

Selected Device : 6slx4tqg144-3 


Slice Logic Utilization: 
 Number of Slice Registers:               3  out of   4800     0%  
 Number of Slice LUTs:                   20  out of   2400     0%  
    Number used as Logic:                20  out of   2400     0%  

Slice Logic Distribution: 
 Number of LUT Flip Flop pairs used:     20
   Number with an unused Flip Flop:      17  out of     20    85%  
   Number with an unused LUT:             0  out of     20     0%  
   Number of fully used LUT-FF pairs:     3  out of     20    15%  
   Number of unique control sets:         1

IO Utilization: 
 Number of IOs:                          75
 Number of bonded IOBs:                  75  out of    102    73%  

Specific Feature Utilization:
 Number of BUFG/BUFGCTRLs:                1  out of     16     6%  

---------------------------
Partition Resource Summary:
---------------------------

  No Partitions were found in this design.

---------------------------


=========================================================================
Timing Report

NOTE: THESE TIMING NUMBERS ARE ONLY A SYNTHESIS ESTIMATE.
      FOR ACCURATE TIMING INFORMATION PLEASE REFER TO THE TRACE REPORT
      GENERATED AFTER PLACE-and-ROUTE.

Clock Information:
------------------
-----------------------------------+------------------------+-------+
Clock Signal                       | Clock buffer(FF name)  | Load  |
-----------------------------------+------------------------+-------+
CLOCK                              | BUFGP                  | 3     |
-----------------------------------+------------------------+-------+

Asynchronous Control Signals Information:
----------------------------------------
No asynchronous control signals found in this design

Timing Summary:
---------------
Speed Grade: -3

   Minimum period: 2.405ns (Maximum Frequency: 415.826MHz)
   Minimum input arrival time before clock: 3.087ns
   Maximum output required time after clock: 5.356ns
   Maximum combinational path delay: 5.542ns

Timing Details:
---------------
All values displayed in nanoseconds (ns)

=========================================================================
Timing constraint: Default period analysis for Clock 'CLOCK'
  Clock period: 2.405ns (frequency: 415.826MHz)
  Total number of paths / destination ports: 6 / 3
-------------------------------------------------------------------------
Delay:               2.405ns (Levels of Logic = 1)
  Source:            c/COUNT_0 (FF)
  Destination:       c/COUNT_0 (FF)
  Source Clock:      CLOCK rising
  Destination Clock: CLOCK rising

  Data Path: c/COUNT_0 to c/COUNT_0
                                Gate     Net
    Cell:in->out      fanout   Delay   Delay  Logical Name (Net Name)
    ----------------------------------------  ------------
     FDR:C->Q             19   0.447   1.071  c/COUNT_0 (c/COUNT_0)
     INV:I->O              1   0.206   0.579  Result<0>1_INV_0 (Result<0>)
     FDR:D                     0.102          c/COUNT_0
    ----------------------------------------
    Total                      2.405ns (0.755ns logic, 1.650ns route)
                                       (31.4% logic, 68.6% route)

=========================================================================
Timing constraint: Default OFFSET IN BEFORE for Clock 'CLOCK'
  Total number of paths / destination ports: 5 / 5
-------------------------------------------------------------------------
Offset:              3.087ns (Levels of Logic = 2)
  Source:            CLR (PAD)
  Destination:       c/COUNT_0 (FF)
  Destination Clock: CLOCK rising

  Data Path: CLR to c/COUNT_0
                                Gate     Net
    Cell:in->out      fanout   Delay   Delay  Logical Name (Net Name)
    ----------------------------------------  ------------
     IBUF:I->O             1   1.222   0.579  CLR_IBUF (CLR_IBUF)
     INV:I->O              3   0.206   0.650  CLR_inv1_INV_0 (CLR_inv)
     FDR:R                     0.430          c/COUNT_0
    ----------------------------------------
    Total                      3.087ns (1.858ns logic, 1.229ns route)
                                       (60.2% logic, 39.8% route)

=========================================================================
Timing constraint: Default OFFSET OUT AFTER for Clock 'CLOCK'
  Total number of paths / destination ports: 40 / 8
-------------------------------------------------------------------------
Offset:              5.356ns (Levels of Logic = 3)
  Source:            c/COUNT_0 (FF)
  Destination:       DATA_OUT<7> (PAD)
  Source Clock:      CLOCK rising

  Data Path: c/COUNT_0 to DATA_OUT<7>
                                Gate     Net
    Cell:in->out      fanout   Delay   Delay  Logical Name (Net Name)
    ----------------------------------------  ------------
     FDR:C->Q             19   0.447   1.416  c/COUNT_0 (c/COUNT_0)
     LUT6:I1->O            1   0.203   0.000  m/Mmux_OUT_3 (m/Mmux_OUT_3)
     MUXF7:I1->O           1   0.140   0.579  m/Mmux_OUT_2_f7 (DATA_OUT_0_OBUF)
     OBUF:I->O                 2.571          DATA_OUT_0_OBUF (DATA_OUT<0>)
    ----------------------------------------
    Total                      5.356ns (3.361ns logic, 1.995ns route)
                                       (62.8% logic, 37.2% route)

=========================================================================
Timing constraint: Default path analysis
  Total number of paths / destination ports: 64 / 8
-------------------------------------------------------------------------
Delay:               5.542ns (Levels of Logic = 4)
  Source:            I6<7> (PAD)
  Destination:       DATA_OUT<7> (PAD)

  Data Path: I6<7> to DATA_OUT<7>
                                Gate     Net
    Cell:in->out      fanout   Delay   Delay  Logical Name (Net Name)
    ----------------------------------------  ------------
     IBUF:I->O             1   1.222   0.827  I6_7_IBUF (I6_7_IBUF)
     LUT6:I2->O            1   0.203   0.000  m/Mmux_OUT_37 (m/Mmux_OUT_37)
     MUXF7:I1->O           1   0.140   0.579  m/Mmux_OUT_2_f7_6 (DATA_OUT_7_OBUF)
     OBUF:I->O                 2.571          DATA_OUT_7_OBUF (DATA_OUT<7>)
    ----------------------------------------
    Total                      5.542ns (4.136ns logic, 1.406ns route)
                                       (74.6% logic, 25.4% route)

=========================================================================

Cross Clock Domains Report:
--------------------------

Clock to Setup on destination clock CLOCK
---------------+---------+---------+---------+---------+
               | Src:Rise| Src:Fall| Src:Rise| Src:Fall|
Source Clock   |Dest:Rise|Dest:Rise|Dest:Fall|Dest:Fall|
---------------+---------+---------+---------+---------+
CLOCK          |    2.405|         |         |         |
---------------+---------+---------+---------+---------+

=========================================================================


Total REAL time to Xst completion: 6.00 secs
Total CPU time to Xst completion: 6.52 secs
 
--> 

Total memory usage is 4486696 kilobytes

Number of errors   :    0 (   0 filtered)
Number of warnings :    0 (   0 filtered)
Number of infos    :    0 (   0 filtered)

