Release 14.7 Map P.20131013 (nt64)
Xilinx Mapping Report File for Design 'TOP'

Design Information
------------------
Command Line   : map -intstyle ise -p xc6slx4-tqg144-3 -w -logic_opt off -ol
high -t 1 -xt 0 -register_duplication off -r 4 -global_opt off -mt off -ir off
-pr off -lc off -power off -o TOP_map.ncd TOP.ngd TOP.pcf 
Target Device  : xc6slx4
Target Package : tqg144
Target Speed   : -3
Mapper Version : spartan6 -- $Revision: 1.55 $
Mapped Date    : Sat Apr 06 10:32:55 2024

Design Summary
--------------
Number of errors:      0
Number of warnings:    0
Slice Logic Utilization:
  Number of Slice Registers:                     3 out of   4,800    1%
    Number used as Flip Flops:                   3
    Number used as Latches:                      0
    Number used as Latch-thrus:                  0
    Number used as AND/OR logics:                0
  Number of Slice LUTs:                         19 out of   2,400    1%
    Number used as logic:                       19 out of   2,400    1%
      Number using O6 output only:              19
      Number using O5 output only:               0
      Number using O5 and O6:                    0
      Number used as ROM:                        0
    Number used as Memory:                       0 out of   1,200    0%

Slice Logic Distribution:
  Number of occupied Slices:                     9 out of     600    1%
  Number of MUXCYs used:                         0 out of   1,200    0%
  Number of LUT Flip Flop pairs used:           19
    Number with an unused Flip Flop:            16 out of      19   84%
    Number with an unused LUT:                   0 out of      19    0%
    Number of fully used LUT-FF pairs:           3 out of      19   15%
    Number of unique control sets:               1
    Number of slice register sites lost
      to control set restrictions:               5 out of   4,800    1%

  A LUT Flip Flop pair for this architecture represents one LUT paired with
  one Flip Flop within a slice.  A control set is a unique combination of
  clock, reset, set, and enable signals for a registered element.
  The Slice Logic Distribution report is not meaningful if the design is
  over-mapped for a non-slice resource or if Placement fails.

IO Utilization:
  Number of bonded IOBs:                        75 out of     102   73%

Specific Feature Utilization:
  Number of RAMB16BWERs:                         0 out of      12    0%
  Number of RAMB8BWERs:                          0 out of      24    0%
  Number of BUFIO2/BUFIO2_2CLKs:                 0 out of      32    0%
  Number of BUFIO2FB/BUFIO2FB_2CLKs:             0 out of      32    0%
  Number of BUFG/BUFGMUXs:                       1 out of      16    6%
    Number used as BUFGs:                        1
    Number used as BUFGMUX:                      0
  Number of DCM/DCM_CLKGENs:                     0 out of       4    0%
  Number of ILOGIC2/ISERDES2s:                   0 out of     200    0%
  Number of IODELAY2/IODRP2/IODRP2_MCBs:         0 out of     200    0%
  Number of OLOGIC2/OSERDES2s:                   0 out of     200    0%
  Number of BSCANs:                              0 out of       4    0%
  Number of BUFHs:                               0 out of     128    0%
  Number of BUFPLLs:                             0 out of       8    0%
  Number of BUFPLL_MCBs:                         0 out of       4    0%
  Number of DSP48A1s:                            0 out of       8    0%
  Number of ICAPs:                               0 out of       1    0%
  Number of PCILOGICSEs:                         0 out of       2    0%
  Number of PLL_ADVs:                            0 out of       2    0%
  Number of PMVs:                                0 out of       1    0%
  Number of STARTUPs:                            0 out of       1    0%
  Number of SUSPEND_SYNCs:                       0 out of       1    0%

Average Fanout of Non-Clock Nets:                1.59

Peak Memory Usage:  4494 MB
Total REAL time to MAP completion:  25 secs 
Total CPU time to MAP completion:   19 secs 

Table of Contents
-----------------
Section 1 - Errors
Section 2 - Warnings
Section 3 - Informational
Section 4 - Removed Logic Summary
Section 5 - Removed Logic
Section 6 - IOB Properties
Section 7 - RPMs
Section 8 - Guide Report
Section 9 - Area Group and Partition Summary
Section 10 - Timing Report
Section 11 - Configuration String Information
Section 12 - Control Set Information
Section 13 - Utilization by Hierarchy

Section 1 - Errors
------------------

Section 2 - Warnings
--------------------

Section 3 - Informational
-------------------------
INFO:MapLib:562 - No environment variables are currently set.
INFO:LIT:244 - All of the single ended outputs in this design are using slew
   rate limited output drivers. The delay on speed critical single ended outputs
   can be dramatically reduced by designating them as fast outputs.
INFO:Pack:1716 - Initializing temperature to 85.000 Celsius. (default - Range:
   0.000 to 85.000 Celsius)
INFO:Pack:1720 - Initializing voltage to 1.140 Volts. (default - Range: 1.140 to
   1.260 Volts)
INFO:Map:215 - The Interim Design Summary has been generated in the MAP Report
   (.mrp).
INFO:Pack:1650 - Map created a placed design.

Section 4 - Removed Logic Summary
---------------------------------

Section 5 - Removed Logic
-------------------------

To enable printing of redundant blocks removed and signals merged, set the
detailed map report option and rerun map.

Section 6 - IOB Properties
--------------------------

+---------------------------------------------------------------------------------------------------------------------------------------------------------+
| IOB Name                           | Type             | Direction | IO Standard          | Diff  | Drive    | Slew | Reg (s)      | Resistor | IOB      |
|                                    |                  |           |                      | Term  | Strength | Rate |              |          | Delay    |
+---------------------------------------------------------------------------------------------------------------------------------------------------------+
| CLOCK                              | IOB              | INPUT     | LVCMOS25             |       |          |      |              |          |          |
| CLR                                | IOB              | INPUT     | LVCMOS25             |       |          |      |              |          |          |
| DATA_OUT<0>                        | IOB              | OUTPUT    | LVCMOS25             |       | 12       | SLOW |              |          |          |
| DATA_OUT<1>                        | IOB              | OUTPUT    | LVCMOS25             |       | 12       | SLOW |              |          |          |
| DATA_OUT<2>                        | IOB              | OUTPUT    | LVCMOS25             |       | 12       | SLOW |              |          |          |
| DATA_OUT<3>                        | IOB              | OUTPUT    | LVCMOS25             |       | 12       | SLOW |              |          |          |
| DATA_OUT<4>                        | IOB              | OUTPUT    | LVCMOS25             |       | 12       | SLOW |              |          |          |
| DATA_OUT<5>                        | IOB              | OUTPUT    | LVCMOS25             |       | 12       | SLOW |              |          |          |
| DATA_OUT<6>                        | IOB              | OUTPUT    | LVCMOS25             |       | 12       | SLOW |              |          |          |
| DATA_OUT<7>                        | IOB              | OUTPUT    | LVCMOS25             |       | 12       | SLOW |              |          |          |
| I0<0>                              | IOB              | INPUT     | LVCMOS25             |       |          |      |              |          |          |
| I0<1>                              | IOB              | INPUT     | LVCMOS25             |       |          |      |              |          |          |
| I0<2>                              | IOB              | INPUT     | LVCMOS25             |       |          |      |              |          |          |
| I0<3>                              | IOB              | INPUT     | LVCMOS25             |       |          |      |              |          |          |
| I0<4>                              | IOB              | INPUT     | LVCMOS25             |       |          |      |              |          |          |
| I0<5>                              | IOB              | INPUT     | LVCMOS25             |       |          |      |              |          |          |
| I0<6>                              | IOB              | INPUT     | LVCMOS25             |       |          |      |              |          |          |
| I0<7>                              | IOB              | INPUT     | LVCMOS25             |       |          |      |              |          |          |
| I1<0>                              | IOB              | INPUT     | LVCMOS25             |       |          |      |              |          |          |
| I1<1>                              | IOB              | INPUT     | LVCMOS25             |       |          |      |              |          |          |
| I1<2>                              | IOB              | INPUT     | LVCMOS25             |       |          |      |              |          |          |
| I1<3>                              | IOB              | INPUT     | LVCMOS25             |       |          |      |              |          |          |
| I1<4>                              | IOB              | INPUT     | LVCMOS25             |       |          |      |              |          |          |
| I1<5>                              | IOB              | INPUT     | LVCMOS25             |       |          |      |              |          |          |
| I1<6>                              | IOB              | INPUT     | LVCMOS25             |       |          |      |              |          |          |
| I1<7>                              | IOB              | INPUT     | LVCMOS25             |       |          |      |              |          |          |
| I2<0>                              | IOB              | INPUT     | LVCMOS25             |       |          |      |              |          |          |
| I2<1>                              | IOB              | INPUT     | LVCMOS25             |       |          |      |              |          |          |
| I2<2>                              | IOB              | INPUT     | LVCMOS25             |       |          |      |              |          |          |
| I2<3>                              | IOB              | INPUT     | LVCMOS25             |       |          |      |              |          |          |
| I2<4>                              | IOB              | INPUT     | LVCMOS25             |       |          |      |              |          |          |
| I2<5>                              | IOB              | INPUT     | LVCMOS25             |       |          |      |              |          |          |
| I2<6>                              | IOB              | INPUT     | LVCMOS25             |       |          |      |              |          |          |
| I2<7>                              | IOB              | INPUT     | LVCMOS25             |       |          |      |              |          |          |
| I3<0>                              | IOB              | INPUT     | LVCMOS25             |       |          |      |              |          |          |
| I3<1>                              | IOB              | INPUT     | LVCMOS25             |       |          |      |              |          |          |
| I3<2>                              | IOB              | INPUT     | LVCMOS25             |       |          |      |              |          |          |
| I3<3>                              | IOB              | INPUT     | LVCMOS25             |       |          |      |              |          |          |
| I3<4>                              | IOB              | INPUT     | LVCMOS25             |       |          |      |              |          |          |
| I3<5>                              | IOB              | INPUT     | LVCMOS25             |       |          |      |              |          |          |
| I3<6>                              | IOB              | INPUT     | LVCMOS25             |       |          |      |              |          |          |
| I3<7>                              | IOB              | INPUT     | LVCMOS25             |       |          |      |              |          |          |
| I4<0>                              | IOB              | INPUT     | LVCMOS25             |       |          |      |              |          |          |
| I4<1>                              | IOB              | INPUT     | LVCMOS25             |       |          |      |              |          |          |
| I4<2>                              | IOB              | INPUT     | LVCMOS25             |       |          |      |              |          |          |
| I4<3>                              | IOB              | INPUT     | LVCMOS25             |       |          |      |              |          |          |
| I4<4>                              | IOB              | INPUT     | LVCMOS25             |       |          |      |              |          |          |
| I4<5>                              | IOB              | INPUT     | LVCMOS25             |       |          |      |              |          |          |
| I4<6>                              | IOB              | INPUT     | LVCMOS25             |       |          |      |              |          |          |
| I4<7>                              | IOB              | INPUT     | LVCMOS25             |       |          |      |              |          |          |
| I5<0>                              | IOB              | INPUT     | LVCMOS25             |       |          |      |              |          |          |
| I5<1>                              | IOB              | INPUT     | LVCMOS25             |       |          |      |              |          |          |
| I5<2>                              | IOB              | INPUT     | LVCMOS25             |       |          |      |              |          |          |
| I5<3>                              | IOB              | INPUT     | LVCMOS25             |       |          |      |              |          |          |
| I5<4>                              | IOB              | INPUT     | LVCMOS25             |       |          |      |              |          |          |
| I5<5>                              | IOB              | INPUT     | LVCMOS25             |       |          |      |              |          |          |
| I5<6>                              | IOB              | INPUT     | LVCMOS25             |       |          |      |              |          |          |
| I5<7>                              | IOB              | INPUT     | LVCMOS25             |       |          |      |              |          |          |
| I6<0>                              | IOB              | INPUT     | LVCMOS25             |       |          |      |              |          |          |
| I6<1>                              | IOB              | INPUT     | LVCMOS25             |       |          |      |              |          |          |
| I6<2>                              | IOB              | INPUT     | LVCMOS25             |       |          |      |              |          |          |
| I6<3>                              | IOB              | INPUT     | LVCMOS25             |       |          |      |              |          |          |
| I6<4>                              | IOB              | INPUT     | LVCMOS25             |       |          |      |              |          |          |
| I6<5>                              | IOB              | INPUT     | LVCMOS25             |       |          |      |              |          |          |
| I6<6>                              | IOB              | INPUT     | LVCMOS25             |       |          |      |              |          |          |
| I6<7>                              | IOB              | INPUT     | LVCMOS25             |       |          |      |              |          |          |
| I7<0>                              | IOB              | INPUT     | LVCMOS25             |       |          |      |              |          |          |
| I7<1>                              | IOB              | INPUT     | LVCMOS25             |       |          |      |              |          |          |
| I7<2>                              | IOB              | INPUT     | LVCMOS25             |       |          |      |              |          |          |
| I7<3>                              | IOB              | INPUT     | LVCMOS25             |       |          |      |              |          |          |
| I7<4>                              | IOB              | INPUT     | LVCMOS25             |       |          |      |              |          |          |
| I7<5>                              | IOB              | INPUT     | LVCMOS25             |       |          |      |              |          |          |
| I7<6>                              | IOB              | INPUT     | LVCMOS25             |       |          |      |              |          |          |
| I7<7>                              | IOB              | INPUT     | LVCMOS25             |       |          |      |              |          |          |
| UD                                 | IOB              | INPUT     | LVCMOS25             |       |          |      |              |          |          |
+---------------------------------------------------------------------------------------------------------------------------------------------------------+

Section 7 - RPMs
----------------

Section 8 - Guide Report
------------------------
Guide not run on this design.

Section 9 - Area Group and Partition Summary
--------------------------------------------

Partition Implementation Status
-------------------------------

  No Partitions were found in this design.

-------------------------------

Area Group Information
----------------------

  No area groups were found in this design.

----------------------

Section 10 - Timing Report
--------------------------
A logic-level (pre-route) timing report can be generated by using Xilinx static
timing analysis tools, Timing Analyzer (GUI) or TRCE (command line), with the
mapped NCD and PCF files. Please note that this timing report will be generated
using estimated delay information. For accurate numbers, please generate a
timing report with the post Place and Route NCD file.

For more information about the Timing Analyzer, consult the Xilinx Timing
Analyzer Reference Manual; for more information about TRCE, consult the Xilinx
Command Line Tools User Guide "TRACE" chapter.

Section 11 - Configuration String Details
-----------------------------------------
Use the "-detail" map option to print out Configuration Strings

Section 12 - Control Set Information
------------------------------------
Use the "-detail" map option to print out Control Set Information.

Section 13 - Utilization by Hierarchy
-------------------------------------
Use the "-detail" map option to print out the Utilization by Hierarchy section.
