#
# A fatal error has been detected by the Java Runtime Environment:
#
#  EXCEPTION_UNCAUGHT_CXX_EXCEPTION (0xe06d7363) at pc=0x00007ff8e866ba99, pid=11768, tid=11216
#
# JRE version: 7.0_17-b02
# Java VM: Java HotSpot(TM) 64-Bit Server VM (23.7-b01 mixed mode windows-amd64 compressed oops)
# Problematic frame:
# C  [KERNELBASE.dll+0x2ba99]  RaiseException+0x69
#
# Failed to write core dump. Minidumps are not enabled by default on client versions of Windows
#
# If you would like to submit a bug report, please visit:
#   http://bugreport.sun.com/bugreport/crash.jsp
# The crash happened outside the Java Virtual Machine in native code.
# See problematic frame for where to report the bug.
#

---------------  T H R E A D  ---------------

Current thread (0x000000001d13b000):  JavaThread "main" [_thread_in_native, id=11216, stack(0x000000001d2e0000,0x000000001d3e0000)]

siginfo: ExceptionCode=0xe06d7363, ExceptionInformation=0x0000000019930520 0x000000001d3de348 0x0000000000a51910 0x00000000009b0000 

Registers:
RAX=0x000000006c1822ae, RBX=0x000000001d3dd970, RCX=0x0000000000000000, RDX=0x000000001d180230
RSP=0x000000001d3dbbc0, RBP=0x000000001d3dc290, RSI=0x000000001d3de1c0, RDI=0x000000001d3dca30
R8 =0x0000000000000000, R9 =0xfe1456db00000000, R10=0x24ecc179081611ae, R11=0x69a4e03635024081
R12=0x000000001d3de560, R13=0x000000001d3dd038, R14=0x0000000000000000, R15=0x000000001d3dbd18
RIP=0x00007ff8e866ba99, EFLAGS=0x0000000000000206

Top of Stack: (sp=0x000000001d3dbbc0)
0x000000001d3dbbc0:   000000001d1be680 000000001d3dd970
0x000000001d3dbbd0:   000000001d3de1c0 00007ff8e869b96b
0x000000001d3dbbe0:   00000001e06d7363 0000000000000000
0x000000001d3dbbf0:   00007ff8e866ba99 0000000000000004
0x000000001d3dbc00:   0000000019930520 000000001d3de348
0x000000001d3dbc10:   0000000000a51910 00000000009b0000
0x000000001d3dbc20:   00007103a7682292 0000000000a28110
0x000000001d3dbc30:   000000001d3dd970 000000006c91334a
0x000000001d3dbc40:   0000000000000000 000000001d13fd20
0x000000001d3dbc50:   0000000000000000 000000001d3dca30
0x000000001d3dbc60:   000000001d3dca30 000000006c91336b
0x000000001d3dbc70:   000000001d3dd970 000000001d3de560
0x000000001d3dbc80:   0000989552b7900f 000000001d180230
0x000000001d3dbc90:   000000001d3dd970 000000006c953bb8
0x000000001d3dbca0:   0000000000a280e0 000000001d3dd038
0x000000001d3dbcb0:   0000000000000100 0000000000000000 

Instructions: (pc=0x00007ff8e866ba99)
0x00007ff8e866ba79:   8b d1 44 0f 47 c0 44 89 44 24 38 49 c1 e0 03 e8
0x00007ff8e866ba89:   7a bc 08 00 48 8d 4c 24 20 48 ff 15 af 96 1b 00
0x00007ff8e866ba99:   0f 1f 44 00 00 48 8b 8c 24 c0 00 00 00 48 33 cc
0x00007ff8e866baa9:   e8 42 ab 06 00 48 81 c4 d8 00 00 00 c3 cc 83 64 


Register to memory mapping:

RAX=0x000000006c1822ae is an unknown value
RBX=0x000000001d3dd970 is pointing into the stack for thread: 0x000000001d13b000
RCX=0x0000000000000000 is an unknown value
RDX=0x000000001d180230 is an unknown value
RSP=0x000000001d3dbbc0 is pointing into the stack for thread: 0x000000001d13b000
RBP=0x000000001d3dc290 is pointing into the stack for thread: 0x000000001d13b000
RSI=0x000000001d3de1c0 is pointing into the stack for thread: 0x000000001d13b000
RDI=0x000000001d3dca30 is pointing into the stack for thread: 0x000000001d13b000
R8 =0x0000000000000000 is an unknown value
R9 =0xfe1456db00000000 is an unknown value
R10=0x24ecc179081611ae is an unknown value
R11=0x69a4e03635024081 is an unknown value
R12=0x000000001d3de560 is pointing into the stack for thread: 0x000000001d13b000
R13=0x000000001d3dd038 is pointing into the stack for thread: 0x000000001d13b000
R14=0x0000000000000000 is an unknown value
R15=0x000000001d3dbd18 is pointing into the stack for thread: 0x000000001d13b000


Stack: [0x000000001d2e0000,0x000000001d3e0000],  sp=0x000000001d3dbbc0,  free space=1006k
Native frames: (J=compiled Java code, j=interpreted, Vv=VM code, C=native code)
C  [KERNELBASE.dll+0x2ba99]  RaiseException+0x69
C  0x000000001d3dc8f0

Java frames: (J=compiled Java code, j=interpreted, Vv=VM code)
j  ui.data.common.parami.ParamMgr_getValueAsBool(JLjava/lang/String;)Z+0
j  ui.data.common.F.jw(Ljava/lang/String;)Z+5
j  ui.data.common.F.aWC()Z+5
j  ui.h.I.aWC()Z+6
j  ui.aL.aGY()Ljava/lang/String;+0
j  ui.PlanAhead.<clinit>()V+316
v  ~StubRoutines::call_stub

---------------  P R O C E S S  ---------------

Java Threads: ( => current thread )
  0x000000001d231000 JavaThread "Service Thread" daemon [_thread_blocked, id=10288, stack(0x000000002a2c0000,0x000000002a5c0000)]
  0x0000000028e81800 JavaThread "C1 CompilerThread2" daemon [_thread_blocked, id=3308, stack(0x000000002a1c0000,0x000000002a2c0000)]
  0x0000000028e71800 JavaThread "C2 CompilerThread1" daemon [_thread_blocked, id=5968, stack(0x000000002a0c0000,0x000000002a1c0000)]
  0x0000000024261000 JavaThread "C2 CompilerThread0" daemon [_thread_blocked, id=6496, stack(0x0000000029fc0000,0x000000002a0c0000)]
  0x0000000028de1800 JavaThread "Attach Listener" daemon [_thread_blocked, id=11712, stack(0x0000000029cc0000,0x0000000029fc0000)]
  0x0000000029022000 JavaThread "Signal Dispatcher" daemon [_thread_blocked, id=2988, stack(0x00000000299c0000,0x0000000029cc0000)]
  0x0000000029024000 JavaThread "Surrogate Locker Thread (Concurrent GC)" daemon [_thread_blocked, id=10692, stack(0x00000000296c0000,0x00000000299c0000)]
  0x0000000024285800 JavaThread "Finalizer" daemon [_thread_blocked, id=1688, stack(0x00000000293c0000,0x00000000296c0000)]
  0x0000000024287000 JavaThread "Reference Handler" daemon [_thread_blocked, id=7400, stack(0x00000000290c0000,0x00000000293c0000)]
=>0x000000001d13b000 JavaThread "main" [_thread_in_native, id=11216, stack(0x000000001d2e0000,0x000000001d3e0000)]

Other Threads:
  0x0000000024232000 VMThread [stack: 0x0000000028ec0000,0x0000000028fc0000] [id=11260]
  0x000000001d2d0800 WatcherThread [stack: 0x000000002a5c0000,0x000000002a6c0000] [id=9336]

VM state:not at safepoint (normal execution)

VM Mutex/Monitor currently owned by a thread: None

Heap
 par new generation   total 55296K, used 4044K [0x0000000778000000, 0x000000077bc00000, 0x000000077bc00000)
  eden space 49152K,   8% used [0x0000000778000000, 0x00000007783f3338, 0x000000077b000000)
  from space 6144K,   0% used [0x000000077b000000, 0x000000077b000000, 0x000000077b600000)
  to   space 6144K,   0% used [0x000000077b600000, 0x000000077b600000, 0x000000077bc00000)
 concurrent mark-sweep generation total 69632K, used 0K [0x000000077bc00000, 0x0000000780000000, 0x00000007f8000000)
 concurrent-mark-sweep perm gen total 131072K, used 5136K [0x00000007f8000000, 0x0000000800000000, 0x0000000800000000)

Card table byte_map: [0x0000000023980000,0x0000000023dd0000] byte_map_base: 0x000000001fdc0000

Polling page: 0x000000001d3e0000

Code Cache  [0x000000001d400000, 0x000000001d670000, 0x0000000023400000)
 total_blobs=391 nmethods=106 adapters=203 free_code_cache=97055Kb largest_free_block=99381760

Compilation events (10 events):
Event: 0.201 Thread 0x0000000028e81800  102       3       java.util.HashMap$FrontCache::get (32 bytes)
Event: 0.202 Thread 0x0000000028e81800 nmethod 102 0x000000001d536310 code [0x000000001d5364a0, 0x000000001d536a10]
Event: 0.203 Thread 0x0000000028e81800  103       3       java.io.BufferedInputStream::getBufIfOpen (21 bytes)
Event: 0.203 Thread 0x0000000028e81800 nmethod 103 0x000000001d536b90 code [0x000000001d536d00, 0x000000001d536f68]
Event: 0.203 Thread 0x0000000028e81800  104  s    3       java.io.BufferedInputStream::read (49 bytes)
Event: 0.203 Thread 0x0000000028e81800 nmethod 104 0x000000001d537010 code [0x000000001d5371a0, 0x000000001d537718]
Event: 0.203 Thread 0x0000000028e81800  105       3       java.io.DataInputStream::readInt (72 bytes)
Event: 0.204 Thread 0x0000000028e81800 nmethod 105 0x000000001d5378d0 code [0x000000001d537aa0, 0x000000001d538088]
Event: 0.207 Thread 0x0000000028e81800  106       3       java.util.HashMap::addEntry (59 bytes)
Event: 0.207 Thread 0x0000000028e81800 nmethod 106 0x000000001d5384d0 code [0x000000001d538660, 0x000000001d538b68]

GC Heap History (0 events):
No events

Deoptimization events (0 events):
No events

Internal exceptions (10 events):
Event: 0.182 Thread 0x000000001d13b000 Threw 0x00000007782ce450 at C:\jdk7u2_64p\jdk7u17\hotspot\src\share\vm\prims\jvm.cpp:1166
Event: 0.182 Thread 0x000000001d13b000 Threw 0x00000007782d01f8 at C:\jdk7u2_64p\jdk7u17\hotspot\src\share\vm\prims\jvm.cpp:1166
Event: 0.187 Thread 0x000000001d13b000 Threw 0x00000007782da310 at C:\jdk7u2_64p\jdk7u17\hotspot\src\share\vm\prims\jni.cpp:716
Event: 0.196 Thread 0x000000001d13b000 Threw 0x00000007782f34b0 at C:\jdk7u2_64p\jdk7u17\hotspot\src\share\vm\prims\jvm.cpp:1166
Event: 0.197 Thread 0x000000001d13b000 Threw 0x00000007782fcd60 at C:\jdk7u2_64p\jdk7u17\hotspot\src\share\vm\prims\jvm.cpp:1166
Event: 0.197 Thread 0x000000001d13b000 Threw 0x0000000778300b60 at C:\jdk7u2_64p\jdk7u17\hotspot\src\share\vm\prims\jvm.cpp:1166
Event: 0.198 Thread 0x000000001d13b000 Threw 0x0000000778304198 at C:\jdk7u2_64p\jdk7u17\hotspot\src\share\vm\prims\jvm.cpp:1166
Event: 0.199 Thread 0x000000001d13b000 Threw 0x0000000778309e28 at C:\jdk7u2_64p\jdk7u17\hotspot\src\share\vm\prims\jvm.cpp:1166
Event: 0.199 Thread 0x000000001d13b000 Threw 0x000000077831b950 at C:\jdk7u2_64p\jdk7u17\hotspot\src\share\vm\prims\jvm.cpp:1166
Event: 0.207 Thread 0x000000001d13b000 Threw 0x000000077833b470 at C:\jdk7u2_64p\jdk7u17\hotspot\src\share\vm\prims\jvm.cpp:1166

Events (10 events):
Event: 0.206 loading class 0x0000000029013320
Event: 0.206 loading class 0x0000000029013320 done
Event: 0.206 loading class 0x000000001d184ee0
Event: 0.206 loading class 0x000000001d184ee0 done
Event: 0.206 loading class 0x000000002b822ab0
Event: 0.206 loading class 0x000000002b822ab0 done
Event: 0.206 loading class 0x000000002b822ba0
Event: 0.206 loading class 0x000000002b822ba0 done
Event: 0.207 loading class 0x0000000029037ce0
Event: 0.207 loading class 0x0000000029037ce0 done


Dynamic libraries:
0x0000000140000000 - 0x000000014000e000 	D:\Xilinx\14.7\ISE_DS\PlanAhead\bin\unwrapped\win64.o\planAhead.exe
0x00007ff8eacd0000 - 0x00007ff8eaec8000 	C:\WINDOWS\SYSTEM32\ntdll.dll
0x00007ff8eab50000 - 0x00007ff8eac0d000 	C:\WINDOWS\System32\KERNEL32.DLL
0x00007ff8e8640000 - 0x00007ff8e8936000 	C:\WINDOWS\System32\KERNELBASE.dll
0x000000000a900000 - 0x000000000a945000 	D:\Xilinx\14.7\ISE_DS\PlanAhead\lib\win64.o\SHSMP64.dll
0x0000000180000000 - 0x0000000180013000 	D:\Xilinx\14.7\ISE_DS\PlanAhead\lib\win64.o\libboost_signals.dll
0x00007ff8ea0d0000 - 0x00007ff8ea26f000 	C:\WINDOWS\System32\USER32.dll
0x00007ff8e8610000 - 0x00007ff8e8632000 	C:\WINDOWS\System32\win32u.dll
0x000000006c910000 - 0x000000006c9b3000 	C:\WINDOWS\WinSxS\amd64_microsoft.vc90.crt_1fc8b3b9a1e18e3b_9.0.30729.9625_none_08e1c10da83fbc83\MSVCR90.dll
0x00007ff8e8d00000 - 0x00007ff8e8d2b000 	C:\WINDOWS\System32\GDI32.dll
0x00007ff8e8b20000 - 0x00007ff8e8c37000 	C:\WINDOWS\System32\gdi32full.dll
0x00007ff8e8410000 - 0x00007ff8e84ad000 	C:\WINDOWS\System32\msvcp_win.dll
0x00007ff8e8940000 - 0x00007ff8e8a40000 	C:\WINDOWS\System32\ucrtbase.dll
0x00007ff8e9e40000 - 0x00007ff8e9ef0000 	C:\WINDOWS\System32\ADVAPI32.dll
0x00007ff8ea030000 - 0x00007ff8ea0ce000 	C:\WINDOWS\System32\msvcrt.dll
0x00007ff8e8db0000 - 0x00007ff8e8e50000 	C:\WINDOWS\System32\sechost.dll
0x00007ff8e95a0000 - 0x00007ff8e96c3000 	C:\WINDOWS\System32\RPCRT4.dll
0x00007ff8e8a40000 - 0x00007ff8e8a67000 	C:\WINDOWS\System32\bcrypt.dll
0x00007ff8deaf0000 - 0x00007ff8deafa000 	C:\WINDOWS\SYSTEM32\VERSION.dll
0x00000000001d0000 - 0x00000000001e6000 	D:\Xilinx\14.7\ISE_DS\PlanAhead\lib\win64.o\librdi_commonmain.dll
0x00000000009b0000 - 0x0000000000a9e000 	D:\Xilinx\14.7\ISE_DS\PlanAhead\lib\win64.o\stlport.5.2.dll
0x0000000000aa0000 - 0x0000000001321000 	D:\Xilinx\14.7\ISE_DS\PlanAhead\lib\win64.o\librdi_common.dll
0x0000000010000000 - 0x000000001012a000 	D:\Xilinx\14.7\ISE_DS\PlanAhead\lib\win64.o\tcl85t.dll
0x000000006c830000 - 0x000000006c903000 	C:\WINDOWS\WinSxS\amd64_microsoft.vc90.crt_1fc8b3b9a1e18e3b_9.0.30729.9625_none_08e1c10da83fbc83\MSVCP90.dll
0x00007ff8eac10000 - 0x00007ff8eac7b000 	C:\WINDOWS\System32\WS2_32.dll
0x00007ff8e9580000 - 0x00007ff8e9588000 	C:\WINDOWS\System32\PSAPI.DLL
0x000000006c110000 - 0x000000006c82f000 	D:\Xilinx\14.7\ISE_DS\PlanAhead\tps\win64\jre\bin\server\jvm.dll
0x0000000012000000 - 0x0000000012282000 	D:\Xilinx\14.7\ISE_DS\PlanAhead\lib\win64.o\xerces-c_3_1.dll
0x00007ff8d3b80000 - 0x00007ff8d4056000 	C:\WINDOWS\SYSTEM32\WININET.dll
0x00007ff8d9da0000 - 0x00007ff8d9eaa000 	C:\WINDOWS\SYSTEM32\WINHTTP.dll
0x00007ff8d7540000 - 0x00007ff8d772c000 	C:\WINDOWS\SYSTEM32\urlmon.dll
0x00007ff8d7040000 - 0x00007ff8d7049000 	C:\WINDOWS\SYSTEM32\WSOCK32.dll
0x00007ff8d8310000 - 0x00007ff8d8337000 	C:\WINDOWS\SYSTEM32\WINMM.dll
0x000000006c030000 - 0x000000006c102000 	C:\WINDOWS\SYSTEM32\MSVCR100.dll
0x00007ff8d7510000 - 0x00007ff8d7538000 	C:\WINDOWS\SYSTEM32\srvcli.dll
0x00007ff8d7250000 - 0x00007ff8d750e000 	C:\WINDOWS\SYSTEM32\iertutil.dll
0x00007ff8e7820000 - 0x00007ff8e782c000 	C:\WINDOWS\SYSTEM32\netutils.dll
0x00007ff8ea7f0000 - 0x00007ff8eab43000 	C:\WINDOWS\System32\combase.dll
0x00007ff8e96d0000 - 0x00007ff8e9e3b000 	C:\WINDOWS\System32\SHELL32.dll
0x00007ff8ea6e0000 - 0x00007ff8ea78d000 	C:\WINDOWS\System32\shcore.dll
0x0000000000520000 - 0x0000000000547000 	D:\Xilinx\14.7\ISE_DS\PlanAhead\lib\win64.o\libboost_filesystem.dll
0x0000000001330000 - 0x0000000001619000 	D:\Xilinx\14.7\ISE_DS\PlanAhead\lib\win64.o\libCOIN-all.dll
0x0000000001620000 - 0x000000000185a000 	D:\Xilinx\14.7\ISE_DS\PlanAhead\lib\win64.o\libSecurity.dll
0x0000000000560000 - 0x000000000056f000 	D:\Xilinx\14.7\ISE_DS\PlanAhead\lib\win64.o\libboost_date_time.dll
0x0000000001860000 - 0x00000000018d1000 	D:\Xilinx\14.7\ISE_DS\PlanAhead\lib\win64.o\libboost_program_options.dll
0x00007ff8e9f50000 - 0x00007ff8ea02a000 	C:\WINDOWS\System32\COMDLG32.dll
0x0000000000590000 - 0x0000000000599000 	D:\Xilinx\14.7\ISE_DS\PlanAhead\lib\win64.o\libboost_system.dll
0x00007ff8ea790000 - 0x00007ff8ea7e5000 	C:\WINDOWS\System32\SHLWAPI.dll
0x00007ff8e9420000 - 0x00007ff8e94ed000 	C:\WINDOWS\System32\OLEAUT32.dll
0x00000000018f0000 - 0x000000000199f000 	D:\Xilinx\14.7\ISE_DS\PlanAhead\lib\win64.o\libboost_regex.dll
0x00000000019a0000 - 0x00000000019b6000 	D:\Xilinx\14.7\ISE_DS\PlanAhead\lib\win64.o\libboost_thread.dll
0x00007ff8e8ef0000 - 0x00007ff8e901b000 	C:\WINDOWS\System32\ole32.dll
0x00007ff8e8c90000 - 0x00007ff8e8cf7000 	C:\WINDOWS\System32\WINTRUST.dll
0x00000000019e0000 - 0x0000000001a23000 	D:\Xilinx\14.7\ISE_DS\PlanAhead\lib\win64.o\libcurl.dll
0x0000000001a30000 - 0x0000000001ab3000 	D:\Xilinx\14.7\ISE_DS\PlanAhead\lib\win64.o\libhdlpsolve.dll
0x00007ff8e84b0000 - 0x00007ff8e860e000 	C:\WINDOWS\System32\CRYPT32.dll
0x00007ff8e8e50000 - 0x00007ff8e8eae000 	C:\WINDOWS\System32\WLDAP32.dll
0x0000000001ac0000 - 0x0000000001b77000 	D:\Xilinx\14.7\ISE_DS\PlanAhead\lib\win64.o\libhdxml.dll
0x0000000001b90000 - 0x0000000001bb9000 	D:\Xilinx\14.7\ISE_DS\PlanAhead\lib\win64.o\libisl_sysinfo.dll
0x0000000001bc0000 - 0x00000000021030d3 	D:\Xilinx\14.7\ISE_DS\PlanAhead\lib\win64.o\libisl_iostreams.dll
0x0000000002130000 - 0x0000000002142000 	D:\Xilinx\14.7\ISE_DS\PlanAhead\lib\win64.o\pthreadVC.dll
0x0000000002150000 - 0x0000000002166000 	D:\Xilinx\14.7\ISE_DS\PlanAhead\lib\win64.o\librdiconfig.dll
0x0000000002180000 - 0x000000000219e000 	D:\Xilinx\14.7\ISE_DS\PlanAhead\lib\win64.o\librdizlib.dll
0x00007ff8d7120000 - 0x00007ff8d7139000 	C:\WINDOWS\SYSTEM32\NETAPI32.dll
0x00007ff8c4b30000 - 0x00007ff8c4be0000 	C:\WINDOWS\WinSxS\amd64_microsoft.windows.common-controls_6595b64144ccf1df_5.82.19041.4355_none_792ecafd2442822f\COMCTL32.dll
0x00000000021d0000 - 0x00000000021dc000 	D:\Xilinx\14.7\ISE_DS\PlanAhead\lib\win64.o\libboost_chrono.dll
0x00000000021e0000 - 0x00000000021f9000 	D:\Xilinx\14.7\ISE_DS\PlanAhead\lib\win64.o\libboost_iostreams.dll
0x00007ff8e8eb0000 - 0x00007ff8e8ee2000 	C:\WINDOWS\System32\IMM32.DLL
0x00007ff8e7ec0000 - 0x00007ff8e7ed2000 	C:\WINDOWS\SYSTEM32\MSASN1.dll
0x00000000056c0000 - 0x00000000059b3000 	D:\Xilinx\14.7\ISE_DS\PlanAhead\lib\win64.o\librdi_commontasks.dll
0x00007ff8e6400000 - 0x00007ff8e6b9d000 	C:\WINDOWS\SYSTEM32\windows.storage.dll
0x00007ff8e7d30000 - 0x00007ff8e7d5e000 	C:\WINDOWS\SYSTEM32\Wldp.dll
0x0000000008e10000 - 0x0000000009450000 	D:\Xilinx\14.7\ISE_DS\PlanAhead\lib\win64.o\librdi_coretasks.dll
0x0000000009450000 - 0x000000000a71c000 	D:\Xilinx\14.7\ISE_DS\PlanAhead\lib\win64.o\librdi_coregen.dll
0x000000000a950000 - 0x000000000b970000 	D:\Xilinx\14.7\ISE_DS\PlanAhead\lib\win64.o\librdi_constraints.dll
0x000000000b970000 - 0x000000000efc1000 	D:\Xilinx\14.7\ISE_DS\PlanAhead\lib\win64.o\librdi_designutils.dll
0x000000000efd0000 - 0x000000000f25e000 	D:\Xilinx\14.7\ISE_DS\PlanAhead\lib\win64.o\librdi_filemgmt.dll
0x000000000f260000 - 0x000000000f574000 	D:\Xilinx\14.7\ISE_DS\PlanAhead\lib\win64.o\librdi_drc.dll
0x000000000f580000 - 0x000000000f956000 	D:\Xilinx\14.7\ISE_DS\PlanAhead\lib\win64.o\librdi_netlist.dll
0x000000000f960000 - 0x000000000fe82000 	D:\Xilinx\14.7\ISE_DS\PlanAhead\lib\win64.o\librdi_power.dll
0x0000000010130000 - 0x0000000011253000 	D:\Xilinx\14.7\ISE_DS\PlanAhead\lib\win64.o\librdi_place.dll
0x000000000a720000 - 0x000000000a8e7000 	D:\Xilinx\14.7\ISE_DS\PlanAhead\lib\win64.o\librdi_chipscope.dll
0x0000000011260000 - 0x0000000011613000 	D:\Xilinx\14.7\ISE_DS\PlanAhead\lib\win64.o\librdi_project.dll
0x0000000012290000 - 0x0000000012e6a000 	D:\Xilinx\14.7\ISE_DS\PlanAhead\lib\win64.o\librdi_device.dll
0x0000000011620000 - 0x0000000011bbd000 	D:\Xilinx\14.7\ISE_DS\PlanAhead\lib\win64.o\librdi_rsb.dll
0x0000000011bc0000 - 0x0000000011fb8000 	D:\Xilinx\14.7\ISE_DS\PlanAhead\lib\win64.o\librdi_runs.dll
0x0000000012e70000 - 0x0000000013948000 	D:\Xilinx\14.7\ISE_DS\PlanAhead\lib\win64.o\librdi_timing.dll
0x000000006c010000 - 0x000000006c021000 	C:\WINDOWS\WinSxS\amd64_microsoft.vc90.openmp_1fc8b3b9a1e18e3b_9.0.30729.7523_none_390908480a22ee4a\VCOMP90.DLL
0x0000000003ce0000 - 0x0000000003d4e000 	D:\Xilinx\14.7\ISE_DS\PlanAhead\lib\win64.o\liblmx6.0.dll
0x0000000013950000 - 0x000000001411f000 	D:\Xilinx\14.7\ISE_DS\PlanAhead\lib\win64.o\librdi_coregenipxact.dll
0x0000000014120000 - 0x00000000148c0000 	D:\Xilinx\14.7\ISE_DS\PlanAhead\lib\win64.o\libverific.dll
0x000000000a8f0000 - 0x000000000a8f8000 	D:\Xilinx\14.7\ISE_DS\PlanAhead\lib\win64.o\libpsta_dllwrapper.dll
0x000000000fea0000 - 0x000000000ff1d000 	D:\Xilinx\14.7\ISE_DS\PlanAhead\lib\win64.o\libboost_serialization.dll
0x00000000148c0000 - 0x0000000014e04000 	D:\Xilinx\14.7\ISE_DS\PlanAhead\lib\win64.o\librdi_xdm.dll
0x0000000014e10000 - 0x00000000153fe000 	D:\Xilinx\14.7\ISE_DS\PlanAhead\lib\win64.o\librdi_route.dll
0x0000000015400000 - 0x000000001562a000 	D:\Xilinx\14.7\ISE_DS\PlanAhead\lib\win64.o\librdi_labtools.dll
0x0000000015630000 - 0x0000000015b6b000 	D:\Xilinx\14.7\ISE_DS\PlanAhead\lib\win64.o\librdi_memdata.dll
0x0000000015b70000 - 0x000000001729f000 	D:\Xilinx\14.7\ISE_DS\PlanAhead\lib\win64.o\librdi_synth.dll
0x00000000172a0000 - 0x00000000176de000 	D:\Xilinx\14.7\ISE_DS\PlanAhead\lib\win64.o\librdi_ip.dll
0x00000000176e0000 - 0x0000000017770000 	D:\Xilinx\14.7\ISE_DS\PlanAhead\lib\win64.o\libise.dll
0x0000000017770000 - 0x0000000017d4c000 	D:\Xilinx\14.7\ISE_DS\PlanAhead\lib\win64.o\librdi_abc_nomp.dll
0x0000000017d50000 - 0x0000000017e78000 	D:\Xilinx\14.7\ISE_DS\PlanAhead\lib\win64.o\librdi_dlyest.dll
0x000000000ffb0000 - 0x000000000ffca000 	D:\Xilinx\14.7\ISE_DS\PlanAhead\lib\win64.o\librdi_hmetis.dll
0x0000000011fc0000 - 0x0000000011ffd000 	D:\Xilinx\14.7\ISE_DS\PlanAhead\lib\win64.o\librdi_simbridge_kernel.dll
0x0000000017e90000 - 0x0000000018306000 	D:\Xilinx\14.7\ISE_DS\PlanAhead\lib\win64.o\librdi_wavedata.dll
0x0000000019820000 - 0x000000001b8d8000 	D:\Xilinx\14.7\ISE_DS\PlanAhead\lib\win64.o\librdi_tcltasks.dll
0x000000001b8f0000 - 0x000000001b95e000 	D:\Xilinx\14.7\ISE_DS\PlanAhead\lib\win64.o\librdi_edk.dll
0x000000001b970000 - 0x000000001bb7e000 	D:\Xilinx\14.7\ISE_DS\PlanAhead\lib\win64.o\librdi_simdata.dll
0x000000001bb80000 - 0x000000001bdf4000 	D:\Xilinx\14.7\ISE_DS\PlanAhead\lib\win64.o\librdi_bitstream.dll
0x000000001be20000 - 0x000000001bef4000 	D:\Xilinx\14.7\ISE_DS\PlanAhead\lib\win64.o\librdi_dsp.dll
0x000000001c110000 - 0x000000001c266000 	D:\Xilinx\14.7\ISE_DS\PlanAhead\lib\win64.o\librdi_planaheadtasks.dll
0x000000001c280000 - 0x000000001d0c8000 	D:\Xilinx\14.7\ISE_DS\PlanAhead\lib\win64.o\librdi_ipservicestasks.dll
0x000000006c000000 - 0x000000006c00f000 	D:\Xilinx\14.7\ISE_DS\PlanAhead\tps\win64\jre\bin\verify.dll
0x000000006bfd0000 - 0x000000006bff8000 	D:\Xilinx\14.7\ISE_DS\PlanAhead\tps\win64\jre\bin\java.dll
0x000000006bfb0000 - 0x000000006bfc5000 	D:\Xilinx\14.7\ISE_DS\PlanAhead\tps\win64\jre\bin\zip.dll
0x000000006bf90000 - 0x000000006bfa9000 	D:\Xilinx\14.7\ISE_DS\PlanAhead\tps\win64\jre\bin\net.dll
0x00007ff8e7a30000 - 0x00007ff8e7a9a000 	C:\WINDOWS\system32\mswsock.dll
0x000000006bf70000 - 0x000000006bf81000 	D:\Xilinx\14.7\ISE_DS\PlanAhead\tps\win64\jre\bin\nio.dll
0x000000002a8c0000 - 0x000000002aba6000 	D:\Xilinx\14.7\ISE_DS\PlanAhead\lib\win64.o\librdi_fed.dll
0x000000002abc0000 - 0x000000002ae21000 	D:\Xilinx\14.7\ISE_DS\PlanAhead\lib\win64.o\librdi_guitools.dll
0x000000002ae40000 - 0x000000002ae47000 	D:\Xilinx\14.7\ISE_DS\PlanAhead\lib\win64.o\librdi_commonx11.dll
0x000000002ae60000 - 0x000000002b24e000 	D:\Xilinx\14.7\ISE_DS\PlanAhead\lib\win64.o\librdi_rsbtasks.dll
0x000000002b360000 - 0x000000002b5a9000 	D:\Xilinx\14.7\ISE_DS\PlanAhead\lib\win64.o\librdi_labtoolstasks.dll
0x000000002b5c0000 - 0x000000002b778000 	D:\Xilinx\14.7\ISE_DS\PlanAhead\lib\win64.o\librdi_simtcltasks.dll
0x000000006bdd0000 - 0x000000006bf63000 	D:\Xilinx\14.7\ISE_DS\PlanAhead\tps\win64\jre\bin\awt.dll
0x00007ff8e5b50000 - 0x00007ff8e5be0000 	C:\WINDOWS\SYSTEM32\apphelp.dll
0x00007ff8e3210000 - 0x00007ff8e33f4000 	C:\WINDOWS\SYSTEM32\dbghelp.dll
0x00007ff8e8380000 - 0x00007ff8e8402000 	C:\WINDOWS\System32\bcryptPrimitives.dll

VM Arguments:
jvm_args: -Dsun.java2d.pmoffscreen=false -Xverify:none -Dswing.aatext=true -XX:-UsePerfData -Djdk.map.althashing.threshold=512 -XX:PermSize=128m -XX:MaxPermSize=128m -XX:NewSize=60m -XX:MaxNewSize=60m -XX:+UseConcMarkSweepGC -XX:+UseParNewGC -XX:+CMSParallelRemarkEnabled -XX:+CMSScavengeBeforeRemark -XX:+UseNUMA -XX:+AggressiveOpts -XX:+UseFastAccessorMethods -XX:+UseFastEmptyMethods -XX:+UseBiasedLocking -XX:+TieredCompilation -Xms128m -Xmx2048m -Xss3m 
java_command: <unknown>
Launcher Type: generic

Environment Variables:
USERNAME=aalia
OS=Windows_NT
PROCESSOR_IDENTIFIER=Intel64 Family 6 Model 78 Stepping 3, GenuineIntel



---------------  S Y S T E M  ---------------

OS: Windows 8 , 64 bit Build 9200 

CPU:total 4 (2 cores per cpu, 2 threads per core) family 6 model 78 stepping 3, cmov, cx8, fxsr, mmx, sse, sse2, sse3, ssse3, sse4.1, sse4.2, popcnt, avx, avx2, ht, tsc, tscinvbit

Memory: 4k page, physical 8256832k(4098560k free), swap 11795776k(7016500k free)

vm_info: Java HotSpot(TM) 64-Bit Server VM (23.7-b01) for windows-amd64 JRE (1.7.0_17-b02), built on Mar  1 2013 03:38:30 by "java_re" with unknown MS VC++:1600

time: Mon May 27 11:45:25 2024
elapsed time: 0 seconds

