#
# A fatal error has been detected by the Java Runtime Environment:
#
#  EXCEPTION_UNCAUGHT_CXX_EXCEPTION (0xe06d7363) at pc=0x00007ff8e866ba99, pid=5716, tid=7452
#
# JRE version: 7.0_17-b02
# Java VM: Java HotSpot(TM) 64-Bit Server VM (23.7-b01 mixed mode windows-amd64 compressed oops)
# Problematic frame:
# C  [KERNELBASE.dll+0x2ba99]  RaiseException+0x69
#
# Failed to write core dump. Minidumps are not enabled by default on client versions of Windows
#
# If you would like to submit a bug report, please visit:
#   http://bugreport.sun.com/bugreport/crash.jsp
# The crash happened outside the Java Virtual Machine in native code.
# See problematic frame for where to report the bug.
#

---------------  T H R E A D  ---------------

Current thread (0x000000001b80b000):  JavaThread "main" [_thread_in_native, id=7452, stack(0x000000001ca20000,0x000000001cb20000)]

siginfo: ExceptionCode=0xe06d7363, ExceptionInformation=0x0000000019930520 0x000000001cb1e348 0x00000000009c1910 0x0000000000920000 

Registers:
RAX=0x000000006c1822ae, RBX=0x000000001cb1d970, RCX=0x0000000000000000, RDX=0x000000001b850230
RSP=0x000000001cb1bbc0, RBP=0x000000001cb1c290, RSI=0x000000001cb1e1c0, RDI=0x000000001cb1ca30
R8 =0x0000000000000000, R9 =0xfe1456db00000000, R10=0x24ecc179081611ae, R11=0x69a4e03635024081
R12=0x000000001cb1e560, R13=0x000000001cb1d038, R14=0x0000000000000000, R15=0x000000001cb1bd18
RIP=0x00007ff8e866ba99, EFLAGS=0x0000000000000206

Top of Stack: (sp=0x000000001cb1bbc0)
0x000000001cb1bbc0:   000000001c94e680 000000001cb1d970
0x000000001cb1bbd0:   000000001cb1e1c0 00007ff8e869b96b
0x000000001cb1bbe0:   00000001e06d7363 0000000000000000
0x000000001cb1bbf0:   00007ff8e866ba99 0000000000000004
0x000000001cb1bc00:   0000000019930520 000000001cb1e348
0x000000001cb1bc10:   00000000009c1910 0000000000920000
0x000000001cb1bc20:   0000ccf2234c9ed1 0000000000998110
0x000000001cb1bc30:   000000001cb1d970 000000006c91334a
0x000000001cb1bc40:   0000000000000000 000000001b80fd20
0x000000001cb1bc50:   0000000000000000 000000001cb1ca30
0x000000001cb1bc60:   000000001cb1ca30 000000006c91336b
0x000000001cb1bc70:   000000001cb1d970 000000001cb1e560
0x000000001cb1bc80:   0000e343debfade0 000000001b850230
0x000000001cb1bc90:   000000001cb1d970 000000006c953bb8
0x000000001cb1bca0:   00000000009980e0 000000001cb1d038
0x000000001cb1bcb0:   0000000000000100 0000000000000000 

Instructions: (pc=0x00007ff8e866ba99)
0x00007ff8e866ba79:   8b d1 44 0f 47 c0 44 89 44 24 38 49 c1 e0 03 e8
0x00007ff8e866ba89:   7a bc 08 00 48 8d 4c 24 20 48 ff 15 af 96 1b 00
0x00007ff8e866ba99:   0f 1f 44 00 00 48 8b 8c 24 c0 00 00 00 48 33 cc
0x00007ff8e866baa9:   e8 42 ab 06 00 48 81 c4 d8 00 00 00 c3 cc 83 64 


Register to memory mapping:

RAX=0x000000006c1822ae is an unknown value
RBX=0x000000001cb1d970 is pointing into the stack for thread: 0x000000001b80b000
RCX=0x0000000000000000 is an unknown value
RDX=0x000000001b850230 is an unknown value
RSP=0x000000001cb1bbc0 is pointing into the stack for thread: 0x000000001b80b000
RBP=0x000000001cb1c290 is pointing into the stack for thread: 0x000000001b80b000
RSI=0x000000001cb1e1c0 is pointing into the stack for thread: 0x000000001b80b000
RDI=0x000000001cb1ca30 is pointing into the stack for thread: 0x000000001b80b000
R8 =0x0000000000000000 is an unknown value
R9 =0xfe1456db00000000 is an unknown value
R10=0x24ecc179081611ae is an unknown value
R11=0x69a4e03635024081 is an unknown value
R12=0x000000001cb1e560 is pointing into the stack for thread: 0x000000001b80b000
R13=0x000000001cb1d038 is pointing into the stack for thread: 0x000000001b80b000
R14=0x0000000000000000 is an unknown value
R15=0x000000001cb1bd18 is pointing into the stack for thread: 0x000000001b80b000


Stack: [0x000000001ca20000,0x000000001cb20000],  sp=0x000000001cb1bbc0,  free space=1006k
Native frames: (J=compiled Java code, j=interpreted, Vv=VM code, C=native code)
C  [KERNELBASE.dll+0x2ba99]  RaiseException+0x69
C  0x000000001cb1c8f0

Java frames: (J=compiled Java code, j=interpreted, Vv=VM code)
j  ui.data.common.parami.ParamMgr_getValueAsBool(JLjava/lang/String;)Z+0
j  ui.data.common.F.jw(Ljava/lang/String;)Z+5
j  ui.data.common.F.aWC()Z+5
j  ui.h.I.aWC()Z+6
j  ui.aL.aGY()Ljava/lang/String;+0
j  ui.PlanAhead.<clinit>()V+316
v  ~StubRoutines::call_stub

---------------  P R O C E S S  ---------------

Java Threads: ( => current thread )
  0x000000001c9e1000 JavaThread "Service Thread" daemon [_thread_blocked, id=7488, stack(0x0000000029a00000,0x0000000029d00000)]
  0x0000000028611800 JavaThread "C1 CompilerThread2" daemon [_thread_blocked, id=536, stack(0x0000000029900000,0x0000000029a00000)]
  0x0000000028601800 JavaThread "C2 CompilerThread1" daemon [_thread_blocked, id=3024, stack(0x0000000029800000,0x0000000029900000)]
  0x0000000023601000 JavaThread "C2 CompilerThread0" daemon [_thread_blocked, id=9052, stack(0x0000000029700000,0x0000000029800000)]
  0x0000000028571800 JavaThread "Attach Listener" daemon [_thread_blocked, id=236, stack(0x0000000029400000,0x0000000029700000)]
  0x00000000286b2000 JavaThread "Signal Dispatcher" daemon [_thread_blocked, id=1132, stack(0x0000000029100000,0x0000000029400000)]
  0x00000000286b4000 JavaThread "Surrogate Locker Thread (Concurrent GC)" daemon [_thread_blocked, id=10160, stack(0x0000000028e00000,0x0000000029100000)]
  0x0000000028515800 JavaThread "Finalizer" daemon [_thread_blocked, id=9364, stack(0x0000000028b00000,0x0000000028e00000)]
  0x0000000028517000 JavaThread "Reference Handler" daemon [_thread_blocked, id=7508, stack(0x0000000028800000,0x0000000028b00000)]
=>0x000000001b80b000 JavaThread "main" [_thread_in_native, id=7452, stack(0x000000001ca20000,0x000000001cb20000)]

Other Threads:
  0x00000000235d2000 VMThread [stack: 0x0000000028700000,0x0000000028800000] [id=6724]
  0x0000000023550800 WatcherThread [stack: 0x0000000029d00000,0x0000000029e00000] [id=9852]

VM state:not at safepoint (normal execution)

VM Mutex/Monitor currently owned by a thread: None

Heap
 par new generation   total 55296K, used 4045K [0x0000000778000000, 0x000000077bc00000, 0x000000077bc00000)
  eden space 49152K,   8% used [0x0000000778000000, 0x00000007783f34c0, 0x000000077b000000)
  from space 6144K,   0% used [0x000000077b000000, 0x000000077b000000, 0x000000077b600000)
  to   space 6144K,   0% used [0x000000077b600000, 0x000000077b600000, 0x000000077bc00000)
 concurrent mark-sweep generation total 69632K, used 0K [0x000000077bc00000, 0x0000000780000000, 0x00000007f8000000)
 concurrent-mark-sweep perm gen total 131072K, used 5131K [0x00000007f8000000, 0x0000000800000000, 0x0000000800000000)

Card table byte_map: [0x00000000230c0000,0x0000000023510000] byte_map_base: 0x000000001f500000

Polling page: 0x000000001cb20000

Code Cache  [0x000000001cb40000, 0x000000001cdb0000, 0x0000000022b40000)
 total_blobs=394 nmethods=109 adapters=203 free_code_cache=97042Kb largest_free_block=99370368

Compilation events (10 events):
Event: 0.188 Thread 0x0000000028611800  105       3       java.util.HashMap$FrontCache::get (32 bytes)
Event: 0.188 Thread 0x0000000028611800 nmethod 105 0x000000001cc78f90 code [0x000000001cc79120, 0x000000001cc79690]
Event: 0.189 Thread 0x0000000028611800  106       3       java.io.BufferedInputStream::getBufIfOpen (21 bytes)
Event: 0.189 Thread 0x0000000028611800 nmethod 106 0x000000001cc79810 code [0x000000001cc79980, 0x000000001cc79be8]
Event: 0.189 Thread 0x0000000028611800  107  s    3       java.io.BufferedInputStream::read (49 bytes)
Event: 0.190 Thread 0x0000000028611800 nmethod 107 0x000000001cc79c90 code [0x000000001cc79e20, 0x000000001cc7a398]
Event: 0.190 Thread 0x0000000028611800  108       3       java.io.DataInputStream::readInt (72 bytes)
Event: 0.190 Thread 0x0000000028611800 nmethod 108 0x000000001cc7a550 code [0x000000001cc7a720, 0x000000001cc7ad08]
Event: 0.193 Thread 0x0000000028611800  109       3       java.util.HashMap::addEntry (59 bytes)
Event: 0.193 Thread 0x0000000028611800 nmethod 109 0x000000001cc7b150 code [0x000000001cc7b2e0, 0x000000001cc7b7e8]

GC Heap History (0 events):
No events

Deoptimization events (0 events):
No events

Internal exceptions (10 events):
Event: 0.171 Thread 0x000000001b80b000 Threw 0x00000007782ce558 at C:\jdk7u2_64p\jdk7u17\hotspot\src\share\vm\prims\jvm.cpp:1166
Event: 0.171 Thread 0x000000001b80b000 Threw 0x00000007782d0300 at C:\jdk7u2_64p\jdk7u17\hotspot\src\share\vm\prims\jvm.cpp:1166
Event: 0.175 Thread 0x000000001b80b000 Threw 0x00000007782da4e8 at C:\jdk7u2_64p\jdk7u17\hotspot\src\share\vm\prims\jni.cpp:716
Event: 0.183 Thread 0x000000001b80b000 Threw 0x00000007782f3728 at C:\jdk7u2_64p\jdk7u17\hotspot\src\share\vm\prims\jvm.cpp:1166
Event: 0.184 Thread 0x000000001b80b000 Threw 0x00000007782fcf38 at C:\jdk7u2_64p\jdk7u17\hotspot\src\share\vm\prims\jvm.cpp:1166
Event: 0.184 Thread 0x000000001b80b000 Threw 0x0000000778300d50 at C:\jdk7u2_64p\jdk7u17\hotspot\src\share\vm\prims\jvm.cpp:1166
Event: 0.185 Thread 0x000000001b80b000 Threw 0x0000000778304388 at C:\jdk7u2_64p\jdk7u17\hotspot\src\share\vm\prims\jvm.cpp:1166
Event: 0.185 Thread 0x000000001b80b000 Threw 0x000000077830a128 at C:\jdk7u2_64p\jdk7u17\hotspot\src\share\vm\prims\jvm.cpp:1166
Event: 0.186 Thread 0x000000001b80b000 Threw 0x000000077831bc50 at C:\jdk7u2_64p\jdk7u17\hotspot\src\share\vm\prims\jvm.cpp:1166
Event: 0.193 Thread 0x000000001b80b000 Threw 0x000000077833b8f8 at C:\jdk7u2_64p\jdk7u17\hotspot\src\share\vm\prims\jvm.cpp:1166

Events (10 events):
Event: 0.191 loading class 0x00000000286a3320
Event: 0.191 loading class 0x00000000286a3320 done
Event: 0.191 loading class 0x000000001b854ee0
Event: 0.192 loading class 0x000000001b854ee0 done
Event: 0.192 loading class 0x000000002afc2ab0
Event: 0.192 loading class 0x000000002afc2ab0 done
Event: 0.192 loading class 0x000000002afc2ba0
Event: 0.192 loading class 0x000000002afc2ba0 done
Event: 0.193 loading class 0x00000000286c7ce0
Event: 0.193 loading class 0x00000000286c7ce0 done


Dynamic libraries:
0x0000000140000000 - 0x000000014000e000 	D:\Xilinx\14.7\ISE_DS\PlanAhead\bin\unwrapped\win64.o\planAhead.exe
0x00007ff8eacd0000 - 0x00007ff8eaec8000 	C:\WINDOWS\SYSTEM32\ntdll.dll
0x00007ff8eab50000 - 0x00007ff8eac0d000 	C:\WINDOWS\System32\KERNEL32.DLL
0x00007ff8e8640000 - 0x00007ff8e8936000 	C:\WINDOWS\System32\KERNELBASE.dll
0x0000000180000000 - 0x0000000180881000 	D:\Xilinx\14.7\ISE_DS\PlanAhead\lib\win64.o\librdi_common.dll
0x000000006c910000 - 0x000000006c9b3000 	C:\WINDOWS\WinSxS\amd64_microsoft.vc90.crt_1fc8b3b9a1e18e3b_9.0.30729.9625_none_08e1c10da83fbc83\MSVCR90.dll
0x000000000a900000 - 0x000000000a945000 	D:\Xilinx\14.7\ISE_DS\PlanAhead\lib\win64.o\SHSMP64.dll
0x00007ff8ea0d0000 - 0x00007ff8ea26f000 	C:\WINDOWS\System32\USER32.dll
0x00007ff8e8610000 - 0x00007ff8e8632000 	C:\WINDOWS\System32\win32u.dll
0x00007ff8e9580000 - 0x00007ff8e9588000 	C:\WINDOWS\System32\PSAPI.DLL
0x00007ff8e8d00000 - 0x00007ff8e8d2b000 	C:\WINDOWS\System32\GDI32.dll
0x00007ff8e9e40000 - 0x00007ff8e9ef0000 	C:\WINDOWS\System32\ADVAPI32.dll
0x00007ff8e8b20000 - 0x00007ff8e8c37000 	C:\WINDOWS\System32\gdi32full.dll
0x00007ff8ea030000 - 0x00007ff8ea0ce000 	C:\WINDOWS\System32\msvcrt.dll
0x00007ff8e8410000 - 0x00007ff8e84ad000 	C:\WINDOWS\System32\msvcp_win.dll
0x00007ff8e8940000 - 0x00007ff8e8a40000 	C:\WINDOWS\System32\ucrtbase.dll
0x00007ff8e8db0000 - 0x00007ff8e8e50000 	C:\WINDOWS\System32\sechost.dll
0x00007ff8e95a0000 - 0x00007ff8e96c3000 	C:\WINDOWS\System32\RPCRT4.dll
0x00007ff8e8a40000 - 0x00007ff8e8a67000 	C:\WINDOWS\System32\bcrypt.dll
0x00007ff8e96d0000 - 0x00007ff8e9e3b000 	C:\WINDOWS\System32\SHELL32.dll
0x000000006c110000 - 0x000000006c82f000 	D:\Xilinx\14.7\ISE_DS\PlanAhead\tps\win64\jre\bin\server\jvm.dll
0x0000000010000000 - 0x000000001012a000 	D:\Xilinx\14.7\ISE_DS\PlanAhead\lib\win64.o\tcl85t.dll
0x0000000012000000 - 0x0000000012282000 	D:\Xilinx\14.7\ISE_DS\PlanAhead\lib\win64.o\xerces-c_3_1.dll
0x00007ff8eac10000 - 0x00007ff8eac7b000 	C:\WINDOWS\System32\WS2_32.dll
0x00007ff8d3b80000 - 0x00007ff8d4056000 	C:\WINDOWS\SYSTEM32\WININET.dll
0x00007ff8d9da0000 - 0x00007ff8d9eaa000 	C:\WINDOWS\SYSTEM32\WINHTTP.dll
0x00007ff8d7540000 - 0x00007ff8d772c000 	C:\WINDOWS\SYSTEM32\urlmon.dll
0x00007ff8d7040000 - 0x00007ff8d7049000 	C:\WINDOWS\SYSTEM32\WSOCK32.dll
0x000000006c830000 - 0x000000006c903000 	C:\WINDOWS\WinSxS\amd64_microsoft.vc90.crt_1fc8b3b9a1e18e3b_9.0.30729.9625_none_08e1c10da83fbc83\MSVCP90.dll
0x00007ff8deaf0000 - 0x00007ff8deafa000 	C:\WINDOWS\SYSTEM32\VERSION.dll
0x00007ff8d8310000 - 0x00007ff8d8337000 	C:\WINDOWS\SYSTEM32\WINMM.dll
0x000000006c030000 - 0x000000006c102000 	C:\WINDOWS\SYSTEM32\MSVCR100.dll
0x00007ff8d7250000 - 0x00007ff8d750e000 	C:\WINDOWS\SYSTEM32\iertutil.dll
0x00007ff8d7510000 - 0x00007ff8d7538000 	C:\WINDOWS\SYSTEM32\srvcli.dll
0x00007ff8ea7f0000 - 0x00007ff8eab43000 	C:\WINDOWS\System32\combase.dll
0x00007ff8e7820000 - 0x00007ff8e782c000 	C:\WINDOWS\SYSTEM32\netutils.dll
0x00007ff8ea6e0000 - 0x00007ff8ea78d000 	C:\WINDOWS\System32\shcore.dll
0x00000000008d0000 - 0x00000000008e3000 	D:\Xilinx\14.7\ISE_DS\PlanAhead\lib\win64.o\libboost_signals.dll
0x0000000000900000 - 0x0000000000916000 	D:\Xilinx\14.7\ISE_DS\PlanAhead\lib\win64.o\librdi_commonmain.dll
0x0000000000920000 - 0x0000000000a0e000 	D:\Xilinx\14.7\ISE_DS\PlanAhead\lib\win64.o\stlport.5.2.dll
0x0000000000a20000 - 0x0000000000c5a000 	D:\Xilinx\14.7\ISE_DS\PlanAhead\lib\win64.o\libSecurity.dll
0x0000000000c60000 - 0x0000000000f49000 	D:\Xilinx\14.7\ISE_DS\PlanAhead\lib\win64.o\libCOIN-all.dll
0x0000000000f60000 - 0x0000000000f6f000 	D:\Xilinx\14.7\ISE_DS\PlanAhead\lib\win64.o\libboost_date_time.dll
0x00007ff8e9f50000 - 0x00007ff8ea02a000 	C:\WINDOWS\System32\COMDLG32.dll
0x00007ff8ea790000 - 0x00007ff8ea7e5000 	C:\WINDOWS\System32\SHLWAPI.dll
0x0000000001020000 - 0x0000000001047000 	D:\Xilinx\14.7\ISE_DS\PlanAhead\lib\win64.o\libboost_filesystem.dll
0x00007ff8e9420000 - 0x00007ff8e94ed000 	C:\WINDOWS\System32\OLEAUT32.dll
0x00007ff8e8ef0000 - 0x00007ff8e901b000 	C:\WINDOWS\System32\ole32.dll
0x0000000001060000 - 0x000000000110f000 	D:\Xilinx\14.7\ISE_DS\PlanAhead\lib\win64.o\libboost_regex.dll
0x00007ff8e8c90000 - 0x00007ff8e8cf7000 	C:\WINDOWS\System32\WINTRUST.dll
0x00007ff8e84b0000 - 0x00007ff8e860e000 	C:\WINDOWS\System32\CRYPT32.dll
0x0000000001120000 - 0x0000000001129000 	D:\Xilinx\14.7\ISE_DS\PlanAhead\lib\win64.o\libboost_system.dll
0x0000000001130000 - 0x0000000001173000 	D:\Xilinx\14.7\ISE_DS\PlanAhead\lib\win64.o\libcurl.dll
0x00007ff8e8e50000 - 0x00007ff8e8eae000 	C:\WINDOWS\System32\WLDAP32.dll
0x0000000001190000 - 0x0000000001213000 	D:\Xilinx\14.7\ISE_DS\PlanAhead\lib\win64.o\libhdlpsolve.dll
0x0000000001220000 - 0x00000000017630d3 	D:\Xilinx\14.7\ISE_DS\PlanAhead\lib\win64.o\libisl_iostreams.dll
0x0000000001780000 - 0x00000000017a9000 	D:\Xilinx\14.7\ISE_DS\PlanAhead\lib\win64.o\libisl_sysinfo.dll
0x00000000017c0000 - 0x0000000001877000 	D:\Xilinx\14.7\ISE_DS\PlanAhead\lib\win64.o\libhdxml.dll
0x0000000001890000 - 0x00000000018a6000 	D:\Xilinx\14.7\ISE_DS\PlanAhead\lib\win64.o\libboost_thread.dll
0x00000000018b0000 - 0x00000000018c2000 	D:\Xilinx\14.7\ISE_DS\PlanAhead\lib\win64.o\pthreadVC.dll
0x00000000018d0000 - 0x00000000018ee000 	D:\Xilinx\14.7\ISE_DS\PlanAhead\lib\win64.o\librdizlib.dll
0x0000000001920000 - 0x0000000001936000 	D:\Xilinx\14.7\ISE_DS\PlanAhead\lib\win64.o\librdiconfig.dll
0x00007ff8d7120000 - 0x00007ff8d7139000 	C:\WINDOWS\SYSTEM32\NETAPI32.dll
0x00007ff8c4b30000 - 0x00007ff8c4be0000 	C:\WINDOWS\WinSxS\amd64_microsoft.windows.common-controls_6595b64144ccf1df_5.82.19041.4355_none_792ecafd2442822f\COMCTL32.dll
0x0000000000fa0000 - 0x0000000001011000 	D:\Xilinx\14.7\ISE_DS\PlanAhead\lib\win64.o\libboost_program_options.dll
0x0000000001960000 - 0x000000000196c000 	D:\Xilinx\14.7\ISE_DS\PlanAhead\lib\win64.o\libboost_chrono.dll
0x0000000001970000 - 0x0000000001989000 	D:\Xilinx\14.7\ISE_DS\PlanAhead\lib\win64.o\libboost_iostreams.dll
0x00007ff8e8eb0000 - 0x00007ff8e8ee2000 	C:\WINDOWS\System32\IMM32.DLL
0x00007ff8e7ec0000 - 0x00007ff8e7ed2000 	C:\WINDOWS\SYSTEM32\MSASN1.dll
0x0000000004e00000 - 0x00000000050f3000 	D:\Xilinx\14.7\ISE_DS\PlanAhead\lib\win64.o\librdi_commontasks.dll
0x00007ff8e6400000 - 0x00007ff8e6b9d000 	C:\WINDOWS\SYSTEM32\windows.storage.dll
0x00007ff8e7d30000 - 0x00007ff8e7d5e000 	C:\WINDOWS\SYSTEM32\Wldp.dll
0x0000000008600000 - 0x0000000008c40000 	D:\Xilinx\14.7\ISE_DS\PlanAhead\lib\win64.o\librdi_coretasks.dll
0x0000000008c40000 - 0x0000000009f0c000 	D:\Xilinx\14.7\ISE_DS\PlanAhead\lib\win64.o\librdi_coregen.dll
0x0000000009f10000 - 0x000000000a0d7000 	D:\Xilinx\14.7\ISE_DS\PlanAhead\lib\win64.o\librdi_chipscope.dll
0x000000000a950000 - 0x000000000dfa1000 	D:\Xilinx\14.7\ISE_DS\PlanAhead\lib\win64.o\librdi_designutils.dll
0x000000000dfb0000 - 0x000000000efd0000 	D:\Xilinx\14.7\ISE_DS\PlanAhead\lib\win64.o\librdi_constraints.dll
0x000000000efd0000 - 0x000000000fbaa000 	D:\Xilinx\14.7\ISE_DS\PlanAhead\lib\win64.o\librdi_device.dll
0x000000000a0e0000 - 0x000000000a36e000 	D:\Xilinx\14.7\ISE_DS\PlanAhead\lib\win64.o\librdi_filemgmt.dll
0x000000000a370000 - 0x000000000a684000 	D:\Xilinx\14.7\ISE_DS\PlanAhead\lib\win64.o\librdi_drc.dll
0x0000000010130000 - 0x0000000011253000 	D:\Xilinx\14.7\ISE_DS\PlanAhead\lib\win64.o\librdi_place.dll
0x0000000011260000 - 0x0000000011782000 	D:\Xilinx\14.7\ISE_DS\PlanAhead\lib\win64.o\librdi_power.dll
0x000000000fbb0000 - 0x000000000ff63000 	D:\Xilinx\14.7\ISE_DS\PlanAhead\lib\win64.o\librdi_project.dll
0x0000000011790000 - 0x0000000011b66000 	D:\Xilinx\14.7\ISE_DS\PlanAhead\lib\win64.o\librdi_netlist.dll
0x0000000012290000 - 0x000000001282d000 	D:\Xilinx\14.7\ISE_DS\PlanAhead\lib\win64.o\librdi_rsb.dll
0x0000000011b70000 - 0x0000000011f68000 	D:\Xilinx\14.7\ISE_DS\PlanAhead\lib\win64.o\librdi_runs.dll
0x0000000012830000 - 0x0000000013308000 	D:\Xilinx\14.7\ISE_DS\PlanAhead\lib\win64.o\librdi_timing.dll
0x000000006c010000 - 0x000000006c021000 	C:\WINDOWS\WinSxS\amd64_microsoft.vc90.openmp_1fc8b3b9a1e18e3b_9.0.30729.7523_none_390908480a22ee4a\VCOMP90.DLL
0x000000000a690000 - 0x000000000a6fe000 	D:\Xilinx\14.7\ISE_DS\PlanAhead\lib\win64.o\liblmx6.0.dll
0x0000000013310000 - 0x0000000013adf000 	D:\Xilinx\14.7\ISE_DS\PlanAhead\lib\win64.o\librdi_coregenipxact.dll
0x0000000013ae0000 - 0x0000000014280000 	D:\Xilinx\14.7\ISE_DS\PlanAhead\lib\win64.o\libverific.dll
0x000000000a700000 - 0x000000000a77d000 	D:\Xilinx\14.7\ISE_DS\PlanAhead\lib\win64.o\libboost_serialization.dll
0x0000000014280000 - 0x00000000147c4000 	D:\Xilinx\14.7\ISE_DS\PlanAhead\lib\win64.o\librdi_xdm.dll
0x000000000a780000 - 0x000000000a788000 	D:\Xilinx\14.7\ISE_DS\PlanAhead\lib\win64.o\libpsta_dllwrapper.dll
0x00000000147d0000 - 0x0000000014dbe000 	D:\Xilinx\14.7\ISE_DS\PlanAhead\lib\win64.o\librdi_route.dll
0x0000000014dc0000 - 0x0000000014fea000 	D:\Xilinx\14.7\ISE_DS\PlanAhead\lib\win64.o\librdi_labtools.dll
0x0000000014ff0000 - 0x000000001552b000 	D:\Xilinx\14.7\ISE_DS\PlanAhead\lib\win64.o\librdi_memdata.dll
0x0000000015530000 - 0x0000000016c5f000 	D:\Xilinx\14.7\ISE_DS\PlanAhead\lib\win64.o\librdi_synth.dll
0x000000000a7d0000 - 0x000000000a860000 	D:\Xilinx\14.7\ISE_DS\PlanAhead\lib\win64.o\libise.dll
0x0000000016c60000 - 0x000000001723c000 	D:\Xilinx\14.7\ISE_DS\PlanAhead\lib\win64.o\librdi_abc_nomp.dll
0x000000000a870000 - 0x000000000a88a000 	D:\Xilinx\14.7\ISE_DS\PlanAhead\lib\win64.o\librdi_hmetis.dll
0x0000000017240000 - 0x0000000017368000 	D:\Xilinx\14.7\ISE_DS\PlanAhead\lib\win64.o\librdi_dlyest.dll
0x0000000017370000 - 0x00000000177ae000 	D:\Xilinx\14.7\ISE_DS\PlanAhead\lib\win64.o\librdi_ip.dll
0x000000000ff70000 - 0x000000000ffad000 	D:\Xilinx\14.7\ISE_DS\PlanAhead\lib\win64.o\librdi_simbridge_kernel.dll
0x00000000177b0000 - 0x0000000017c26000 	D:\Xilinx\14.7\ISE_DS\PlanAhead\lib\win64.o\librdi_wavedata.dll
0x0000000019030000 - 0x000000001b0e8000 	D:\Xilinx\14.7\ISE_DS\PlanAhead\lib\win64.o\librdi_tcltasks.dll
0x0000000011f70000 - 0x0000000011fde000 	D:\Xilinx\14.7\ISE_DS\PlanAhead\lib\win64.o\librdi_edk.dll
0x000000001b0f0000 - 0x000000001b364000 	D:\Xilinx\14.7\ISE_DS\PlanAhead\lib\win64.o\librdi_bitstream.dll
0x000000001b370000 - 0x000000001b57e000 	D:\Xilinx\14.7\ISE_DS\PlanAhead\lib\win64.o\librdi_simdata.dll
0x000000001b580000 - 0x000000001b654000 	D:\Xilinx\14.7\ISE_DS\PlanAhead\lib\win64.o\librdi_dsp.dll
0x000000001b960000 - 0x000000001bab6000 	D:\Xilinx\14.7\ISE_DS\PlanAhead\lib\win64.o\librdi_planaheadtasks.dll
0x000000001bac0000 - 0x000000001c908000 	D:\Xilinx\14.7\ISE_DS\PlanAhead\lib\win64.o\librdi_ipservicestasks.dll
0x000000006c000000 - 0x000000006c00f000 	D:\Xilinx\14.7\ISE_DS\PlanAhead\tps\win64\jre\bin\verify.dll
0x000000006bfd0000 - 0x000000006bff8000 	D:\Xilinx\14.7\ISE_DS\PlanAhead\tps\win64\jre\bin\java.dll
0x000000006bfb0000 - 0x000000006bfc5000 	D:\Xilinx\14.7\ISE_DS\PlanAhead\tps\win64\jre\bin\zip.dll
0x000000006bf90000 - 0x000000006bfa9000 	D:\Xilinx\14.7\ISE_DS\PlanAhead\tps\win64\jre\bin\net.dll
0x00007ff8e7a30000 - 0x00007ff8e7a9a000 	C:\WINDOWS\system32\mswsock.dll
0x000000006bf70000 - 0x000000006bf81000 	D:\Xilinx\14.7\ISE_DS\PlanAhead\tps\win64\jre\bin\nio.dll
0x000000002a100000 - 0x000000002a3e6000 	D:\Xilinx\14.7\ISE_DS\PlanAhead\lib\win64.o\librdi_fed.dll
0x000000002a400000 - 0x000000002a661000 	D:\Xilinx\14.7\ISE_DS\PlanAhead\lib\win64.o\librdi_guitools.dll
0x000000002a680000 - 0x000000002a687000 	D:\Xilinx\14.7\ISE_DS\PlanAhead\lib\win64.o\librdi_commonx11.dll
0x000000002a6a0000 - 0x000000002aa8e000 	D:\Xilinx\14.7\ISE_DS\PlanAhead\lib\win64.o\librdi_rsbtasks.dll
0x000000002aaa0000 - 0x000000002ace9000 	D:\Xilinx\14.7\ISE_DS\PlanAhead\lib\win64.o\librdi_labtoolstasks.dll
0x000000002ad00000 - 0x000000002aeb8000 	D:\Xilinx\14.7\ISE_DS\PlanAhead\lib\win64.o\librdi_simtcltasks.dll
0x000000006bdd0000 - 0x000000006bf63000 	D:\Xilinx\14.7\ISE_DS\PlanAhead\tps\win64\jre\bin\awt.dll
0x00007ff8e5b50000 - 0x00007ff8e5be0000 	C:\WINDOWS\SYSTEM32\apphelp.dll
0x00007ff8e3210000 - 0x00007ff8e33f4000 	C:\WINDOWS\SYSTEM32\dbghelp.dll
0x00007ff8e8380000 - 0x00007ff8e8402000 	C:\WINDOWS\System32\bcryptPrimitives.dll

VM Arguments:
jvm_args: -Dsun.java2d.pmoffscreen=false -Xverify:none -Dswing.aatext=true -XX:-UsePerfData -Djdk.map.althashing.threshold=512 -XX:PermSize=128m -XX:MaxPermSize=128m -XX:NewSize=60m -XX:MaxNewSize=60m -XX:+UseConcMarkSweepGC -XX:+UseParNewGC -XX:+CMSParallelRemarkEnabled -XX:+CMSScavengeBeforeRemark -XX:+UseNUMA -XX:+AggressiveOpts -XX:+UseFastAccessorMethods -XX:+UseFastEmptyMethods -XX:+UseBiasedLocking -XX:+TieredCompilation -Xms128m -Xmx2048m -Xss3m 
java_command: <unknown>
Launcher Type: generic

Environment Variables:
USERNAME=aalia
OS=Windows_NT
PROCESSOR_IDENTIFIER=Intel64 Family 6 Model 78 Stepping 3, GenuineIntel



---------------  S Y S T E M  ---------------

OS: Windows 8 , 64 bit Build 9200 

CPU:total 4 (2 cores per cpu, 2 threads per core) family 6 model 78 stepping 3, cmov, cx8, fxsr, mmx, sse, sse2, sse3, ssse3, sse4.1, sse4.2, popcnt, avx, avx2, ht, tsc, tscinvbit

Memory: 4k page, physical 8256832k(4067044k free), swap 11795776k(6974420k free)

vm_info: Java HotSpot(TM) 64-Bit Server VM (23.7-b01) for windows-amd64 JRE (1.7.0_17-b02), built on Mar  1 2013 03:38:30 by "java_re" with unknown MS VC++:1600

time: Mon May 27 11:48:21 2024
elapsed time: 0 seconds

