Running: D:\Xilinx\14.7\ISE_DS\ISE\bin\nt64\unwrapped\fuse.exe -intstyle ise -incremental -lib unisims_ver -lib unimacro_ver -lib xilinxcorelib_ver -lib secureip -o D:/Uni/DSD - Lab/Lab11/xilinx/Task2/testbench_isim_beh.exe -prj D:/Uni/DSD - Lab/Lab11/xilinx/Task2/testbench_beh.prj work.testbench work.glbl 
ISim P.20131013 (signature 0x7708f090)
Number of CPUs detected in this system: 4
Turning on mult-threading, number of parallel sub-compilation jobs: 8 
Determining compilation order of HDL files
Analyzing Verilog file "D:/Uni/DSD - Lab/Lab11/xilinx/Task2/PIPO2.v" into library work
Analyzing Verilog file "D:/Uni/DSD - Lab/Lab11/xilinx/Task2/PIPO1.v" into library work
Analyzing Verilog file "D:/Uni/DSD - Lab/Lab11/xilinx/Task2/Mux2x1.v" into library work
Analyzing Verilog file "D:/Uni/DSD - Lab/Lab11/xilinx/Task2/multiplier.v" into library work
Analyzing Verilog file "D:/Uni/DSD - Lab/Lab11/xilinx/Task2/EQZ.v" into library work
Analyzing Verilog file "D:/Uni/DSD - Lab/Lab11/xilinx/Task2/CNTR.v" into library work
Analyzing Verilog file "D:/Uni/DSD - Lab/Lab11/xilinx/Task2/product_datapath.v" into library work
Analyzing Verilog file "D:/Uni/DSD - Lab/Lab11/xilinx/Task2/controller.v" into library work
Analyzing Verilog file "D:/Uni/DSD - Lab/Lab11/xilinx/Task2/testbench.v" into library work
Analyzing Verilog file "D:/Xilinx/14.7/ISE_DS/ISE//verilog/src/glbl.v" into library work
Starting static elaboration
WARNING:HDLCompiler:189 - "D:/Uni/DSD - Lab/Lab11/xilinx/Task2/product_datapath.v" Line 34: Size mismatch in connection of port <I1>. Formal port size is 8-bit while actual signal size is 32-bit.
WARNING:HDLCompiler:189 - "D:/Uni/DSD - Lab/Lab11/xilinx/Task2/product_datapath.v" Line 40: Size mismatch in connection of port <M>. Formal port size is 4-bit while actual signal size is 8-bit.
Completed static elaboration
Compiling module controller
Compiling module Mux2x1
Compiling module PIPO1
Compiling module PIPO2
Compiling module DECREMENTER
Compiling module EQZ
Compiling module multiplier
Compiling module factorial_datapath
Compiling module testbench
Compiling module glbl
Time Resolution for simulation is 1ps.
Waiting for 3 sub-compilation(s) to finish...
Compiled 10 Verilog Units
Built simulation executable D:/Uni/DSD - Lab/Lab11/xilinx/Task2/testbench_isim_beh.exe
Fuse Memory Usage: 27644 KB
Fuse CPU Usage: 578 ms
