
Release 14.7 SmartXplorer
Copyright(c) 1995-2010 Xilinx, Inc. All rights reserved.
"D:\Xilinx\14.7\ISE_DS\ISE\bin\nt64\smartxplorer.exe" -p xc6slx9-csg324-2 -b -wd smartxplorer_results adder.ngd -to "-v 3 -s 2 -n 3 -fastpaths -xml adder.twx " -host_list hostlistfile.txt -max_runs 7

SmartXplorer Settings: 

designName=D:\Uni\DSD\Xilinx_Projects\Homework3_P1\Part1\adder.ngd 
write_dir=D:\Uni\DSD\Xilinx_Projects\Homework3_P1\Part1\smartxplorer_results 
host_list=D:\Uni\DSD\Xilinx_Projects\Homework3_P1\Part1\hostlistfile.txt 
part=xc6slx9-csg324-2 
strategy_file=None 
notify=None 
source_dir=D:\Uni\DSD\Xilinx_Projects\Homework3_P1\Part1 
batch_mode=True 
run_all_strategies=False 
list_all_strategies=False 
remote_command=rsh
area_report="lut;slice_reg"
power_options=off
trce_options="-v 3 -s 2 -n 3 -fastpaths -xml adder.twx "
max_runs=7

Starting SmartXplorer...
See file 'smartxplorer.html' for real-time report.


Running SmartXplorer strategies...


Ctrl C detected
INFO: ...Killing all jobs

SmartXplorer Aborted.
