BL51 BANKED LINKER/LOCATER V6.22.4.0                                                    05/23/2024  21:07:30  PAGE 1


BL51 BANKED LINKER/LOCATER V6.22.4.0, INVOKED BY:
D:\KEIL_V5\C51\BIN\BL51.EXE .\Objects\STARTUP.obj, .\Objects\labtask3a.obj TO .\Objects\Lab_Task PRINT (.\Listings\Lab_T
>> ask.m51)


MEMORY MODEL: SMALL


INPUT MODULES INCLUDED:
  .\Objects\STARTUP.obj (?C_STARTUP)
  .\Objects\labtask3a.obj (LABTASK3A)
  D:\KEIL_V5\C51\LIB\C51S.LIB (?C_INIT)
  D:\KEIL_V5\C51\LIB\C51S.LIB (?C?CLDPTR)
  D:\KEIL_V5\C51\LIB\C51S.LIB (?C?IMUL)
  D:\KEIL_V5\C51\LIB\C51S.LIB (?C?SIDIV)
  D:\KEIL_V5\C51\LIB\C51S.LIB (?C?UIDIV)


LINK MAP OF MODULE:  .\Objects\Lab_Task (?C_STARTUP)


            TYPE    BASE      LENGTH    RELOCATION   SEGMENT NAME
            -----------------------------------------------------

            * * * * * * *   D A T A   M E M O R Y   * * * * * * *
            REG     0000H     0008H     ABSOLUTE     "REG BANK 0"
            DATA    0008H     001EH     UNIT         ?DT?LABTASK3A
            DATA    0026H     0003H     UNIT         _DATA_GROUP_
            IDATA   0029H     0001H     UNIT         ?STACK

            * * * * * * *   C O D E   M E M O R Y   * * * * * * *
            CODE    0000H     0003H     ABSOLUTE     
                    0003H     07FDH                  *** GAP ***
            CODE    0800H     014CH     UNIT         ?PR?KEY_SCANNING?LABTASK3A
            CODE    094CH     00B6H     UNIT         ?C?LIB_CODE
            CODE    0A02H     008CH     UNIT         ?C_C51STARTUP
            CODE    0A8EH     0083H     UNIT         ?PR?GET_RESULT?LABTASK3A
            CODE    0B11H     0060H     UNIT         ?PR?MAIN?LABTASK3A
            CODE    0B71H     0030H     UNIT         ?PR?DISPLAY_RESULT?LABTASK3A
            CODE    0BA1H     0025H     UNIT         ?PR?_DISP_MSG?LABTASK3A
            CODE    0BC6H     001EH     UNIT         ?PR?INIT?LABTASK3A
            CODE    0BE4H     001DH     UNIT         ?CO?LABTASK3A
            CODE    0C01H     0018H     UNIT         ?PR?_DELAY?LABTASK3A
            CODE    0C19H     000EH     UNIT         ?PR?_CHAR_TO_INT?LABTASK3A
            CODE    0C27H     000AH     UNIT         ?PR?_WR_CMD?LABTASK3A
            CODE    0C31H     000AH     UNIT         ?PR?_WR_DATA?LABTASK3A
            CODE    0C3BH     0005H     UNIT         ?PR?_INT_TO_CHAR?LABTASK3A
            CODE    0C40H     0005H     UNIT         ?C_INITSEG



OVERLAY MAP OF MODULE:   .\Objects\Lab_Task (?C_STARTUP)


SEGMENT                                DATA_GROUP 
  +--> CALLED SEGMENT                START    LENGTH
----------------------------------------------------
?C_C51STARTUP                        -----    -----
BL51 BANKED LINKER/LOCATER V6.22.4.0                                                  05/23/2024  21:07:30  PAGE 2


  +--> ?PR?MAIN?LABTASK3A
  +--> ?C_INITSEG

?PR?MAIN?LABTASK3A                   -----    -----
  +--> ?PR?INIT?LABTASK3A
  +--> ?PR?KEY_SCANNING?LABTASK3A
  +--> ?PR?_WR_DATA?LABTASK3A
  +--> ?CO?LABTASK3A
  +--> ?PR?_DISP_MSG?LABTASK3A
  +--> ?PR?_CHAR_TO_INT?LABTASK3A
  +--> ?PR?GET_RESULT?LABTASK3A
  +--> ?PR?DISPLAY_RESULT?LABTASK3A

?PR?INIT?LABTASK3A                   -----    -----
  +--> ?PR?_WR_CMD?LABTASK3A

?PR?_WR_CMD?LABTASK3A                -----    -----
  +--> ?PR?_DELAY?LABTASK3A

?PR?KEY_SCANNING?LABTASK3A           -----    -----
  +--> ?PR?_DELAY?LABTASK3A

?PR?_WR_DATA?LABTASK3A               -----    -----
  +--> ?PR?_DELAY?LABTASK3A

?PR?_DISP_MSG?LABTASK3A              0026H    0003H
  +--> ?PR?_WR_DATA?LABTASK3A

?PR?GET_RESULT?LABTASK3A             -----    -----
  +--> ?CO?LABTASK3A
  +--> ?PR?_DISP_MSG?LABTASK3A
  +--> ?PR?_WR_CMD?LABTASK3A

?PR?DISPLAY_RESULT?LABTASK3A         -----    -----
  +--> ?PR?_WR_CMD?LABTASK3A
  +--> ?PR?_DISP_MSG?LABTASK3A
  +--> ?CO?LABTASK3A
  +--> ?PR?_INT_TO_CHAR?LABTASK3A
  +--> ?PR?_WR_DATA?LABTASK3A



SYMBOL TABLE OF MODULE:  .\Objects\Lab_Task (?C_STARTUP)

  VALUE           TYPE          NAME
  ----------------------------------

  -------         MODULE        ?C_STARTUP
  C:0A02H         SEGMENT       ?C_C51STARTUP
  I:0029H         SEGMENT       ?STACK
  C:0000H         PUBLIC        ?C_STARTUP
  D:00E0H         SYMBOL        ACC
  D:00F0H         SYMBOL        B
  D:0083H         SYMBOL        DPH
  D:0082H         SYMBOL        DPL
  N:0000H         SYMBOL        IBPSTACK
  N:0100H         SYMBOL        IBPSTACKTOP
BL51 BANKED LINKER/LOCATER V6.22.4.0                                                  05/23/2024  21:07:30  PAGE 3


  N:0080H         SYMBOL        IDATALEN
  C:0A05H         SYMBOL        IDATALOOP
  N:0000H         SYMBOL        PBPSTACK
  N:0100H         SYMBOL        PBPSTACKTOP
  N:0000H         SYMBOL        PDATALEN
  N:0000H         SYMBOL        PDATASTART
  N:0000H         SYMBOL        PPAGE
  N:0000H         SYMBOL        PPAGEENABLE
  D:00A0H         SYMBOL        PPAGE_SFR
  D:0081H         SYMBOL        SP
  C:0A02H         SYMBOL        STARTUP1
  N:0000H         SYMBOL        XBPSTACK
  N:0000H         SYMBOL        XBPSTACKTOP
  N:0000H         SYMBOL        XDATALEN
  N:0000H         SYMBOL        XDATASTART
  C:0000H         LINE#         126
  C:0A02H         LINE#         133
  C:0A04H         LINE#         134
  C:0A05H         LINE#         135
  C:0A06H         LINE#         136
  C:0A08H         LINE#         185
  C:0A0BH         LINE#         196
  -------         ENDMOD        ?C_STARTUP

  -------         MODULE        LABTASK3A
  C:0000H         SYMBOL        _ICE_DUMMY_
  D:0008H         PUBLIC        res_buff_int
  C:0B71H         PUBLIC        display_result
  C:0C27H         PUBLIC        _wr_cmd
  D:0090H         PUBLIC        P1
  C:0800H         PUBLIC        key_scanning
  D:00A0H         PUBLIC        P2
  D:000EH         PUBLIC        num1
  B:0090H.0       PUBLIC        R1
  D:00B0H         PUBLIC        P3
  D:0010H         PUBLIC        num2
  B:0090H.1       PUBLIC        R2
  B:0090H.2       PUBLIC        R3
  B:0090H.3       PUBLIC        R4
  C:0C19H         PUBLIC        _char_to_int
  C:0C3BH         PUBLIC        _int_to_char
  C:0C07H         PUBLIC        _delay
  D:0012H         PUBLIC        buff
  B:00B0H.0       PUBLIC        RS
  C:0B11H         PUBLIC        main
  C:0BC6H         PUBLIC        init
  C:0A8EH         PUBLIC        get_result
  D:0015H         PUBLIC        arr
  D:001BH         PUBLIC        key
  B:00B0H.1       PUBLIC        Enable
  D:001CH         PUBLIC        res_buff_char
  D:001FH         PUBLIC        operation
  C:0BA1H         PUBLIC        _disp_msg
  C:0C31H         PUBLIC        _wr_data
  D:0020H         PUBLIC        i
  D:0022H         PUBLIC        n
  B:0090H.4       PUBLIC        C1
BL51 BANKED LINKER/LOCATER V6.22.4.0                                                  05/23/2024  21:07:30  PAGE 4


  B:0090H.5       PUBLIC        C2
  B:0090H.6       PUBLIC        C3
  B:0090H.7       PUBLIC        C4
  D:0024H         PUBLIC        res_num
  -------         PROC          MAIN
  C:0B11H         LINE#         44
  C:0B11H         LINE#         45
  C:0B14H         LINE#         46
  C:0B17H         LINE#         48
  C:0B17H         LINE#         49
  C:0B1CH         LINE#         50
  C:0B21H         LINE#         52
  C:0B27H         LINE#         54
  C:0B2AH         LINE#         55
  C:0B31H         LINE#         56
  C:0B44H         LINE#         57
  C:0B4DH         LINE#         58
  C:0B53H         LINE#         60
  C:0B5CH         LINE#         61
  C:0B65H         LINE#         62
  C:0B68H         LINE#         64
  C:0B6BH         LINE#         65
  C:0B6EH         LINE#         66
  C:0B70H         LINE#         67
  -------         ENDPROC       MAIN
  -------         PROC          INIT
  C:0BC6H         LINE#         70
  C:0BC6H         LINE#         71
  C:0BCBH         LINE#         72
  C:0BD0H         LINE#         73
  C:0BD5H         LINE#         74
  C:0BDAH         LINE#         75
  C:0BDFH         LINE#         76
  -------         ENDPROC       INIT
  -------         PROC          _WR_CMD
  D:0007H         SYMBOL        cmd
  C:0C27H         LINE#         80
  C:0C27H         LINE#         81
  C:0C29H         LINE#         82
  C:0C2BH         LINE#         83
  C:0C2BH         LINE#         84
  C:0C2EH         LINE#         85
  C:0C30H         LINE#         86
  -------         ENDPROC       _WR_CMD
  -------         PROC          _WR_DATA
  D:0007H         SYMBOL        dt
  C:0C31H         LINE#         88
  C:0C31H         LINE#         89
  C:0C33H         LINE#         90
  C:0C35H         LINE#         91
  C:0C35H         LINE#         92
  C:0C38H         LINE#         93
  C:0C3AH         LINE#         95
  -------         ENDPROC       _WR_DATA
  C:0C03H         SYMBOL        L?0053
  -------         PROC          L?0052
  -------         ENDPROC       L?0052
BL51 BANKED LINKER/LOCATER V6.22.4.0                                                  05/23/2024  21:07:30  PAGE 5


  C:0C03H         SYMBOL        L?0053
  -------         PROC          _DELAY
  D:0006H         SYMBOL        n
  -------         DO            
  D:0004H         SYMBOL        i
  -------         ENDDO         
  C:0C07H         LINE#         97
  C:0C07H         LINE#         100
  C:0C18H         LINE#         101
  -------         ENDPROC       _DELAY
  -------         PROC          KEY_SCANNING
  C:0800H         LINE#         103
  C:0800H         LINE#         105
  C:0800H         LINE#         106
  C:0802H         LINE#         107
  C:0808H         LINE#         108
  C:0814H         LINE#         109
  C:0817H         LINE#         110
  C:081AH         LINE#         111
  C:081AH         LINE#         113
  C:0826H         LINE#         114
  C:0829H         LINE#         115
  C:082CH         LINE#         116
  C:082CH         LINE#         118
  C:0838H         LINE#         119
  C:083BH         LINE#         120
  C:083EH         LINE#         121
  C:083EH         LINE#         123
  C:084AH         LINE#         124
  C:084DH         LINE#         125
  C:0850H         LINE#         126
  C:0850H         LINE#         128
  C:0852H         LINE#         129
  C:0858H         LINE#         130
  C:0864H         LINE#         131
  C:0867H         LINE#         132
  C:086AH         LINE#         133
  C:086AH         LINE#         135
  C:0876H         LINE#         136
  C:0879H         LINE#         137
  C:087CH         LINE#         138
  C:087CH         LINE#         140
  C:0888H         LINE#         141
  C:088BH         LINE#         142
  C:088EH         LINE#         143
  C:088EH         LINE#         145
  C:089AH         LINE#         146
  C:089DH         LINE#         147
  C:08A0H         LINE#         148
  C:08A0H         LINE#         150
  C:08A2H         LINE#         151
  C:08A8H         LINE#         153
  C:08B4H         LINE#         154
  C:08B7H         LINE#         155
  C:08BAH         LINE#         156
  C:08BAH         LINE#         158
  C:08C6H         LINE#         159
BL51 BANKED LINKER/LOCATER V6.22.4.0                                                  05/23/2024  21:07:30  PAGE 6


  C:08C9H         LINE#         160
  C:08CCH         LINE#         161
  C:08CCH         LINE#         163
  C:08D8H         LINE#         164
  C:08DBH         LINE#         165
  C:08DEH         LINE#         166
  C:08DEH         LINE#         168
  C:08EAH         LINE#         169
  C:08EDH         LINE#         170
  C:08F0H         LINE#         171
  C:08F0H         LINE#         173
  C:08F2H         LINE#         174
  C:08F8H         LINE#         176
  C:0904H         LINE#         177
  C:0907H         LINE#         178
  C:090AH         LINE#         179
  C:090AH         LINE#         181
  C:0916H         LINE#         182
  C:0919H         LINE#         183
  C:091CH         LINE#         184
  C:091CH         LINE#         186
  C:0928H         LINE#         187
  C:092BH         LINE#         188
  C:092EH         LINE#         189
  C:092EH         LINE#         191
  C:0946H         LINE#         192
  C:0949H         LINE#         193
  C:094BH         LINE#         194
  C:094BH         LINE#         195
  C:094BH         LINE#         196
  -------         ENDPROC       KEY_SCANNING
  -------         PROC          _INT_TO_CHAR
  D:0006H         SYMBOL        num
  C:0C3BH         LINE#         198
  C:0C3BH         LINE#         199
  C:0C3FH         LINE#         200
  -------         ENDPROC       _INT_TO_CHAR
  -------         PROC          _CHAR_TO_INT
  D:0007H         SYMBOL        num
  C:0C19H         LINE#         203
  C:0C19H         LINE#         204
  C:0C26H         LINE#         205
  -------         ENDPROC       _CHAR_TO_INT
  -------         PROC          _DISP_MSG
  D:0026H         SYMBOL        str
  C:0BA1H         LINE#         207
  C:0BA7H         LINE#         208
  C:0BB2H         LINE#         209
  C:0BC5H         LINE#         210
  -------         ENDPROC       _DISP_MSG
  -------         PROC          GET_RESULT
  C:0A8EH         LINE#         212
  C:0A8EH         LINE#         214
  C:0AA0H         LINE#         215
  C:0AAEH         LINE#         216
  C:0ABDH         LINE#         217
  C:0ACAH         LINE#         218
BL51 BANKED LINKER/LOCATER V6.22.4.0                                                  05/23/2024  21:07:30  PAGE 7


  C:0ADBH         LINE#         219
  C:0ADBH         LINE#         220
  C:0AE4H         LINE#         221
  C:0AE9H         LINE#         222
  C:0AECH         LINE#         223
  C:0AECH         LINE#         225
  C:0AFBH         LINE#         226
  C:0B0AH         LINE#         227
  C:0B10H         LINE#         229
  -------         ENDPROC       GET_RESULT
  -------         PROC          DISPLAY_RESULT
  C:0B71H         LINE#         230
  C:0B71H         LINE#         232
  C:0B76H         LINE#         233
  C:0B7FH         LINE#         234
  C:0B88H         LINE#         235
  C:0B92H         LINE#         236
  C:0B9CH         LINE#         237
  -------         ENDPROC       DISPLAY_RESULT
  -------         ENDMOD        LABTASK3A

  -------         MODULE        ?C?CLDPTR
  C:094CH         PUBLIC        ?C?CLDPTR
  -------         ENDMOD        ?C?CLDPTR

  -------         MODULE        ?C?IMUL
  C:0965H         PUBLIC        ?C?IMUL
  -------         ENDMOD        ?C?IMUL

  -------         MODULE        ?C?SIDIV
  C:0977H         PUBLIC        ?C?SIDIV
  -------         ENDMOD        ?C?SIDIV

  -------         MODULE        ?C?UIDIV
  C:09ADH         PUBLIC        ?C?UIDIV
  -------         ENDMOD        ?C?UIDIV

******************************************************************************
* RESTRICTED VERSION WITH 0800H BYTE CODE SIZE LIMIT; USED: 0311H BYTE (38%) *
******************************************************************************

Program Size: data=42.0 xdata=0 code=1096
LINK/LOCATE RUN COMPLETE.  0 WARNING(S),  0 ERROR(S)
