C51 COMPILER V9.60.7.0   LAB_TASK                                                          05/22/2024 22:27:43 PAGE 1   


C51 COMPILER V9.60.7.0, COMPILATION OF MODULE LAB_TASK
OBJECT MODULE PLACED IN .\Objects\lab_task.obj
COMPILER INVOKED BY: D:\Keil_v5\C51\BIN\C51.EXE lab_task.c OPTIMIZE(8,SPEED) BROWSE DEBUG OBJECTEXTEND PRINT(.\Listings\
                    -lab_task.lst) TABS(2) OBJECT(.\Objects\lab_task.obj)

line level    source

   1          #include<reg51.h>
   2          //RS = 1 we are passing data
   3          
   4          sbit RS = P3^0;
   5          sbit Enable = P3^1;
   6          
   7          void init();
   8          void delay();
   9          void wr_cmd(unsigned char);
  10          void wr_data(unsigned char);
  11          
  12          char *name = "ALI ASGHAR";
  13          char *reg_no = "21PWCSE2059";
  14          
  15          void main(void){
  16   1          P2 = 0x00;
  17   1          init(); 
  18   1      
  19   1          while(1){
  20   2            while(*name)
  21   2                wr_data(*name++);
  22   2          
  23   2            wr_cmd(0xc0); //2nd line selected
  24   2        
  25   2            while(*reg_no)
  26   2                wr_data(*reg_no++);
  27   2          }
  28   1      }
  29          
  30          
  31          void init(){
  32   1          wr_cmd(0x38); //2 lines and 5x7 Matrix
  33   1          wr_cmd(0x0e); //Display on and cursor blinking
  34   1          wr_cmd(0x01); //Clear Display Screen
  35   1          wr_cmd(0x06); //Increment Cursor
  36   1          wr_cmd(0x0c); //Display on, Cursor off
  37   1          wr_cmd(0x80); //Force cursor to begining of 1st line 
  38   1      
  39   1      }
  40          
  41          void wr_cmd(unsigned char cmd){
  42   1          P2 = cmd;
  43   1          RS = 0;
  44   1          Enable = 1;
  45   1          delay();
  46   1          Enable = 0;
  47   1      }
  48          
  49          void wr_data(unsigned char dt){
  50   1          P2 = dt;
  51   1          RS = 1;
  52   1          Enable = 1;
  53   1          delay();
  54   1          Enable = 0;
C51 COMPILER V9.60.7.0   LAB_TASK                                                          05/22/2024 22:27:43 PAGE 2   

  55   1      
  56   1      }
  57          
  58          void delay(){
  59   1        unsigned int i;
  60   1        
  61   1        for(i = 0; i<15000; i++);
  62   1      }
  63          


MODULE INFORMATION:   STATIC OVERLAYABLE
   CODE SIZE        =    134    ----
   CONSTANT SIZE    =     23    ----
   XDATA SIZE       =   ----    ----
   PDATA SIZE       =   ----    ----
   DATA SIZE        =      6    ----
   IDATA SIZE       =   ----    ----
   BIT SIZE         =   ----    ----
END OF MODULE INFORMATION.


C51 COMPILATION COMPLETE.  0 WARNING(S),  0 ERROR(S)
