C51 COMPILER V9.60.7.0   LABTASK3A                                                         05/23/2024 21:07:30 PAGE 1   


C51 COMPILER V9.60.7.0, COMPILATION OF MODULE LABTASK3A
OBJECT MODULE PLACED IN .\Objects\labtask3a.obj
COMPILER INVOKED BY: D:\Keil_v5\C51\BIN\C51.EXE labtask3a.c OPTIMIZE(8,SPEED) BROWSE DEBUG OBJECTEXTEND PRINT(.\Listings
                    -\labtask3a.lst) TABS(2) OBJECT(.\Objects\labtask3a.obj)

line level    source

   1          #include<reg51.h>
   2          //RS = 1 we are passing data
   3          
   4          sbit RS = P3^0;
   5          sbit Enable = P3^1;
   6          sbit R1 = P1^0;
   7          sbit R2 = P1^1;
   8          sbit R3 = P1^2;
   9          sbit R4 = P1^3;
  10          
  11          sbit C1 = P1^4;
  12          sbit C2 = P1^5;
  13          sbit C3 = P1^6;
  14          sbit C4 = P1^7;
  15          
  16          void init();
  17          void delay(unsigned int);
  18          void wr_cmd(unsigned char);
  19          void wr_data(unsigned char);
  20          unsigned char key_scanning();
  21          
  22          char int_to_char(int);
  23          int char_to_int(char);
  24          
  25          void disp_msg(char*);
  26          void get_result();
  27          void display_result();
  28          unsigned char key;
  29          
  30          int num1, num2;
  31          
  32          char buff[3];
  33          
  34          int res_buff_int[3];
  35          char res_buff_char[3];
  36          
  37          int arr[3];
  38          int res_num;
  39          char operation;
  40          
  41          int i;
  42          int n = 40;
  43          
  44          void main(void){
  45   1          P2 = 0x00;  
  46   1          init(); 
  47   1      
  48   1          while(1){
  49   2            for(i = 0; i<3; i++){
  50   3                key = key_scanning(); 
  51   3                            
  52   3                if(key == 'C') break;
  53   3                
  54   3                wr_data(key); //display num1          
C51 COMPILER V9.60.7.0   LABTASK3A                                                         05/23/2024 21:07:30 PAGE 2   

  55   3                buff[i] = key;
  56   3            }
  57   2            disp_msg("                ");
  58   2            if(key == 'C') break;
  59   2            
  60   2            num1 = char_to_int(buff[0]);
  61   2            num2 = char_to_int(buff[2]);
  62   2            operation = buff[1];
  63   2      
  64   2            get_result(); //Will store result in res_num
  65   2            display_result();
  66   2          }
  67   1      }
  68          
  69          
  70          void init(){
  71   1          wr_cmd(0x38); //2 lines and 5x7 Matrix
  72   1          wr_cmd(0x0e); //Display on and cursor blinking
  73   1          wr_cmd(0x01); //Clear Display Screen
  74   1          wr_cmd(0x06); //Increment Cursor
  75   1          wr_cmd(0x0c); //Display on, Cursor off
  76   1          wr_cmd(0x80); //Force cursor to begining of 1st line 
  77   1      
  78   1      }
  79          
  80          void wr_cmd(unsigned char cmd){
  81   1          P2 = cmd;
  82   1          RS = 0;
  83   1          Enable = 1;
  84   1          delay(10000);
  85   1          Enable = 0;
  86   1      }
  87          
  88          void wr_data(unsigned char dt){
  89   1          P2 = dt;
  90   1          RS = 1;
  91   1          Enable = 1;
  92   1          delay(10000);
  93   1          Enable = 0;
  94   1      
  95   1      }
  96          
  97          void delay(unsigned n){
  98   1        unsigned int i;
  99   1        
 100   1        for(i = 0; i<n; i++);
 101   1      }
 102          
 103          unsigned char key_scanning(){
 104   1      
 105   1        while(1){
 106   2          R1 = 0;
 107   2          R2 = R3 = R4 = 1;
 108   2          if(C1 == 0 && C2 == 1 && C3 == 1 && C4 == 1){//7 Pressed
 109   3            delay(10000); 
 110   3            return '7';
 111   3          }
 112   2          
 113   2          if(C1 == 1 && C2 == 0 && C3 == 1 && C4 == 1){//8 Pressed
 114   3            delay(10000);
 115   3            return '8';
 116   3          }
C51 COMPILER V9.60.7.0   LABTASK3A                                                         05/23/2024 21:07:30 PAGE 3   

 117   2            
 118   2          if(C1 == 1 && C2 == 1 && C3 == 0 && C4 == 1){//9 Pressed
 119   3            delay(10000);
 120   3            return '9';
 121   3          }
 122   2          
 123   2          if(C1 == 1 && C2 == 1 && C3 == 1 && C4 == 0){//% Pressed
 124   3            delay(10000);
 125   3            return '/';
 126   3          }
 127   2            
 128   2          R2 = 0;
 129   2          R1 = R3 = R4 = 1;
 130   2          if(C1 == 0 && C2 == 1 && C3 == 1 && C4 == 1){//4 Pressed
 131   3            delay(10000);
 132   3            return '4';
 133   3          }
 134   2          
 135   2          if(C1 == 1 && C2 == 0 && C3 == 1 && C4 == 1){//5 Pressed
 136   3            delay(10000);
 137   3            return '5';
 138   3          }
 139   2          
 140   2          if(C1 == 1 && C2 == 1 && C3 == 0 && C4 == 1){//6 Pressed
 141   3            delay(10000);
 142   3            return '6';
 143   3          }
 144   2          
 145   2          if(C1 == 1 && C2 == 1 && C3 == 1 && C4 == 0){//x Pressed
 146   3            delay(10000);
 147   3            return 'x';
 148   3          }
 149   2              
 150   2          R3 = 0;
 151   2          R1 = R2 = R4 = 1;
 152   2          
 153   2          if(C1 == 0 && C2 == 1 && C3 == 1 && C4 == 1){//1 Pressed
 154   3            delay(10000);
 155   3            return '1';
 156   3          }
 157   2          
 158   2          if(C1 == 1 && C2 == 0 && C3 == 1 && C4 == 1){//2 Pressed
 159   3            delay(10000);
 160   3            return '2';
 161   3          }
 162   2          
 163   2          if(C1 == 1 && C2 == 1 && C3 == 0 && C4 == 1){//3 Pressed
 164   3            delay(10000);
 165   3            return '3';
 166   3          }
 167   2          
 168   2          if(C1 == 1 && C2 == 1 && C3 == 1 && C4 == 0){//- Pressed
 169   3            delay(10000);
 170   3            return '-';
 171   3          }
 172   2          
 173   2          R4 = 0;
 174   2          R1 = R2 = R3 = 1;
 175   2          
 176   2          if(C1 == 0 && C2 == 1 && C3 == 1 && C4 == 1){//C/ON Pressed
 177   3            delay(10000);
 178   3            return 'C';
C51 COMPILER V9.60.7.0   LABTASK3A                                                         05/23/2024 21:07:30 PAGE 4   

 179   3          }
 180   2          
 181   2          if(C1 == 1 && C2 == 0 && C3 == 1 && C4 == 1){//0 Pressed
 182   3            delay(10000);
 183   3            return '0';
 184   3          }
 185   2          
 186   2          if(C1 == 1 && C2 == 1 && C3 == 0 && C4 == 1){//= Pressed
 187   3            delay(10000);
 188   3            return '=';
 189   3          }
 190   2          
 191   2          if(C1 == 1 && C2 == 1 && C3 == 1 && C4 == 0){//+ Pressed
 192   3            delay(10000);
 193   3            return '+';
 194   3          }
 195   2        }
 196   1      }
 197          
 198          char int_to_char(int num){
 199   1          return num + '0';
 200   1      }
 201          
 202          
 203          int char_to_int(char num){
 204   1          return num - '0';
 205   1      }
 206          
 207          void disp_msg(char *str){
 208   1          while(*str)
 209   1            wr_data(*str++);
 210   1      }
 211          
 212          void get_result(){
 213   1        
 214   1        switch(operation){
 215   2          case '+': res_num = num1 + num2; break;
 216   2          case '-': res_num = num1 - num2; break;
 217   2          case 'x': res_num = num1 * num2; break;
 218   2          case '/': res_num = num1 / num2; break;
 219   2          default: 
 220   2            disp_msg("Invalid");
 221   2            wr_cmd(0x01); //Clear Display Screen
 222   2            main();
 223   2        }
 224   1        
 225   1        res_buff_int[0] = res_num /10;
 226   1        res_num = res_num % 10;
 227   1        res_buff_int[1] = res_num;
 228   1      
 229   1      }
 230          void display_result(){
 231   1          //wr_cmd(0x01); //Clear Display Screen
 232   1          wr_cmd(0xC0);//Move to 2nd line
 233   1          disp_msg(buff);
 234   1          disp_msg(" = ");
 235   1          wr_data(int_to_char(res_buff_int[0]));
 236   1          wr_data(int_to_char(res_buff_int[1]));
 237   1          wr_cmd(0x80);//Move to 1st line
 238   1      }


C51 COMPILER V9.60.7.0   LABTASK3A                                                         05/23/2024 21:07:30 PAGE 5   

MODULE INFORMATION:   STATIC OVERLAYABLE
   CODE SIZE        =    737    ----
   CONSTANT SIZE    =     29    ----
   XDATA SIZE       =   ----    ----
   PDATA SIZE       =   ----    ----
   DATA SIZE        =     30       3
   IDATA SIZE       =   ----    ----
   BIT SIZE         =   ----    ----
END OF MODULE INFORMATION.


C51 COMPILATION COMPLETE.  0 WARNING(S),  0 ERROR(S)
