C51 COMPILER V9.60.7.0   LAB_TASK                                                          05/30/2024 23:23:51 PAGE 1   


C51 COMPILER V9.60.7.0, COMPILATION OF MODULE LAB_TASK
OBJECT MODULE PLACED IN .\Objects\lab_task.obj
COMPILER INVOKED BY: D:\Keil_v5\C51\BIN\C51.EXE lab_task.c OPTIMIZE(8,SPEED) BROWSE DEBUG OBJECTEXTEND PRINT(.\Listings\
                    -lab_task.lst) TABS(2) OBJECT(.\Objects\lab_task.obj)

line level    source

   1          #include<reg51.h>
   2          
   3          sbit intr = P3^2;
   4          sbit rd = P3^4;
   5          sbit wr = P3^5;
   6          int i, temp;
   7          
   8          void delay(int n){
   9   1         for(i = 0; i< n; i++){
  10   2         }
  11   1      }
  12          
  13          void ADC(){
  14   1         rd = 1;
  15   1         wr = 0;
  16   1         delay(10);
  17   1         wr = 1;
  18   1         
  19   1         while(intr == 1);
  20   1         
  21   1          rd = 0;
  22   1         delay(10);
  23   1        
  24   1      }
  25          
  26          void serial_comm(){
  27   1        TMOD = 0x20;
  28   1        TH1 = 0xFD;
  29   1        SCON = 0x50;
  30   1        PCON = 0x00;
  31   1        TR1 = 1;
  32   1      }
  33          
  34          void main(){
  35   1        
  36   1         serial_comm();
  37   1         while(1){
  38   2            ADC();
  39   2           SBUF = P1;
  40   2           while(TI == 0);
  41   2            TI = 0;
  42   2         }
  43   1      }
  44          


MODULE INFORMATION:   STATIC OVERLAYABLE
   CODE SIZE        =     87    ----
   CONSTANT SIZE    =   ----    ----
   XDATA SIZE       =   ----    ----
   PDATA SIZE       =   ----    ----
   DATA SIZE        =      4    ----
   IDATA SIZE       =   ----    ----
   BIT SIZE         =   ----    ----
C51 COMPILER V9.60.7.0   LAB_TASK                                                          05/30/2024 23:23:51 PAGE 2   

END OF MODULE INFORMATION.


C51 COMPILATION COMPLETE.  0 WARNING(S),  0 ERROR(S)
