BL51 BANKED LINKER/LOCATER V6.22.4.0                                                    05/30/2024  09:41:47  PAGE 1


BL51 BANKED LINKER/LOCATER V6.22.4.0, INVOKED BY:
D:\KEIL_V5\C51\BIN\BL51.EXE .\Objects\task2.obj TO .\Objects\Lab_Task2 PRINT (.\Listings\Lab_Task2.m51)


MEMORY MODEL: SMALL


INPUT MODULES INCLUDED:
  .\Objects\task2.obj (TASK2)
  D:\KEIL_V5\C51\LIB\C51S.LIB (?C_STARTUP)


LINK MAP OF MODULE:  .\Objects\Lab_Task2 (TASK2)


            TYPE    BASE      LENGTH    RELOCATION   SEGMENT NAME
            -----------------------------------------------------

            * * * * * * *   D A T A   M E M O R Y   * * * * * * *
            REG     0000H     0008H     ABSOLUTE     "REG BANK 0"
            DATA    0008H     0004H     UNIT         ?DT?TASK2
            IDATA   000CH     0001H     UNIT         ?STACK

            * * * * * * *   C O D E   M E M O R Y   * * * * * * *
            CODE    0000H     0003H     ABSOLUTE     
                    0003H     07FDH                  *** GAP ***
            CODE    0800H     001FH     UNIT         ?PR?_DELAY?TASK2
            CODE    081FH     0012H     UNIT         ?PR?ADC?TASK2
            CODE    0831H     000CH     UNIT         ?C_C51STARTUP
            CODE    083DH     0005H     UNIT         ?PR?MAIN?TASK2



OVERLAY MAP OF MODULE:   .\Objects\Lab_Task2 (TASK2)


SEGMENT
  +--> CALLED SEGMENT
---------------------
?C_C51STARTUP
  +--> ?PR?MAIN?TASK2

?PR?MAIN?TASK2
  +--> ?PR?ADC?TASK2

?PR?ADC?TASK2
  +--> ?PR?_DELAY?TASK2



SYMBOL TABLE OF MODULE:  .\Objects\Lab_Task2 (TASK2)

  VALUE           TYPE          NAME
  ----------------------------------

  -------         MODULE        TASK2
  C:0000H         SYMBOL        _ICE_DUMMY_
  D:00B0H         PUBLIC        P3
BL51 BANKED LINKER/LOCATER V6.22.4.0                                                  05/30/2024  09:41:47  PAGE 2


  C:0800H         PUBLIC        _delay
  C:083DH         PUBLIC        main
  D:0008H         PUBLIC        temp
  B:00B0H.2       PUBLIC        intr
  C:081FH         PUBLIC        ADC
  B:00B0H.4       PUBLIC        rd
  D:000AH         PUBLIC        i
  B:00B0H.5       PUBLIC        wr
  -------         PROC          _DELAY
  D:0006H         SYMBOL        n
  C:0800H         LINE#         8
  C:0800H         LINE#         9
  C:0814H         LINE#         10
  C:081EH         LINE#         11
  -------         ENDPROC       _DELAY
  -------         PROC          ADC
  C:081FH         LINE#         13
  C:081FH         LINE#         14
  C:0821H         LINE#         15
  C:0823H         LINE#         17
  C:0825H         LINE#         19
  C:0828H         LINE#         21
  C:082AH         LINE#         23
  -------         ENDPROC       ADC
  -------         PROC          MAIN
  C:083DH         LINE#         27
  C:083DH         LINE#         29
  C:083DH         LINE#         30
  C:0840H         LINE#         31
  -------         ENDPROC       MAIN
  -------         ENDMOD        TASK2

******************************************************************************
* RESTRICTED VERSION WITH 0800H BYTE CODE SIZE LIMIT; USED: 0036H BYTE ( 2%) *
******************************************************************************

Program Size: data=13.0 xdata=0 code=69
LINK/LOCATE RUN COMPLETE.  0 WARNING(S),  0 ERROR(S)
