C51 COMPILER V9.60.7.0   LABTASK3A                                                         05/15/2024 22:45:35 PAGE 1   


C51 COMPILER V9.60.7.0, COMPILATION OF MODULE LABTASK3A
OBJECT MODULE PLACED IN .\Objects\labtask3a.obj
COMPILER INVOKED BY: D:\Keil_v5\C51\BIN\C51.EXE labtask3a.c OPTIMIZE(8,SPEED) BROWSE DEBUG OBJECTEXTEND PRINT(.\Listings
                    -\labtask3a.lst) TABS(2) OBJECT(.\Objects\labtask3a.obj)

line level    source

   1          #include<reg51.h>
   2          //RS = 1 we are passing data
   3          
   4          sbit RS = P3^0;
   5          sbit Enable = P3^1;
   6          sbit R1 = P1^0;
   7          sbit R2 = P1^1;
   8          sbit R3 = P1^2;
   9          sbit R4 = P1^3;
  10          
  11          sbit C1 = P1^4;
  12          sbit C2 = P1^5;
  13          sbit C3 = P1^6;
  14          sbit C4 = P1^7;
  15          
  16          void init();
  17          void delay(unsigned int);
  18          void wr_cmd(unsigned char);
  19          void wr_data(unsigned char);
  20          unsigned char key_scanning();
  21          
  22          char int_to_char(int);
  23          int char_to_int(char);
  24          
  25          void disp_msg(char*);
  26          void get_result();
  27          void display_result();
  28          unsigned char key;
  29          
  30          int num1, num2;
  31          
  32          char buff[3];
  33          
  34          int res_buff_int[3];
  35          char res_buff_char[3];
  36          
  37          int arr[3];
  38          int res_num;
  39          char operation;
  40          
  41          int i;
  42          int n = 40;
  43          
  44          void main(void){
  45   1          P2 = 0x00;  
  46   1          init(); 
  47   1      
  48   1          while(1){
  49   2            
  50   2            for(i = 0; i<3; i++){
  51   3                key = key_scanning(); 
  52   3                            
  53   3                if(key == 'C') break;
  54   3                
C51 COMPILER V9.60.7.0   LABTASK3A                                                         05/15/2024 22:45:35 PAGE 2   

  55   3                wr_data(key); //display num1          
  56   3                buff[i] = key;
  57   3            }
  58   2            disp_msg("                ");
  59   2            if(key == 'C') break;
  60   2            
  61   2            num1 = char_to_int(buff[0]);
  62   2            num2 = char_to_int(buff[2]);
  63   2            operation = buff[1];
  64   2      
  65   2            get_result(); //Will store result in res_num
  66   2            display_result();
  67   2          }
  68   1      }
  69          
  70          
  71          void init(){
  72   1          wr_cmd(0x38); //2 lines and 5x7 Matrix
  73   1          wr_cmd(0x0e); //Display on and cursor blinking
  74   1          wr_cmd(0x01); //Clear Display Screen
  75   1          wr_cmd(0x06); //Increment Cursor
  76   1          wr_cmd(0x0c); //Display on, Cursor off
  77   1          wr_cmd(0x80); //Force cursor to begining of 1st line 
  78   1      
  79   1      }
  80          
  81          void wr_cmd(unsigned char cmd){
  82   1          P2 = cmd;
  83   1          RS = 0;
  84   1          Enable = 1;
  85   1          delay(10000);
  86   1          Enable = 0;
  87   1      }
  88          
  89          void wr_data(unsigned char dt){
  90   1          P2 = dt;
  91   1          RS = 1;
  92   1          Enable = 1;
  93   1          delay(10000);
  94   1          Enable = 0;
  95   1      
  96   1      }
  97          
  98          void delay(unsigned n){
  99   1        unsigned int i;
 100   1        
 101   1        for(i = 0; i<n; i++);
 102   1      }
 103          
 104          unsigned char key_scanning(){
 105   1      
 106   1        while(1){
 107   2          R1 = 0;
 108   2          R2 = R3 = R4 = 1;
 109   2          if(C1 == 0 && C2 == 1 && C3 == 1 && C4 == 1){//7 Pressed
 110   3            delay(10000); 
 111   3            return '7';
 112   3          }
 113   2          
 114   2          if(C1 == 1 && C2 == 0 && C3 == 1 && C4 == 1){//8 Pressed
 115   3            delay(10000);
 116   3            return '8';
C51 COMPILER V9.60.7.0   LABTASK3A                                                         05/15/2024 22:45:35 PAGE 3   

 117   3          }
 118   2            
 119   2          if(C1 == 1 && C2 == 1 && C3 == 0 && C4 == 1){//9 Pressed
 120   3            delay(10000);
 121   3            return '9';
 122   3          }
 123   2          
 124   2          if(C1 == 1 && C2 == 1 && C3 == 1 && C4 == 0){//% Pressed
 125   3            delay(10000);
 126   3            return '/';
 127   3          }
 128   2            
 129   2          R2 = 0;
 130   2          R1 = R3 = R4 = 1;
 131   2          if(C1 == 0 && C2 == 1 && C3 == 1 && C4 == 1){//4 Pressed
 132   3            delay(10000);
 133   3            return '4';
 134   3          }
 135   2          
 136   2          if(C1 == 1 && C2 == 0 && C3 == 1 && C4 == 1){//5 Pressed
 137   3            delay(10000);
 138   3            return '5';
 139   3          }
 140   2          
 141   2          if(C1 == 1 && C2 == 1 && C3 == 0 && C4 == 1){//6 Pressed
 142   3            delay(10000);
 143   3            return '6';
 144   3          }
 145   2          
 146   2          if(C1 == 1 && C2 == 1 && C3 == 1 && C4 == 0){//x Pressed
 147   3            delay(10000);
 148   3            return 'x';
 149   3          }
 150   2              
 151   2          R3 = 0;
 152   2          R1 = R2 = R4 = 1;
 153   2          
 154   2          if(C1 == 0 && C2 == 1 && C3 == 1 && C4 == 1){//1 Pressed
 155   3            delay(10000);
 156   3            return '1';
 157   3          }
 158   2          
 159   2          if(C1 == 1 && C2 == 0 && C3 == 1 && C4 == 1){//2 Pressed
 160   3            delay(10000);
 161   3            return '2';
 162   3          }
 163   2          
 164   2          if(C1 == 1 && C2 == 1 && C3 == 0 && C4 == 1){//3 Pressed
 165   3            delay(10000);
 166   3            return '3';
 167   3          }
 168   2          
 169   2          if(C1 == 1 && C2 == 1 && C3 == 1 && C4 == 0){//- Pressed
 170   3            delay(10000);
 171   3            return '-';
 172   3          }
 173   2          
 174   2          R4 = 0;
 175   2          R1 = R2 = R3 = 1;
 176   2          
 177   2          if(C1 == 0 && C2 == 1 && C3 == 1 && C4 == 1){//C/ON Pressed
 178   3            delay(10000);
C51 COMPILER V9.60.7.0   LABTASK3A                                                         05/15/2024 22:45:35 PAGE 4   

 179   3            return 'C';
 180   3          }
 181   2          
 182   2          if(C1 == 1 && C2 == 0 && C3 == 1 && C4 == 1){//0 Pressed
 183   3            delay(10000);
 184   3            return '0';
 185   3          }
 186   2          
 187   2          if(C1 == 1 && C2 == 1 && C3 == 0 && C4 == 1){//= Pressed
 188   3            delay(10000);
 189   3            return '=';
 190   3          }
 191   2          
 192   2          if(C1 == 1 && C2 == 1 && C3 == 1 && C4 == 0){//+ Pressed
 193   3            delay(10000);
 194   3            return '+';
 195   3          }
 196   2        }
 197   1      }
 198          
 199          char int_to_char(int num){
 200   1          return num + '0';
 201   1      }
 202          
 203          
 204          int char_to_int(char num){
 205   1          return num - '0';
 206   1      }
 207          
 208          void disp_msg(char *str){
 209   1          while(*str)
 210   1            wr_data(*str++);
 211   1      }
 212          
 213          void get_result(){
 214   1        
 215   1        switch(operation){
 216   2          case '+': res_num = num1 + num2; break;
 217   2          case '-': res_num = num1 - num2; break;
 218   2          case 'x': res_num = num1 * num2; break;
 219   2          case '/': res_num = num1 / num2; break;
 220   2          default: 
 221   2            disp_msg("Invalid");
 222   2            wr_cmd(0x01); //Clear Display Screen
 223   2            main();
 224   2        }
 225   1        
 226   1        res_buff_int[0] = res_num /10;
 227   1        res_num = res_num % 10;
 228   1        res_buff_int[1] = res_num;
 229   1      
 230   1      }
 231          void display_result(){
 232   1          //wr_cmd(0x01); //Clear Display Screen
 233   1          wr_cmd(0xC0);//Move to 2nd line
 234   1          disp_msg(buff);
 235   1          disp_msg(" = ");
 236   1          wr_data(int_to_char(res_buff_int[0]));
 237   1          wr_data(int_to_char(res_buff_int[1]));
 238   1          wr_cmd(0x80);//Move to 1st line
 239   1      }

C51 COMPILER V9.60.7.0   LABTASK3A                                                         05/15/2024 22:45:35 PAGE 5   


MODULE INFORMATION:   STATIC OVERLAYABLE
   CODE SIZE        =    737    ----
   CONSTANT SIZE    =     29    ----
   XDATA SIZE       =   ----    ----
   PDATA SIZE       =   ----    ----
   DATA SIZE        =     30       3
   IDATA SIZE       =   ----    ----
   BIT SIZE         =   ----    ----
END OF MODULE INFORMATION.


C51 COMPILATION COMPLETE.  0 WARNING(S),  0 ERROR(S)
