This is pdfTeX, Version 3.141592653-2.6-1.40.25 (MiKTeX 24.1) (preloaded format=pdflatex 2024.5.14)  25 JUN 2024 11:37
entering extended mode
 restricted \write18 enabled.
 %&-line parsing enabled.
**./DBMS_ProjectReport.tex
(DBMS_ProjectReport.tex
LaTeX2e <2023-11-01> patch level 1
L3 programming layer <2024-01-04>
(C:\Users\aalia\AppData\Local\Programs\MiKTeX\tex/latex/base\report.cls
Document Class: report 2023/05/17 v1.4n Standard LaTeX document class
(C:\Users\aalia\AppData\Local\Programs\MiKTeX\tex/latex/base\size12.clo
File: size12.clo 2023/05/17 v1.4n Standard LaTeX file (size option)
)
\c@part=\count187
\c@chapter=\count188
\c@section=\count189
\c@subsection=\count190
\c@subsubsection=\count191
\c@paragraph=\count192
\c@subparagraph=\count193
\c@figure=\count194
\c@table=\count195
\abovecaptionskip=\skip48
\belowcaptionskip=\skip49
\bibindent=\dimen140
)
(C:\Users\aalia\AppData\Local\Programs\MiKTeX\tex/latex/graphics\graphicx.sty
Package: graphicx 2021/09/16 v1.2d Enhanced LaTeX Graphics (DPC,SPQR)

(C:\Users\aalia\AppData\Local\Programs\MiKTeX\tex/latex/graphics\keyval.sty
Package: keyval 2022/05/29 v1.15 key=value parser (DPC)
\KV@toks@=\toks17
)
(C:\Users\aalia\AppData\Local\Programs\MiKTeX\tex/latex/graphics\graphics.sty
Package: graphics 2022/03/10 v1.4e Standard LaTeX Graphics (DPC,SPQR)

(C:\Users\aalia\AppData\Local\Programs\MiKTeX\tex/latex/graphics\trig.sty
Package: trig 2021/08/11 v1.11 sin cos tan (DPC)
)
(C:\Users\aalia\AppData\Local\Programs\MiKTeX\tex/latex/graphics-cfg\graphics.c
fg
File: graphics.cfg 2016/06/04 v1.11 sample graphics configuration
)
Package graphics Info: Driver file: pdftex.def on input line 107.

(C:\Users\aalia\AppData\Local\Programs\MiKTeX\tex/latex/graphics-def\pdftex.def
File: pdftex.def 2022/09/22 v1.2b Graphics/color driver for pdftex
))
\Gin@req@height=\dimen141
\Gin@req@width=\dimen142
)
(C:\Users\aalia\AppData\Local\Programs\MiKTeX\tex/latex/hyperref\hyperref.sty
Package: hyperref 2023-11-26 v7.01g Hypertext links for LaTeX

(C:\Users\aalia\AppData\Local\Programs\MiKTeX\tex/generic/iftex\iftex.sty
Package: iftex 2022/02/03 v1.0f TeX engine tests
)
(C:\Users\aalia\AppData\Local\Programs\MiKTeX\tex/generic/infwarerr\infwarerr.s
ty
Package: infwarerr 2019/12/03 v1.5 Providing info/warning/error messages (HO)
)
(C:\Users\aalia\AppData\Local\Programs\MiKTeX\tex/latex/kvsetkeys\kvsetkeys.sty
Package: kvsetkeys 2022-10-05 v1.19 Key value parser (HO)
)
(C:\Users\aalia\AppData\Local\Programs\MiKTeX\tex/generic/kvdefinekeys\kvdefine
keys.sty
Package: kvdefinekeys 2019-12-19 v1.6 Define keys (HO)
)
(C:\Users\aalia\AppData\Local\Programs\MiKTeX\tex/generic/pdfescape\pdfescape.s
ty
Package: pdfescape 2019/12/09 v1.15 Implements pdfTeX's escape features (HO)

(C:\Users\aalia\AppData\Local\Programs\MiKTeX\tex/generic/ltxcmds\ltxcmds.sty
Package: ltxcmds 2023-12-04 v1.26 LaTeX kernel commands for general use (HO)
)
(C:\Users\aalia\AppData\Local\Programs\MiKTeX\tex/generic/pdftexcmds\pdftexcmds
.sty
Package: pdftexcmds 2020-06-27 v0.33 Utility functions of pdfTeX for LuaTeX (HO
)
Package pdftexcmds Info: \pdf@primitive is available.
Package pdftexcmds Info: \pdf@ifprimitive is available.
Package pdftexcmds Info: \pdfdraftmode found.
))
(C:\Users\aalia\AppData\Local\Programs\MiKTeX\tex/latex/hycolor\hycolor.sty
Package: hycolor 2020-01-27 v1.10 Color options for hyperref/bookmark (HO)
)
(C:\Users\aalia\AppData\Local\Programs\MiKTeX\tex/latex/letltxmacro\letltxmacro
.sty
Package: letltxmacro 2019/12/03 v1.6 Let assignment for LaTeX macros (HO)
)
(C:\Users\aalia\AppData\Local\Programs\MiKTeX\tex/latex/auxhook\auxhook.sty
Package: auxhook 2019-12-17 v1.6 Hooks for auxiliary files (HO)
)
(C:\Users\aalia\AppData\Local\Programs\MiKTeX\tex/latex/hyperref\nameref.sty
Package: nameref 2023-11-26 v2.56 Cross-referencing by name of section

(C:\Users\aalia\AppData\Local\Programs\MiKTeX\tex/latex/refcount\refcount.sty
Package: refcount 2019/12/15 v3.6 Data extraction from label references (HO)
)
(C:\Users\aalia\AppData\Local\Programs\MiKTeX\tex/generic/gettitlestring\gettit
lestring.sty
Package: gettitlestring 2019/12/15 v1.6 Cleanup title references (HO)

(C:\Users\aalia\AppData\Local\Programs\MiKTeX\tex/latex/kvoptions\kvoptions.sty
Package: kvoptions 2022-06-15 v3.15 Key value format for package options (HO)
))
\c@section@level=\count196
)
(C:\Users\aalia\AppData\Local\Programs\MiKTeX\tex/latex/etoolbox\etoolbox.sty
Package: etoolbox 2020/10/05 v2.5k e-TeX tools for LaTeX (JAW)
\etb@tempcnta=\count197
)
\@linkdim=\dimen143
\Hy@linkcounter=\count198
\Hy@pagecounter=\count199

(C:\Users\aalia\AppData\Local\Programs\MiKTeX\tex/latex/hyperref\pd1enc.def
File: pd1enc.def 2023-11-26 v7.01g Hyperref: PDFDocEncoding definition (HO)
Now handling font encoding PD1 ...
... no UTF-8 mapping file for font encoding PD1
)
(C:\Users\aalia\AppData\Local\Programs\MiKTeX\tex/generic/intcalc\intcalc.sty
Package: intcalc 2019/12/15 v1.3 Expandable calculations with integers (HO)
)
\Hy@SavedSpaceFactor=\count266

(C:\Users\aalia\AppData\Local\Programs\MiKTeX\tex/latex/hyperref\puenc.def
File: puenc.def 2023-11-26 v7.01g Hyperref: PDF Unicode definition (HO)
Now handling font encoding PU ...
... no UTF-8 mapping file for font encoding PU
)
Package hyperref Info: Hyper figures OFF on input line 4181.
Package hyperref Info: Link nesting OFF on input line 4186.
Package hyperref Info: Hyper index ON on input line 4189.
Package hyperref Info: Plain pages OFF on input line 4196.
Package hyperref Info: Backreferencing OFF on input line 4201.
Package hyperref Info: Implicit mode ON; LaTeX internals redefined.
Package hyperref Info: Bookmarks ON on input line 4448.
\c@Hy@tempcnt=\count267

(C:\Users\aalia\AppData\Local\Programs\MiKTeX\tex/latex/url\url.sty
\Urlmuskip=\muskip16
Package: url 2013/09/16  ver 3.4  Verb mode for urls, etc.
)
LaTeX Info: Redefining \url on input line 4786.
\XeTeXLinkMargin=\dimen144

(C:\Users\aalia\AppData\Local\Programs\MiKTeX\tex/generic/bitset\bitset.sty
Package: bitset 2019/12/09 v1.3 Handle bit-vector datatype (HO)

(C:\Users\aalia\AppData\Local\Programs\MiKTeX\tex/generic/bigintcalc\bigintcalc
.sty
Package: bigintcalc 2019/12/15 v1.5 Expandable calculations on big integers (HO
)
))
\Fld@menulength=\count268
\Field@Width=\dimen145
\Fld@charsize=\dimen146
Package hyperref Info: Hyper figures OFF on input line 6065.
Package hyperref Info: Link nesting OFF on input line 6070.
Package hyperref Info: Hyper index ON on input line 6073.
Package hyperref Info: backreferencing OFF on input line 6080.
Package hyperref Info: Link coloring OFF on input line 6085.
Package hyperref Info: Link coloring with OCG OFF on input line 6090.
Package hyperref Info: PDF/A mode OFF on input line 6095.

(C:\Users\aalia\AppData\Local\Programs\MiKTeX\tex/latex/base\atbegshi-ltx.sty
Package: atbegshi-ltx 2021/01/10 v1.0c Emulation of the original atbegshi
package with kernel methods
)
\Hy@abspage=\count269
\c@Item=\count270
\c@Hfootnote=\count271
)
Package hyperref Info: Driver (autodetected): hpdftex.
(C:\Users\aalia\AppData\Local\Programs\MiKTeX\tex/latex/hyperref\hpdftex.def
File: hpdftex.def 2023-11-26 v7.01g Hyperref driver for pdfTeX

(C:\Users\aalia\AppData\Local\Programs\MiKTeX\tex/latex/base\atveryend-ltx.sty
Package: atveryend-ltx 2020/08/19 v1.0a Emulation of the original atveryend pac
kage
with kernel methods
)
\Fld@listcount=\count272
\c@bookmark@seq@number=\count273

(C:\Users\aalia\AppData\Local\Programs\MiKTeX\tex/latex/rerunfilecheck\rerunfil
echeck.sty
Package: rerunfilecheck 2022-07-10 v1.10 Rerun checks for auxiliary files (HO)

(C:\Users\aalia\AppData\Local\Programs\MiKTeX\tex/generic/uniquecounter\uniquec
ounter.sty
Package: uniquecounter 2019/12/15 v1.4 Provide unlimited unique counter (HO)
)
Package uniquecounter Info: New unique counter `rerunfilecheck' on input line 2
85.
)
\Hy@SectionHShift=\skip50
)
(C:\Users\aalia\AppData\Local\Programs\MiKTeX\tex/latex/listings\listings.sty
\lst@mode=\count274
\lst@gtempboxa=\box51
\lst@token=\toks18
\lst@length=\count275
\lst@currlwidth=\dimen147
\lst@column=\count276
\lst@pos=\count277
\lst@lostspace=\dimen148
\lst@width=\dimen149
\lst@newlines=\count278
\lst@lineno=\count279
\lst@maxwidth=\dimen150

(C:\Users\aalia\AppData\Local\Programs\MiKTeX\tex/latex/listings\lstmisc.sty
File: lstmisc.sty 2023/02/27 1.9 (Carsten Heinz)
\c@lstnumber=\count280
\lst@skipnumbers=\count281
\lst@framebox=\box52
)
(C:\Users\aalia\AppData\Local\Programs\MiKTeX\tex/latex/listings\listings.cfg
File: listings.cfg 2023/02/27 1.9 listings configuration
))
Package: listings 2023/02/27 1.9 (Carsten Heinz)
(C:\Users\aalia\AppData\Local\Programs\MiKTeX\tex/latex/xcolor\xcolor.sty
Package: xcolor 2023/11/15 v3.01 LaTeX color extensions (UK)

(C:\Users\aalia\AppData\Local\Programs\MiKTeX\tex/latex/graphics-cfg\color.cfg
File: color.cfg 2016/01/02 v1.6 sample color configuration
)
Package xcolor Info: Driver file: pdftex.def on input line 274.
(C:\Users\aalia\AppData\Local\Programs\MiKTeX\tex/latex/graphics\mathcolor.ltx)
Package xcolor Info: Model `cmy' substituted by `cmy0' on input line 1350.
Package xcolor Info: Model `hsb' substituted by `rgb' on input line 1354.
Package xcolor Info: Model `RGB' extended on input line 1366.
Package xcolor Info: Model `HTML' substituted by `rgb' on input line 1368.
Package xcolor Info: Model `Hsb' substituted by `hsb' on input line 1369.
Package xcolor Info: Model `tHsb' substituted by `hsb' on input line 1370.
Package xcolor Info: Model `HSB' substituted by `hsb' on input line 1371.
Package xcolor Info: Model `Gray' substituted by `gray' on input line 1372.
Package xcolor Info: Model `wave' substituted by `hsb' on input line 1373.
) (C:\Users\aalia\AppData\Local\Programs\MiKTeX\tex/latex/pdfpages\pdfpages.sty
Package: pdfpages 2024/05/29 v0.6a Insert pages of external PDF documents (AM)
(C:\Users\aalia\AppData\Local\Programs\MiKTeX\tex/latex/base\ifthen.sty
Package: ifthen 2022/04/13 v1.1d Standard LaTeX ifthen package (DPC)
)
(C:\Users\aalia\AppData\Local\Programs\MiKTeX\tex/latex/tools\calc.sty
Package: calc 2023/07/08 v4.3 Infix arithmetic (KKT,FJ)
\calc@Acount=\count282
\calc@Bcount=\count283
\calc@Adimen=\dimen151
\calc@Bdimen=\dimen152
\calc@Askip=\skip51
\calc@Bskip=\skip52
LaTeX Info: Redefining \setlength on input line 80.
LaTeX Info: Redefining \addtolength on input line 81.
\calc@Ccount=\count284
\calc@Cskip=\skip53
)
(C:\Users\aalia\AppData\Local\Programs\MiKTeX\tex/latex/eso-pic\eso-pic.sty
Package: eso-pic 2023/05/03 v3.0c eso-pic (RN)
\ESO@tempdima=\dimen153
\ESO@tempdimb=\dimen154
)
\AM@pagewidth=\dimen155
\AM@pageheight=\dimen156
\AM@fboxrule=\dimen157

(C:\Users\aalia\AppData\Local\Programs\MiKTeX\tex/latex/pdfpages\pppdftex.def
File: pppdftex.def 2024/05/29 v0.6a Pdfpages driver for pdfTeX (AM)
)
\pdfpages@includegraphics@status=\count285
\AM@pagebox=\box53
\AM@global@opts=\toks19
\AM@pagecnt=\count286
\AM@toc@title=\toks20
\AM@lof@heading=\toks21
\c@AM@survey=\count287
\AM@templatesizebox=\box54
)
(C:\Users\aalia\AppData\Local\Programs\MiKTeX\tex/latex/l3backend\l3backend-pdf
tex.def
File: l3backend-pdftex.def 2024-01-04 L3 backend support: PDF output (pdfTeX)
\l__color_backend_stack_int=\count288
\l__pdf_internal_box=\box55
) (DBMS_ProjectReport.aux

LaTeX Warning: Label `fig:unity_db_connector_code1' multiply defined.

)
\openout1 = `DBMS_ProjectReport.aux'.

LaTeX Font Info:    Checking defaults for OML/cmm/m/it on input line 11.
LaTeX Font Info:    ... okay on input line 11.
LaTeX Font Info:    Checking defaults for OMS/cmsy/m/n on input line 11.
LaTeX Font Info:    ... okay on input line 11.
LaTeX Font Info:    Checking defaults for OT1/cmr/m/n on input line 11.
LaTeX Font Info:    ... okay on input line 11.
LaTeX Font Info:    Checking defaults for T1/cmr/m/n on input line 11.
LaTeX Font Info:    ... okay on input line 11.
LaTeX Font Info:    Checking defaults for TS1/cmr/m/n on input line 11.
LaTeX Font Info:    ... okay on input line 11.
LaTeX Font Info:    Checking defaults for OMX/cmex/m/n on input line 11.
LaTeX Font Info:    ... okay on input line 11.
LaTeX Font Info:    Checking defaults for U/cmr/m/n on input line 11.
LaTeX Font Info:    ... okay on input line 11.
LaTeX Font Info:    Checking defaults for PD1/pdf/m/n on input line 11.
LaTeX Font Info:    ... okay on input line 11.
LaTeX Font Info:    Checking defaults for PU/pdf/m/n on input line 11.
LaTeX Font Info:    ... okay on input line 11.

(C:\Users\aalia\AppData\Local\Programs\MiKTeX\tex/context/base/mkii\supp-pdf.mk
ii
[Loading MPS to PDF converter (version 2006.09.02).]
\scratchcounter=\count289
\scratchdimen=\dimen158
\scratchbox=\box56
\nofMPsegments=\count290
\nofMParguments=\count291
\everyMPshowfont=\toks22
\MPscratchCnt=\count292
\MPscratchDim=\dimen159
\MPnumerator=\count293
\makeMPintoPDFobject=\count294
\everyMPtoPDFconversion=\toks23
)
(C:\Users\aalia\AppData\Local\Programs\MiKTeX\tex/latex/epstopdf-pkg\epstopdf-b
ase.sty
Package: epstopdf-base 2020-01-24 v2.11 Base part for package epstopdf
Package epstopdf-base Info: Redefining graphics rule for `.eps' on input line 4
85.

(C:\Users\aalia\AppData\Local\Programs\MiKTeX\tex/latex/00miktex\epstopdf-sys.c
fg
File: epstopdf-sys.cfg 2021/03/18 v2.0 Configuration of epstopdf for MiKTeX
))
Package hyperref Info: Link coloring OFF on input line 11.
 (DBMS_ProjectReport.out) (DBMS_ProjectReport.out)
\@outlinefile=\write3
\openout3 = `DBMS_ProjectReport.out'.

\c@lstlisting=\count295

(C:\Users\aalia\AppData\Local\Programs\MiKTeX\tex/latex/pdflscape\pdflscape.sty
Package: pdflscape 2022-10-27 v0.13 Display of landscape pages in PDF

(C:\Users\aalia\AppData\Local\Programs\MiKTeX\tex/latex/pdflscape\pdflscape-nom
etadata.sty
Package: pdflscape-nometadata 2022-10-28 v0.13 Display of landscape pages in PD
F (HO)

(C:\Users\aalia\AppData\Local\Programs\MiKTeX\tex/latex/graphics\lscape.sty
Package: lscape 2020/05/28 v3.02 Landscape Pages (DPC)
)
Package pdflscape Info: Auto-detected driver: pdftex on input line 81.
))

pdfTeX warning: pdflatex.exe (file ./CoverPage.pdf): PDF inclusion: found PDF v
ersion <1.7>, but at most version <1.5> allowed
<CoverPage.pdf, id=195, 614.295pt x 794.97pt>
File: CoverPage.pdf Graphic file (type pdf)
<use CoverPage.pdf>
Package pdftex.def Info: CoverPage.pdf  used on input line 12.
(pdftex.def)             Requested size: 614.29349pt x 794.96806pt.


pdfTeX warning: pdflatex.exe (file ./CoverPage.pdf): PDF inclusion: found PDF v
ersion <1.7>, but at most version <1.5> allowed
File: CoverPage.pdf Graphic file (type pdf)
<use CoverPage.pdf>
Package pdftex.def Info: CoverPage.pdf  used on input line 12.
(pdftex.def)             Requested size: 614.29349pt x 794.96806pt.


pdfTeX warning: pdflatex.exe (file ./CoverPage.pdf): PDF inclusion: found PDF v
ersion <1.7>, but at most version <1.5> allowed


pdfTeX warning: pdflatex.exe (file ./CoverPage.pdf): PDF inclusion: found PDF v
ersion <1.7>, but at most version <1.5> allowed
<CoverPage.pdf, id=198, page=1, 614.295pt x 794.97pt>
File: CoverPage.pdf Graphic file (type pdf)
<use CoverPage.pdf, page 1>
Package pdftex.def Info: CoverPage.pdf , page1 used on input line 12.
(pdftex.def)             Requested size: 614.29349pt x 794.96806pt.
File: CoverPage.pdf Graphic file (type pdf)
<use CoverPage.pdf, page 1>
Package pdftex.def Info: CoverPage.pdf , page1 used on input line 12.
(pdftex.def)             Requested size: 614.58406pt x 795.3441pt.
File: CoverPage.pdf Graphic file (type pdf)
<use CoverPage.pdf, page 1>
Package pdftex.def Info: CoverPage.pdf , page1 used on input line 12.
(pdftex.def)             Requested size: 614.58406pt x 795.3441pt.
File: CoverPage.pdf Graphic file (type pdf)
<use CoverPage.pdf, page 1>
Package pdftex.def Info: CoverPage.pdf , page1 used on input line 12.
(pdftex.def)             Requested size: 614.58406pt x 795.3441pt.
File: CoverPage.pdf Graphic file (type pdf)
<use CoverPage.pdf, page 1>
Package pdftex.def Info: CoverPage.pdf , page1 used on input line 12.
(pdftex.def)             Requested size: 614.58406pt x 795.3441pt.
[1


 <./CoverPage.pdf>]
LaTeX Font Info:    External font `cmex10' loaded for size
(Font)              <14.4> on input line 16.
LaTeX Font Info:    External font `cmex10' loaded for size
(Font)              <7> on input line 16.


LaTeX Warning: No \author given.


pdfTeX warning (ext4): destination with the same identifier (name{page.1}) has 
been already used, duplicate ignored
<to be read again> 
                   \relax 
l.16 
      [1{C:/Users/aalia/AppData/Local/MiKTeX/fonts/map/pdftex/pdftex.map}]
(DBMS_ProjectReport.toc
LaTeX Font Info:    External font `cmex10' loaded for size
(Font)              <12> on input line 2.
LaTeX Font Info:    External font `cmex10' loaded for size
(Font)              <8> on input line 2.
LaTeX Font Info:    External font `cmex10' loaded for size
(Font)              <6> on input line 2.

pdfTeX warning (ext4): destination with the same identifier (name{page.1}) has 
been already used, duplicate ignored
<to be read again> 
                   \relax 
l.28 ...ine {3.2.4}Enemy AI}{13}{subsection.3.2.4}
                                                  % [1

])
\tf@toc=\write4
\openout4 = `DBMS_ProjectReport.toc'.

 [2]
Chapter 1.
[3

]
Overfull \hbox (6.7238pt too wide) in paragraph at lines 47--49
\OT1/cmr/m/n/12 Sys-tem (RDBMS) and Non-Relational Database Man-age-ment Sys-te
m (NoSQL
 []

[4] [5]
<DBMS_Workflow.png, id=298, 774.895pt x 92.345pt>
File: DBMS_Workflow.png Graphic file (type png)
<use DBMS_Workflow.png>
Package pdftex.def Info: DBMS_Workflow.png  used on input line 85.
(pdftex.def)             Requested size: 390.0pt x 46.47673pt.
 [6 <./DBMS_Workflow.png>]
<AssetWorkflowUnity.png, id=309, 810.52812pt x 387.4475pt>
File: AssetWorkflowUnity.png Graphic file (type png)
<use AssetWorkflowUnity.png>
Package pdftex.def Info: AssetWorkflowUnity.png  used on input line 100.
(pdftex.def)             Requested size: 390.0pt x 186.4279pt.
 [7 <./AssetWorkflowUnity.png>] [8]
Chapter 2.
[9

]
<database_schema.png, id=329, 1556.81625pt x 1095.09125pt>
File: database_schema.png Graphic file (type png)
<use database_schema.png>
Package pdftex.def Info: database_schema.png  used on input line 142.
(pdftex.def)             Requested size: 390.0pt x 274.32356pt.
<relational_schema.png, id=330, 1718.42pt x 703.62875pt>
File: relational_schema.png Graphic file (type png)
<use relational_schema.png>
Package pdftex.def Info: relational_schema.png  used on input line 154.
(pdftex.def)             Requested size: 390.0pt x 159.6839pt.


LaTeX Warning: `!h' float specifier changed to `!ht'.

[10 <./database_schema.png>] [11 <./relational_schema.png>]
Chapter 3.
<db_physical_structure.png, id=345, 793.46437pt x 429.10312pt>
File: db_physical_structure.png Graphic file (type png)
<use db_physical_structure.png>
Package pdftex.def Info: db_physical_structure.png  used on input line 185.
(pdftex.def)             Requested size: 390.0pt x 210.91711pt.
[12

 <./db_physical_structure.png>] [13] [14] [15] [16]
Chapter 4.
<unity_plugins.png, id=370, 962.59625pt x 463.7325pt>
File: unity_plugins.png Graphic file (type png)
<use unity_plugins.png>
Package pdftex.def Info: unity_plugins.png  used on input line 353.
(pdftex.def)             Requested size: 390.0pt x 187.88138pt.

LaTeX Warning: `!h' float specifier changed to `!ht'.


Overfull \hbox (40.4358pt too wide) in paragraph at lines 358--358
[]\OT1/cmr/bx/n/17.28 Database Con-nec-tion Code - MySQL-Database
 []

! You can't use `macro parameter character #' in horizontal mode.
l.359 ...blish connection with MySQL from Unity c#
                                                   class. The database crede...
Sorry, but I'm not programmed to handle this case;
I'll just pretend that you didn't ask for it.
If you're in the wrong mode, you might be able to
return to the right one by typing `I}' or `I$' or `I\par'.

[17

]
<unity_database_connector_code1.png, id=378, 661.47125pt x 461.22313pt>
File: unity_database_connector_code1.png Graphic file (type png)
<use unity_database_connector_code1.png>
Package pdftex.def Info: unity_database_connector_code1.png  used on input line
 363.
(pdftex.def)             Requested size: 390.0pt x 271.92926pt.


LaTeX Warning: `!h' float specifier changed to `!ht'.

! You can't use `macro parameter character #' in horizontal mode.
l.369 ...cite{serialization}, We have created a C#
                                                   class for each table. Thi...
Sorry, but I'm not programmed to handle this case;
I'll just pretend that you didn't ask for it.
If you're in the wrong mode, you might be able to
return to the right one by typing `I}' or `I$' or `I\par'.

<player_class_code.png, id=381, 603.75563pt x 289.58188pt>
File: player_class_code.png Graphic file (type png)
<use player_class_code.png>
Package pdftex.def Info: player_class_code.png  used on input line 373.
(pdftex.def)             Requested size: 390.0pt x 187.05504pt.

LaTeX Warning: `!h' float specifier changed to `!ht'.

File: unity_database_connector_code1.png Graphic file (type png)
<use unity_database_connector_code1.png>
Package pdftex.def Info: unity_database_connector_code1.png  used on input line
 383.
(pdftex.def)             Requested size: 390.0pt x 271.92926pt.

LaTeX Warning: `!h' float specifier changed to `!ht'.

[18 <./unity_plugins.png>]

LaTeX Warning: Text page 19 contains only floats.


Overfull \vbox (0.15092pt too high) has occurred while \output is active []


[19 <./unity_database_connector_code1.png> <./player_class_code.png>] [20]
Chapter 5.
<Output1.png, id=401, 962.09438pt x 511.9125pt>
File: Output1.png Graphic file (type png)
<use Output1.png>
Package pdftex.def Info: Output1.png  used on input line 396.
(pdftex.def)             Requested size: 390.0pt x 207.5109pt.
<Output2.png, id=402, 963.6pt x 489.83pt>
File: Output2.png Graphic file (type png)
<use Output2.png>
Package pdftex.def Info: Output2.png  used on input line 402.
(pdftex.def)             Requested size: 390.0pt x 198.24551pt.

LaTeX Warning: `!h' float specifier changed to `!ht'.

[21

 <./Output1.png>] [22 <./Output2.png>]
Underfull \hbox (badness 10000) in paragraph at lines 416--417
[]\OT1/cmr/m/n/12 https://www.geeksforgeeks.org/introduction-of-dbms-database-
 []

! Missing $ inserted.
<inserted text> 
                $
l.422 https://www.tutorialspoint.com/unity/unity_
                                                 introduction.htm
I've inserted a begin-math/end-math symbol since I think
you left one out. Proceed, with fingers crossed.

! Missing $ inserted.
<inserted text> 
                $
l.423 
      
I've inserted a begin-math/end-math symbol since I think
you left one out. Proceed, with fingers crossed.

! Missing } inserted.
<inserted text> 
                }
l.423 
      
I've inserted something that you may have forgotten.
(See the <inserted text> above.)
With luck, this will get me unwedged. But if you
really didn't forget anything, try typing `2' now; then
my insertion and my current dilemma will both disappear.

! Extra }, or forgotten \endgroup.
\par ...m \@noitemerr {\@@par }\fi \else {\@@par }
                                                  \fi 
l.423 
      
I've deleted a group-closing symbol because it seems to be
spurious, as in `$x}$'. But perhaps the } is legitimate and
you forgot something else, as in `\hbox{$x}'. In such cases
the way to recover is to insert both the forgotten and the
deleted material, e.g., by typing `I$}'.


Underfull \hbox (badness 10000) in paragraph at lines 431--432
[]\OT1/cmr/m/n/12 https://medium.com/@hasaliedirisinghe/user-guide-to-draw-io-
 []

[23

] (DBMS_ProjectReport.aux)
 ***********
LaTeX2e <2023-11-01> patch level 1
L3 programming layer <2024-01-04>
 ***********


LaTeX Warning: There were multiply-defined labels.

Package rerunfilecheck Info: File `DBMS_ProjectReport.out' has not changed.
(rerunfilecheck)             Checksum: B2C07F9C8B5600445886F35BD59BCA2E;6701.
 ) 
Here is how much of TeX's memory you used:
 11329 strings out of 474485
 178787 string characters out of 5743734
 1935542 words of memory out of 5000000
 33404 multiletter control sequences out of 15000+600000
 564349 words of font info for 57 fonts, out of 8000000 for 9000
 1141 hyphenation exceptions out of 8191
 75i,17n,79p,943b,594s stack positions out of 10000i,1000n,20000p,200000b,200000s
 <C:\Users\aalia\AppData\Local\MiKTeX\fonts/pk/ljfour/jknappen/ec/dpi600\tcrm
1200.pk><C:/Users/aalia/AppData/Local/Programs/MiKTeX/fonts/type1/public/amsfon
ts/cm/cmbx12.pfb><C:/Users/aalia/AppData/Local/Programs/MiKTeX/fonts/type1/publ
ic/amsfonts/cm/cmmi12.pfb><C:/Users/aalia/AppData/Local/Programs/MiKTeX/fonts/t
ype1/public/amsfonts/cm/cmmi8.pfb><C:/Users/aalia/AppData/Local/Programs/MiKTeX
/fonts/type1/public/amsfonts/cm/cmr12.pfb><C:/Users/aalia/AppData/Local/Program
s/MiKTeX/fonts/type1/public/amsfonts/cm/cmr17.pfb><C:/Users/aalia/AppData/Local
/Programs/MiKTeX/fonts/type1/public/amsfonts/cm/cmtt12.pfb>
Output written on DBMS_ProjectReport.pdf (25 pages, 1145517 bytes).
PDF statistics:
 476 PDF objects out of 1000 (max. 8388607)
 92 named destinations out of 1000 (max. 500000)
 455 words of extra memory for PDF output out of 10000 (max. 10000000)

