#
# A fatal error has been detected by the Java Runtime Environment:
#
#  EXCEPTION_UNCAUGHT_CXX_EXCEPTION (0xe06d7363) at pc=0x00007ffb07f4cf19, pid=6124, tid=212
#
# JRE version: 7.0_17-b02
# Java VM: Java HotSpot(TM) 64-Bit Server VM (23.7-b01 mixed mode windows-amd64 compressed oops)
# Problematic frame:
# C  [KERNELBASE.dll+0x2cf19]  RaiseException+0x69
#
# Failed to write core dump. Minidumps are not enabled by default on client versions of Windows
#
# If you would like to submit a bug report, please visit:
#   http://bugreport.sun.com/bugreport/crash.jsp
# The crash happened outside the Java Virtual Machine in native code.
# See problematic frame for where to report the bug.
#

---------------  T H R E A D  ---------------

Current thread (0x000000001c8eb000):  JavaThread "main" [_thread_in_native, id=212, stack(0x000000001cac0000,0x000000001cbc0000)]

siginfo: ExceptionCode=0xe06d7363, ExceptionInformation=0x0000000019930520 0x000000001cbbe348 0x0000000000a21910 0x0000000000980000 

Registers:
RAX=0x000000006f2122ae, RBX=0x000000001cbbd970, RCX=0x0000000000000000, RDX=0x000000001c910230
RSP=0x000000001cbbbbc0, RBP=0x000000001cbbc290, RSI=0x000000001cbbe1c0, RDI=0x000000001cbbca30
R8 =0x0000000000000000, R9 =0xfe1456db00000000, R10=0x24ecc179081611ae, R11=0x69a4e03635024081
R12=0x000000001cbbe560, R13=0x000000001cbbd038, R14=0x0000000000000000, R15=0x000000001cbbbd18
RIP=0x00007ffb07f4cf19, EFLAGS=0x0000000000000206

Top of Stack: (sp=0x000000001cbbbbc0)
0x000000001cbbbbc0:   000000001c94e680 000000001cbbd970
0x000000001cbbbbd0:   000000001cbbe1c0 00007ffb07f70fbb
0x000000001cbbbbe0:   00000001e06d7363 0000000000000000
0x000000001cbbbbf0:   00007ffb07f4cf19 0000000000000004
0x000000001cbbbc00:   0000000019930520 000000001cbbe348
0x000000001cbbbc10:   0000000000a21910 0000000000980000
0x000000001cbbbc20:   00003b2384eabe11 00000000009f8110
0x000000001cbbbc30:   000000001cbbd970 000000006f9a334a
0x000000001cbbbc40:   0000000000000000 000000001c8efd20
0x000000001cbbbc50:   0000000000000000 000000001cbbca30
0x000000001cbbbc60:   000000001cbbca30 000000006f9a336b
0x000000001cbbbc70:   000000001cbbd970 000000001cbbe560
0x000000001cbbbc80:   0000e65674c54c41 000000001c910230
0x000000001cbbbc90:   000000001cbbd970 000000006f9e3bb8
0x000000001cbbbca0:   00000000009f80e0 000000001cbbd038
0x000000001cbbbcb0:   0000000000000100 0000000000000000 

Instructions: (pc=0x00007ffb07f4cf19)
0x00007ffb07f4cef9:   8b d1 44 0f 47 c0 44 89 44 24 38 49 c1 e0 03 e8
0x00007ffb07f4cf09:   6a 97 08 00 48 8d 4c 24 20 48 ff 15 ff 81 1b 00
0x00007ffb07f4cf19:   0f 1f 44 00 00 48 8b 8c 24 c0 00 00 00 48 33 cc
0x00007ffb07f4cf29:   e8 f2 88 06 00 48 81 c4 d8 00 00 00 c3 cc 83 64 


Register to memory mapping:

RAX=0x000000006f2122ae is an unknown value
RBX=0x000000001cbbd970 is pointing into the stack for thread: 0x000000001c8eb000
RCX=0x0000000000000000 is an unknown value
RDX=0x000000001c910230 is an unknown value
RSP=0x000000001cbbbbc0 is pointing into the stack for thread: 0x000000001c8eb000
RBP=0x000000001cbbc290 is pointing into the stack for thread: 0x000000001c8eb000
RSI=0x000000001cbbe1c0 is pointing into the stack for thread: 0x000000001c8eb000
RDI=0x000000001cbbca30 is pointing into the stack for thread: 0x000000001c8eb000
R8 =0x0000000000000000 is an unknown value
R9 =0xfe1456db00000000 is an unknown value
R10=0x24ecc179081611ae is an unknown value
R11=0x69a4e03635024081 is an unknown value
R12=0x000000001cbbe560 is pointing into the stack for thread: 0x000000001c8eb000
R13=0x000000001cbbd038 is pointing into the stack for thread: 0x000000001c8eb000
R14=0x0000000000000000 is an unknown value
R15=0x000000001cbbbd18 is pointing into the stack for thread: 0x000000001c8eb000


Stack: [0x000000001cac0000,0x000000001cbc0000],  sp=0x000000001cbbbbc0,  free space=1006k
Native frames: (J=compiled Java code, j=interpreted, Vv=VM code, C=native code)
C  [KERNELBASE.dll+0x2cf19]  RaiseException+0x69
C  0x000000001cbbc8f0

Java frames: (J=compiled Java code, j=interpreted, Vv=VM code)
j  ui.data.common.parami.ParamMgr_getValueAsBool(JLjava/lang/String;)Z+0
j  ui.data.common.F.jw(Ljava/lang/String;)Z+5
j  ui.data.common.F.aWC()Z+5
j  ui.h.I.aWC()Z+6
j  ui.aL.aGY()Ljava/lang/String;+0
j  ui.PlanAhead.<clinit>()V+316
v  ~StubRoutines::call_stub

---------------  P R O C E S S  ---------------

Java Threads: ( => current thread )
  0x000000001c9f1000 JavaThread "Service Thread" daemon [_thread_blocked, id=12036, stack(0x0000000029aa0000,0x0000000029da0000)]
  0x0000000023ad1800 JavaThread "C1 CompilerThread2" daemon [_thread_blocked, id=8220, stack(0x00000000299a0000,0x0000000029aa0000)]
  0x0000000023ac1800 JavaThread "C2 CompilerThread1" daemon [_thread_blocked, id=8720, stack(0x00000000298a0000,0x00000000299a0000)]
  0x0000000023a21000 JavaThread "C2 CompilerThread0" daemon [_thread_blocked, id=9148, stack(0x00000000297a0000,0x00000000298a0000)]
  0x0000000023aa1800 JavaThread "Attach Listener" daemon [_thread_blocked, id=8596, stack(0x00000000294a0000,0x00000000297a0000)]
  0x0000000028db2000 JavaThread "Signal Dispatcher" daemon [_thread_blocked, id=11584, stack(0x00000000291a0000,0x00000000294a0000)]
  0x0000000028db4000 JavaThread "Surrogate Locker Thread (Concurrent GC)" daemon [_thread_blocked, id=9448, stack(0x0000000028ea0000,0x00000000291a0000)]
  0x0000000023a45800 JavaThread "Finalizer" daemon [_thread_blocked, id=2264, stack(0x0000000028aa0000,0x0000000028da0000)]
  0x0000000023a47000 JavaThread "Reference Handler" daemon [_thread_blocked, id=12960, stack(0x00000000287a0000,0x0000000028aa0000)]
=>0x000000001c8eb000 JavaThread "main" [_thread_in_native, id=212, stack(0x000000001cac0000,0x000000001cbc0000)]

Other Threads:
  0x00000000239f2000 VMThread [stack: 0x00000000286a0000,0x00000000287a0000] [id=13316]
  0x000000001ca41000 WatcherThread [stack: 0x0000000029da0000,0x0000000029ea0000] [id=8756]

VM state:not at safepoint (normal execution)

VM Mutex/Monitor currently owned by a thread: None

Heap
 par new generation   total 55296K, used 4043K [0x0000000778000000, 0x000000077bc00000, 0x000000077bc00000)
  eden space 49152K,   8% used [0x0000000778000000, 0x00000007783f2e78, 0x000000077b000000)
  from space 6144K,   0% used [0x000000077b000000, 0x000000077b000000, 0x000000077b600000)
  to   space 6144K,   0% used [0x000000077b600000, 0x000000077b600000, 0x000000077bc00000)
 concurrent mark-sweep generation total 69632K, used 0K [0x000000077bc00000, 0x0000000780000000, 0x00000007f8000000)
 concurrent-mark-sweep perm gen total 131072K, used 5139K [0x00000007f8000000, 0x0000000800000000, 0x0000000800000000)

Card table byte_map: [0x0000000023160000,0x00000000235b0000] byte_map_base: 0x000000001f5a0000

Polling page: 0x000000001cbc0000

Code Cache  [0x000000001cbe0000, 0x000000001ce50000, 0x0000000022be0000)
 total_blobs=393 nmethods=108 adapters=203 free_code_cache=97041Kb largest_free_block=99369280

Compilation events (10 events):
Event: 0.320 Thread 0x0000000023ad1800  104       3       java.util.HashMap$FrontCache::get (32 bytes)
Event: 0.320 Thread 0x0000000023ad1800 nmethod 104 0x000000001cd193d0 code [0x000000001cd19560, 0x000000001cd19ad0]
Event: 0.322 Thread 0x0000000023ad1800  105       3       java.io.BufferedInputStream::getBufIfOpen (21 bytes)
Event: 0.322 Thread 0x0000000023ad1800 nmethod 105 0x000000001cd19c50 code [0x000000001cd19dc0, 0x000000001cd1a028]
Event: 0.322 Thread 0x0000000023ad1800  106  s    3       java.io.BufferedInputStream::read (49 bytes)
Event: 0.322 Thread 0x0000000023ad1800 nmethod 106 0x000000001cd1a0d0 code [0x000000001cd1a260, 0x000000001cd1a7d8]
Event: 0.322 Thread 0x0000000023ad1800  107       3       java.io.DataInputStream::readInt (72 bytes)
Event: 0.322 Thread 0x0000000023ad1800 nmethod 107 0x000000001cd1a990 code [0x000000001cd1ab60, 0x000000001cd1b148]
Event: 0.325 Thread 0x0000000023ad1800  108       3       java.util.HashMap::addEntry (59 bytes)
Event: 0.326 Thread 0x0000000023ad1800 nmethod 108 0x000000001cd1b590 code [0x000000001cd1b720, 0x000000001cd1bc28]

GC Heap History (0 events):
No events

Deoptimization events (0 events):
No events

Internal exceptions (10 events):
Event: 0.301 Thread 0x000000001c8eb000 Threw 0x00000007782cddd8 at C:\jdk7u2_64p\jdk7u17\hotspot\src\share\vm\prims\jvm.cpp:1166
Event: 0.301 Thread 0x000000001c8eb000 Threw 0x00000007782cfb80 at C:\jdk7u2_64p\jdk7u17\hotspot\src\share\vm\prims\jvm.cpp:1166
Event: 0.307 Thread 0x000000001c8eb000 Threw 0x00000007782d9d68 at C:\jdk7u2_64p\jdk7u17\hotspot\src\share\vm\prims\jni.cpp:716
Event: 0.315 Thread 0x000000001c8eb000 Threw 0x00000007782f2f08 at C:\jdk7u2_64p\jdk7u17\hotspot\src\share\vm\prims\jvm.cpp:1166
Event: 0.316 Thread 0x000000001c8eb000 Threw 0x00000007782fc6d8 at C:\jdk7u2_64p\jdk7u17\hotspot\src\share\vm\prims\jvm.cpp:1166
Event: 0.316 Thread 0x000000001c8eb000 Threw 0x00000007783004d8 at C:\jdk7u2_64p\jdk7u17\hotspot\src\share\vm\prims\jvm.cpp:1166
Event: 0.317 Thread 0x000000001c8eb000 Threw 0x0000000778303b10 at C:\jdk7u2_64p\jdk7u17\hotspot\src\share\vm\prims\jvm.cpp:1166
Event: 0.317 Thread 0x000000001c8eb000 Threw 0x00000007783097a0 at C:\jdk7u2_64p\jdk7u17\hotspot\src\share\vm\prims\jvm.cpp:1166
Event: 0.318 Thread 0x000000001c8eb000 Threw 0x000000077831b2c8 at C:\jdk7u2_64p\jdk7u17\hotspot\src\share\vm\prims\jvm.cpp:1166
Event: 0.326 Thread 0x000000001c8eb000 Threw 0x000000077833ad30 at C:\jdk7u2_64p\jdk7u17\hotspot\src\share\vm\prims\jvm.cpp:1166

Events (10 events):
Event: 0.324 loading class 0x0000000028da3320
Event: 0.324 loading class 0x0000000028da3320 done
Event: 0.324 loading class 0x000000001c914ee0
Event: 0.324 loading class 0x000000001c914ee0 done
Event: 0.324 loading class 0x000000002afe2ab0
Event: 0.324 loading class 0x000000002afe2ab0 done
Event: 0.325 loading class 0x000000002afe2ba0
Event: 0.325 loading class 0x000000002afe2ba0 done
Event: 0.326 loading class 0x0000000028dc7ce0
Event: 0.326 loading class 0x0000000028dc7ce0 done


Dynamic libraries:
0x0000000140000000 - 0x000000014000e000 	D:\Xilinx\14.7\ISE_DS\PlanAhead\bin\unwrapped\win64.o\planAhead.exe
0x00007ffb0a3f0000 - 0x00007ffb0a5e8000 	C:\WINDOWS\SYSTEM32\ntdll.dll
0x00007ffb08c90000 - 0x00007ffb08d4d000 	C:\WINDOWS\System32\KERNEL32.DLL
0x00007ffb07f20000 - 0x00007ffb08216000 	C:\WINDOWS\System32\KERNELBASE.dll
0x0000000180000000 - 0x0000000180881000 	D:\Xilinx\14.7\ISE_DS\PlanAhead\lib\win64.o\librdi_common.dll
0x000000000a900000 - 0x000000000a945000 	D:\Xilinx\14.7\ISE_DS\PlanAhead\lib\win64.o\SHSMP64.dll
0x00007ffb09680000 - 0x00007ffb0981e000 	C:\WINDOWS\System32\USER32.dll
0x00007ffb08220000 - 0x00007ffb08242000 	C:\WINDOWS\System32\win32u.dll
0x000000006f9a0000 - 0x000000006fa43000 	C:\WINDOWS\WinSxS\amd64_microsoft.vc90.crt_1fc8b3b9a1e18e3b_9.0.30729.9625_none_08e1c10da83fbc83\MSVCR90.dll
0x00007ffb0a1d0000 - 0x00007ffb0a1fb000 	C:\WINDOWS\System32\GDI32.dll
0x00007ffb08300000 - 0x00007ffb08417000 	C:\WINDOWS\System32\gdi32full.dll
0x00007ffb07d10000 - 0x00007ffb07dad000 	C:\WINDOWS\System32\msvcp_win.dll
0x00007ffb07e20000 - 0x00007ffb07f20000 	C:\WINDOWS\System32\ucrtbase.dll
0x00007ffb0a010000 - 0x00007ffb0a0c0000 	C:\WINDOWS\System32\ADVAPI32.dll
0x00007ffb08420000 - 0x00007ffb084be000 	C:\WINDOWS\System32\msvcrt.dll
0x00007ffb0a0c0000 - 0x00007ffb0a160000 	C:\WINDOWS\System32\sechost.dll
0x00007ffb09550000 - 0x00007ffb09675000 	C:\WINDOWS\System32\RPCRT4.dll
0x00007ffb07ce0000 - 0x00007ffb07d07000 	C:\WINDOWS\System32\bcrypt.dll
0x00007ffafbbb0000 - 0x00007ffafbbba000 	C:\WINDOWS\SYSTEM32\VERSION.dll
0x00007ffb091e0000 - 0x00007ffb091e8000 	C:\WINDOWS\System32\PSAPI.DLL
0x00007ffb08520000 - 0x00007ffb08c8b000 	C:\WINDOWS\System32\SHELL32.dll
0x000000006f1a0000 - 0x000000006f8bf000 	D:\Xilinx\14.7\ISE_DS\PlanAhead\tps\win64\jre\bin\server\jvm.dll
0x0000000010000000 - 0x000000001012a000 	D:\Xilinx\14.7\ISE_DS\PlanAhead\lib\win64.o\tcl85t.dll
0x0000000012000000 - 0x0000000012282000 	D:\Xilinx\14.7\ISE_DS\PlanAhead\lib\win64.o\xerces-c_3_1.dll
0x00007ffaf0dd0000 - 0x00007ffaf12a6000 	C:\WINDOWS\SYSTEM32\WININET.dll
0x00007ffafb4f0000 - 0x00007ffafb5fa000 	C:\WINDOWS\SYSTEM32\WINHTTP.dll
0x00007ffaf9700000 - 0x00007ffaf98ec000 	C:\WINDOWS\SYSTEM32\urlmon.dll
0x00007ffaf4ea0000 - 0x00007ffaf4ea9000 	C:\WINDOWS\SYSTEM32\WSOCK32.dll
0x00007ffb09820000 - 0x00007ffb0988b000 	C:\WINDOWS\System32\WS2_32.dll
0x000000006f8c0000 - 0x000000006f993000 	C:\WINDOWS\WinSxS\amd64_microsoft.vc90.crt_1fc8b3b9a1e18e3b_9.0.30729.9625_none_08e1c10da83fbc83\MSVCP90.dll
0x00007ffaf4e70000 - 0x00007ffaf4e97000 	C:\WINDOWS\SYSTEM32\WINMM.dll
0x000000006f0c0000 - 0x000000006f192000 	C:\WINDOWS\SYSTEM32\MSVCR100.dll
0x00007ffaf9cd0000 - 0x00007ffaf9f8c000 	C:\WINDOWS\SYSTEM32\iertutil.dll
0x00007ffb06f60000 - 0x00007ffb06f6c000 	C:\WINDOWS\SYSTEM32\netutils.dll
0x00007ffb091f0000 - 0x00007ffb09543000 	C:\WINDOWS\System32\combase.dll
0x00007ffb08db0000 - 0x00007ffb08e5d000 	C:\WINDOWS\System32\shcore.dll
0x00007ffaf96d0000 - 0x00007ffaf96f8000 	C:\WINDOWS\SYSTEM32\srvcli.dll
0x0000000000400000 - 0x0000000000413000 	D:\Xilinx\14.7\ISE_DS\PlanAhead\lib\win64.o\libboost_signals.dll
0x0000000000430000 - 0x0000000000446000 	D:\Xilinx\14.7\ISE_DS\PlanAhead\lib\win64.o\librdi_commonmain.dll
0x0000000000980000 - 0x0000000000a6e000 	D:\Xilinx\14.7\ISE_DS\PlanAhead\lib\win64.o\stlport.5.2.dll
0x0000000000a70000 - 0x0000000000d59000 	D:\Xilinx\14.7\ISE_DS\PlanAhead\lib\win64.o\libCOIN-all.dll
0x0000000000470000 - 0x0000000000497000 	D:\Xilinx\14.7\ISE_DS\PlanAhead\lib\win64.o\libboost_filesystem.dll
0x00000000004a0000 - 0x00000000004af000 	D:\Xilinx\14.7\ISE_DS\PlanAhead\lib\win64.o\libboost_date_time.dll
0x0000000000d70000 - 0x0000000000de1000 	D:\Xilinx\14.7\ISE_DS\PlanAhead\lib\win64.o\libboost_program_options.dll
0x0000000000e10000 - 0x0000000000ebf000 	D:\Xilinx\14.7\ISE_DS\PlanAhead\lib\win64.o\libboost_regex.dll
0x0000000001110000 - 0x0000000001119000 	D:\Xilinx\14.7\ISE_DS\PlanAhead\lib\win64.o\libboost_system.dll
0x0000000000ed0000 - 0x000000000110a000 	D:\Xilinx\14.7\ISE_DS\PlanAhead\lib\win64.o\libSecurity.dll
0x0000000001130000 - 0x0000000001146000 	D:\Xilinx\14.7\ISE_DS\PlanAhead\lib\win64.o\libboost_thread.dll
0x0000000001160000 - 0x00000000011a3000 	D:\Xilinx\14.7\ISE_DS\PlanAhead\lib\win64.o\libcurl.dll
0x00007ffb08d50000 - 0x00007ffb08dae000 	C:\WINDOWS\System32\WLDAP32.dll
0x00000000011b0000 - 0x0000000001233000 	D:\Xilinx\14.7\ISE_DS\PlanAhead\lib\win64.o\libhdlpsolve.dll
0x00007ffb08fe0000 - 0x00007ffb090ba000 	C:\WINDOWS\System32\COMDLG32.dll
0x00007ffb09890000 - 0x00007ffb098e5000 	C:\WINDOWS\System32\SHLWAPI.dll
0x00007ffb08e60000 - 0x00007ffb08f2d000 	C:\WINDOWS\System32\OLEAUT32.dll
0x00007ffb09ee0000 - 0x00007ffb0a00b000 	C:\WINDOWS\System32\ole32.dll
0x00007ffb07db0000 - 0x00007ffb07e17000 	C:\WINDOWS\System32\WINTRUST.dll
0x00007ffb07aa0000 - 0x00007ffb07bfd000 	C:\WINDOWS\System32\CRYPT32.dll
0x0000000001260000 - 0x0000000001317000 	D:\Xilinx\14.7\ISE_DS\PlanAhead\lib\win64.o\libhdxml.dll
0x0000000001320000 - 0x00000000018630d3 	D:\Xilinx\14.7\ISE_DS\PlanAhead\lib\win64.o\libisl_iostreams.dll
0x0000000001880000 - 0x0000000001892000 	D:\Xilinx\14.7\ISE_DS\PlanAhead\lib\win64.o\pthreadVC.dll
0x00000000018a0000 - 0x00000000018c9000 	D:\Xilinx\14.7\ISE_DS\PlanAhead\lib\win64.o\libisl_sysinfo.dll
0x00000000018e0000 - 0x00000000018fe000 	D:\Xilinx\14.7\ISE_DS\PlanAhead\lib\win64.o\librdizlib.dll
0x0000000001910000 - 0x0000000001926000 	D:\Xilinx\14.7\ISE_DS\PlanAhead\lib\win64.o\librdiconfig.dll
0x00007ffaf5250000 - 0x00007ffaf5269000 	C:\WINDOWS\SYSTEM32\NETAPI32.dll
0x00007ffae4170000 - 0x00007ffae4220000 	C:\WINDOWS\WinSxS\amd64_microsoft.windows.common-controls_6595b64144ccf1df_5.82.19041.3636_none_7931fb75243f97c8\COMCTL32.dll
0x0000000001960000 - 0x000000000196c000 	D:\Xilinx\14.7\ISE_DS\PlanAhead\lib\win64.o\libboost_chrono.dll
0x0000000001970000 - 0x0000000001989000 	D:\Xilinx\14.7\ISE_DS\PlanAhead\lib\win64.o\libboost_iostreams.dll
0x00007ffb0a190000 - 0x00007ffb0a1c2000 	C:\WINDOWS\System32\IMM32.DLL
0x00007ffb075f0000 - 0x00007ffb07602000 	C:\WINDOWS\SYSTEM32\MSASN1.dll
0x0000000004d00000 - 0x0000000004ff3000 	D:\Xilinx\14.7\ISE_DS\PlanAhead\lib\win64.o\librdi_commontasks.dll
0x00007ffb05b50000 - 0x00007ffb062ee000 	C:\WINDOWS\SYSTEM32\windows.storage.dll
0x00007ffb07400000 - 0x00007ffb0742e000 	C:\WINDOWS\SYSTEM32\Wldp.dll
0x00000000084a0000 - 0x0000000008ae0000 	D:\Xilinx\14.7\ISE_DS\PlanAhead\lib\win64.o\librdi_coretasks.dll
0x0000000008ae0000 - 0x0000000009b00000 	D:\Xilinx\14.7\ISE_DS\PlanAhead\lib\win64.o\librdi_constraints.dll
0x000000000a950000 - 0x000000000bc1c000 	D:\Xilinx\14.7\ISE_DS\PlanAhead\lib\win64.o\librdi_coregen.dll
0x0000000009b00000 - 0x0000000009cc7000 	D:\Xilinx\14.7\ISE_DS\PlanAhead\lib\win64.o\librdi_chipscope.dll
0x000000000bc20000 - 0x000000000f271000 	D:\Xilinx\14.7\ISE_DS\PlanAhead\lib\win64.o\librdi_designutils.dll
0x0000000009cd0000 - 0x0000000009fe4000 	D:\Xilinx\14.7\ISE_DS\PlanAhead\lib\win64.o\librdi_drc.dll
0x0000000009ff0000 - 0x000000000a3c6000 	D:\Xilinx\14.7\ISE_DS\PlanAhead\lib\win64.o\librdi_netlist.dll
0x000000000f280000 - 0x000000000fe5a000 	D:\Xilinx\14.7\ISE_DS\PlanAhead\lib\win64.o\librdi_device.dll
0x0000000010130000 - 0x0000000011253000 	D:\Xilinx\14.7\ISE_DS\PlanAhead\lib\win64.o\librdi_place.dll
0x0000000011260000 - 0x0000000011782000 	D:\Xilinx\14.7\ISE_DS\PlanAhead\lib\win64.o\librdi_power.dll
0x000000000a410000 - 0x000000000a7c3000 	D:\Xilinx\14.7\ISE_DS\PlanAhead\lib\win64.o\librdi_project.dll
0x0000000011790000 - 0x0000000011d2d000 	D:\Xilinx\14.7\ISE_DS\PlanAhead\lib\win64.o\librdi_rsb.dll
0x0000000012290000 - 0x0000000012688000 	D:\Xilinx\14.7\ISE_DS\PlanAhead\lib\win64.o\librdi_runs.dll
0x0000000012690000 - 0x0000000013168000 	D:\Xilinx\14.7\ISE_DS\PlanAhead\lib\win64.o\librdi_timing.dll
0x0000000011d30000 - 0x0000000011fbe000 	D:\Xilinx\14.7\ISE_DS\PlanAhead\lib\win64.o\librdi_filemgmt.dll
0x000000006f0a0000 - 0x000000006f0b1000 	C:\WINDOWS\WinSxS\amd64_microsoft.vc90.openmp_1fc8b3b9a1e18e3b_9.0.30729.6161_none_390d35aa0a1f21f9\VCOMP90.DLL
0x000000000a850000 - 0x000000000a858000 	D:\Xilinx\14.7\ISE_DS\PlanAhead\lib\win64.o\libpsta_dllwrapper.dll
0x000000000a860000 - 0x000000000a8ce000 	D:\Xilinx\14.7\ISE_DS\PlanAhead\lib\win64.o\liblmx6.0.dll
0x0000000013170000 - 0x0000000013910000 	D:\Xilinx\14.7\ISE_DS\PlanAhead\lib\win64.o\libverific.dll
0x0000000013910000 - 0x00000000140df000 	D:\Xilinx\14.7\ISE_DS\PlanAhead\lib\win64.o\librdi_coregenipxact.dll
0x000000000fe60000 - 0x000000000fedd000 	D:\Xilinx\14.7\ISE_DS\PlanAhead\lib\win64.o\libboost_serialization.dll
0x00000000140e0000 - 0x0000000014624000 	D:\Xilinx\14.7\ISE_DS\PlanAhead\lib\win64.o\librdi_xdm.dll
0x0000000014630000 - 0x000000001485a000 	D:\Xilinx\14.7\ISE_DS\PlanAhead\lib\win64.o\librdi_labtools.dll
0x0000000014860000 - 0x0000000014d9b000 	D:\Xilinx\14.7\ISE_DS\PlanAhead\lib\win64.o\librdi_memdata.dll
0x0000000014da0000 - 0x00000000164cf000 	D:\Xilinx\14.7\ISE_DS\PlanAhead\lib\win64.o\librdi_synth.dll
0x00000000164d0000 - 0x0000000016abe000 	D:\Xilinx\14.7\ISE_DS\PlanAhead\lib\win64.o\librdi_route.dll
0x0000000016ac0000 - 0x000000001709c000 	D:\Xilinx\14.7\ISE_DS\PlanAhead\lib\win64.o\librdi_abc_nomp.dll
0x000000000ff30000 - 0x000000000ffc0000 	D:\Xilinx\14.7\ISE_DS\PlanAhead\lib\win64.o\libise.dll
0x00000000170a0000 - 0x00000000171c8000 	D:\Xilinx\14.7\ISE_DS\PlanAhead\lib\win64.o\librdi_dlyest.dll
0x0000000011fc0000 - 0x0000000011fda000 	D:\Xilinx\14.7\ISE_DS\PlanAhead\lib\win64.o\librdi_hmetis.dll
0x00000000171d0000 - 0x000000001760e000 	D:\Xilinx\14.7\ISE_DS\PlanAhead\lib\win64.o\librdi_ip.dll
0x0000000017620000 - 0x000000001765d000 	D:\Xilinx\14.7\ISE_DS\PlanAhead\lib\win64.o\librdi_simbridge_kernel.dll
0x0000000017670000 - 0x0000000017ae6000 	D:\Xilinx\14.7\ISE_DS\PlanAhead\lib\win64.o\librdi_wavedata.dll
0x0000000018f00000 - 0x000000001afb8000 	D:\Xilinx\14.7\ISE_DS\PlanAhead\lib\win64.o\librdi_tcltasks.dll
0x000000001afd0000 - 0x000000001b0a4000 	D:\Xilinx\14.7\ISE_DS\PlanAhead\lib\win64.o\librdi_dsp.dll
0x000000001b0c0000 - 0x000000001b12e000 	D:\Xilinx\14.7\ISE_DS\PlanAhead\lib\win64.o\librdi_edk.dll
0x000000001b130000 - 0x000000001b33e000 	D:\Xilinx\14.7\ISE_DS\PlanAhead\lib\win64.o\librdi_simdata.dll
0x000000001b350000 - 0x000000001b5c4000 	D:\Xilinx\14.7\ISE_DS\PlanAhead\lib\win64.o\librdi_bitstream.dll
0x000000001b8f0000 - 0x000000001ba46000 	D:\Xilinx\14.7\ISE_DS\PlanAhead\lib\win64.o\librdi_planaheadtasks.dll
0x000000001ba60000 - 0x000000001c8a8000 	D:\Xilinx\14.7\ISE_DS\PlanAhead\lib\win64.o\librdi_ipservicestasks.dll
0x000000006f090000 - 0x000000006f09f000 	D:\Xilinx\14.7\ISE_DS\PlanAhead\tps\win64\jre\bin\verify.dll
0x000000006f060000 - 0x000000006f088000 	D:\Xilinx\14.7\ISE_DS\PlanAhead\tps\win64\jre\bin\java.dll
0x000000006f040000 - 0x000000006f055000 	D:\Xilinx\14.7\ISE_DS\PlanAhead\tps\win64\jre\bin\zip.dll
0x000000006f020000 - 0x000000006f039000 	D:\Xilinx\14.7\ISE_DS\PlanAhead\tps\win64\jre\bin\net.dll
0x00007ffb07160000 - 0x00007ffb071ca000 	C:\WINDOWS\system32\mswsock.dll
0x000000006f000000 - 0x000000006f011000 	D:\Xilinx\14.7\ISE_DS\PlanAhead\tps\win64\jre\bin\nio.dll
0x000000002a0a0000 - 0x000000002a386000 	D:\Xilinx\14.7\ISE_DS\PlanAhead\lib\win64.o\librdi_fed.dll
0x000000002a3a0000 - 0x000000002a601000 	D:\Xilinx\14.7\ISE_DS\PlanAhead\lib\win64.o\librdi_guitools.dll
0x000000002a620000 - 0x000000002a627000 	D:\Xilinx\14.7\ISE_DS\PlanAhead\lib\win64.o\librdi_commonx11.dll
0x000000002a640000 - 0x000000002aa2e000 	D:\Xilinx\14.7\ISE_DS\PlanAhead\lib\win64.o\librdi_rsbtasks.dll
0x000000002ab40000 - 0x000000002ad89000 	D:\Xilinx\14.7\ISE_DS\PlanAhead\lib\win64.o\librdi_labtoolstasks.dll
0x000000002ada0000 - 0x000000002af58000 	D:\Xilinx\14.7\ISE_DS\PlanAhead\lib\win64.o\librdi_simtcltasks.dll
0x000000006ee60000 - 0x000000006eff3000 	D:\Xilinx\14.7\ISE_DS\PlanAhead\tps\win64\jre\bin\awt.dll
0x00007ffb052b0000 - 0x00007ffb05340000 	C:\WINDOWS\SYSTEM32\apphelp.dll
0x00007ffb007f0000 - 0x00007ffb009d4000 	C:\WINDOWS\SYSTEM32\dbghelp.dll
0x00007ffb07c00000 - 0x00007ffb07c82000 	C:\WINDOWS\System32\bcryptPrimitives.dll

VM Arguments:
jvm_args: -Dsun.java2d.pmoffscreen=false -Xverify:none -Dswing.aatext=true -XX:-UsePerfData -Djdk.map.althashing.threshold=512 -XX:PermSize=128m -XX:MaxPermSize=128m -XX:NewSize=60m -XX:MaxNewSize=60m -XX:+UseConcMarkSweepGC -XX:+UseParNewGC -XX:+CMSParallelRemarkEnabled -XX:+CMSScavengeBeforeRemark -XX:+UseNUMA -XX:+AggressiveOpts -XX:+UseFastAccessorMethods -XX:+UseFastEmptyMethods -XX:+UseBiasedLocking -XX:+TieredCompilation -Xms128m -Xmx2048m -Xss3m 
java_command: <unknown>
Launcher Type: generic

Environment Variables:
JAVA_HOME=C:\Program Files\Java\jre-1.8
PATH=D:/Xilinx/14.7/ISE_DS/PlanAhead/bin;D:/Xilinx/14.7/ISE_DS/PlanAhead/lib/win64.o;D:/Xilinx/14.7/ISE_DS/PlanAhead/tps/win64/jre/bin/server;D:/Xilinx/14.7/ISE_DS/PlanAhead/tps/win64/jre/bin;D:/Xilinx/14.7/ISE_DS/EDK/bin/nt64;D:/Xilinx/14.7/ISE_DS/EDK/lib/nt64;D:/Xilinx/14.7/ISE_DS/ISE/bin/nt64;D:/Xilinx/14.7/ISE_DS/ISE/lib/nt64;D:/Xilinx/14.7/ISE_DS/common/bin/nt64;D:/Xilinx/14.7/ISE_DS/common/lib/nt64;D:\Xilinx\14.7\ISE_DS\ISE\\lib\nt64;D:\Xilinx\14.7\ISE_DS\ISE\\bin\nt64;D:\Xilinx\14.7\ISE_DS\ISE\bin\nt64;D:\Xilinx\14.7\ISE_DS\ISE\lib\nt64;D:\Xilinx\14.7\ISE_DS\ISE\..\..\..\DocNav;D:\Xilinx\14.7\ISE_DS\PlanAhead\bin;D:\Xilinx\14.7\ISE_DS\EDK\bin\nt64;D:\Xilinx\14.7\ISE_DS\EDK\lib\nt64;D:\Xilinx\14.7\ISE_DS\EDK\gnu\microblaze\nt\bin;D:\Xilinx\14.7\ISE_DS\EDK\gnu\powerpc-eabi\nt\bin;D:\Xilinx\14.7\ISE_DS\EDK\gnuwin\bin;D:\Xilinx\14.7\ISE_DS\EDK\gnu\arm\nt\bin;D:\Xilinx\14.7\ISE_DS\EDK\gnu\microblaze\linux_toolchain\nt64_be\bin;D:\Xilinx\14.7\ISE_DS\EDK\gnu\microblaze\linux_toolchain\nt64_le\bin;D:\Xilinx\14.7\ISE_DS\common\bin\nt64;D:\Xilinx\14.7\ISE_DS\common\lib\nt64;C:\WINDOWS\system32;C:\WINDOWS;C:\WINDOWS\System32\Wbem;C:\WINDOWS\System32\WindowsPowerShell\v1.0\;C:\WINDOWS\System32\OpenSSH\;D:\Program Files\MATLAB\R2016a\runtime\win64;D:\Program Files\MATLAB\R2016a\bin;C:\Program Files\dotnet\;D:\Program Files\MATLAB\R2016a\polyspace\bin;C:\Program Files\Microsoft SQL Server\Client SDK\ODBC\170\Tools\Binn\;C:\Program Files\Microsoft SQL Server\150\Tools\Binn\;C:\Users\aalia\AppData\Local\Microsoft\WindowsApps;C:\Gradle\gradle-8.3\bin;C:\Users\aalia\AppData\Local\Programs\Microsoft VS Code\bin;C:\Users\aalia\.dotnet\tools;D:\modeltech64_10.6d\win64;C:\intelFPGA\18.1\modelsim_ase\win32aloem;C:\Users\aalia\Downloads\gcc-13.2.0-no-debug\bin;C:\Users\aalia\AppData\Local\GitHubDesktop\bin
USERNAME=aalia
OS=Windows_NT
PROCESSOR_IDENTIFIER=Intel64 Family 6 Model 78 Stepping 3, GenuineIntel



---------------  S Y S T E M  ---------------

OS: Windows 8 , 64 bit Build 9200 

CPU:total 4 (2 cores per cpu, 2 threads per core) family 6 model 78 stepping 3, cmov, cx8, fxsr, mmx, sse, sse2, sse3, ssse3, sse4.1, sse4.2, popcnt, avx, avx2, ht, tsc, tscinvbit

Memory: 4k page, physical 8256832k(3847020k free), swap 9801340k(4450924k free)

vm_info: Java HotSpot(TM) 64-Bit Server VM (23.7-b01) for windows-amd64 JRE (1.7.0_17-b02), built on Mar  1 2013 03:38:30 by "java_re" with unknown MS VC++:1600

time: Tue Mar 26 20:49:55 2024
elapsed time: 0 seconds

