Release 14.7 - xst P.20131013 (nt64)
Copyright (c) 1995-2013 Xilinx, Inc.  All rights reserved.
--> Parameter TMPDIR set to xst/projnav.tmp


Total REAL time to Xst completion: 0.00 secs
Total CPU time to Xst completion: 0.13 secs
 
--> Parameter xsthdpdir set to xst


Total REAL time to Xst completion: 0.00 secs
Total CPU time to Xst completion: 0.13 secs
 
--> Reading design: topm.prj

TABLE OF CONTENTS
  1) Synthesis Options Summary
  2) HDL Parsing
  3) HDL Elaboration
  4) HDL Synthesis
       4.1) HDL Synthesis Report
  5) Advanced HDL Synthesis
       5.1) Advanced HDL Synthesis Report
  6) Low Level Synthesis
  7) Partition Report
  8) Design Summary
       8.1) Primitive and Black Box Usage
       8.2) Device utilization summary
       8.3) Partition Resource Summary
       8.4) Timing Report
            8.4.1) Clock Information
            8.4.2) Asynchronous Control Signals Information
            8.4.3) Timing Summary
            8.4.4) Timing Details
            8.4.5) Cross Clock Domains Report


=========================================================================
*                      Synthesis Options Summary                        *
=========================================================================
---- Source Parameters
Input File Name                    : "topm.prj"
Ignore Synthesis Constraint File   : NO

---- Target Parameters
Output File Name                   : "topm"
Output Format                      : NGC
Target Device                      : xc6slx4-3-tqg144

---- Source Options
Top Module Name                    : topm
Automatic FSM Extraction           : YES
FSM Encoding Algorithm             : Auto
Safe Implementation                : No
FSM Style                          : LUT
RAM Extraction                     : Yes
RAM Style                          : Auto
ROM Extraction                     : Yes
Shift Register Extraction          : YES
ROM Style                          : Auto
Resource Sharing                   : YES
Asynchronous To Synchronous        : NO
Shift Register Minimum Size        : 2
Use DSP Block                      : Auto
Automatic Register Balancing       : No

---- Target Options
LUT Combining                      : Auto
Reduce Control Sets                : Auto
Add IO Buffers                     : YES
Global Maximum Fanout              : 100000
Add Generic Clock Buffer(BUFG)     : 16
Register Duplication               : YES
Optimize Instantiated Primitives   : NO
Use Clock Enable                   : Auto
Use Synchronous Set                : Auto
Use Synchronous Reset              : Auto
Pack IO Registers into IOBs        : Auto
Equivalent register Removal        : YES

---- General Options
Optimization Goal                  : Speed
Optimization Effort                : 1
Power Reduction                    : NO
Keep Hierarchy                     : No
Netlist Hierarchy                  : As_Optimized
RTL Output                         : Yes
Global Optimization                : AllClockNets
Read Cores                         : YES
Write Timing Constraints           : NO
Cross Clock Analysis               : NO
Hierarchy Separator                : /
Bus Delimiter                      : <>
Case Specifier                     : Maintain
Slice Utilization Ratio            : 100
BRAM Utilization Ratio             : 100
DSP48 Utilization Ratio            : 100
Auto BRAM Packing                  : NO
Slice Utilization Ratio Delta      : 5

=========================================================================


=========================================================================
*                          HDL Parsing                                  *
=========================================================================
Analyzing Verilog file "D:\Uni\DSD - Lab\SAP\SAP-1\reg_b.v" into library work
Parsing module <reg_b>.
Analyzing Verilog file "D:\Uni\DSD - Lab\SAP\SAP-1\ram.v" into library work
Parsing module <ram>.
Analyzing Verilog file "D:\Uni\DSD - Lab\SAP\SAP-1\pc.v" into library work
Parsing module <pc>.
Analyzing Verilog file "D:\Uni\DSD - Lab\SAP\SAP-1\output_register.v" into library work
Parsing module <output_register>.
Analyzing Verilog file "D:\Uni\DSD - Lab\SAP\SAP-1\Mux4x1.v" into library work
Parsing module <Mux4x1>.
Analyzing Verilog file "D:\Uni\DSD - Lab\SAP\SAP-1\mar.v" into library work
Parsing module <mar>.
Analyzing Verilog file "D:\Uni\DSD - Lab\SAP\SAP-1\ir.v" into library work
Parsing module <ir>.
Analyzing Verilog file "D:\Uni\DSD - Lab\SAP\SAP-1\Decoder2x4.v" into library work
Parsing module <Decoder2x4>.
Analyzing Verilog file "D:\Uni\DSD - Lab\SAP\SAP-1\Counter18bit.v" into library work
Parsing module <Counter18bit>.
Analyzing Verilog file "D:\Uni\DSD - Lab\SAP\SAP-1\control_sequencer.v" into library work
Parsing module <control_sequencer>.
Analyzing Verilog file "D:\Uni\DSD - Lab\SAP\SAP-1\clock_divider.v" into library work
Parsing module <clock_divider>.
Analyzing Verilog file "D:\Uni\DSD - Lab\SAP\SAP-1\bin_to_sevseg_decoder.v" into library work
Parsing module <bin_to_sevseg_decoder>.
Analyzing Verilog file "D:\Uni\DSD - Lab\SAP\SAP-1\bin_to_bcd.v" into library work
Parsing module <bin2bcd>.
Analyzing Verilog file "D:\Uni\DSD - Lab\SAP\SAP-1\alu.v" into library work
Parsing module <alu>.
Analyzing Verilog file "D:\Uni\DSD - Lab\SAP\SAP-1\ac.v" into library work
Parsing module <ac>.
Analyzing Verilog file "D:\Uni\DSD - Lab\SAP\SAP-1\topm.v" into library work
Parsing module <topm>.

=========================================================================
*                            HDL Elaboration                            *
=========================================================================

Elaborating module <topm>.

Elaborating module <clock_divider>.
WARNING:HDLCompiler:604 - "D:\Uni\DSD - Lab\SAP\SAP-1\topm.v" Line 49: Module instantiation should have an instance name

Elaborating module <Counter18bit>.
WARNING:HDLCompiler:413 - "D:\Uni\DSD - Lab\SAP\SAP-1\Counter18bit.v" Line 32: Result of 19-bit expression is truncated to fit in 18-bit target.

Elaborating module <control_sequencer>.
WARNING:HDLCompiler:91 - "D:\Uni\DSD - Lab\SAP\SAP-1\control_sequencer.v" Line 46: Signal <opcode> missing in the sensitivity list is added for synthesis purposes. HDL and post-synthesis simulations may differ as a result.
WARNING:HDLCompiler:91 - "D:\Uni\DSD - Lab\SAP\SAP-1\control_sequencer.v" Line 49: Signal <opcode> missing in the sensitivity list is added for synthesis purposes. HDL and post-synthesis simulations may differ as a result.
WARNING:HDLCompiler:91 - "D:\Uni\DSD - Lab\SAP\SAP-1\control_sequencer.v" Line 52: Signal <opcode> missing in the sensitivity list is added for synthesis purposes. HDL and post-synthesis simulations may differ as a result.
WARNING:HDLCompiler:91 - "D:\Uni\DSD - Lab\SAP\SAP-1\control_sequencer.v" Line 55: Signal <opcode> missing in the sensitivity list is added for synthesis purposes. HDL and post-synthesis simulations may differ as a result.
WARNING:HDLCompiler:91 - "D:\Uni\DSD - Lab\SAP\SAP-1\control_sequencer.v" Line 65: Signal <opcode> missing in the sensitivity list is added for synthesis purposes. HDL and post-synthesis simulations may differ as a result.
WARNING:HDLCompiler:91 - "D:\Uni\DSD - Lab\SAP\SAP-1\control_sequencer.v" Line 68: Signal <opcode> missing in the sensitivity list is added for synthesis purposes. HDL and post-synthesis simulations may differ as a result.
WARNING:HDLCompiler:91 - "D:\Uni\DSD - Lab\SAP\SAP-1\control_sequencer.v" Line 71: Signal <opcode> missing in the sensitivity list is added for synthesis purposes. HDL and post-synthesis simulations may differ as a result.
WARNING:HDLCompiler:91 - "D:\Uni\DSD - Lab\SAP\SAP-1\control_sequencer.v" Line 74: Signal <opcode> missing in the sensitivity list is added for synthesis purposes. HDL and post-synthesis simulations may differ as a result.
WARNING:HDLCompiler:91 - "D:\Uni\DSD - Lab\SAP\SAP-1\control_sequencer.v" Line 84: Signal <opcode> missing in the sensitivity list is added for synthesis purposes. HDL and post-synthesis simulations may differ as a result.
WARNING:HDLCompiler:91 - "D:\Uni\DSD - Lab\SAP\SAP-1\control_sequencer.v" Line 87: Signal <opcode> missing in the sensitivity list is added for synthesis purposes. HDL and post-synthesis simulations may differ as a result.
WARNING:HDLCompiler:91 - "D:\Uni\DSD - Lab\SAP\SAP-1\control_sequencer.v" Line 90: Signal <opcode> missing in the sensitivity list is added for synthesis purposes. HDL and post-synthesis simulations may differ as a result.
WARNING:HDLCompiler:91 - "D:\Uni\DSD - Lab\SAP\SAP-1\control_sequencer.v" Line 93: Signal <opcode> missing in the sensitivity list is added for synthesis purposes. HDL and post-synthesis simulations may differ as a result.

Elaborating module <pc>.

Elaborating module <mar>.

Elaborating module <ram>.

Elaborating module <ir>.

Elaborating module <ac>.

Elaborating module <reg_b>.

Elaborating module <alu>.

Elaborating module <output_register>.

Elaborating module <bin2bcd>.

Elaborating module <bin_to_sevseg_decoder>.

Elaborating module <Mux4x1>.
WARNING:HDLCompiler:189 - "D:\Uni\DSD - Lab\SAP\SAP-1\topm.v" Line 67: Size mismatch in connection of port <Out>. Formal port size is 8-bit while actual signal size is 1-bit.
WARNING:HDLCompiler:1127 - "D:\Uni\DSD - Lab\SAP\SAP-1\topm.v" Line 67: Assignment to Out ignored, since the identifier is never used

Elaborating module <Decoder2x4>.
WARNING:Xst:2972 - "D:\Uni\DSD - Lab\SAP\SAP-1\topm.v" line 9. All outputs of instance <my_divider> of block <clock_divider> are unconnected in block <topm>. Underlying logic will be removed.
WARNING:Xst:2972 - "D:\Uni\DSD - Lab\SAP\SAP-1\topm.v" line 51. All outputs of instance <my_cu> of block <control_sequencer> are unconnected in block <topm>. Underlying logic will be removed.
WARNING:Xst:2972 - "D:\Uni\DSD - Lab\SAP\SAP-1\topm.v" line 52. All outputs of instance <my_pc> of block <pc> are unconnected in block <topm>. Underlying logic will be removed.
WARNING:Xst:2972 - "D:\Uni\DSD - Lab\SAP\SAP-1\topm.v" line 53. All outputs of instance <my_mar> of block <mar> are unconnected in block <topm>. Underlying logic will be removed.
WARNING:Xst:2972 - "D:\Uni\DSD - Lab\SAP\SAP-1\topm.v" line 54. All outputs of instance <my_ram> of block <ram> are unconnected in block <topm>. Underlying logic will be removed.
WARNING:Xst:2972 - "D:\Uni\DSD - Lab\SAP\SAP-1\topm.v" line 55. All outputs of instance <my_ir> of block <ir> are unconnected in block <topm>. Underlying logic will be removed.
WARNING:Xst:2972 - "D:\Uni\DSD - Lab\SAP\SAP-1\topm.v" line 56. All outputs of instance <my_ac> of block <ac> are unconnected in block <topm>. Underlying logic will be removed.
WARNING:Xst:2972 - "D:\Uni\DSD - Lab\SAP\SAP-1\topm.v" line 57. All outputs of instance <my_reg_b> of block <reg_b> are unconnected in block <topm>. Underlying logic will be removed.
WARNING:Xst:2972 - "D:\Uni\DSD - Lab\SAP\SAP-1\topm.v" line 58. All outputs of instance <my_alu> of block <alu> are unconnected in block <topm>. Underlying logic will be removed.
WARNING:Xst:2972 - "D:\Uni\DSD - Lab\SAP\SAP-1\topm.v" line 59. All outputs of instance <my_output_register> of block <output_register> are unconnected in block <topm>. Underlying logic will be removed.
WARNING:Xst:2972 - "D:\Uni\DSD - Lab\SAP\SAP-1\topm.v" line 61. All outputs of instance <my_bin2bcd> of block <bin2bcd> are unconnected in block <topm>. Underlying logic will be removed.
WARNING:Xst:2972 - "D:\Uni\DSD - Lab\SAP\SAP-1\topm.v" line 63. All outputs of instance <decoder1> of block <bin_to_sevseg_decoder> are unconnected in block <topm>. Underlying logic will be removed.
WARNING:Xst:2972 - "D:\Uni\DSD - Lab\SAP\SAP-1\topm.v" line 64. All outputs of instance <decoder2> of block <bin_to_sevseg_decoder> are unconnected in block <topm>. Underlying logic will be removed.
WARNING:Xst:2972 - "D:\Uni\DSD - Lab\SAP\SAP-1\topm.v" line 65. All outputs of instance <decoder3> of block <bin_to_sevseg_decoder> are unconnected in block <topm>. Underlying logic will be removed.
WARNING:Xst:2972 - "D:\Uni\DSD - Lab\SAP\SAP-1\topm.v" line 67. All outputs of instance <mux> of block <Mux4x1> are unconnected in block <topm>. Underlying logic will be removed.

=========================================================================
*                           HDL Synthesis                               *
=========================================================================

Synthesizing Unit <topm>.
    Related source file is "D:\Uni\DSD - Lab\SAP\SAP-1\topm.v".
INFO:Xst:3210 - "D:\Uni\DSD - Lab\SAP\SAP-1\topm.v" line 67: Output port <Out> of the instance <mux> is unconnected or connected to loadless signal.
    Summary:
	no macro.
Unit <topm> synthesized.

Synthesizing Unit <Counter18bit>.
    Related source file is "D:\Uni\DSD - Lab\SAP\SAP-1\Counter18bit.v".
WARNING:Xst:647 - Input <RST> is never used. This port will be preserved and left unconnected if it belongs to a top-level block or it belongs to a sub-block and the hierarchy of this sub-block is preserved.
    Found 18-bit register for signal <count>.
    Found 18-bit adder for signal <count[17]_GND_3_o_add_2_OUT> created at line 32.
    Summary:
	inferred   1 Adder/Subtractor(s).
	inferred  18 D-type flip-flop(s).
Unit <Counter18bit> synthesized.

Synthesizing Unit <Decoder2x4>.
    Related source file is "D:\Uni\DSD - Lab\SAP\SAP-1\Decoder2x4.v".
    Found 4x3-bit Read Only RAM for signal <Out>
    Summary:
	inferred   1 RAM(s).
Unit <Decoder2x4> synthesized.

=========================================================================
HDL Synthesis Report

Macro Statistics
# RAMs                                                 : 1
 4x3-bit single-port Read Only RAM                     : 1
# Adders/Subtractors                                   : 1
 18-bit adder                                          : 1
# Registers                                            : 1
 18-bit register                                       : 1

=========================================================================

=========================================================================
*                       Advanced HDL Synthesis                          *
=========================================================================


Synthesizing (advanced) Unit <Counter18bit>.
The following registers are absorbed into counter <count>: 1 register on signal <count>.
Unit <Counter18bit> synthesized (advanced).

Synthesizing (advanced) Unit <Decoder2x4>.
INFO:Xst:3218 - HDL ADVISOR - The RAM <Mram_Out> will be implemented on LUTs either because you have described an asynchronous read or because of currently unsupported block RAM features. If you have described an asynchronous read, making it synchronous would allow you to take advantage of available block RAM resources, for optimized device usage and improved timings. Please refer to your documentation for coding guidelines.
    -----------------------------------------------------------------------
    | ram_type           | Distributed                         |          |
    -----------------------------------------------------------------------
    | Port A                                                              |
    |     aspect ratio   | 4-word x 3-bit                      |          |
    |     weA            | connected to signal <GND>           | high     |
    |     addrA          | connected to signal <S>             |          |
    |     diA            | connected to signal <GND>           |          |
    |     doA            | connected to signal <Out>           |          |
    -----------------------------------------------------------------------
Unit <Decoder2x4> synthesized (advanced).

=========================================================================
Advanced HDL Synthesis Report

Macro Statistics
# RAMs                                                 : 1
 4x3-bit single-port distributed Read Only RAM         : 1
# Counters                                             : 1
 18-bit up counter                                     : 1

=========================================================================

=========================================================================
*                         Low Level Synthesis                           *
=========================================================================

Optimizing unit <topm> ...

Mapping all equations...
Building and optimizing final netlist ...
Found area constraint ratio of 100 (+ 5) on block topm, actual ratio is 1.

Final Macro Processing ...

=========================================================================
Final Register Report

Macro Statistics
# Registers                                            : 18
 Flip-Flops                                            : 18

=========================================================================

=========================================================================
*                           Partition Report                            *
=========================================================================

Partition Implementation Status
-------------------------------

  No Partitions were found in this design.

-------------------------------

=========================================================================
*                            Design Summary                             *
=========================================================================

Top Level Output File Name         : topm.ngc

Primitive and Black Box Usage:
------------------------------
# BELS                             : 80
#      GND                         : 1
#      INV                         : 2
#      LUT1                        : 17
#      LUT2                        : 3
#      LUT4                        : 18
#      LUT6                        : 3
#      MUXCY                       : 17
#      VCC                         : 1
#      XORCY                       : 18
# FlipFlops/Latches                : 18
#      FD                          : 18
# Clock Buffers                    : 1
#      BUFGP                       : 1
# IO Buffers                       : 3
#      OBUF                        : 3

Device utilization summary:
---------------------------

Selected Device : 6slx4tqg144-3 


Slice Logic Utilization: 
 Number of Slice Registers:              18  out of   4800     0%  
 Number of Slice LUTs:                   43  out of   2400     1%  
    Number used as Logic:                43  out of   2400     1%  

Slice Logic Distribution: 
 Number of LUT Flip Flop pairs used:     43
   Number with an unused Flip Flop:      25  out of     43    58%  
   Number with an unused LUT:             0  out of     43     0%  
   Number of fully used LUT-FF pairs:    18  out of     43    41%  
   Number of unique control sets:         1

IO Utilization: 
 Number of IOs:                          14
 Number of bonded IOBs:                   4  out of    102     3%  

Specific Feature Utilization:
 Number of BUFG/BUFGCTRLs:                1  out of     16     6%  

---------------------------
Partition Resource Summary:
---------------------------

  No Partitions were found in this design.

---------------------------


=========================================================================
Timing Report

NOTE: THESE TIMING NUMBERS ARE ONLY A SYNTHESIS ESTIMATE.
      FOR ACCURATE TIMING INFORMATION PLEASE REFER TO THE TRACE REPORT
      GENERATED AFTER PLACE-and-ROUTE.

Clock Information:
------------------
-----------------------------------+------------------------+-------+
Clock Signal                       | Clock buffer(FF name)  | Load  |
-----------------------------------+------------------------+-------+
CLK_IN                             | BUFGP                  | 18    |
-----------------------------------+------------------------+-------+

Asynchronous Control Signals Information:
----------------------------------------
No asynchronous control signals found in this design

Timing Summary:
---------------
Speed Grade: -3

   Minimum period: 3.216ns (Maximum Frequency: 310.931MHz)
   Minimum input arrival time before clock: No path found
   Maximum output required time after clock: 4.619ns
   Maximum combinational path delay: No path found

Timing Details:
---------------
All values displayed in nanoseconds (ns)

=========================================================================
Timing constraint: Default period analysis for Clock 'CLK_IN'
  Clock period: 3.216ns (frequency: 310.931MHz)
  Total number of paths / destination ports: 495 / 18
-------------------------------------------------------------------------
Delay:               3.216ns (Levels of Logic = 2)
  Source:            _i000001/count_13 (FF)
  Destination:       _i000001/count_0 (FF)
  Source Clock:      CLK_IN falling
  Destination Clock: CLK_IN falling

  Data Path: _i000001/count_13 to _i000001/count_0
                                Gate     Net
    Cell:in->out      fanout   Delay   Delay  Logical Name (Net Name)
    ----------------------------------------  ------------
     FD:C->Q               2   0.447   0.981  _i000001/count_13 (_i000001/count_13)
     LUT6:I0->O           18   0.203   1.278  _i000001/count[17]_PWR_3_o_equal_2_o<17>1 (_i000001/count[17]_PWR_3_o_equal_2_o<17>)
     LUT4:I1->O            1   0.205   0.000  _i000001/count_0_rstpot (_i000001/count_0_rstpot)
     FD:D                      0.102          _i000001/count_0
    ----------------------------------------
    Total                      3.216ns (0.957ns logic, 2.259ns route)
                                       (29.8% logic, 70.2% route)

=========================================================================
Timing constraint: Default OFFSET OUT AFTER for Clock 'CLK_IN'
  Total number of paths / destination ports: 6 / 3
-------------------------------------------------------------------------
Offset:              4.619ns (Levels of Logic = 2)
  Source:            _i000001/count_17 (FF)
  Destination:       EnOut<2> (PAD)
  Source Clock:      CLK_IN falling

  Data Path: _i000001/count_17 to EnOut<2>
                                Gate     Net
    Cell:in->out      fanout   Delay   Delay  Logical Name (Net Name)
    ----------------------------------------  ------------
     FD:C->Q               5   0.447   0.819  _i000001/count_17 (_i000001/count_17)
     LUT2:I0->O            1   0.203   0.579  decoder/Mram_Out21 (EnOut_2_OBUF)
     OBUF:I->O                 2.571          EnOut_2_OBUF (EnOut<2>)
    ----------------------------------------
    Total                      4.619ns (3.221ns logic, 1.398ns route)
                                       (69.7% logic, 30.3% route)

=========================================================================

Cross Clock Domains Report:
--------------------------

Clock to Setup on destination clock CLK_IN
---------------+---------+---------+---------+---------+
               | Src:Rise| Src:Fall| Src:Rise| Src:Fall|
Source Clock   |Dest:Rise|Dest:Rise|Dest:Fall|Dest:Fall|
---------------+---------+---------+---------+---------+
CLK_IN         |         |         |    3.216|         |
---------------+---------+---------+---------+---------+

=========================================================================


Total REAL time to Xst completion: 6.00 secs
Total CPU time to Xst completion: 6.26 secs
 
--> 

Total memory usage is 4486372 kilobytes

Number of errors   :    0 (   0 filtered)
Number of warnings :   32 (   0 filtered)
Number of infos    :    2 (   0 filtered)

