MO ac NULL ac.v vlg48/ac.bin 1711211483
MO mar NULL mar.v vlg7C/mar.bin 1711211483
MO ir NULL ir.v vlg7F/ir.bin 1711211483
MO pc NULL pc.v vlg13/pc.bin 1711211483
MO control_sequencer NULL control_sequencer.v vlg3B/control__sequencer.bin 1711211483
MO ram NULL ram.v vlg74/ram.bin 1711211483
MO reg_b NULL reg_b.v vlg6F/reg__b.bin 1711211483
MO alu NULL alu.v vlg0A/alu.bin 1711211483
MO topm NULL topm.v vlg18/topm.bin 1711211483
MO output_register NULL output_register.v vlg3D/output__register.bin 1711211483
